[0.008s] Invoking command in '/home/lorenzo/code/dynus_lite/dynus_lite_ws/build/livox_ros_driver2': CMAKE_PREFIX_PATH=${CMAKE_PREFIX_PATH}:/opt/ros/humble /usr/bin/cmake /home/lorenzo/code/dynus_lite/dynus_lite_ws/src/livox_ros_driver2 -DROS_EDITION=ROS2 -DHUMBLE_ROS=humble -DCMAKE_INSTALL_PREFIX=/home/lorenzo/code/dynus_lite/dynus_lite_ws/install/livox_ros_driver2
[0.049s] -- The C compiler identification is GNU 11.4.0
[0.095s] -- The CXX compiler identification is GNU 12.3.0
[0.100s] -- Detecting C compiler ABI info
[0.153s] -- Detecting C compiler ABI info - done
[0.160s] -- Check for working C compiler: /usr/bin/cc - skipped
[0.160s] -- Detecting C compile features
[0.160s] -- Detecting C compile features - done
[0.162s] -- Detecting CXX compiler ABI info
[0.225s] -- Detecting CXX compiler ABI info - done
[0.232s] -- Check for working CXX compiler: /usr/bin/c++ - skipped
[0.232s] -- Detecting CXX compile features
[0.233s] -- Detecting CXX compile features - done
[0.234s] -- livox_ros_driver2 version: 1.0.0
[0.235s] -- Found ament_cmake_auto: 1.3.13 (/opt/ros/humble/share/ament_cmake_auto/cmake)
[0.407s] -- Found Python3: /usr/bin/python3 (found version "3.10.12") found components: Interpreter 
[0.552s] -- Using all available rosidl_typesupport_c: rosidl_typesupport_fastrtps_c;rosidl_typesupport_introspection_c
[0.558s] -- Found rosidl_adapter: 3.1.8 (/opt/ros/humble/share/rosidl_adapter/cmake)
[0.596s] -- Using all available rosidl_typesupport_cpp: rosidl_typesupport_fastrtps_cpp;rosidl_typesupport_introspection_cpp
[0.683s] -- Found rmw_implementation_cmake: 6.1.2 (/opt/ros/humble/share/rmw_implementation_cmake/cmake)
[0.686s] -- Found rmw_cyclonedds_cpp: 1.3.4 (/opt/ros/humble/share/rmw_cyclonedds_cpp/cmake)
[0.706s] -- Using RMW implementation 'rmw_cyclonedds_cpp' as default
[0.714s] -- Looking for pthread.h
[0.768s] -- Looking for pthread.h - found
[0.768s] -- Performing Test CMAKE_HAVE_LIBC_PTHREAD
[0.823s] -- Performing Test CMAKE_HAVE_LIBC_PTHREAD - Success
[0.823s] -- Found Threads: TRUE  
[0.959s] -- Checking for module 'eigen3'
[0.967s] --   Found eigen3, version 3.4.0
[0.987s] -- Found Eigen: /usr/include/eigen3 (Required is at least version "3.1") 
[0.988s] -- Eigen found (include: /usr/include/eigen3, version: 3.4.0)
[1.023s] -- Checking for module 'flann'
[1.033s] --   Found flann, version 1.9.1
[1.062s] -- Found FLANN: /usr/lib/x86_64-linux-gnu/libflann_cpp.so  
[1.063s] -- FLANN found (include: /usr/include, lib: /usr/lib/x86_64-linux-gnu/libflann_cpp.so)
[1.783s] -- Checking for module 'libusb-1.0'
[1.792s] --   Found libusb-1.0, version 1.0.25
[1.815s] -- Found libusb: /usr/lib/x86_64-linux-gnu/libusb-1.0.so  
[1.816s] -- OpenNI found (version: 1.5.4.0, include: /usr/include/ni, lib: /usr/lib/libOpenNI.so;libusb::libusb)
[1.853s] -- OpenNI2 found (version: 2.2.0.33, include: /usr/include/openni2, lib: /usr/lib/x86_64-linux-gnu/libOpenNI2.so;libusb::libusb)
[1.984s] -- Eigen found (include: /usr/include/eigen3, version: 3.4.0)
[1.988s] -- OpenNI found (version: 1.5.4.0, include: /usr/include/ni, lib: /usr/lib/libOpenNI.so;libusb::libusb)
[1.993s] -- OpenNI2 found (version: 2.2.0.33, include: /usr/include/openni2, lib: /usr/lib/x86_64-linux-gnu/libOpenNI2.so;libusb::libusb)
[2.115s] -- Found Qhull version 8.0.2
[2.239s] -- OpenNI found (version: 1.5.4.0, include: /usr/include/ni, lib: /usr/lib/libOpenNI.so;libusb::libusb)
[2.361s] -- Found PCL_COMMON: /usr/lib/x86_64-linux-gnu/libpcl_common.so  
[2.362s] -- Found PCL_KDTREE: /usr/lib/x86_64-linux-gnu/libpcl_kdtree.so  
[2.372s] -- Found PCL_OCTREE: /usr/lib/x86_64-linux-gnu/libpcl_octree.so  
[2.372s] -- Found PCL_SEARCH: /usr/lib/x86_64-linux-gnu/libpcl_search.so  
[2.373s] -- Found PCL_SAMPLE_CONSENSUS: /usr/lib/x86_64-linux-gnu/libpcl_sample_consensus.so  
[2.374s] -- Found PCL_FILTERS: /usr/lib/x86_64-linux-gnu/libpcl_filters.so  
[2.375s] -- Found PCL_2D: /usr/include/pcl-1.12  
[2.375s] -- Found PCL_GEOMETRY: /usr/include/pcl-1.12  
[2.376s] -- Found PCL_IO: /usr/lib/x86_64-linux-gnu/libpcl_io.so  
[2.377s] -- Found PCL_FEATURES: /usr/lib/x86_64-linux-gnu/libpcl_features.so  
[2.378s] -- Found PCL_ML: /usr/lib/x86_64-linux-gnu/libpcl_ml.so  
[2.379s] -- Found PCL_SEGMENTATION: /usr/lib/x86_64-linux-gnu/libpcl_segmentation.so  
[2.379s] -- Found PCL_VISUALIZATION: /usr/lib/x86_64-linux-gnu/libpcl_visualization.so  
[2.380s] -- Found PCL_SURFACE: /usr/lib/x86_64-linux-gnu/libpcl_surface.so  
[2.381s] -- Found PCL_REGISTRATION: /usr/lib/x86_64-linux-gnu/libpcl_registration.so  
[2.382s] -- Found PCL_KEYPOINTS: /usr/lib/x86_64-linux-gnu/libpcl_keypoints.so  
[2.383s] -- Found PCL_TRACKING: /usr/lib/x86_64-linux-gnu/libpcl_tracking.so  
[2.384s] -- Found PCL_RECOGNITION: /usr/lib/x86_64-linux-gnu/libpcl_recognition.so  
[2.385s] -- Found PCL_STEREO: /usr/lib/x86_64-linux-gnu/libpcl_stereo.so  
[2.385s] -- Found PCL_APPS: /usr/lib/x86_64-linux-gnu/libpcl_apps.so  
[2.386s] -- Found PCL_IN_HAND_SCANNER: /usr/include/pcl-1.12  
[2.386s] -- Found PCL_MODELER: /usr/include/pcl-1.12  
[2.387s] -- Found PCL_POINT_CLOUD_EDITOR: /usr/include/pcl-1.12  
[2.388s] -- Found PCL_OUTOFCORE: /usr/lib/x86_64-linux-gnu/libpcl_outofcore.so  
[2.389s] -- Found PCL_PEOPLE: /usr/lib/x86_64-linux-gnu/libpcl_people.so  
[2.425s] -- Found PkgConfig: /usr/bin/pkg-config (found version "0.29.2") 
[2.425s] -- Checking for module 'apr-1'
[2.435s] --   Found apr-1, version 1.7.0
[2.458s] [0m/usr/include/apr-1.0[0m
[2.458s] [0mapr-1[0m
[2.664s] -- Found ament_cmake_ros: 0.10.0 (/opt/ros/humble/share/ament_cmake_ros/cmake)
[2.887s] -- Using all available rosidl_typesupport_c: rosidl_typesupport_fastrtps_c;rosidl_typesupport_introspection_c
[3.181s] -- Using all available rosidl_typesupport_cpp: rosidl_typesupport_fastrtps_cpp;rosidl_typesupport_introspection_cpp
[3.209s] -- Found PythonInterp: /usr/bin/python3 (found suitable version "3.10.12", minimum required is "3.6") 
[3.210s] -- Found python_cmake_module: 0.10.0 (/opt/ros/humble/share/python_cmake_module/cmake)
[3.241s] -- Found PythonLibs: /usr/lib/x86_64-linux-gnu/libpython3.10.so (found suitable version "3.10.12", minimum required is "3.5") 
[3.241s] -- Using PYTHON_EXECUTABLE: /usr/bin/python3
[3.241s] -- Using PYTHON_INCLUDE_DIRS: /usr/include/python3.10
[3.241s] -- Using PYTHON_LIBRARIES: /usr/lib/x86_64-linux-gnu/libpython3.10.so
[3.267s] -- Found PythonExtra: .so  
[3.328s] -- Found ament_lint_auto: 0.12.15 (/opt/ros/humble/share/ament_lint_auto/cmake)
[3.350s] -- Added test 'copyright' to check source files copyright and LICENSE
[3.354s] -- Added test 'cppcheck' to perform static code analysis on C / C++ code
[3.354s] -- Configured cppcheck include dirs: /home/lorenzo/code/dynus_lite/dynus_lite_ws/src/livox_ros_driver2/3rdparty;/home/lorenzo/code/dynus_lite/dynus_lite_ws/src/livox_ros_driver2/src
[3.354s] -- Configured cppcheck exclude dirs and/or files: 
[3.357s] -- Added test 'cpplint' to check C / C++ code against the Google style
[3.357s] -- Configured cpplint exclude dirs and/or files: 
[3.358s] -- Added test 'flake8' to check Python code syntax and style conventions
[3.359s] -- Added test 'lint_cmake' to check CMake code style
[3.360s] -- Added test 'pep257' to check Python code against some of the docstring style conventions in PEP 257
[3.363s] -- Added test 'uncrustify' to check C / C++ code style
[3.363s] -- Configured uncrustify additional arguments: 
[3.364s] -- Added test 'xmllint' to check XML markup files
[3.366s] -- Configuring done
[3.418s] -- Generating done
[3.436s] -- Build files have been written to: /home/lorenzo/code/dynus_lite/dynus_lite_ws/build/livox_ros_driver2
[3.453s] Invoked command in '/home/lorenzo/code/dynus_lite/dynus_lite_ws/build/livox_ros_driver2' returned '0': CMAKE_PREFIX_PATH=${CMAKE_PREFIX_PATH}:/opt/ros/humble /usr/bin/cmake /home/lorenzo/code/dynus_lite/dynus_lite_ws/src/livox_ros_driver2 -DROS_EDITION=ROS2 -DHUMBLE_ROS=humble -DCMAKE_INSTALL_PREFIX=/home/lorenzo/code/dynus_lite/dynus_lite_ws/install/livox_ros_driver2
[3.454s] Invoking command in '/home/lorenzo/code/dynus_lite/dynus_lite_ws/build/livox_ros_driver2': CMAKE_PREFIX_PATH=${CMAKE_PREFIX_PATH}:/opt/ros/humble /usr/bin/cmake --build /home/lorenzo/code/dynus_lite/dynus_lite_ws/build/livox_ros_driver2 -- -j8 -l8
[3.487s] [  1%] [34m[1mGenerating C code for ROS interfaces[0m
[3.495s] [  5%] [34m[1mGenerating C++ code for ROS interfaces[0m
[3.495s] [  5%] [32mBuilding CXX object CMakeFiles/livox_ros_driver2_node.dir/rclcpp_components/node_main_livox_ros_driver2_node.cpp.o[0m
[3.502s] [  5%] Built target ament_cmake_python_copy_livox_ros_driver2
[3.863s] running egg_info
[3.863s] creating livox_ros_driver2.egg-info
[3.864s] writing livox_ros_driver2.egg-info/PKG-INFO
[3.864s] writing dependency_links to livox_ros_driver2.egg-info/dependency_links.txt
[3.864s] writing top-level names to livox_ros_driver2.egg-info/top_level.txt
[3.866s] writing manifest file 'livox_ros_driver2.egg-info/SOURCES.txt'
[3.869s] reading manifest file 'livox_ros_driver2.egg-info/SOURCES.txt'
[3.869s] writing manifest file 'livox_ros_driver2.egg-info/SOURCES.txt'
[3.902s] [  5%] Built target ament_cmake_python_build_livox_ros_driver2_egg
[4.043s] [  8%] [32mBuilding C object CMakeFiles/livox_interfaces2__rosidl_generator_c.dir/rosidl_generator_c/livox_ros_driver2/msg/detail/custom_point__functions.c.o[0m
[4.043s] [  8%] [32mBuilding C object CMakeFiles/livox_interfaces2__rosidl_generator_c.dir/rosidl_generator_c/livox_ros_driver2/msg/detail/custom_msg__functions.c.o[0m
[4.043s] [  8%] Built target livox_interfaces2__cpp
[4.055s] [ 10%] [34m[1mGenerating C++ type support dispatch for ROS interfaces[0m
[4.059s] [ 12%] [34m[1mGenerating C++ type support for eProsima Fast-RTPS[0m
[4.059s] [ 14%] [34m[1mGenerating C++ introspection for ROS interfaces[0m
[4.123s] [ 15%] [32m[1mLinking C shared library liblivox_ros_driver2__rosidl_generator_c.so[0m
[4.168s] [ 15%] Built target livox_interfaces2__rosidl_generator_c
[4.182s] [ 17%] [34m[1mGenerating C type support dispatch for ROS interfaces[0m
[4.186s] [ 21%] [34m[1mGenerating C type support for eProsima Fast-RTPS[0m
[4.187s] [ 21%] [34m[1mGenerating C introspection for ROS interfaces[0m
[4.649s] [ 22%] [32mBuilding CXX object CMakeFiles/livox_interfaces2__rosidl_typesupport_cpp.dir/rosidl_typesupport_cpp/livox_ros_driver2/msg/custom_point__type_support.cpp.o[0m
[4.649s] [ 24%] [32mBuilding CXX object CMakeFiles/livox_interfaces2__rosidl_typesupport_cpp.dir/rosidl_typesupport_cpp/livox_ros_driver2/msg/custom_msg__type_support.cpp.o[0m
[5.184s] [ 26%] [32mBuilding CXX object CMakeFiles/livox_interfaces2__rosidl_typesupport_introspection_cpp.dir/rosidl_typesupport_introspection_cpp/livox_ros_driver2/msg/detail/custom_point__type_support.cpp.o[0m
[5.235s] [ 28%] [32mBuilding CXX object CMakeFiles/livox_interfaces2__rosidl_typesupport_c.dir/rosidl_typesupport_c/livox_ros_driver2/msg/custom_point__type_support.cpp.o[0m
[5.273s] [ 29%] [32mBuilding CXX object CMakeFiles/livox_interfaces2__rosidl_typesupport_fastrtps_cpp.dir/rosidl_typesupport_fastrtps_cpp/livox_ros_driver2/msg/detail/dds_fastrtps/custom_point__type_support.cpp.o[0m
[5.302s] [ 31%] [32mBuilding CXX object CMakeFiles/livox_interfaces2__rosidl_typesupport_c.dir/rosidl_typesupport_c/livox_ros_driver2/msg/custom_msg__type_support.cpp.o[0m
[5.332s] [ 33%] [32mBuilding C object CMakeFiles/livox_interfaces2__rosidl_typesupport_introspection_c.dir/rosidl_typesupport_introspection_c/livox_ros_driver2/msg/detail/custom_point__type_support.c.o[0m
[5.361s] [ 35%] [32mBuilding CXX object CMakeFiles/livox_interfaces2__rosidl_typesupport_fastrtps_c.dir/rosidl_typesupport_fastrtps_c/livox_ros_driver2/msg/detail/custom_point__type_support_c.cpp.o[0m
[5.374s] [ 36%] [32m[1mLinking CXX shared library liblivox_ros_driver2__rosidl_typesupport_c.so[0m
[5.404s] [ 38%] [32mBuilding C object CMakeFiles/livox_interfaces2__rosidl_typesupport_introspection_c.dir/rosidl_typesupport_introspection_c/livox_ros_driver2/msg/detail/custom_msg__type_support.c.o[0m
[5.417s] [ 40%] [32mBuilding CXX object CMakeFiles/livox_interfaces2__rosidl_typesupport_fastrtps_cpp.dir/rosidl_typesupport_fastrtps_cpp/livox_ros_driver2/msg/detail/dds_fastrtps/custom_msg__type_support.cpp.o[0m
[5.452s] [ 42%] [32m[1mLinking CXX shared library liblivox_ros_driver2__rosidl_typesupport_cpp.so[0m
[5.458s] [ 42%] Built target livox_interfaces2__rosidl_typesupport_c
[5.475s] [ 43%] [32mBuilding CXX object CMakeFiles/livox_interfaces2__rosidl_typesupport_introspection_cpp.dir/rosidl_typesupport_introspection_cpp/livox_ros_driver2/msg/detail/custom_msg__type_support.cpp.o[0m
[5.492s] [ 45%] [32m[1mLinking C shared library liblivox_ros_driver2__rosidl_typesupport_introspection_c.so[0m
[5.538s] [ 45%] Built target livox_interfaces2__rosidl_typesupport_cpp
[5.557s] [ 47%] [32mBuilding CXX object CMakeFiles/livox_interfaces2__rosidl_typesupport_fastrtps_c.dir/rosidl_typesupport_fastrtps_c/livox_ros_driver2/msg/detail/custom_msg__type_support_c.cpp.o[0m
[5.560s] [ 47%] Built target livox_interfaces2__rosidl_typesupport_introspection_c
[5.598s] [ 49%] [32mBuilding CXX object CMakeFiles/livox_ros_driver2.dir/src/livox_ros_driver2.cpp.o[0m
[6.031s] [ 50%] [32mBuilding CXX object CMakeFiles/livox_ros_driver2.dir/src/lddc.cpp.o[0m
[6.291s] [ 52%] [32mBuilding CXX object CMakeFiles/livox_ros_driver2.dir/src/driver_node.cpp.o[0m
[6.362s] [ 54%] [32mBuilding CXX object CMakeFiles/livox_ros_driver2.dir/src/lds.cpp.o[0m
[6.450s] [ 56%] [32m[1mLinking CXX shared library liblivox_ros_driver2__rosidl_typesupport_introspection_cpp.so[0m
[6.536s] [ 57%] [32m[1mLinking CXX shared library liblivox_ros_driver2__rosidl_typesupport_fastrtps_c.so[0m
[6.615s] [ 57%] Built target livox_interfaces2__rosidl_typesupport_introspection_cpp
[6.633s] [ 59%] [32mBuilding CXX object CMakeFiles/livox_ros_driver2.dir/src/lds_lidar.cpp.o[0m
[6.670s] [ 61%] [32m[1mLinking CXX shared library liblivox_ros_driver2__rosidl_typesupport_fastrtps_cpp.so[0m
[6.715s] [ 61%] Built target livox_interfaces2__rosidl_typesupport_fastrtps_c
[6.733s] [ 63%] [32mBuilding CXX object CMakeFiles/livox_ros_driver2.dir/src/comm/comm.cpp.o[0m
[6.832s] [ 63%] Built target livox_interfaces2__rosidl_typesupport_fastrtps_cpp
[6.850s] [ 64%] [32mBuilding CXX object CMakeFiles/livox_ros_driver2.dir/src/comm/ldq.cpp.o[0m
[8.146s] [ 64%] Built target livox_interfaces2
[8.169s] [ 66%] [32mBuilding CXX object CMakeFiles/livox_ros_driver2.dir/src/comm/semaphore.cpp.o[0m
[8.352s] [ 68%] [32mBuilding CXX object CMakeFiles/livox_ros_driver2.dir/src/comm/lidar_imu_data_queue.cpp.o[0m
[8.515s] [ 70%] [34m[1mGenerating Python code for ROS interfaces[0m
[9.075s] [ 71%] [32mBuilding CXX object CMakeFiles/livox_ros_driver2.dir/src/comm/cache_index.cpp.o[0m
[9.099s] [ 73%] [32mBuilding CXX object CMakeFiles/livox_ros_driver2.dir/src/comm/pub_handler.cpp.o[0m
[9.340s] [ 75%] [32mBuilding CXX object CMakeFiles/livox_ros_driver2.dir/src/parse_cfg_file/parse_cfg_file.cpp.o[0m
[10.510s] [ 75%] Built target livox_interfaces2__py
[10.528s] [ 77%] [32mBuilding CXX object CMakeFiles/livox_ros_driver2.dir/src/parse_cfg_file/parse_livox_lidar_cfg.cpp.o[0m
[10.613s] [ 78%] [32m[1mLinking CXX executable livox_ros_driver2_node[0m
[10.886s] [ 78%] Built target livox_ros_driver2_node
[10.904s] [ 80%] [32mBuilding CXX object CMakeFiles/livox_ros_driver2.dir/src/call_back/lidar_common_callback.cpp.o[0m
[11.038s] [ 82%] [32mBuilding C object CMakeFiles/livox_interfaces2__rosidl_generator_py.dir/rosidl_generator_py/livox_ros_driver2/msg/_custom_point_s.c.o[0m
[11.279s] [ 84%] [32mBuilding C object CMakeFiles/livox_interfaces2__rosidl_generator_py.dir/rosidl_generator_py/livox_ros_driver2/msg/_custom_msg_s.c.o[0m
[11.538s] [ 85%] [32m[1mLinking C shared library rosidl_generator_py/livox_ros_driver2/liblivox_interfaces2__rosidl_generator_py.so[0m
[11.551s] [ 87%] [32mBuilding CXX object CMakeFiles/livox_ros_driver2.dir/src/call_back/livox_lidar_callback.cpp.o[0m
[11.624s] [ 87%] Built target livox_interfaces2__rosidl_generator_py
[11.665s] [ 89%] [32mBuilding C object CMakeFiles/livox_ros_driver2__rosidl_typesupport_fastrtps_c__pyext.dir/rosidl_generator_py/livox_ros_driver2/_livox_ros_driver2_s.ep.rosidl_typesupport_fastrtps_c.c.o[0m
[11.898s] [ 91%] [32m[1mLinking C shared library rosidl_generator_py/livox_ros_driver2/livox_ros_driver2_s__rosidl_typesupport_fastrtps_c.cpython-310-x86_64-linux-gnu.so[0m
[11.977s] [ 91%] Built target livox_ros_driver2__rosidl_typesupport_fastrtps_c__pyext
[12.018s] [ 92%] [32mBuilding C object CMakeFiles/livox_ros_driver2__rosidl_typesupport_introspection_c__pyext.dir/rosidl_generator_py/livox_ros_driver2/_livox_ros_driver2_s.ep.rosidl_typesupport_introspection_c.c.o[0m
[12.252s] [ 94%] [32m[1mLinking C shared library rosidl_generator_py/livox_ros_driver2/livox_ros_driver2_s__rosidl_typesupport_introspection_c.cpython-310-x86_64-linux-gnu.so[0m
[12.329s] [ 94%] Built target livox_ros_driver2__rosidl_typesupport_introspection_c__pyext
[12.369s] [ 96%] [32mBuilding C object CMakeFiles/livox_ros_driver2__rosidl_typesupport_c__pyext.dir/rosidl_generator_py/livox_ros_driver2/_livox_ros_driver2_s.ep.rosidl_typesupport_c.c.o[0m
[12.601s] [ 98%] [32m[1mLinking C shared library rosidl_generator_py/livox_ros_driver2/livox_ros_driver2_s__rosidl_typesupport_c.cpython-310-x86_64-linux-gnu.so[0m
[12.679s] [ 98%] Built target livox_ros_driver2__rosidl_typesupport_c__pyext
[18.824s] [100%] [32m[1mLinking CXX shared library liblivox_ros_driver2.so[0m
[19.401s] [100%] Built target livox_ros_driver2
[19.410s] Invoked command in '/home/lorenzo/code/dynus_lite/dynus_lite_ws/build/livox_ros_driver2' returned '0': CMAKE_PREFIX_PATH=${CMAKE_PREFIX_PATH}:/opt/ros/humble /usr/bin/cmake --build /home/lorenzo/code/dynus_lite/dynus_lite_ws/build/livox_ros_driver2 -- -j8 -l8
[19.418s] Invoking command in '/home/lorenzo/code/dynus_lite/dynus_lite_ws/build/livox_ros_driver2': CMAKE_PREFIX_PATH=${CMAKE_PREFIX_PATH}:/opt/ros/humble /usr/bin/cmake --install /home/lorenzo/code/dynus_lite/dynus_lite_ws/build/livox_ros_driver2
[19.424s] -- Install configuration: ""
[19.424s] -- Installing: /home/lorenzo/code/dynus_lite/dynus_lite_ws/install/livox_ros_driver2/share/ament_index/resource_index/rosidl_interfaces/livox_ros_driver2
[19.424s] -- Installing: /home/lorenzo/code/dynus_lite/dynus_lite_ws/install/livox_ros_driver2/include/livox_ros_driver2/livox_ros_driver2
[19.424s] -- Installing: /home/lorenzo/code/dynus_lite/dynus_lite_ws/install/livox_ros_driver2/include/livox_ros_driver2/livox_ros_driver2/msg
[19.424s] -- Installing: /home/lorenzo/code/dynus_lite/dynus_lite_ws/install/livox_ros_driver2/include/livox_ros_driver2/livox_ros_driver2/msg/custom_msg.h
[19.424s] -- Installing: /home/lorenzo/code/dynus_lite/dynus_lite_ws/install/livox_ros_driver2/include/livox_ros_driver2/livox_ros_driver2/msg/detail
[19.424s] -- Installing: /home/lorenzo/code/dynus_lite/dynus_lite_ws/install/livox_ros_driver2/include/livox_ros_driver2/livox_ros_driver2/msg/detail/custom_msg__functions.c
[19.424s] -- Installing: /home/lorenzo/code/dynus_lite/dynus_lite_ws/install/livox_ros_driver2/include/livox_ros_driver2/livox_ros_driver2/msg/detail/custom_point__functions.c
[19.424s] -- Installing: /home/lorenzo/code/dynus_lite/dynus_lite_ws/install/livox_ros_driver2/include/livox_ros_driver2/livox_ros_driver2/msg/detail/custom_point__type_support.h
[19.424s] -- Installing: /home/lorenzo/code/dynus_lite/dynus_lite_ws/install/livox_ros_driver2/include/livox_ros_driver2/livox_ros_driver2/msg/detail/custom_msg__struct.h
[19.424s] -- Installing: /home/lorenzo/code/dynus_lite/dynus_lite_ws/install/livox_ros_driver2/include/livox_ros_driver2/livox_ros_driver2/msg/detail/custom_point__functions.h
[19.424s] -- Installing: /home/lorenzo/code/dynus_lite/dynus_lite_ws/install/livox_ros_driver2/include/livox_ros_driver2/livox_ros_driver2/msg/detail/custom_point__struct.h
[19.424s] -- Installing: /home/lorenzo/code/dynus_lite/dynus_lite_ws/install/livox_ros_driver2/include/livox_ros_driver2/livox_ros_driver2/msg/detail/custom_msg__type_support.h
[19.425s] -- Installing: /home/lorenzo/code/dynus_lite/dynus_lite_ws/install/livox_ros_driver2/include/livox_ros_driver2/livox_ros_driver2/msg/detail/custom_msg__functions.h
[19.425s] -- Installing: /home/lorenzo/code/dynus_lite/dynus_lite_ws/install/livox_ros_driver2/include/livox_ros_driver2/livox_ros_driver2/msg/rosidl_generator_c__visibility_control.h
[19.425s] -- Installing: /home/lorenzo/code/dynus_lite/dynus_lite_ws/install/livox_ros_driver2/include/livox_ros_driver2/livox_ros_driver2/msg/custom_point.h
[19.425s] -- Installing: /home/lorenzo/code/dynus_lite/dynus_lite_ws/install/livox_ros_driver2/share/livox_ros_driver2/environment/library_path.sh
[19.425s] -- Installing: /home/lorenzo/code/dynus_lite/dynus_lite_ws/install/livox_ros_driver2/share/livox_ros_driver2/environment/library_path.dsv
[19.425s] -- Installing: /home/lorenzo/code/dynus_lite/dynus_lite_ws/install/livox_ros_driver2/lib/liblivox_ros_driver2__rosidl_generator_c.so
[19.425s] -- Set runtime path of "/home/lorenzo/code/dynus_lite/dynus_lite_ws/install/livox_ros_driver2/lib/liblivox_ros_driver2__rosidl_generator_c.so" to ""
[19.425s] -- Up-to-date: /home/lorenzo/code/dynus_lite/dynus_lite_ws/install/livox_ros_driver2/include/livox_ros_driver2/livox_ros_driver2
[19.425s] -- Up-to-date: /home/lorenzo/code/dynus_lite/dynus_lite_ws/install/livox_ros_driver2/include/livox_ros_driver2/livox_ros_driver2/msg
[19.425s] -- Installing: /home/lorenzo/code/dynus_lite/dynus_lite_ws/install/livox_ros_driver2/include/livox_ros_driver2/livox_ros_driver2/msg/rosidl_typesupport_fastrtps_c__visibility_control.h
[19.425s] -- Up-to-date: /home/lorenzo/code/dynus_lite/dynus_lite_ws/install/livox_ros_driver2/include/livox_ros_driver2/livox_ros_driver2/msg/detail
[19.425s] -- Installing: /home/lorenzo/code/dynus_lite/dynus_lite_ws/install/livox_ros_driver2/include/livox_ros_driver2/livox_ros_driver2/msg/detail/custom_point__rosidl_typesupport_fastrtps_c.h
[19.425s] -- Installing: /home/lorenzo/code/dynus_lite/dynus_lite_ws/install/livox_ros_driver2/include/livox_ros_driver2/livox_ros_driver2/msg/detail/custom_msg__rosidl_typesupport_fastrtps_c.h
[19.426s] -- Installing: /home/lorenzo/code/dynus_lite/dynus_lite_ws/install/livox_ros_driver2/lib/liblivox_ros_driver2__rosidl_typesupport_fastrtps_c.so
[19.426s] -- Set runtime path of "/home/lorenzo/code/dynus_lite/dynus_lite_ws/install/livox_ros_driver2/lib/liblivox_ros_driver2__rosidl_typesupport_fastrtps_c.so" to ""
[19.426s] -- Up-to-date: /home/lorenzo/code/dynus_lite/dynus_lite_ws/install/livox_ros_driver2/include/livox_ros_driver2/livox_ros_driver2
[19.426s] -- Up-to-date: /home/lorenzo/code/dynus_lite/dynus_lite_ws/install/livox_ros_driver2/include/livox_ros_driver2/livox_ros_driver2/msg
[19.426s] -- Up-to-date: /home/lorenzo/code/dynus_lite/dynus_lite_ws/install/livox_ros_driver2/include/livox_ros_driver2/livox_ros_driver2/msg/detail
[19.426s] -- Installing: /home/lorenzo/code/dynus_lite/dynus_lite_ws/install/livox_ros_driver2/include/livox_ros_driver2/livox_ros_driver2/msg/detail/custom_point__type_support.c
[19.426s] -- Installing: /home/lorenzo/code/dynus_lite/dynus_lite_ws/install/livox_ros_driver2/include/livox_ros_driver2/livox_ros_driver2/msg/detail/custom_msg__type_support.c
[19.426s] -- Installing: /home/lorenzo/code/dynus_lite/dynus_lite_ws/install/livox_ros_driver2/include/livox_ros_driver2/livox_ros_driver2/msg/detail/custom_point__rosidl_typesupport_introspection_c.h
[19.426s] -- Installing: /home/lorenzo/code/dynus_lite/dynus_lite_ws/install/livox_ros_driver2/include/livox_ros_driver2/livox_ros_driver2/msg/detail/custom_msg__rosidl_typesupport_introspection_c.h
[19.426s] -- Installing: /home/lorenzo/code/dynus_lite/dynus_lite_ws/install/livox_ros_driver2/include/livox_ros_driver2/livox_ros_driver2/msg/rosidl_typesupport_introspection_c__visibility_control.h
[19.426s] -- Installing: /home/lorenzo/code/dynus_lite/dynus_lite_ws/install/livox_ros_driver2/lib/liblivox_ros_driver2__rosidl_typesupport_introspection_c.so
[19.427s] -- Set runtime path of "/home/lorenzo/code/dynus_lite/dynus_lite_ws/install/livox_ros_driver2/lib/liblivox_ros_driver2__rosidl_typesupport_introspection_c.so" to ""
[19.427s] -- Installing: /home/lorenzo/code/dynus_lite/dynus_lite_ws/install/livox_ros_driver2/lib/liblivox_ros_driver2__rosidl_typesupport_c.so
[19.427s] -- Set runtime path of "/home/lorenzo/code/dynus_lite/dynus_lite_ws/install/livox_ros_driver2/lib/liblivox_ros_driver2__rosidl_typesupport_c.so" to ""
[19.427s] -- Up-to-date: /home/lorenzo/code/dynus_lite/dynus_lite_ws/install/livox_ros_driver2/include/livox_ros_driver2/livox_ros_driver2
[19.427s] -- Up-to-date: /home/lorenzo/code/dynus_lite/dynus_lite_ws/install/livox_ros_driver2/include/livox_ros_driver2/livox_ros_driver2/msg
[19.427s] -- Up-to-date: /home/lorenzo/code/dynus_lite/dynus_lite_ws/install/livox_ros_driver2/include/livox_ros_driver2/livox_ros_driver2/msg/detail
[19.427s] -- Installing: /home/lorenzo/code/dynus_lite/dynus_lite_ws/install/livox_ros_driver2/include/livox_ros_driver2/livox_ros_driver2/msg/detail/custom_msg__builder.hpp
[19.427s] -- Installing: /home/lorenzo/code/dynus_lite/dynus_lite_ws/install/livox_ros_driver2/include/livox_ros_driver2/livox_ros_driver2/msg/detail/custom_point__type_support.hpp
[19.427s] -- Installing: /home/lorenzo/code/dynus_lite/dynus_lite_ws/install/livox_ros_driver2/include/livox_ros_driver2/livox_ros_driver2/msg/detail/custom_msg__traits.hpp
[19.427s] -- Installing: /home/lorenzo/code/dynus_lite/dynus_lite_ws/install/livox_ros_driver2/include/livox_ros_driver2/livox_ros_driver2/msg/detail/custom_point__builder.hpp
[19.427s] -- Installing: /home/lorenzo/code/dynus_lite/dynus_lite_ws/install/livox_ros_driver2/include/livox_ros_driver2/livox_ros_driver2/msg/detail/custom_msg__type_support.hpp
[19.427s] -- Installing: /home/lorenzo/code/dynus_lite/dynus_lite_ws/install/livox_ros_driver2/include/livox_ros_driver2/livox_ros_driver2/msg/detail/custom_point__struct.hpp
[19.428s] -- Installing: /home/lorenzo/code/dynus_lite/dynus_lite_ws/install/livox_ros_driver2/include/livox_ros_driver2/livox_ros_driver2/msg/detail/custom_msg__struct.hpp
[19.428s] -- Installing: /home/lorenzo/code/dynus_lite/dynus_lite_ws/install/livox_ros_driver2/include/livox_ros_driver2/livox_ros_driver2/msg/detail/custom_point__traits.hpp
[19.428s] -- Installing: /home/lorenzo/code/dynus_lite/dynus_lite_ws/install/livox_ros_driver2/include/livox_ros_driver2/livox_ros_driver2/msg/custom_point.hpp
[19.428s] -- Installing: /home/lorenzo/code/dynus_lite/dynus_lite_ws/install/livox_ros_driver2/include/livox_ros_driver2/livox_ros_driver2/msg/rosidl_generator_cpp__visibility_control.hpp
[19.428s] -- Installing: /home/lorenzo/code/dynus_lite/dynus_lite_ws/install/livox_ros_driver2/include/livox_ros_driver2/livox_ros_driver2/msg/custom_msg.hpp
[19.428s] -- Up-to-date: /home/lorenzo/code/dynus_lite/dynus_lite_ws/install/livox_ros_driver2/include/livox_ros_driver2/livox_ros_driver2
[19.428s] -- Up-to-date: /home/lorenzo/code/dynus_lite/dynus_lite_ws/install/livox_ros_driver2/include/livox_ros_driver2/livox_ros_driver2/msg
[19.428s] -- Up-to-date: /home/lorenzo/code/dynus_lite/dynus_lite_ws/install/livox_ros_driver2/include/livox_ros_driver2/livox_ros_driver2/msg/detail
[19.428s] -- Installing: /home/lorenzo/code/dynus_lite/dynus_lite_ws/install/livox_ros_driver2/include/livox_ros_driver2/livox_ros_driver2/msg/detail/custom_msg__rosidl_typesupport_fastrtps_cpp.hpp
[19.428s] -- Installing: /home/lorenzo/code/dynus_lite/dynus_lite_ws/install/livox_ros_driver2/include/livox_ros_driver2/livox_ros_driver2/msg/detail/dds_fastrtps
[19.428s] -- Installing: /home/lorenzo/code/dynus_lite/dynus_lite_ws/install/livox_ros_driver2/include/livox_ros_driver2/livox_ros_driver2/msg/detail/custom_point__rosidl_typesupport_fastrtps_cpp.hpp
[19.428s] -- Installing: /home/lorenzo/code/dynus_lite/dynus_lite_ws/install/livox_ros_driver2/include/livox_ros_driver2/livox_ros_driver2/msg/rosidl_typesupport_fastrtps_cpp__visibility_control.h
[19.428s] -- Installing: /home/lorenzo/code/dynus_lite/dynus_lite_ws/install/livox_ros_driver2/lib/liblivox_ros_driver2__rosidl_typesupport_fastrtps_cpp.so
[19.429s] -- Set runtime path of "/home/lorenzo/code/dynus_lite/dynus_lite_ws/install/livox_ros_driver2/lib/liblivox_ros_driver2__rosidl_typesupport_fastrtps_cpp.so" to ""
[19.429s] -- Up-to-date: /home/lorenzo/code/dynus_lite/dynus_lite_ws/install/livox_ros_driver2/include/livox_ros_driver2/livox_ros_driver2
[19.429s] -- Up-to-date: /home/lorenzo/code/dynus_lite/dynus_lite_ws/install/livox_ros_driver2/include/livox_ros_driver2/livox_ros_driver2/msg
[19.429s] -- Up-to-date: /home/lorenzo/code/dynus_lite/dynus_lite_ws/install/livox_ros_driver2/include/livox_ros_driver2/livox_ros_driver2/msg/detail
[19.429s] -- Installing: /home/lorenzo/code/dynus_lite/dynus_lite_ws/install/livox_ros_driver2/include/livox_ros_driver2/livox_ros_driver2/msg/detail/custom_msg__rosidl_typesupport_introspection_cpp.hpp
[19.429s] -- Installing: /home/lorenzo/code/dynus_lite/dynus_lite_ws/install/livox_ros_driver2/include/livox_ros_driver2/livox_ros_driver2/msg/detail/custom_point__rosidl_typesupport_introspection_cpp.hpp
[19.429s] -- Installing: /home/lorenzo/code/dynus_lite/dynus_lite_ws/install/livox_ros_driver2/include/livox_ros_driver2/livox_ros_driver2/msg/detail/custom_msg__type_support.cpp
[19.429s] -- Installing: /home/lorenzo/code/dynus_lite/dynus_lite_ws/install/livox_ros_driver2/include/livox_ros_driver2/livox_ros_driver2/msg/detail/custom_point__type_support.cpp
[19.429s] -- Installing: /home/lorenzo/code/dynus_lite/dynus_lite_ws/install/livox_ros_driver2/lib/liblivox_ros_driver2__rosidl_typesupport_introspection_cpp.so
[19.429s] -- Set runtime path of "/home/lorenzo/code/dynus_lite/dynus_lite_ws/install/livox_ros_driver2/lib/liblivox_ros_driver2__rosidl_typesupport_introspection_cpp.so" to ""
[19.430s] -- Installing: /home/lorenzo/code/dynus_lite/dynus_lite_ws/install/livox_ros_driver2/lib/liblivox_ros_driver2__rosidl_typesupport_cpp.so
[19.430s] -- Set runtime path of "/home/lorenzo/code/dynus_lite/dynus_lite_ws/install/livox_ros_driver2/lib/liblivox_ros_driver2__rosidl_typesupport_cpp.so" to ""
[19.430s] -- Installing: /home/lorenzo/code/dynus_lite/dynus_lite_ws/install/livox_ros_driver2/share/livox_ros_driver2/environment/pythonpath.sh
[19.430s] -- Installing: /home/lorenzo/code/dynus_lite/dynus_lite_ws/install/livox_ros_driver2/share/livox_ros_driver2/environment/pythonpath.dsv
[19.430s] -- Installing: /home/lorenzo/code/dynus_lite/dynus_lite_ws/install/livox_ros_driver2/local/lib/python3.10/dist-packages/livox_ros_driver2-1.0.0-py3.10.egg-info
[19.430s] -- Installing: /home/lorenzo/code/dynus_lite/dynus_lite_ws/install/livox_ros_driver2/local/lib/python3.10/dist-packages/livox_ros_driver2-1.0.0-py3.10.egg-info/top_level.txt
[19.430s] -- Installing: /home/lorenzo/code/dynus_lite/dynus_lite_ws/install/livox_ros_driver2/local/lib/python3.10/dist-packages/livox_ros_driver2-1.0.0-py3.10.egg-info/SOURCES.txt
[19.430s] -- Installing: /home/lorenzo/code/dynus_lite/dynus_lite_ws/install/livox_ros_driver2/local/lib/python3.10/dist-packages/livox_ros_driver2-1.0.0-py3.10.egg-info/dependency_links.txt
[19.430s] -- Installing: /home/lorenzo/code/dynus_lite/dynus_lite_ws/install/livox_ros_driver2/local/lib/python3.10/dist-packages/livox_ros_driver2-1.0.0-py3.10.egg-info/PKG-INFO
[19.430s] -- Installing: /home/lorenzo/code/dynus_lite/dynus_lite_ws/install/livox_ros_driver2/local/lib/python3.10/dist-packages/livox_ros_driver2
[19.430s] -- Installing: /home/lorenzo/code/dynus_lite/dynus_lite_ws/install/livox_ros_driver2/local/lib/python3.10/dist-packages/livox_ros_driver2/_livox_ros_driver2_s.ep.rosidl_typesupport_c.c
[19.431s] -- Installing: /home/lorenzo/code/dynus_lite/dynus_lite_ws/install/livox_ros_driver2/local/lib/python3.10/dist-packages/livox_ros_driver2/livox_ros_driver2_s__rosidl_typesupport_introspection_c.cpython-310-x86_64-linux-gnu.so
[19.431s] -- Installing: /home/lorenzo/code/dynus_lite/dynus_lite_ws/install/livox_ros_driver2/local/lib/python3.10/dist-packages/livox_ros_driver2/__init__.py
[19.431s] -- Installing: /home/lorenzo/code/dynus_lite/dynus_lite_ws/install/livox_ros_driver2/local/lib/python3.10/dist-packages/livox_ros_driver2/liblivox_interfaces2__rosidl_generator_py.so
[19.431s] -- Installing: /home/lorenzo/code/dynus_lite/dynus_lite_ws/install/livox_ros_driver2/local/lib/python3.10/dist-packages/livox_ros_driver2/livox_ros_driver2_s__rosidl_typesupport_c.cpython-310-x86_64-linux-gnu.so
[19.431s] -- Installing: /home/lorenzo/code/dynus_lite/dynus_lite_ws/install/livox_ros_driver2/local/lib/python3.10/dist-packages/livox_ros_driver2/_livox_ros_driver2_s.ep.rosidl_typesupport_introspection_c.c
[19.431s] -- Installing: /home/lorenzo/code/dynus_lite/dynus_lite_ws/install/livox_ros_driver2/local/lib/python3.10/dist-packages/livox_ros_driver2/livox_ros_driver2_s__rosidl_typesupport_fastrtps_c.cpython-310-x86_64-linux-gnu.so
[19.431s] -- Installing: /home/lorenzo/code/dynus_lite/dynus_lite_ws/install/livox_ros_driver2/local/lib/python3.10/dist-packages/livox_ros_driver2/msg
[19.431s] -- Installing: /home/lorenzo/code/dynus_lite/dynus_lite_ws/install/livox_ros_driver2/local/lib/python3.10/dist-packages/livox_ros_driver2/msg/_custom_msg.py
[19.431s] -- Installing: /home/lorenzo/code/dynus_lite/dynus_lite_ws/install/livox_ros_driver2/local/lib/python3.10/dist-packages/livox_ros_driver2/msg/__init__.py
[19.431s] -- Installing: /home/lorenzo/code/dynus_lite/dynus_lite_ws/install/livox_ros_driver2/local/lib/python3.10/dist-packages/livox_ros_driver2/msg/_custom_msg_s.c
[19.431s] -- Installing: /home/lorenzo/code/dynus_lite/dynus_lite_ws/install/livox_ros_driver2/local/lib/python3.10/dist-packages/livox_ros_driver2/msg/_custom_point.py
[19.431s] -- Installing: /home/lorenzo/code/dynus_lite/dynus_lite_ws/install/livox_ros_driver2/local/lib/python3.10/dist-packages/livox_ros_driver2/msg/_custom_point_s.c
[19.432s] -- Installing: /home/lorenzo/code/dynus_lite/dynus_lite_ws/install/livox_ros_driver2/local/lib/python3.10/dist-packages/livox_ros_driver2/_livox_ros_driver2_s.ep.rosidl_typesupport_fastrtps_c.c
[19.462s] Listing '/home/lorenzo/code/dynus_lite/dynus_lite_ws/install/livox_ros_driver2/local/lib/python3.10/dist-packages/livox_ros_driver2'...
[19.462s] Compiling '/home/lorenzo/code/dynus_lite/dynus_lite_ws/install/livox_ros_driver2/local/lib/python3.10/dist-packages/livox_ros_driver2/__init__.py'...
[19.462s] Listing '/home/lorenzo/code/dynus_lite/dynus_lite_ws/install/livox_ros_driver2/local/lib/python3.10/dist-packages/livox_ros_driver2/msg'...
[19.462s] Compiling '/home/lorenzo/code/dynus_lite/dynus_lite_ws/install/livox_ros_driver2/local/lib/python3.10/dist-packages/livox_ros_driver2/msg/__init__.py'...
[19.462s] Compiling '/home/lorenzo/code/dynus_lite/dynus_lite_ws/install/livox_ros_driver2/local/lib/python3.10/dist-packages/livox_ros_driver2/msg/_custom_msg.py'...
[19.462s] Compiling '/home/lorenzo/code/dynus_lite/dynus_lite_ws/install/livox_ros_driver2/local/lib/python3.10/dist-packages/livox_ros_driver2/msg/_custom_point.py'...
[19.466s] -- Installing: /home/lorenzo/code/dynus_lite/dynus_lite_ws/install/livox_ros_driver2/local/lib/python3.10/dist-packages/livox_ros_driver2/livox_ros_driver2_s__rosidl_typesupport_fastrtps_c.cpython-310-x86_64-linux-gnu.so
[19.467s] -- Set runtime path of "/home/lorenzo/code/dynus_lite/dynus_lite_ws/install/livox_ros_driver2/local/lib/python3.10/dist-packages/livox_ros_driver2/livox_ros_driver2_s__rosidl_typesupport_fastrtps_c.cpython-310-x86_64-linux-gnu.so" to ""
[19.467s] -- Installing: /home/lorenzo/code/dynus_lite/dynus_lite_ws/install/livox_ros_driver2/local/lib/python3.10/dist-packages/livox_ros_driver2/livox_ros_driver2_s__rosidl_typesupport_introspection_c.cpython-310-x86_64-linux-gnu.so
[19.467s] -- Set runtime path of "/home/lorenzo/code/dynus_lite/dynus_lite_ws/install/livox_ros_driver2/local/lib/python3.10/dist-packages/livox_ros_driver2/livox_ros_driver2_s__rosidl_typesupport_introspection_c.cpython-310-x86_64-linux-gnu.so" to ""
[19.467s] -- Installing: /home/lorenzo/code/dynus_lite/dynus_lite_ws/install/livox_ros_driver2/local/lib/python3.10/dist-packages/livox_ros_driver2/livox_ros_driver2_s__rosidl_typesupport_c.cpython-310-x86_64-linux-gnu.so
[19.467s] -- Set runtime path of "/home/lorenzo/code/dynus_lite/dynus_lite_ws/install/livox_ros_driver2/local/lib/python3.10/dist-packages/livox_ros_driver2/livox_ros_driver2_s__rosidl_typesupport_c.cpython-310-x86_64-linux-gnu.so" to ""
[19.467s] -- Installing: /home/lorenzo/code/dynus_lite/dynus_lite_ws/install/livox_ros_driver2/lib/liblivox_interfaces2__rosidl_generator_py.so
[19.468s] -- Set runtime path of "/home/lorenzo/code/dynus_lite/dynus_lite_ws/install/livox_ros_driver2/lib/liblivox_interfaces2__rosidl_generator_py.so" to ""
[19.468s] -- Installing: /home/lorenzo/code/dynus_lite/dynus_lite_ws/install/livox_ros_driver2/share/livox_ros_driver2/msg/CustomPoint.idl
[19.468s] -- Installing: /home/lorenzo/code/dynus_lite/dynus_lite_ws/install/livox_ros_driver2/share/livox_ros_driver2/msg/CustomMsg.idl
[19.468s] -- Installing: /home/lorenzo/code/dynus_lite/dynus_lite_ws/install/livox_ros_driver2/share/livox_ros_driver2/msg/CustomPoint.msg
[19.468s] -- Installing: /home/lorenzo/code/dynus_lite/dynus_lite_ws/install/livox_ros_driver2/share/livox_ros_driver2/msg/CustomMsg.msg
[19.468s] -- Installing: /home/lorenzo/code/dynus_lite/dynus_lite_ws/install/livox_ros_driver2/lib/livox_ros_driver2/livox_ros_driver2_node
[19.468s] -- Set runtime path of "/home/lorenzo/code/dynus_lite/dynus_lite_ws/install/livox_ros_driver2/lib/livox_ros_driver2/livox_ros_driver2_node" to ""
[19.468s] -- Installing: /home/lorenzo/code/dynus_lite/dynus_lite_ws/install/livox_ros_driver2/lib/liblivox_ros_driver2.so
[19.470s] -- Set runtime path of "/home/lorenzo/code/dynus_lite/dynus_lite_ws/install/livox_ros_driver2/lib/liblivox_ros_driver2.so" to ""
[19.471s] -- Installing: /home/lorenzo/code/dynus_lite/dynus_lite_ws/install/livox_ros_driver2/share/livox_ros_driver2/config
[19.471s] -- Installing: /home/lorenzo/code/dynus_lite/dynus_lite_ws/install/livox_ros_driver2/share/livox_ros_driver2/config/mixed_HAP_MID360_config.json
[19.471s] -- Installing: /home/lorenzo/code/dynus_lite/dynus_lite_ws/install/livox_ros_driver2/share/livox_ros_driver2/config/HAP_config.json
[19.471s] -- Installing: /home/lorenzo/code/dynus_lite/dynus_lite_ws/install/livox_ros_driver2/share/livox_ros_driver2/config/display_point_cloud_ROS2.rviz
[19.471s] -- Installing: /home/lorenzo/code/dynus_lite/dynus_lite_ws/install/livox_ros_driver2/share/livox_ros_driver2/config/MID360_config.json
[19.471s] -- Installing: /home/lorenzo/code/dynus_lite/dynus_lite_ws/install/livox_ros_driver2/share/livox_ros_driver2/config/display_point_cloud_ROS1.rviz
[19.471s] -- Installing: /home/lorenzo/code/dynus_lite/dynus_lite_ws/install/livox_ros_driver2/share/livox_ros_driver2/launch_ROS2
[19.471s] -- Installing: /home/lorenzo/code/dynus_lite/dynus_lite_ws/install/livox_ros_driver2/share/livox_ros_driver2/launch_ROS2/msg_HAP_launch.py
[19.471s] -- Installing: /home/lorenzo/code/dynus_lite/dynus_lite_ws/install/livox_ros_driver2/share/livox_ros_driver2/launch_ROS2/msg_MID360_launch.py
[19.471s] -- Installing: /home/lorenzo/code/dynus_lite/dynus_lite_ws/install/livox_ros_driver2/share/livox_ros_driver2/launch_ROS2/rviz_MID360_launch.py
[19.471s] -- Installing: /home/lorenzo/code/dynus_lite/dynus_lite_ws/install/livox_ros_driver2/share/livox_ros_driver2/launch_ROS2/run_MID360_launch.py
[19.471s] -- Installing: /home/lorenzo/code/dynus_lite/dynus_lite_ws/install/livox_ros_driver2/share/livox_ros_driver2/launch_ROS2/rviz_mixed.py
[19.471s] -- Installing: /home/lorenzo/code/dynus_lite/dynus_lite_ws/install/livox_ros_driver2/share/livox_ros_driver2/launch_ROS2/rviz_HAP_launch.py
[19.471s] -- Installing: /home/lorenzo/code/dynus_lite/dynus_lite_ws/install/livox_ros_driver2/share/ament_index/resource_index/package_run_dependencies/livox_ros_driver2
[19.472s] -- Installing: /home/lorenzo/code/dynus_lite/dynus_lite_ws/install/livox_ros_driver2/share/ament_index/resource_index/parent_prefix_path/livox_ros_driver2
[19.472s] -- Installing: /home/lorenzo/code/dynus_lite/dynus_lite_ws/install/livox_ros_driver2/share/livox_ros_driver2/environment/ament_prefix_path.sh
[19.472s] -- Installing: /home/lorenzo/code/dynus_lite/dynus_lite_ws/install/livox_ros_driver2/share/livox_ros_driver2/environment/ament_prefix_path.dsv
[19.472s] -- Installing: /home/lorenzo/code/dynus_lite/dynus_lite_ws/install/livox_ros_driver2/share/livox_ros_driver2/environment/path.sh
[19.472s] -- Installing: /home/lorenzo/code/dynus_lite/dynus_lite_ws/install/livox_ros_driver2/share/livox_ros_driver2/environment/path.dsv
[19.472s] -- Installing: /home/lorenzo/code/dynus_lite/dynus_lite_ws/install/livox_ros_driver2/share/livox_ros_driver2/local_setup.bash
[19.472s] -- Installing: /home/lorenzo/code/dynus_lite/dynus_lite_ws/install/livox_ros_driver2/share/livox_ros_driver2/local_setup.sh
[19.472s] -- Installing: /home/lorenzo/code/dynus_lite/dynus_lite_ws/install/livox_ros_driver2/share/livox_ros_driver2/local_setup.zsh
[19.472s] -- Installing: /home/lorenzo/code/dynus_lite/dynus_lite_ws/install/livox_ros_driver2/share/livox_ros_driver2/local_setup.dsv
[19.472s] -- Installing: /home/lorenzo/code/dynus_lite/dynus_lite_ws/install/livox_ros_driver2/share/livox_ros_driver2/package.dsv
[19.473s] -- Installing: /home/lorenzo/code/dynus_lite/dynus_lite_ws/install/livox_ros_driver2/share/ament_index/resource_index/packages/livox_ros_driver2
[19.473s] -- Installing: /home/lorenzo/code/dynus_lite/dynus_lite_ws/install/livox_ros_driver2/share/livox_ros_driver2/cmake/export_livox_interfaces2__rosidl_generator_cExport.cmake
[19.473s] -- Installing: /home/lorenzo/code/dynus_lite/dynus_lite_ws/install/livox_ros_driver2/share/livox_ros_driver2/cmake/export_livox_interfaces2__rosidl_generator_cExport-noconfig.cmake
[19.473s] -- Installing: /home/lorenzo/code/dynus_lite/dynus_lite_ws/install/livox_ros_driver2/share/livox_ros_driver2/cmake/export_livox_interfaces2__rosidl_typesupport_fastrtps_cExport.cmake
[19.473s] -- Installing: /home/lorenzo/code/dynus_lite/dynus_lite_ws/install/livox_ros_driver2/share/livox_ros_driver2/cmake/export_livox_interfaces2__rosidl_typesupport_fastrtps_cExport-noconfig.cmake
[19.473s] -- Installing: /home/lorenzo/code/dynus_lite/dynus_lite_ws/install/livox_ros_driver2/share/livox_ros_driver2/cmake/livox_interfaces2__rosidl_typesupport_introspection_cExport.cmake
[19.473s] -- Installing: /home/lorenzo/code/dynus_lite/dynus_lite_ws/install/livox_ros_driver2/share/livox_ros_driver2/cmake/livox_interfaces2__rosidl_typesupport_introspection_cExport-noconfig.cmake
[19.473s] -- Installing: /home/lorenzo/code/dynus_lite/dynus_lite_ws/install/livox_ros_driver2/share/livox_ros_driver2/cmake/livox_interfaces2__rosidl_typesupport_cExport.cmake
[19.473s] -- Installing: /home/lorenzo/code/dynus_lite/dynus_lite_ws/install/livox_ros_driver2/share/livox_ros_driver2/cmake/livox_interfaces2__rosidl_typesupport_cExport-noconfig.cmake
[19.474s] -- Installing: /home/lorenzo/code/dynus_lite/dynus_lite_ws/install/livox_ros_driver2/share/livox_ros_driver2/cmake/export_livox_interfaces2__rosidl_generator_cppExport.cmake
[19.474s] -- Installing: /home/lorenzo/code/dynus_lite/dynus_lite_ws/install/livox_ros_driver2/share/livox_ros_driver2/cmake/export_livox_interfaces2__rosidl_typesupport_fastrtps_cppExport.cmake
[19.474s] -- Installing: /home/lorenzo/code/dynus_lite/dynus_lite_ws/install/livox_ros_driver2/share/livox_ros_driver2/cmake/export_livox_interfaces2__rosidl_typesupport_fastrtps_cppExport-noconfig.cmake
[19.474s] -- Installing: /home/lorenzo/code/dynus_lite/dynus_lite_ws/install/livox_ros_driver2/share/livox_ros_driver2/cmake/livox_interfaces2__rosidl_typesupport_introspection_cppExport.cmake
[19.474s] -- Installing: /home/lorenzo/code/dynus_lite/dynus_lite_ws/install/livox_ros_driver2/share/livox_ros_driver2/cmake/livox_interfaces2__rosidl_typesupport_introspection_cppExport-noconfig.cmake
[19.474s] -- Installing: /home/lorenzo/code/dynus_lite/dynus_lite_ws/install/livox_ros_driver2/share/livox_ros_driver2/cmake/livox_interfaces2__rosidl_typesupport_cppExport.cmake
[19.474s] -- Installing: /home/lorenzo/code/dynus_lite/dynus_lite_ws/install/livox_ros_driver2/share/livox_ros_driver2/cmake/livox_interfaces2__rosidl_typesupport_cppExport-noconfig.cmake
[19.474s] -- Installing: /home/lorenzo/code/dynus_lite/dynus_lite_ws/install/livox_ros_driver2/share/livox_ros_driver2/cmake/export_livox_interfaces2__rosidl_generator_pyExport.cmake
[19.474s] -- Installing: /home/lorenzo/code/dynus_lite/dynus_lite_ws/install/livox_ros_driver2/share/livox_ros_driver2/cmake/export_livox_interfaces2__rosidl_generator_pyExport-noconfig.cmake
[19.475s] -- Installing: /home/lorenzo/code/dynus_lite/dynus_lite_ws/install/livox_ros_driver2/share/ament_index/resource_index/rclcpp_components/livox_ros_driver2
[19.475s] -- Installing: /home/lorenzo/code/dynus_lite/dynus_lite_ws/install/livox_ros_driver2/share/livox_ros_driver2/cmake/rosidl_cmake-extras.cmake
[19.475s] -- Installing: /home/lorenzo/code/dynus_lite/dynus_lite_ws/install/livox_ros_driver2/share/livox_ros_driver2/cmake/ament_cmake_export_dependencies-extras.cmake
[19.475s] -- Installing: /home/lorenzo/code/dynus_lite/dynus_lite_ws/install/livox_ros_driver2/share/livox_ros_driver2/cmake/ament_cmake_export_include_directories-extras.cmake
[19.475s] -- Installing: /home/lorenzo/code/dynus_lite/dynus_lite_ws/install/livox_ros_driver2/share/livox_ros_driver2/cmake/ament_cmake_export_libraries-extras.cmake
[19.475s] -- Installing: /home/lorenzo/code/dynus_lite/dynus_lite_ws/install/livox_ros_driver2/share/livox_ros_driver2/cmake/ament_cmake_export_targets-extras.cmake
[19.475s] -- Installing: /home/lorenzo/code/dynus_lite/dynus_lite_ws/install/livox_ros_driver2/share/livox_ros_driver2/cmake/rosidl_cmake_export_typesupport_targets-extras.cmake
[19.475s] -- Installing: /home/lorenzo/code/dynus_lite/dynus_lite_ws/install/livox_ros_driver2/share/livox_ros_driver2/cmake/rosidl_cmake_export_typesupport_libraries-extras.cmake
[19.475s] -- Installing: /home/lorenzo/code/dynus_lite/dynus_lite_ws/install/livox_ros_driver2/share/livox_ros_driver2/cmake/livox_ros_driver2Config.cmake
[19.475s] -- Installing: /home/lorenzo/code/dynus_lite/dynus_lite_ws/install/livox_ros_driver2/share/livox_ros_driver2/cmake/livox_ros_driver2Config-version.cmake
[19.476s] -- Installing: /home/lorenzo/code/dynus_lite/dynus_lite_ws/install/livox_ros_driver2/share/livox_ros_driver2/package.xml
[19.478s] Invoked command in '/home/lorenzo/code/dynus_lite/dynus_lite_ws/build/livox_ros_driver2' returned '0': CMAKE_PREFIX_PATH=${CMAKE_PREFIX_PATH}:/opt/ros/humble /usr/bin/cmake --install /home/lorenzo/code/dynus_lite/dynus_lite_ws/build/livox_ros_driver2
