[0.025s] Invoking command in '/home/lorenzo/code/dynus_lite/dynus_lite_ws/build/dynus': CMAKE_PREFIX_PATH=/home/lorenzo/code/dynus_lite/dynus_lite_ws/install/gazebo_plugins:/home/lorenzo/code/dynus_lite/dynus_lite_ws/install/decomp_test_node:/home/lorenzo/code/dynus_lite/dynus_lite_ws/install/gazebo_ros:/home/lorenzo/code/dynus_lite/dynus_lite_ws/install/decomp_rviz_plugins:/home/lorenzo/code/dynus_lite/dynus_lite_ws/install/gazebo_msgs:/home/lorenzo/code/dynus_lite/dynus_lite_ws/install/gazebo_dev:/home/lorenzo/code/dynus_lite/dynus_lite_ws/install/dynus_interfaces:/home/lorenzo/code/dynus_lite/dynus_lite_ws/install/decomp_util:/home/lorenzo/code/dynus_lite/dynus_lite_ws/install/decomp_ros_msgs:/home/lorenzo/code/dynus_lite/dynus_lite_ws/install/trajectory_generator_ros2:/home/lorenzo/code/dynus_lite/dynus_lite_ws/install/snapstack_msgs2:/home/lorenzo/code/dynus_lite/dynus_lite_ws/install/ros2_livox_simulation:/home/lorenzo/code/dynus_lite/dynus_lite_ws/install/ros2_px4_stack:/home/lorenzo/code/dynus_lite/dynus_lite_ws/install/behavior_selector2:/opt/ros/humble:/home/lorenzo/code/dynus_lite/dynus_lite_ws/install/realsense_gazebo_plugin:/home/lorenzo/code/dynus_lite/dynus_lite_ws/install/octomap_mapping:/home/lorenzo/code/dynus_lite/dynus_lite_ws/install/octomap_server:/home/lorenzo/code/dynus_lite/dynus_lite_ws/install/octomap_rviz_plugins:/home/lorenzo/code/dynus_lite/dynus_lite_ws/install/mission_mode:/home/lorenzo/code/dynus_lite/dynus_lite_ws/install/livox_ros_driver2:/home/lorenzo/code/dynus_lite/dynus_lite_ws/install/gazebo_ros_pkgs:/home/lorenzo/code/dynus_lite/dynus_lite_ws/install/dynus:/opt/openrobots LD_LIBRARY_PATH=/home/lorenzo/code/dynus_lite/dynus_lite_ws/install/gazebo_plugins/lib:/home/lorenzo/code/dynus_lite/dynus_lite_ws/install/gazebo_ros/lib:/home/lorenzo/code/dynus_lite/dynus_lite_ws/install/decomp_rviz_plugins/lib:/home/lorenzo/code/dynus_lite/dynus_lite_ws/install/gazebo_msgs/lib:/home/lorenzo/code/dynus_lite/dynus_lite_ws/install/dynus_interfaces/lib:/home/lorenzo/code/dynus_lite/dynus_lite_ws/install/decomp_ros_msgs/lib:/home/lorenzo/code/dynus_lite/dynus_lite_ws/install/snapstack_msgs2/lib:/home/lorenzo/code/dynus_lite/dynus_lite_ws/install/ros2_livox_simulation/lib:/home/lorenzo/code/dynus_lite/dynus_lite_ws/install/realsense_gazebo_plugin/lib:/home/lorenzo/code/dynus_lite/dynus_lite_ws/install/octomap_server/lib:/home/lorenzo/code/dynus_lite/dynus_lite_ws/install/octomap_rviz_plugins/lib:/home/lorenzo/code/dynus_lite/dynus_lite_ws/install/mission_mode/lib:/home/lorenzo/code/dynus_lite/dynus_lite_ws/install/livox_ros_driver2/lib:/home/lorenzo/code/dynus_lite/dynus_lite_ws/install/dynus/lib:/usr/lib/x86_64-linux-gnu/gazebo-11/plugins:/opt/ros/humble/opt/rviz_ogre_vendor/lib:/opt/ros/humble/lib/x86_64-linux-gnu:/home/lorenzo/code/decomp_ws/install/decomp_ros_msgs/lib:/opt/ros/humble/lib:/home/lorenzo/code/livox_ws/install/livox_ros_driver2/lib:/opt/gurobi1103/linux64/lib:/usr/lib/x86_64-linux-gnu/gazebo-11/plugins PKG_CONFIG_PATH=/home/lorenzo/code/dynus_lite/dynus_lite_ws/install/decomp_util/lib/x86_64-linux-gnu/pkgconfig:/home/lorenzo/code/dynus_lite/dynus_lite_ws/install/decomp_util/lib/pkgconfig:/home/lorenzo/code/dynus_lite/dynus_lite_ws/install/realsense_gazebo_plugin/lib/x86_64-linux-gnu/pkgconfig:/home/lorenzo/code/dynus_lite/dynus_lite_ws/install/realsense_gazebo_plugin/lib/pkgconfig:/opt/openrobots/lib/pkgconfig /usr/bin/cmake --build /home/lorenzo/code/dynus_lite/dynus_lite_ws/build/dynus -- -j8 -l8
[0.100s] [  5%] Built target fake_sim
[0.109s] [ 11%] Built target convert_odom_to_state
[0.117s] [ 17%] Built target convert_goal_to_cmd_vel
[0.118s] [ 22%] Built target quadruped_convert_odom_to_state
[0.122s] [ 34%] Built target obstacle_tracker_node
[0.122s] [ 40%] Built target convert_vicon_to_state
[0.140s] [ 45%] Built target quadruped_convert_goal_to_cmd_vel
[0.148s] [ 51%] Built target convert_velodyne_to_ros_time
[0.151s] [ 80%] Built target dynus
[0.158s] [ 80%] Built target ament_cmake_python_copy_dynus
[0.163s] [ 88%] Built target test_yaw_solver
[0.172s] [ 94%] Built target imu_plugin
[0.174s] [100%] Built target move_model
[0.441s] running egg_info
[0.441s] writing dynus.egg-info/PKG-INFO
[0.442s] writing dependency_links to dynus.egg-info/dependency_links.txt
[0.442s] writing top-level names to dynus.egg-info/top_level.txt
[0.445s] reading manifest file 'dynus.egg-info/SOURCES.txt'
[0.445s] writing manifest file 'dynus.egg-info/SOURCES.txt'
[0.469s] [100%] Built target ament_cmake_python_build_dynus_egg
[0.479s] Invoked command in '/home/lorenzo/code/dynus_lite/dynus_lite_ws/build/dynus' returned '0': CMAKE_PREFIX_PATH=/home/lorenzo/code/dynus_lite/dynus_lite_ws/install/gazebo_plugins:/home/lorenzo/code/dynus_lite/dynus_lite_ws/install/decomp_test_node:/home/lorenzo/code/dynus_lite/dynus_lite_ws/install/gazebo_ros:/home/lorenzo/code/dynus_lite/dynus_lite_ws/install/decomp_rviz_plugins:/home/lorenzo/code/dynus_lite/dynus_lite_ws/install/gazebo_msgs:/home/lorenzo/code/dynus_lite/dynus_lite_ws/install/gazebo_dev:/home/lorenzo/code/dynus_lite/dynus_lite_ws/install/dynus_interfaces:/home/lorenzo/code/dynus_lite/dynus_lite_ws/install/decomp_util:/home/lorenzo/code/dynus_lite/dynus_lite_ws/install/decomp_ros_msgs:/home/lorenzo/code/dynus_lite/dynus_lite_ws/install/trajectory_generator_ros2:/home/lorenzo/code/dynus_lite/dynus_lite_ws/install/snapstack_msgs2:/home/lorenzo/code/dynus_lite/dynus_lite_ws/install/ros2_livox_simulation:/home/lorenzo/code/dynus_lite/dynus_lite_ws/install/ros2_px4_stack:/home/lorenzo/code/dynus_lite/dynus_lite_ws/install/behavior_selector2:/opt/ros/humble:/home/lorenzo/code/dynus_lite/dynus_lite_ws/install/realsense_gazebo_plugin:/home/lorenzo/code/dynus_lite/dynus_lite_ws/install/octomap_mapping:/home/lorenzo/code/dynus_lite/dynus_lite_ws/install/octomap_server:/home/lorenzo/code/dynus_lite/dynus_lite_ws/install/octomap_rviz_plugins:/home/lorenzo/code/dynus_lite/dynus_lite_ws/install/mission_mode:/home/lorenzo/code/dynus_lite/dynus_lite_ws/install/livox_ros_driver2:/home/lorenzo/code/dynus_lite/dynus_lite_ws/install/gazebo_ros_pkgs:/home/lorenzo/code/dynus_lite/dynus_lite_ws/install/dynus:/opt/openrobots LD_LIBRARY_PATH=/home/lorenzo/code/dynus_lite/dynus_lite_ws/install/gazebo_plugins/lib:/home/lorenzo/code/dynus_lite/dynus_lite_ws/install/gazebo_ros/lib:/home/lorenzo/code/dynus_lite/dynus_lite_ws/install/decomp_rviz_plugins/lib:/home/lorenzo/code/dynus_lite/dynus_lite_ws/install/gazebo_msgs/lib:/home/lorenzo/code/dynus_lite/dynus_lite_ws/install/dynus_interfaces/lib:/home/lorenzo/code/dynus_lite/dynus_lite_ws/install/decomp_ros_msgs/lib:/home/lorenzo/code/dynus_lite/dynus_lite_ws/install/snapstack_msgs2/lib:/home/lorenzo/code/dynus_lite/dynus_lite_ws/install/ros2_livox_simulation/lib:/home/lorenzo/code/dynus_lite/dynus_lite_ws/install/realsense_gazebo_plugin/lib:/home/lorenzo/code/dynus_lite/dynus_lite_ws/install/octomap_server/lib:/home/lorenzo/code/dynus_lite/dynus_lite_ws/install/octomap_rviz_plugins/lib:/home/lorenzo/code/dynus_lite/dynus_lite_ws/install/mission_mode/lib:/home/lorenzo/code/dynus_lite/dynus_lite_ws/install/livox_ros_driver2/lib:/home/lorenzo/code/dynus_lite/dynus_lite_ws/install/dynus/lib:/usr/lib/x86_64-linux-gnu/gazebo-11/plugins:/opt/ros/humble/opt/rviz_ogre_vendor/lib:/opt/ros/humble/lib/x86_64-linux-gnu:/home/lorenzo/code/decomp_ws/install/decomp_ros_msgs/lib:/opt/ros/humble/lib:/home/lorenzo/code/livox_ws/install/livox_ros_driver2/lib:/opt/gurobi1103/linux64/lib:/usr/lib/x86_64-linux-gnu/gazebo-11/plugins PKG_CONFIG_PATH=/home/lorenzo/code/dynus_lite/dynus_lite_ws/install/decomp_util/lib/x86_64-linux-gnu/pkgconfig:/home/lorenzo/code/dynus_lite/dynus_lite_ws/install/decomp_util/lib/pkgconfig:/home/lorenzo/code/dynus_lite/dynus_lite_ws/install/realsense_gazebo_plugin/lib/x86_64-linux-gnu/pkgconfig:/home/lorenzo/code/dynus_lite/dynus_lite_ws/install/realsense_gazebo_plugin/lib/pkgconfig:/opt/openrobots/lib/pkgconfig /usr/bin/cmake --build /home/lorenzo/code/dynus_lite/dynus_lite_ws/build/dynus -- -j8 -l8
[0.488s] Invoking command in '/home/lorenzo/code/dynus_lite/dynus_lite_ws/build/dynus': CMAKE_PREFIX_PATH=/home/lorenzo/code/dynus_lite/dynus_lite_ws/install/gazebo_plugins:/home/lorenzo/code/dynus_lite/dynus_lite_ws/install/decomp_test_node:/home/lorenzo/code/dynus_lite/dynus_lite_ws/install/gazebo_ros:/home/lorenzo/code/dynus_lite/dynus_lite_ws/install/decomp_rviz_plugins:/home/lorenzo/code/dynus_lite/dynus_lite_ws/install/gazebo_msgs:/home/lorenzo/code/dynus_lite/dynus_lite_ws/install/gazebo_dev:/home/lorenzo/code/dynus_lite/dynus_lite_ws/install/dynus_interfaces:/home/lorenzo/code/dynus_lite/dynus_lite_ws/install/decomp_util:/home/lorenzo/code/dynus_lite/dynus_lite_ws/install/decomp_ros_msgs:/home/lorenzo/code/dynus_lite/dynus_lite_ws/install/trajectory_generator_ros2:/home/lorenzo/code/dynus_lite/dynus_lite_ws/install/snapstack_msgs2:/home/lorenzo/code/dynus_lite/dynus_lite_ws/install/ros2_livox_simulation:/home/lorenzo/code/dynus_lite/dynus_lite_ws/install/ros2_px4_stack:/home/lorenzo/code/dynus_lite/dynus_lite_ws/install/behavior_selector2:/opt/ros/humble:/home/lorenzo/code/dynus_lite/dynus_lite_ws/install/realsense_gazebo_plugin:/home/lorenzo/code/dynus_lite/dynus_lite_ws/install/octomap_mapping:/home/lorenzo/code/dynus_lite/dynus_lite_ws/install/octomap_server:/home/lorenzo/code/dynus_lite/dynus_lite_ws/install/octomap_rviz_plugins:/home/lorenzo/code/dynus_lite/dynus_lite_ws/install/mission_mode:/home/lorenzo/code/dynus_lite/dynus_lite_ws/install/livox_ros_driver2:/home/lorenzo/code/dynus_lite/dynus_lite_ws/install/gazebo_ros_pkgs:/home/lorenzo/code/dynus_lite/dynus_lite_ws/install/dynus:/opt/openrobots LD_LIBRARY_PATH=/home/lorenzo/code/dynus_lite/dynus_lite_ws/install/gazebo_plugins/lib:/home/lorenzo/code/dynus_lite/dynus_lite_ws/install/gazebo_ros/lib:/home/lorenzo/code/dynus_lite/dynus_lite_ws/install/decomp_rviz_plugins/lib:/home/lorenzo/code/dynus_lite/dynus_lite_ws/install/gazebo_msgs/lib:/home/lorenzo/code/dynus_lite/dynus_lite_ws/install/dynus_interfaces/lib:/home/lorenzo/code/dynus_lite/dynus_lite_ws/install/decomp_ros_msgs/lib:/home/lorenzo/code/dynus_lite/dynus_lite_ws/install/snapstack_msgs2/lib:/home/lorenzo/code/dynus_lite/dynus_lite_ws/install/ros2_livox_simulation/lib:/home/lorenzo/code/dynus_lite/dynus_lite_ws/install/realsense_gazebo_plugin/lib:/home/lorenzo/code/dynus_lite/dynus_lite_ws/install/octomap_server/lib:/home/lorenzo/code/dynus_lite/dynus_lite_ws/install/octomap_rviz_plugins/lib:/home/lorenzo/code/dynus_lite/dynus_lite_ws/install/mission_mode/lib:/home/lorenzo/code/dynus_lite/dynus_lite_ws/install/livox_ros_driver2/lib:/home/lorenzo/code/dynus_lite/dynus_lite_ws/install/dynus/lib:/usr/lib/x86_64-linux-gnu/gazebo-11/plugins:/opt/ros/humble/opt/rviz_ogre_vendor/lib:/opt/ros/humble/lib/x86_64-linux-gnu:/home/lorenzo/code/decomp_ws/install/decomp_ros_msgs/lib:/opt/ros/humble/lib:/home/lorenzo/code/livox_ws/install/livox_ros_driver2/lib:/opt/gurobi1103/linux64/lib:/usr/lib/x86_64-linux-gnu/gazebo-11/plugins PKG_CONFIG_PATH=/home/lorenzo/code/dynus_lite/dynus_lite_ws/install/decomp_util/lib/x86_64-linux-gnu/pkgconfig:/home/lorenzo/code/dynus_lite/dynus_lite_ws/install/decomp_util/lib/pkgconfig:/home/lorenzo/code/dynus_lite/dynus_lite_ws/install/realsense_gazebo_plugin/lib/x86_64-linux-gnu/pkgconfig:/home/lorenzo/code/dynus_lite/dynus_lite_ws/install/realsense_gazebo_plugin/lib/pkgconfig:/opt/openrobots/lib/pkgconfig /usr/bin/cmake --install /home/lorenzo/code/dynus_lite/dynus_lite_ws/build/dynus
[0.494s] -- Install configuration: ""
[0.495s] -- Up-to-date: /home/lorenzo/code/dynus_lite/dynus_lite_ws/install/dynus/share/dynus/launch
[0.495s] -- Up-to-date: /home/lorenzo/code/dynus_lite/dynus_lite_ws/install/dynus/share/dynus/launch/onboard_dynus.launch.py
[0.495s] -- Up-to-date: /home/lorenzo/code/dynus_lite/dynus_lite_ws/install/dynus/share/dynus/launch/sim_env.launch.py
[0.495s] -- Up-to-date: /home/lorenzo/code/dynus_lite/dynus_lite_ws/install/dynus/share/dynus/launch/dyn_obstacles.launch.py
[0.495s] -- Up-to-date: /home/lorenzo/code/dynus_lite/dynus_lite_ws/install/dynus/share/dynus/launch/spawn_quadrotor_with_asus.launch.xml
[0.495s] -- Up-to-date: /home/lorenzo/code/dynus_lite/dynus_lite_ws/install/dynus/share/dynus/launch/default_multiagent_sim.yaml
[0.495s] -- Up-to-date: /home/lorenzo/code/dynus_lite/dynus_lite_ws/install/dynus/share/dynus/launch/run_single_sim.py
[0.495s] -- Up-to-date: /home/lorenzo/code/dynus_lite/dynus_lite_ws/install/dynus/share/dynus/launch/docker_sim.yaml
[0.495s] -- Up-to-date: /home/lorenzo/code/dynus_lite/dynus_lite_ws/install/dynus/share/dynus/launch/convert_vicon_to_state.launch.py
[0.495s] -- Up-to-date: /home/lorenzo/code/dynus_lite/dynus_lite_ws/install/dynus/share/dynus/launch/goal_sender.launch.py
[0.495s] -- Up-to-date: /home/lorenzo/code/dynus_lite/dynus_lite_ws/install/dynus/share/dynus/launch/docker_multiagent_sim.yaml
[0.495s] -- Up-to-date: /home/lorenzo/code/dynus_lite/dynus_lite_ws/install/dynus/share/dynus/launch/goal_monitor.launch.py
[0.495s] -- Up-to-date: /home/lorenzo/code/dynus_lite/dynus_lite_ws/install/dynus/share/dynus/launch/default_sim.yaml
[0.495s] -- Up-to-date: /home/lorenzo/code/dynus_lite/dynus_lite_ws/install/dynus/share/dynus/launch/convert_odom_to_state.launch.py
[0.495s] -- Up-to-date: /home/lorenzo/code/dynus_lite/dynus_lite_ws/install/dynus/share/dynus/launch/initial_guess_benchmarking.launch.py
[0.496s] -- Up-to-date: /home/lorenzo/code/dynus_lite/dynus_lite_ws/install/dynus/share/dynus/launch/object_detection.launch.py
[0.496s] -- Up-to-date: /home/lorenzo/code/dynus_lite/dynus_lite_ws/install/dynus/share/dynus/launch/convert_goal_cmd_vel.launch.py
[0.496s] -- Up-to-date: /home/lorenzo/code/dynus_lite/dynus_lite_ws/install/dynus/share/dynus/launch/base_dynus.launch.py
[0.496s] -- Up-to-date: /home/lorenzo/code/dynus_lite/dynus_lite_ws/install/dynus/share/dynus/launch/spawn_quadrotor.launch.xml
[0.496s] -- Up-to-date: /home/lorenzo/code/dynus_lite/dynus_lite_ws/install/dynus/share/dynus/config
[0.496s] -- Up-to-date: /home/lorenzo/code/dynus_lite/dynus_lite_ws/install/dynus/share/dynus/config/dynamic_obstacle_empty_param.yaml
[0.496s] -- Up-to-date: /home/lorenzo/code/dynus_lite/dynus_lite_ws/install/dynus/share/dynus/config/cave_param.yaml
[0.496s] -- Up-to-date: /home/lorenzo/code/dynus_lite/dynus_lite_ws/install/dynus/share/dynus/config/office_param.yaml
[0.496s] -- Up-to-date: /home/lorenzo/code/dynus_lite/dynus_lite_ws/install/dynus/share/dynus/config/dynus.yaml
[0.496s] -- Installing: /home/lorenzo/code/dynus_lite/dynus_lite_ws/install/dynus/share/dynus/config/easy_forest_param.yaml
[0.496s] -- Up-to-date: /home/lorenzo/code/dynus_lite/dynus_lite_ws/install/dynus/share/dynus/config/high_res_forest_param.yaml
[0.496s] -- Up-to-date: /home/lorenzo/code/dynus_lite/dynus_lite_ws/install/dynus/share/dynus/rviz
[0.496s] -- Up-to-date: /home/lorenzo/code/dynus_lite/dynus_lite_ws/install/dynus/share/dynus/rviz/multiagent_wo_cameras.rviz
[0.496s] -- Up-to-date: /home/lorenzo/code/dynus_lite/dynus_lite_ws/install/dynus/share/dynus/rviz/multiagent.rviz
[0.496s] -- Up-to-date: /home/lorenzo/code/dynus_lite/dynus_lite_ws/install/dynus/share/dynus/rviz/dynus.rviz
[0.496s] -- Up-to-date: /home/lorenzo/code/dynus_lite/dynus_lite_ws/install/dynus/share/dynus/worlds
[0.496s] -- Up-to-date: /home/lorenzo/code/dynus_lite/dynus_lite_ws/install/dynus/share/dynus/worlds/empty_wo_ground.world
[0.496s] -- Up-to-date: /home/lorenzo/code/dynus_lite/dynus_lite_ws/install/dynus/share/dynus/worlds/easy_forest.world
[0.496s] -- Up-to-date: /home/lorenzo/code/dynus_lite/dynus_lite_ws/install/dynus/share/dynus/worlds/empty.world
[0.496s] -- Up-to-date: /home/lorenzo/code/dynus_lite/dynus_lite_ws/install/dynus/share/dynus/urdf
[0.497s] -- Up-to-date: /home/lorenzo/code/dynus_lite/dynus_lite_ws/install/dynus/share/dynus/urdf/quadrotor_base.urdf.xacro
[0.497s] -- Up-to-date: /home/lorenzo/code/dynus_lite/dynus_lite_ws/install/dynus/share/dynus/urdf/wall2
[0.497s] -- Up-to-date: /home/lorenzo/code/dynus_lite/dynus_lite_ws/install/dynus/share/dynus/urdf/wall2/model.config
[0.497s] -- Up-to-date: /home/lorenzo/code/dynus_lite/dynus_lite_ws/install/dynus/share/dynus/urdf/wall2/model.sdf
[0.497s] -- Up-to-date: /home/lorenzo/code/dynus_lite/dynus_lite_ws/install/dynus/share/dynus/urdf/wall3
[0.497s] -- Up-to-date: /home/lorenzo/code/dynus_lite/dynus_lite_ws/install/dynus/share/dynus/urdf/wall3/model.config
[0.497s] -- Up-to-date: /home/lorenzo/code/dynus_lite/dynus_lite_ws/install/dynus/share/dynus/urdf/wall3/model.sdf
[0.497s] -- Up-to-date: /home/lorenzo/code/dynus_lite/dynus_lite_ws/install/dynus/share/dynus/urdf/_d435i.urdf.xacro
[0.497s] -- Up-to-date: /home/lorenzo/code/dynus_lite/dynus_lite_ws/install/dynus/share/dynus/urdf/wall1
[0.497s] -- Up-to-date: /home/lorenzo/code/dynus_lite/dynus_lite_ws/install/dynus/share/dynus/urdf/wall1/model.config
[0.497s] -- Up-to-date: /home/lorenzo/code/dynus_lite/dynus_lite_ws/install/dynus/share/dynus/urdf/wall1/model.sdf
[0.497s] -- Up-to-date: /home/lorenzo/code/dynus_lite/dynus_lite_ws/install/dynus/share/dynus/urdf/_d435.urdf.xacro
[0.497s] -- Up-to-date: /home/lorenzo/code/dynus_lite/dynus_lite_ws/install/dynus/share/dynus/urdf/dyn_obstacle1.urdf.xacro
[0.497s] -- Up-to-date: /home/lorenzo/code/dynus_lite/dynus_lite_ws/install/dynus/share/dynus/urdf/_d435i.gazebo.xacro
[0.497s] -- Up-to-date: /home/lorenzo/code/dynus_lite/dynus_lite_ws/install/dynus/share/dynus/urdf/quadrotor.urdf.xacro
[0.497s] -- Up-to-date: /home/lorenzo/code/dynus_lite/dynus_lite_ws/install/dynus/share/dynus/urdf/basse_flower
[0.497s] -- Up-to-date: /home/lorenzo/code/dynus_lite/dynus_lite_ws/install/dynus/share/dynus/urdf/basse_flower/model.config
[0.497s] -- Up-to-date: /home/lorenzo/code/dynus_lite/dynus_lite_ws/install/dynus/share/dynus/urdf/basse_flower/model.sdf
[0.497s] -- Up-to-date: /home/lorenzo/code/dynus_lite/dynus_lite_ws/install/dynus/share/dynus/urdf/_d435.gazebo.xacro
[0.498s] -- Up-to-date: /home/lorenzo/code/dynus_lite/dynus_lite_ws/install/dynus/share/dynus/urdf/sonar_sensor.urdf.xacro
[0.498s] -- Up-to-date: /home/lorenzo/code/dynus_lite/dynus_lite_ws/install/dynus/share/dynus/urdf/_t265.urdf.xacro
[0.498s] -- Up-to-date: /home/lorenzo/code/dynus_lite/dynus_lite_ws/install/dynus/share/dynus/urdf/generic_camera.urdf.xacro
[0.498s] -- Up-to-date: /home/lorenzo/code/dynus_lite/dynus_lite_ws/install/dynus/share/dynus/urdf/_t265.gazebo.xacro
[0.498s] -- Up-to-date: /home/lorenzo/code/dynus_lite/dynus_lite_ws/install/dynus/share/dynus/meshes
[0.498s] -- Up-to-date: /home/lorenzo/code/dynus_lite/dynus_lite_ws/install/dynus/share/dynus/meshes/real_sense
[0.498s] -- Up-to-date: /home/lorenzo/code/dynus_lite/dynus_lite_ws/install/dynus/share/dynus/meshes/real_sense/d435.dae
[0.498s] -- Up-to-date: /home/lorenzo/code/dynus_lite/dynus_lite_ws/install/dynus/share/dynus/meshes/quadrotor
[0.498s] -- Up-to-date: /home/lorenzo/code/dynus_lite/dynus_lite_ws/install/dynus/share/dynus/meshes/quadrotor/quadrotor.dae
[0.498s] -- Up-to-date: /home/lorenzo/code/dynus_lite/dynus_lite_ws/install/dynus/share/dynus/meshes/quadrotor/blender
[0.498s] -- Up-to-date: /home/lorenzo/code/dynus_lite/dynus_lite_ws/install/dynus/share/dynus/meshes/quadrotor/blender/quadrotor_base_2.blend
[0.498s] -- Up-to-date: /home/lorenzo/code/dynus_lite/dynus_lite_ws/install/dynus/share/dynus/meshes/quadrotor/blender/quadrotor_base.blend
[0.498s] -- Up-to-date: /home/lorenzo/code/dynus_lite/dynus_lite_ws/install/dynus/share/dynus/meshes/quadrotor/quadrotor_base.dae
[0.498s] -- Up-to-date: /home/lorenzo/code/dynus_lite/dynus_lite_ws/install/dynus/share/dynus/meshes/quadrotor/quadrotor_base.stl
[0.498s] -- Up-to-date: /home/lorenzo/code/dynus_lite/dynus_lite_ws/install/dynus/share/dynus/meshes/quadrotor/quadrotor_base_2.dae
[0.498s] -- Up-to-date: /home/lorenzo/code/dynus_lite/dynus_lite_ws/install/dynus/share/dynus/meshes/quadrotor/quadrotor_base_2.stl
[0.498s] -- Up-to-date: /home/lorenzo/code/dynus_lite/dynus_lite_ws/install/dynus/lib/dynus/dynus
[0.498s] -- Up-to-date: /home/lorenzo/code/dynus_lite/dynus_lite_ws/install/dynus/lib/dynus/fake_sim
[0.498s] -- Up-to-date: /home/lorenzo/code/dynus_lite/dynus_lite_ws/install/dynus/lib/dynus/obstacle_tracker_node
[0.499s] -- Up-to-date: /home/lorenzo/code/dynus_lite/dynus_lite_ws/install/dynus/lib/dynus/convert_goal_to_cmd_vel
[0.499s] -- Up-to-date: /home/lorenzo/code/dynus_lite/dynus_lite_ws/install/dynus/lib/dynus/quadruped_convert_goal_to_cmd_vel
[0.499s] -- Up-to-date: /home/lorenzo/code/dynus_lite/dynus_lite_ws/install/dynus/lib/dynus/convert_odom_to_state
[0.499s] -- Up-to-date: /home/lorenzo/code/dynus_lite/dynus_lite_ws/install/dynus/lib/dynus/quadruped_convert_odom_to_state
[0.499s] -- Up-to-date: /home/lorenzo/code/dynus_lite/dynus_lite_ws/install/dynus/lib/dynus/convert_vicon_to_state
[0.499s] -- Up-to-date: /home/lorenzo/code/dynus_lite/dynus_lite_ws/install/dynus/lib/dynus/test_yaw_solver
[0.499s] -- Up-to-date: /home/lorenzo/code/dynus_lite/dynus_lite_ws/install/dynus/lib/dynus/convert_velodyne_to_ros_time
[0.499s] -- Up-to-date: /home/lorenzo/code/dynus_lite/dynus_lite_ws/install/dynus/lib/libmove_model.so
[0.499s] -- Up-to-date: /home/lorenzo/code/dynus_lite/dynus_lite_ws/install/dynus/lib/libimu_plugin.so
[0.499s] -- Up-to-date: /home/lorenzo/code/dynus_lite/dynus_lite_ws/install/dynus/share/dynus/environment/pythonpath.sh
[0.499s] -- Up-to-date: /home/lorenzo/code/dynus_lite/dynus_lite_ws/install/dynus/share/dynus/environment/pythonpath.dsv
[0.499s] -- Up-to-date: /home/lorenzo/code/dynus_lite/dynus_lite_ws/install/dynus/local/lib/python3.10/dist-packages/dynus-0.0.0-py3.10.egg-info
[0.499s] -- Installing: /home/lorenzo/code/dynus_lite/dynus_lite_ws/install/dynus/local/lib/python3.10/dist-packages/dynus-0.0.0-py3.10.egg-info/top_level.txt
[0.499s] -- Installing: /home/lorenzo/code/dynus_lite/dynus_lite_ws/install/dynus/local/lib/python3.10/dist-packages/dynus-0.0.0-py3.10.egg-info/SOURCES.txt
[0.499s] -- Installing: /home/lorenzo/code/dynus_lite/dynus_lite_ws/install/dynus/local/lib/python3.10/dist-packages/dynus-0.0.0-py3.10.egg-info/dependency_links.txt
[0.499s] -- Installing: /home/lorenzo/code/dynus_lite/dynus_lite_ws/install/dynus/local/lib/python3.10/dist-packages/dynus-0.0.0-py3.10.egg-info/PKG-INFO
[0.499s] -- Up-to-date: /home/lorenzo/code/dynus_lite/dynus_lite_ws/install/dynus/local/lib/python3.10/dist-packages/dynus
[0.499s] -- Up-to-date: /home/lorenzo/code/dynus_lite/dynus_lite_ws/install/dynus/local/lib/python3.10/dist-packages/dynus/__init__.py
[0.499s] -- Up-to-date: /home/lorenzo/code/dynus_lite/dynus_lite_ws/install/dynus/local/lib/python3.10/dist-packages/dynus/module_to_import.py
[0.530s] Listing '/home/lorenzo/code/dynus_lite/dynus_lite_ws/install/dynus/local/lib/python3.10/dist-packages/dynus'...
[0.535s] -- Up-to-date: /home/lorenzo/code/dynus_lite/dynus_lite_ws/install/dynus/lib/dynus/dummy_traj_publisher.py
[0.535s] -- Up-to-date: /home/lorenzo/code/dynus_lite/dynus_lite_ws/install/dynus/lib/dynus/dynus_commands.py
[0.535s] -- Up-to-date: /home/lorenzo/code/dynus_lite/dynus_lite_ws/install/dynus/lib/dynus/goal_sender.py
[0.535s] -- Up-to-date: /home/lorenzo/code/dynus_lite/dynus_lite_ws/install/dynus/lib/dynus/object_detection_node.py
[0.535s] -- Up-to-date: /home/lorenzo/code/dynus_lite/dynus_lite_ws/install/dynus/lib/dynus/goal_monitor_node.py
[0.535s] -- Up-to-date: /home/lorenzo/code/dynus_lite/dynus_lite_ws/install/dynus/lib/dynus/generate_random_forest.py
[0.535s] -- Up-to-date: /home/lorenzo/code/dynus_lite/dynus_lite_ws/install/dynus/share/ament_index/resource_index/package_run_dependencies/dynus
[0.535s] -- Up-to-date: /home/lorenzo/code/dynus_lite/dynus_lite_ws/install/dynus/share/ament_index/resource_index/parent_prefix_path/dynus
[0.535s] -- Up-to-date: /home/lorenzo/code/dynus_lite/dynus_lite_ws/install/dynus/share/dynus/environment/ament_prefix_path.sh
[0.536s] -- Up-to-date: /home/lorenzo/code/dynus_lite/dynus_lite_ws/install/dynus/share/dynus/environment/ament_prefix_path.dsv
[0.536s] -- Up-to-date: /home/lorenzo/code/dynus_lite/dynus_lite_ws/install/dynus/share/dynus/environment/path.sh
[0.536s] -- Up-to-date: /home/lorenzo/code/dynus_lite/dynus_lite_ws/install/dynus/share/dynus/environment/path.dsv
[0.536s] -- Up-to-date: /home/lorenzo/code/dynus_lite/dynus_lite_ws/install/dynus/share/dynus/local_setup.bash
[0.536s] -- Up-to-date: /home/lorenzo/code/dynus_lite/dynus_lite_ws/install/dynus/share/dynus/local_setup.sh
[0.536s] -- Up-to-date: /home/lorenzo/code/dynus_lite/dynus_lite_ws/install/dynus/share/dynus/local_setup.zsh
[0.536s] -- Up-to-date: /home/lorenzo/code/dynus_lite/dynus_lite_ws/install/dynus/share/dynus/local_setup.dsv
[0.536s] -- Installing: /home/lorenzo/code/dynus_lite/dynus_lite_ws/install/dynus/share/dynus/package.dsv
[0.536s] -- Up-to-date: /home/lorenzo/code/dynus_lite/dynus_lite_ws/install/dynus/share/ament_index/resource_index/packages/dynus
[0.537s] -- Up-to-date: /home/lorenzo/code/dynus_lite/dynus_lite_ws/install/dynus/share/dynus/cmake/dynusConfig.cmake
[0.537s] -- Up-to-date: /home/lorenzo/code/dynus_lite/dynus_lite_ws/install/dynus/share/dynus/cmake/dynusConfig-version.cmake
[0.537s] -- Up-to-date: /home/lorenzo/code/dynus_lite/dynus_lite_ws/install/dynus/share/dynus/package.xml
[0.537s] Invoked command in '/home/lorenzo/code/dynus_lite/dynus_lite_ws/build/dynus' returned '0': CMAKE_PREFIX_PATH=/home/lorenzo/code/dynus_lite/dynus_lite_ws/install/gazebo_plugins:/home/lorenzo/code/dynus_lite/dynus_lite_ws/install/decomp_test_node:/home/lorenzo/code/dynus_lite/dynus_lite_ws/install/gazebo_ros:/home/lorenzo/code/dynus_lite/dynus_lite_ws/install/decomp_rviz_plugins:/home/lorenzo/code/dynus_lite/dynus_lite_ws/install/gazebo_msgs:/home/lorenzo/code/dynus_lite/dynus_lite_ws/install/gazebo_dev:/home/lorenzo/code/dynus_lite/dynus_lite_ws/install/dynus_interfaces:/home/lorenzo/code/dynus_lite/dynus_lite_ws/install/decomp_util:/home/lorenzo/code/dynus_lite/dynus_lite_ws/install/decomp_ros_msgs:/home/lorenzo/code/dynus_lite/dynus_lite_ws/install/trajectory_generator_ros2:/home/lorenzo/code/dynus_lite/dynus_lite_ws/install/snapstack_msgs2:/home/lorenzo/code/dynus_lite/dynus_lite_ws/install/ros2_livox_simulation:/home/lorenzo/code/dynus_lite/dynus_lite_ws/install/ros2_px4_stack:/home/lorenzo/code/dynus_lite/dynus_lite_ws/install/behavior_selector2:/opt/ros/humble:/home/lorenzo/code/dynus_lite/dynus_lite_ws/install/realsense_gazebo_plugin:/home/lorenzo/code/dynus_lite/dynus_lite_ws/install/octomap_mapping:/home/lorenzo/code/dynus_lite/dynus_lite_ws/install/octomap_server:/home/lorenzo/code/dynus_lite/dynus_lite_ws/install/octomap_rviz_plugins:/home/lorenzo/code/dynus_lite/dynus_lite_ws/install/mission_mode:/home/lorenzo/code/dynus_lite/dynus_lite_ws/install/livox_ros_driver2:/home/lorenzo/code/dynus_lite/dynus_lite_ws/install/gazebo_ros_pkgs:/home/lorenzo/code/dynus_lite/dynus_lite_ws/install/dynus:/opt/openrobots LD_LIBRARY_PATH=/home/lorenzo/code/dynus_lite/dynus_lite_ws/install/gazebo_plugins/lib:/home/lorenzo/code/dynus_lite/dynus_lite_ws/install/gazebo_ros/lib:/home/lorenzo/code/dynus_lite/dynus_lite_ws/install/decomp_rviz_plugins/lib:/home/lorenzo/code/dynus_lite/dynus_lite_ws/install/gazebo_msgs/lib:/home/lorenzo/code/dynus_lite/dynus_lite_ws/install/dynus_interfaces/lib:/home/lorenzo/code/dynus_lite/dynus_lite_ws/install/decomp_ros_msgs/lib:/home/lorenzo/code/dynus_lite/dynus_lite_ws/install/snapstack_msgs2/lib:/home/lorenzo/code/dynus_lite/dynus_lite_ws/install/ros2_livox_simulation/lib:/home/lorenzo/code/dynus_lite/dynus_lite_ws/install/realsense_gazebo_plugin/lib:/home/lorenzo/code/dynus_lite/dynus_lite_ws/install/octomap_server/lib:/home/lorenzo/code/dynus_lite/dynus_lite_ws/install/octomap_rviz_plugins/lib:/home/lorenzo/code/dynus_lite/dynus_lite_ws/install/mission_mode/lib:/home/lorenzo/code/dynus_lite/dynus_lite_ws/install/livox_ros_driver2/lib:/home/lorenzo/code/dynus_lite/dynus_lite_ws/install/dynus/lib:/usr/lib/x86_64-linux-gnu/gazebo-11/plugins:/opt/ros/humble/opt/rviz_ogre_vendor/lib:/opt/ros/humble/lib/x86_64-linux-gnu:/home/lorenzo/code/decomp_ws/install/decomp_ros_msgs/lib:/opt/ros/humble/lib:/home/lorenzo/code/livox_ws/install/livox_ros_driver2/lib:/opt/gurobi1103/linux64/lib:/usr/lib/x86_64-linux-gnu/gazebo-11/plugins PKG_CONFIG_PATH=/home/lorenzo/code/dynus_lite/dynus_lite_ws/install/decomp_util/lib/x86_64-linux-gnu/pkgconfig:/home/lorenzo/code/dynus_lite/dynus_lite_ws/install/decomp_util/lib/pkgconfig:/home/lorenzo/code/dynus_lite/dynus_lite_ws/install/realsense_gazebo_plugin/lib/x86_64-linux-gnu/pkgconfig:/home/lorenzo/code/dynus_lite/dynus_lite_ws/install/realsense_gazebo_plugin/lib/pkgconfig:/opt/openrobots/lib/pkgconfig /usr/bin/cmake --install /home/lorenzo/code/dynus_lite/dynus_lite_ws/build/dynus
