running egg_info
creating ../../build/ros2_px4_stack/ros2_px4_stack.egg-info
writing ../../build/ros2_px4_stack/ros2_px4_stack.egg-info/PKG-INFO
writing dependency_links to ../../build/ros2_px4_stack/ros2_px4_stack.egg-info/dependency_links.txt
writing entry points to ../../build/ros2_px4_stack/ros2_px4_stack.egg-info/entry_points.txt
writing requirements to ../../build/ros2_px4_stack/ros2_px4_stack.egg-info/requires.txt
writing top-level names to ../../build/ros2_px4_stack/ros2_px4_stack.egg-info/top_level.txt
writing manifest file '../../build/ros2_px4_stack/ros2_px4_stack.egg-info/SOURCES.txt'
reading manifest file '../../build/ros2_px4_stack/ros2_px4_stack.egg-info/SOURCES.txt'
writing manifest file '../../build/ros2_px4_stack/ros2_px4_stack.egg-info/SOURCES.txt'
running build
running build_py
creating /home/lorenzo/code/dynus_lite/dynus_lite_ws/build/ros2_px4_stack/build
creating /home/lorenzo/code/dynus_lite/dynus_lite_ws/build/ros2_px4_stack/build/lib
creating /home/lorenzo/code/dynus_lite/dynus_lite_ws/build/ros2_px4_stack/build/lib/ros2_px4_stack
copying ros2_px4_stack/__init__.py -> /home/lorenzo/code/dynus_lite/dynus_lite_ws/build/ros2_px4_stack/build/lib/ros2_px4_stack
creating /home/lorenzo/code/dynus_lite/dynus_lite_ws/build/ros2_px4_stack/build/lib/ros2_px4_stack/src
copying ros2_px4_stack/src/track_gen_traj.py -> /home/lorenzo/code/dynus_lite/dynus_lite_ws/build/ros2_px4_stack/build/lib/ros2_px4_stack/src
copying ros2_px4_stack/src/__init__.py -> /home/lorenzo/code/dynus_lite/dynus_lite_ws/build/ros2_px4_stack/build/lib/ros2_px4_stack/src
copying ros2_px4_stack/src/trajgen_offboard_node.py -> /home/lorenzo/code/dynus_lite/dynus_lite_ws/build/ros2_px4_stack/build/lib/ros2_px4_stack/src
copying ros2_px4_stack/src/base_mavros_interface.py -> /home/lorenzo/code/dynus_lite/dynus_lite_ws/build/ros2_px4_stack/build/lib/ros2_px4_stack/src
copying ros2_px4_stack/src/dynus_offboard_node.py -> /home/lorenzo/code/dynus_lite/dynus_lite_ws/build/ros2_px4_stack/build/lib/ros2_px4_stack/src
copying ros2_px4_stack/src/track_dynus_traj.py -> /home/lorenzo/code/dynus_lite/dynus_lite_ws/build/ros2_px4_stack/build/lib/ros2_px4_stack/src
creating /home/lorenzo/code/dynus_lite/dynus_lite_ws/build/ros2_px4_stack/build/lib/ros2_px4_stack/transforms
copying ros2_px4_stack/transforms/__init__.py -> /home/lorenzo/code/dynus_lite/dynus_lite_ws/build/ros2_px4_stack/build/lib/ros2_px4_stack/transforms
copying ros2_px4_stack/transforms/get_init_pose.py -> /home/lorenzo/code/dynus_lite/dynus_lite_ws/build/ros2_px4_stack/build/lib/ros2_px4_stack/transforms
copying ros2_px4_stack/transforms/mocap_to_livox_frame.py -> /home/lorenzo/code/dynus_lite/dynus_lite_ws/build/ros2_px4_stack/build/lib/ros2_px4_stack/transforms
copying ros2_px4_stack/transforms/repub_odom.py -> /home/lorenzo/code/dynus_lite/dynus_lite_ws/build/ros2_px4_stack/build/lib/ros2_px4_stack/transforms
creating /home/lorenzo/code/dynus_lite/dynus_lite_ws/build/ros2_px4_stack/build/lib/ros2_px4_stack/trajectories
copying ros2_px4_stack/trajectories/__init__.py -> /home/lorenzo/code/dynus_lite/dynus_lite_ws/build/ros2_px4_stack/build/lib/ros2_px4_stack/trajectories
copying ros2_px4_stack/trajectories/there_and_back.py -> /home/lorenzo/code/dynus_lite/dynus_lite_ws/build/ros2_px4_stack/build/lib/ros2_px4_stack/trajectories
running install
running install_lib
creating /home/lorenzo/code/dynus_lite/dynus_lite_ws/install/ros2_px4_stack/lib/python3.10/site-packages/ros2_px4_stack
creating /home/lorenzo/code/dynus_lite/dynus_lite_ws/install/ros2_px4_stack/lib/python3.10/site-packages/ros2_px4_stack/src
copying /home/lorenzo/code/dynus_lite/dynus_lite_ws/build/ros2_px4_stack/build/lib/ros2_px4_stack/src/track_gen_traj.py -> /home/lorenzo/code/dynus_lite/dynus_lite_ws/install/ros2_px4_stack/lib/python3.10/site-packages/ros2_px4_stack/src
copying /home/lorenzo/code/dynus_lite/dynus_lite_ws/build/ros2_px4_stack/build/lib/ros2_px4_stack/src/__init__.py -> /home/lorenzo/code/dynus_lite/dynus_lite_ws/install/ros2_px4_stack/lib/python3.10/site-packages/ros2_px4_stack/src
copying /home/lorenzo/code/dynus_lite/dynus_lite_ws/build/ros2_px4_stack/build/lib/ros2_px4_stack/src/trajgen_offboard_node.py -> /home/lorenzo/code/dynus_lite/dynus_lite_ws/install/ros2_px4_stack/lib/python3.10/site-packages/ros2_px4_stack/src
copying /home/lorenzo/code/dynus_lite/dynus_lite_ws/build/ros2_px4_stack/build/lib/ros2_px4_stack/src/base_mavros_interface.py -> /home/lorenzo/code/dynus_lite/dynus_lite_ws/install/ros2_px4_stack/lib/python3.10/site-packages/ros2_px4_stack/src
copying /home/lorenzo/code/dynus_lite/dynus_lite_ws/build/ros2_px4_stack/build/lib/ros2_px4_stack/src/dynus_offboard_node.py -> /home/lorenzo/code/dynus_lite/dynus_lite_ws/install/ros2_px4_stack/lib/python3.10/site-packages/ros2_px4_stack/src
copying /home/lorenzo/code/dynus_lite/dynus_lite_ws/build/ros2_px4_stack/build/lib/ros2_px4_stack/src/track_dynus_traj.py -> /home/lorenzo/code/dynus_lite/dynus_lite_ws/install/ros2_px4_stack/lib/python3.10/site-packages/ros2_px4_stack/src
copying /home/lorenzo/code/dynus_lite/dynus_lite_ws/build/ros2_px4_stack/build/lib/ros2_px4_stack/__init__.py -> /home/lorenzo/code/dynus_lite/dynus_lite_ws/install/ros2_px4_stack/lib/python3.10/site-packages/ros2_px4_stack
creating /home/lorenzo/code/dynus_lite/dynus_lite_ws/install/ros2_px4_stack/lib/python3.10/site-packages/ros2_px4_stack/transforms
copying /home/lorenzo/code/dynus_lite/dynus_lite_ws/build/ros2_px4_stack/build/lib/ros2_px4_stack/transforms/__init__.py -> /home/lorenzo/code/dynus_lite/dynus_lite_ws/install/ros2_px4_stack/lib/python3.10/site-packages/ros2_px4_stack/transforms
copying /home/lorenzo/code/dynus_lite/dynus_lite_ws/build/ros2_px4_stack/build/lib/ros2_px4_stack/transforms/get_init_pose.py -> /home/lorenzo/code/dynus_lite/dynus_lite_ws/install/ros2_px4_stack/lib/python3.10/site-packages/ros2_px4_stack/transforms
copying /home/lorenzo/code/dynus_lite/dynus_lite_ws/build/ros2_px4_stack/build/lib/ros2_px4_stack/transforms/mocap_to_livox_frame.py -> /home/lorenzo/code/dynus_lite/dynus_lite_ws/install/ros2_px4_stack/lib/python3.10/site-packages/ros2_px4_stack/transforms
copying /home/lorenzo/code/dynus_lite/dynus_lite_ws/build/ros2_px4_stack/build/lib/ros2_px4_stack/transforms/repub_odom.py -> /home/lorenzo/code/dynus_lite/dynus_lite_ws/install/ros2_px4_stack/lib/python3.10/site-packages/ros2_px4_stack/transforms
creating /home/lorenzo/code/dynus_lite/dynus_lite_ws/install/ros2_px4_stack/lib/python3.10/site-packages/ros2_px4_stack/trajectories
copying /home/lorenzo/code/dynus_lite/dynus_lite_ws/build/ros2_px4_stack/build/lib/ros2_px4_stack/trajectories/__init__.py -> /home/lorenzo/code/dynus_lite/dynus_lite_ws/install/ros2_px4_stack/lib/python3.10/site-packages/ros2_px4_stack/trajectories
copying /home/lorenzo/code/dynus_lite/dynus_lite_ws/build/ros2_px4_stack/build/lib/ros2_px4_stack/trajectories/there_and_back.py -> /home/lorenzo/code/dynus_lite/dynus_lite_ws/install/ros2_px4_stack/lib/python3.10/site-packages/ros2_px4_stack/trajectories
byte-compiling /home/lorenzo/code/dynus_lite/dynus_lite_ws/install/ros2_px4_stack/lib/python3.10/site-packages/ros2_px4_stack/src/track_gen_traj.py to track_gen_traj.cpython-310.pyc
byte-compiling /home/lorenzo/code/dynus_lite/dynus_lite_ws/install/ros2_px4_stack/lib/python3.10/site-packages/ros2_px4_stack/src/__init__.py to __init__.cpython-310.pyc
byte-compiling /home/lorenzo/code/dynus_lite/dynus_lite_ws/install/ros2_px4_stack/lib/python3.10/site-packages/ros2_px4_stack/src/trajgen_offboard_node.py to trajgen_offboard_node.cpython-310.pyc
byte-compiling /home/lorenzo/code/dynus_lite/dynus_lite_ws/install/ros2_px4_stack/lib/python3.10/site-packages/ros2_px4_stack/src/base_mavros_interface.py to base_mavros_interface.cpython-310.pyc
byte-compiling /home/lorenzo/code/dynus_lite/dynus_lite_ws/install/ros2_px4_stack/lib/python3.10/site-packages/ros2_px4_stack/src/dynus_offboard_node.py to dynus_offboard_node.cpython-310.pyc
byte-compiling /home/lorenzo/code/dynus_lite/dynus_lite_ws/install/ros2_px4_stack/lib/python3.10/site-packages/ros2_px4_stack/src/track_dynus_traj.py to track_dynus_traj.cpython-310.pyc
byte-compiling /home/lorenzo/code/dynus_lite/dynus_lite_ws/install/ros2_px4_stack/lib/python3.10/site-packages/ros2_px4_stack/__init__.py to __init__.cpython-310.pyc
byte-compiling /home/lorenzo/code/dynus_lite/dynus_lite_ws/install/ros2_px4_stack/lib/python3.10/site-packages/ros2_px4_stack/transforms/__init__.py to __init__.cpython-310.pyc
byte-compiling /home/lorenzo/code/dynus_lite/dynus_lite_ws/install/ros2_px4_stack/lib/python3.10/site-packages/ros2_px4_stack/transforms/get_init_pose.py to get_init_pose.cpython-310.pyc
byte-compiling /home/lorenzo/code/dynus_lite/dynus_lite_ws/install/ros2_px4_stack/lib/python3.10/site-packages/ros2_px4_stack/transforms/mocap_to_livox_frame.py to mocap_to_livox_frame.cpython-310.pyc
byte-compiling /home/lorenzo/code/dynus_lite/dynus_lite_ws/install/ros2_px4_stack/lib/python3.10/site-packages/ros2_px4_stack/transforms/repub_odom.py to repub_odom.cpython-310.pyc
byte-compiling /home/lorenzo/code/dynus_lite/dynus_lite_ws/install/ros2_px4_stack/lib/python3.10/site-packages/ros2_px4_stack/trajectories/__init__.py to __init__.cpython-310.pyc
byte-compiling /home/lorenzo/code/dynus_lite/dynus_lite_ws/install/ros2_px4_stack/lib/python3.10/site-packages/ros2_px4_stack/trajectories/there_and_back.py to there_and_back.cpython-310.pyc
running install_data
creating /home/lorenzo/code/dynus_lite/dynus_lite_ws/install/ros2_px4_stack/share/ament_index
creating /home/lorenzo/code/dynus_lite/dynus_lite_ws/install/ros2_px4_stack/share/ament_index/resource_index
creating /home/lorenzo/code/dynus_lite/dynus_lite_ws/install/ros2_px4_stack/share/ament_index/resource_index/packages
copying resource/ros2_px4_stack -> /home/lorenzo/code/dynus_lite/dynus_lite_ws/install/ros2_px4_stack/share/ament_index/resource_index/packages
copying package.xml -> /home/lorenzo/code/dynus_lite/dynus_lite_ws/install/ros2_px4_stack/share/ros2_px4_stack
creating /home/lorenzo/code/dynus_lite/dynus_lite_ws/install/ros2_px4_stack/share/ros2_px4_stack/launch
copying launch/dynus_mavros.launch.py -> /home/lorenzo/code/dynus_lite/dynus_lite_ws/install/ros2_px4_stack/share/ros2_px4_stack/launch
copying launch/offboard_gen_traj.launch.py -> /home/lorenzo/code/dynus_lite/dynus_lite_ws/install/ros2_px4_stack/share/ros2_px4_stack/launch
running install_egg_info
Copying ../../build/ros2_px4_stack/ros2_px4_stack.egg-info to /home/lorenzo/code/dynus_lite/dynus_lite_ws/install/ros2_px4_stack/lib/python3.10/site-packages/ros2_px4_stack-0.0.0-py3.10.egg-info
running install_scripts
Installing base_mavros_interface script to /home/lorenzo/code/dynus_lite/dynus_lite_ws/install/ros2_px4_stack/lib/ros2_px4_stack
Installing dynus_offboard_node script to /home/lorenzo/code/dynus_lite/dynus_lite_ws/install/ros2_px4_stack/lib/ros2_px4_stack
Installing get_init_pose script to /home/lorenzo/code/dynus_lite/dynus_lite_ws/install/ros2_px4_stack/lib/ros2_px4_stack
Installing mocap_to_livox_frame script to /home/lorenzo/code/dynus_lite/dynus_lite_ws/install/ros2_px4_stack/lib/ros2_px4_stack
Installing repub_odom script to /home/lorenzo/code/dynus_lite/dynus_lite_ws/install/ros2_px4_stack/lib/ros2_px4_stack
Installing there_and_back script to /home/lorenzo/code/dynus_lite/dynus_lite_ws/install/ros2_px4_stack/lib/ros2_px4_stack
Installing track_dynus_traj script to /home/lorenzo/code/dynus_lite/dynus_lite_ws/install/ros2_px4_stack/lib/ros2_px4_stack
Installing track_gen_traj script to /home/lorenzo/code/dynus_lite/dynus_lite_ws/install/ros2_px4_stack/lib/ros2_px4_stack
Installing trajgen_offboard_node script to /home/lorenzo/code/dynus_lite/dynus_lite_ws/install/ros2_px4_stack/lib/ros2_px4_stack
writing list of installed files to '/home/lorenzo/code/dynus_lite/dynus_lite_ws/build/ros2_px4_stack/install.log'
