[4.360s] Invoking command in '/home/lorenzo/code/dynus_lite/dynus_lite_ws/src/ros2_px4_stack': PYTHONPATH=/home/lorenzo/code/dynus_lite/dynus_lite_ws/build/ros2_px4_stack/prefix_override:/usr/lib/python3/dist-packages/colcon_core/task/python/colcon_distutils_commands:/home/lorenzo/code/dynus_lite/dynus_lite_ws/install/ros2_px4_stack/lib/python3.10/site-packages:${PYTHONPATH} /usr/bin/python3 -W ignore:setup.py install is deprecated -W ignore:easy_install command is deprecated setup.py egg_info --egg-base ../../build/ros2_px4_stack build --build-base /home/lorenzo/code/dynus_lite/dynus_lite_ws/build/ros2_px4_stack/build install --record /home/lorenzo/code/dynus_lite/dynus_lite_ws/build/ros2_px4_stack/install.log --single-version-externally-managed install_data
[5.929s] running egg_info
[5.932s] creating ../../build/ros2_px4_stack/ros2_px4_stack.egg-info
[5.936s] writing ../../build/ros2_px4_stack/ros2_px4_stack.egg-info/PKG-INFO
[5.936s] writing dependency_links to ../../build/ros2_px4_stack/ros2_px4_stack.egg-info/dependency_links.txt
[5.942s] writing entry points to ../../build/ros2_px4_stack/ros2_px4_stack.egg-info/entry_points.txt
[5.943s] writing requirements to ../../build/ros2_px4_stack/ros2_px4_stack.egg-info/requires.txt
[5.943s] writing top-level names to ../../build/ros2_px4_stack/ros2_px4_stack.egg-info/top_level.txt
[5.948s] writing manifest file '../../build/ros2_px4_stack/ros2_px4_stack.egg-info/SOURCES.txt'
[5.958s] reading manifest file '../../build/ros2_px4_stack/ros2_px4_stack.egg-info/SOURCES.txt'
[5.963s] writing manifest file '../../build/ros2_px4_stack/ros2_px4_stack.egg-info/SOURCES.txt'
[5.963s] running build
[5.963s] running build_py
[5.963s] creating /home/lorenzo/code/dynus_lite/dynus_lite_ws/build/ros2_px4_stack/build
[5.963s] creating /home/lorenzo/code/dynus_lite/dynus_lite_ws/build/ros2_px4_stack/build/lib
[5.963s] creating /home/lorenzo/code/dynus_lite/dynus_lite_ws/build/ros2_px4_stack/build/lib/ros2_px4_stack
[5.963s] copying ros2_px4_stack/__init__.py -> /home/lorenzo/code/dynus_lite/dynus_lite_ws/build/ros2_px4_stack/build/lib/ros2_px4_stack
[5.963s] creating /home/lorenzo/code/dynus_lite/dynus_lite_ws/build/ros2_px4_stack/build/lib/ros2_px4_stack/src
[5.964s] copying ros2_px4_stack/src/track_gen_traj.py -> /home/lorenzo/code/dynus_lite/dynus_lite_ws/build/ros2_px4_stack/build/lib/ros2_px4_stack/src
[5.964s] copying ros2_px4_stack/src/__init__.py -> /home/lorenzo/code/dynus_lite/dynus_lite_ws/build/ros2_px4_stack/build/lib/ros2_px4_stack/src
[5.967s] copying ros2_px4_stack/src/trajgen_offboard_node.py -> /home/lorenzo/code/dynus_lite/dynus_lite_ws/build/ros2_px4_stack/build/lib/ros2_px4_stack/src
[5.969s] copying ros2_px4_stack/src/base_mavros_interface.py -> /home/lorenzo/code/dynus_lite/dynus_lite_ws/build/ros2_px4_stack/build/lib/ros2_px4_stack/src
[5.969s] copying ros2_px4_stack/src/dynus_offboard_node.py -> /home/lorenzo/code/dynus_lite/dynus_lite_ws/build/ros2_px4_stack/build/lib/ros2_px4_stack/src
[5.969s] copying ros2_px4_stack/src/track_dynus_traj.py -> /home/lorenzo/code/dynus_lite/dynus_lite_ws/build/ros2_px4_stack/build/lib/ros2_px4_stack/src
[5.972s] creating /home/lorenzo/code/dynus_lite/dynus_lite_ws/build/ros2_px4_stack/build/lib/ros2_px4_stack/transforms
[5.975s] copying ros2_px4_stack/transforms/__init__.py -> /home/lorenzo/code/dynus_lite/dynus_lite_ws/build/ros2_px4_stack/build/lib/ros2_px4_stack/transforms
[5.975s] copying ros2_px4_stack/transforms/get_init_pose.py -> /home/lorenzo/code/dynus_lite/dynus_lite_ws/build/ros2_px4_stack/build/lib/ros2_px4_stack/transforms
[5.975s] copying ros2_px4_stack/transforms/mocap_to_livox_frame.py -> /home/lorenzo/code/dynus_lite/dynus_lite_ws/build/ros2_px4_stack/build/lib/ros2_px4_stack/transforms
[5.975s] copying ros2_px4_stack/transforms/repub_odom.py -> /home/lorenzo/code/dynus_lite/dynus_lite_ws/build/ros2_px4_stack/build/lib/ros2_px4_stack/transforms
[5.975s] creating /home/lorenzo/code/dynus_lite/dynus_lite_ws/build/ros2_px4_stack/build/lib/ros2_px4_stack/trajectories
[5.975s] copying ros2_px4_stack/trajectories/__init__.py -> /home/lorenzo/code/dynus_lite/dynus_lite_ws/build/ros2_px4_stack/build/lib/ros2_px4_stack/trajectories
[5.975s] copying ros2_px4_stack/trajectories/there_and_back.py -> /home/lorenzo/code/dynus_lite/dynus_lite_ws/build/ros2_px4_stack/build/lib/ros2_px4_stack/trajectories
[5.976s] running install
[5.976s] running install_lib
[5.983s] creating /home/lorenzo/code/dynus_lite/dynus_lite_ws/install/ros2_px4_stack/lib/python3.10/site-packages/ros2_px4_stack
[5.983s] creating /home/lorenzo/code/dynus_lite/dynus_lite_ws/install/ros2_px4_stack/lib/python3.10/site-packages/ros2_px4_stack/src
[5.983s] copying /home/lorenzo/code/dynus_lite/dynus_lite_ws/build/ros2_px4_stack/build/lib/ros2_px4_stack/src/track_gen_traj.py -> /home/lorenzo/code/dynus_lite/dynus_lite_ws/install/ros2_px4_stack/lib/python3.10/site-packages/ros2_px4_stack/src
[5.983s] copying /home/lorenzo/code/dynus_lite/dynus_lite_ws/build/ros2_px4_stack/build/lib/ros2_px4_stack/src/__init__.py -> /home/lorenzo/code/dynus_lite/dynus_lite_ws/install/ros2_px4_stack/lib/python3.10/site-packages/ros2_px4_stack/src
[5.983s] copying /home/lorenzo/code/dynus_lite/dynus_lite_ws/build/ros2_px4_stack/build/lib/ros2_px4_stack/src/trajgen_offboard_node.py -> /home/lorenzo/code/dynus_lite/dynus_lite_ws/install/ros2_px4_stack/lib/python3.10/site-packages/ros2_px4_stack/src
[5.984s] copying /home/lorenzo/code/dynus_lite/dynus_lite_ws/build/ros2_px4_stack/build/lib/ros2_px4_stack/src/base_mavros_interface.py -> /home/lorenzo/code/dynus_lite/dynus_lite_ws/install/ros2_px4_stack/lib/python3.10/site-packages/ros2_px4_stack/src
[5.984s] copying /home/lorenzo/code/dynus_lite/dynus_lite_ws/build/ros2_px4_stack/build/lib/ros2_px4_stack/src/dynus_offboard_node.py -> /home/lorenzo/code/dynus_lite/dynus_lite_ws/install/ros2_px4_stack/lib/python3.10/site-packages/ros2_px4_stack/src
[5.984s] copying /home/lorenzo/code/dynus_lite/dynus_lite_ws/build/ros2_px4_stack/build/lib/ros2_px4_stack/src/track_dynus_traj.py -> /home/lorenzo/code/dynus_lite/dynus_lite_ws/install/ros2_px4_stack/lib/python3.10/site-packages/ros2_px4_stack/src
[5.986s] copying /home/lorenzo/code/dynus_lite/dynus_lite_ws/build/ros2_px4_stack/build/lib/ros2_px4_stack/__init__.py -> /home/lorenzo/code/dynus_lite/dynus_lite_ws/install/ros2_px4_stack/lib/python3.10/site-packages/ros2_px4_stack
[5.987s] creating /home/lorenzo/code/dynus_lite/dynus_lite_ws/install/ros2_px4_stack/lib/python3.10/site-packages/ros2_px4_stack/transforms
[5.987s] copying /home/lorenzo/code/dynus_lite/dynus_lite_ws/build/ros2_px4_stack/build/lib/ros2_px4_stack/transforms/__init__.py -> /home/lorenzo/code/dynus_lite/dynus_lite_ws/install/ros2_px4_stack/lib/python3.10/site-packages/ros2_px4_stack/transforms
[5.987s] copying /home/lorenzo/code/dynus_lite/dynus_lite_ws/build/ros2_px4_stack/build/lib/ros2_px4_stack/transforms/get_init_pose.py -> /home/lorenzo/code/dynus_lite/dynus_lite_ws/install/ros2_px4_stack/lib/python3.10/site-packages/ros2_px4_stack/transforms
[5.987s] copying /home/lorenzo/code/dynus_lite/dynus_lite_ws/build/ros2_px4_stack/build/lib/ros2_px4_stack/transforms/mocap_to_livox_frame.py -> /home/lorenzo/code/dynus_lite/dynus_lite_ws/install/ros2_px4_stack/lib/python3.10/site-packages/ros2_px4_stack/transforms
[5.987s] copying /home/lorenzo/code/dynus_lite/dynus_lite_ws/build/ros2_px4_stack/build/lib/ros2_px4_stack/transforms/repub_odom.py -> /home/lorenzo/code/dynus_lite/dynus_lite_ws/install/ros2_px4_stack/lib/python3.10/site-packages/ros2_px4_stack/transforms
[5.987s] creating /home/lorenzo/code/dynus_lite/dynus_lite_ws/install/ros2_px4_stack/lib/python3.10/site-packages/ros2_px4_stack/trajectories
[5.987s] copying /home/lorenzo/code/dynus_lite/dynus_lite_ws/build/ros2_px4_stack/build/lib/ros2_px4_stack/trajectories/__init__.py -> /home/lorenzo/code/dynus_lite/dynus_lite_ws/install/ros2_px4_stack/lib/python3.10/site-packages/ros2_px4_stack/trajectories
[5.987s] copying /home/lorenzo/code/dynus_lite/dynus_lite_ws/build/ros2_px4_stack/build/lib/ros2_px4_stack/trajectories/there_and_back.py -> /home/lorenzo/code/dynus_lite/dynus_lite_ws/install/ros2_px4_stack/lib/python3.10/site-packages/ros2_px4_stack/trajectories
[5.988s] byte-compiling /home/lorenzo/code/dynus_lite/dynus_lite_ws/install/ros2_px4_stack/lib/python3.10/site-packages/ros2_px4_stack/src/track_gen_traj.py to track_gen_traj.cpython-310.pyc
[5.989s] byte-compiling /home/lorenzo/code/dynus_lite/dynus_lite_ws/install/ros2_px4_stack/lib/python3.10/site-packages/ros2_px4_stack/src/__init__.py to __init__.cpython-310.pyc
[5.989s] byte-compiling /home/lorenzo/code/dynus_lite/dynus_lite_ws/install/ros2_px4_stack/lib/python3.10/site-packages/ros2_px4_stack/src/trajgen_offboard_node.py to trajgen_offboard_node.cpython-310.pyc
[5.994s] byte-compiling /home/lorenzo/code/dynus_lite/dynus_lite_ws/install/ros2_px4_stack/lib/python3.10/site-packages/ros2_px4_stack/src/base_mavros_interface.py to base_mavros_interface.cpython-310.pyc
[6.013s] byte-compiling /home/lorenzo/code/dynus_lite/dynus_lite_ws/install/ros2_px4_stack/lib/python3.10/site-packages/ros2_px4_stack/src/dynus_offboard_node.py to dynus_offboard_node.cpython-310.pyc
[6.020s] byte-compiling /home/lorenzo/code/dynus_lite/dynus_lite_ws/install/ros2_px4_stack/lib/python3.10/site-packages/ros2_px4_stack/src/track_dynus_traj.py to track_dynus_traj.cpython-310.pyc
[6.020s] byte-compiling /home/lorenzo/code/dynus_lite/dynus_lite_ws/install/ros2_px4_stack/lib/python3.10/site-packages/ros2_px4_stack/__init__.py to __init__.cpython-310.pyc
[6.020s] byte-compiling /home/lorenzo/code/dynus_lite/dynus_lite_ws/install/ros2_px4_stack/lib/python3.10/site-packages/ros2_px4_stack/transforms/__init__.py to __init__.cpython-310.pyc
[6.020s] byte-compiling /home/lorenzo/code/dynus_lite/dynus_lite_ws/install/ros2_px4_stack/lib/python3.10/site-packages/ros2_px4_stack/transforms/get_init_pose.py to get_init_pose.cpython-310.pyc
[6.020s] byte-compiling /home/lorenzo/code/dynus_lite/dynus_lite_ws/install/ros2_px4_stack/lib/python3.10/site-packages/ros2_px4_stack/transforms/mocap_to_livox_frame.py to mocap_to_livox_frame.cpython-310.pyc
[6.021s] byte-compiling /home/lorenzo/code/dynus_lite/dynus_lite_ws/install/ros2_px4_stack/lib/python3.10/site-packages/ros2_px4_stack/transforms/repub_odom.py to repub_odom.cpython-310.pyc
[6.028s] byte-compiling /home/lorenzo/code/dynus_lite/dynus_lite_ws/install/ros2_px4_stack/lib/python3.10/site-packages/ros2_px4_stack/trajectories/__init__.py to __init__.cpython-310.pyc
[6.028s] byte-compiling /home/lorenzo/code/dynus_lite/dynus_lite_ws/install/ros2_px4_stack/lib/python3.10/site-packages/ros2_px4_stack/trajectories/there_and_back.py to there_and_back.cpython-310.pyc
[6.028s] running install_data
[6.028s] creating /home/lorenzo/code/dynus_lite/dynus_lite_ws/install/ros2_px4_stack/share/ament_index
[6.029s] creating /home/lorenzo/code/dynus_lite/dynus_lite_ws/install/ros2_px4_stack/share/ament_index/resource_index
[6.029s] creating /home/lorenzo/code/dynus_lite/dynus_lite_ws/install/ros2_px4_stack/share/ament_index/resource_index/packages
[6.029s] copying resource/ros2_px4_stack -> /home/lorenzo/code/dynus_lite/dynus_lite_ws/install/ros2_px4_stack/share/ament_index/resource_index/packages
[6.029s] copying package.xml -> /home/lorenzo/code/dynus_lite/dynus_lite_ws/install/ros2_px4_stack/share/ros2_px4_stack
[6.030s] creating /home/lorenzo/code/dynus_lite/dynus_lite_ws/install/ros2_px4_stack/share/ros2_px4_stack/launch
[6.036s] copying launch/dynus_mavros.launch.py -> /home/lorenzo/code/dynus_lite/dynus_lite_ws/install/ros2_px4_stack/share/ros2_px4_stack/launch
[6.036s] copying launch/offboard_gen_traj.launch.py -> /home/lorenzo/code/dynus_lite/dynus_lite_ws/install/ros2_px4_stack/share/ros2_px4_stack/launch
[6.036s] running install_egg_info
[6.037s] Copying ../../build/ros2_px4_stack/ros2_px4_stack.egg-info to /home/lorenzo/code/dynus_lite/dynus_lite_ws/install/ros2_px4_stack/lib/python3.10/site-packages/ros2_px4_stack-0.0.0-py3.10.egg-info
[6.043s] running install_scripts
[6.117s] Installing base_mavros_interface script to /home/lorenzo/code/dynus_lite/dynus_lite_ws/install/ros2_px4_stack/lib/ros2_px4_stack
[6.118s] Installing dynus_offboard_node script to /home/lorenzo/code/dynus_lite/dynus_lite_ws/install/ros2_px4_stack/lib/ros2_px4_stack
[6.118s] Installing get_init_pose script to /home/lorenzo/code/dynus_lite/dynus_lite_ws/install/ros2_px4_stack/lib/ros2_px4_stack
[6.118s] Installing mocap_to_livox_frame script to /home/lorenzo/code/dynus_lite/dynus_lite_ws/install/ros2_px4_stack/lib/ros2_px4_stack
[6.118s] Installing repub_odom script to /home/lorenzo/code/dynus_lite/dynus_lite_ws/install/ros2_px4_stack/lib/ros2_px4_stack
[6.118s] Installing there_and_back script to /home/lorenzo/code/dynus_lite/dynus_lite_ws/install/ros2_px4_stack/lib/ros2_px4_stack
[6.118s] Installing track_dynus_traj script to /home/lorenzo/code/dynus_lite/dynus_lite_ws/install/ros2_px4_stack/lib/ros2_px4_stack
[6.118s] Installing track_gen_traj script to /home/lorenzo/code/dynus_lite/dynus_lite_ws/install/ros2_px4_stack/lib/ros2_px4_stack
[6.118s] Installing trajgen_offboard_node script to /home/lorenzo/code/dynus_lite/dynus_lite_ws/install/ros2_px4_stack/lib/ros2_px4_stack
[6.118s] writing list of installed files to '/home/lorenzo/code/dynus_lite/dynus_lite_ws/build/ros2_px4_stack/install.log'
[6.261s] Invoked command in '/home/lorenzo/code/dynus_lite/dynus_lite_ws/src/ros2_px4_stack' returned '0': PYTHONPATH=/home/lorenzo/code/dynus_lite/dynus_lite_ws/build/ros2_px4_stack/prefix_override:/usr/lib/python3/dist-packages/colcon_core/task/python/colcon_distutils_commands:/home/lorenzo/code/dynus_lite/dynus_lite_ws/install/ros2_px4_stack/lib/python3.10/site-packages:${PYTHONPATH} /usr/bin/python3 -W ignore:setup.py install is deprecated -W ignore:easy_install command is deprecated setup.py egg_info --egg-base ../../build/ros2_px4_stack build --build-base /home/lorenzo/code/dynus_lite/dynus_lite_ws/build/ros2_px4_stack/build install --record /home/lorenzo/code/dynus_lite/dynus_lite_ws/build/ros2_px4_stack/install.log --single-version-externally-managed install_data
