-- The C compiler identification is GNU 11.4.0
-- The CXX compiler identification is GNU 12.3.0
-- Detecting C compiler ABI info
-- Detecting C compiler ABI info - done
-- Check for working C compiler: /usr/bin/cc - skipped
-- Detecting C compile features
-- Detecting C compile features - done
-- Detecting CXX compiler ABI info
-- Detecting CXX compiler ABI info - done
-- Check for working CXX compiler: /usr/bin/c++ - skipped
-- Detecting CXX compile features
-- Detecting CXX compile features - done
-- Found ament_cmake: 1.3.13 (/opt/ros/humble/share/ament_cmake/cmake)
-- Found Python3: /usr/bin/python3 (found version "3.10.12") found components: Interpreter 
-- Found rosidl_default_generators: 1.2.0 (/opt/ros/humble/share/rosidl_default_generators/cmake)
-- Using all available rosidl_typesupport_c: rosidl_typesupport_fastrtps_c;rosidl_typesupport_introspection_c
-- Found rosidl_adapter: 3.1.8 (/opt/ros/humble/share/rosidl_adapter/cmake)
-- Using all available rosidl_typesupport_cpp: rosidl_typesupport_fastrtps_cpp;rosidl_typesupport_introspection_cpp
-- Found std_msgs: 4.9.1 (/opt/ros/humble/share/std_msgs/cmake)
-- Found geometry_msgs: 4.9.1 (/opt/ros/humble/share/geometry_msgs/cmake)
-- Found nav_msgs: 4.9.1 (/opt/ros/humble/share/nav_msgs/cmake)
-- Found std_srvs: 4.9.1 (/opt/ros/humble/share/std_srvs/cmake)
-- Found ament_cmake_ros: 0.10.0 (/opt/ros/humble/share/ament_cmake_ros/cmake)
-- Using all available rosidl_typesupport_c: rosidl_typesupport_fastrtps_c;rosidl_typesupport_introspection_c
-- Using all available rosidl_typesupport_cpp: rosidl_typesupport_fastrtps_cpp;rosidl_typesupport_introspection_cpp
-- Found PythonInterp: /usr/bin/python3 (found suitable version "3.10.12", minimum required is "3.6") 
-- Found python_cmake_module: 0.10.0 (/opt/ros/humble/share/python_cmake_module/cmake)
-- Found PythonLibs: /usr/lib/x86_64-linux-gnu/libpython3.10.so (found suitable version "3.10.12", minimum required is "3.5") 
-- Using PYTHON_EXECUTABLE: /usr/bin/python3
-- Using PYTHON_INCLUDE_DIRS: /usr/include/python3.10
-- Using PYTHON_LIBRARIES: /usr/lib/x86_64-linux-gnu/libpython3.10.so
-- Found PythonExtra: .so  
-- Configuring done
-- Generating done
-- Build files have been written to: /home/lorenzo/code/dynus_lite/dynus_lite_ws/build/snapstack_msgs2
[  0%] [34m[1mGenerating C++ code for ROS interfaces[0m
[  0%] Built target snapstack_msgs2__cpp
[  0%] Built target ament_cmake_python_copy_snapstack_msgs2
[  1%] [34m[1mGenerating C++ introspection for ROS interfaces[0m
[  2%] [32mBuilding CXX object CMakeFiles/snapstack_msgs2__rosidl_typesupport_introspection_cpp.dir/rosidl_typesupport_introspection_cpp/snapstack_msgs2/msg/detail/control_log__type_support.cpp.o[0m
[  3%] [32mBuilding CXX object CMakeFiles/snapstack_msgs2__rosidl_typesupport_introspection_cpp.dir/rosidl_typesupport_introspection_cpp/snapstack_msgs2/msg/detail/quad_flight_mode__type_support.cpp.o[0m
[  4%] [32mBuilding CXX object CMakeFiles/snapstack_msgs2__rosidl_typesupport_introspection_cpp.dir/rosidl_typesupport_introspection_cpp/snapstack_msgs2/msg/detail/state__type_support.cpp.o[0m
[  5%] [32mBuilding CXX object CMakeFiles/snapstack_msgs2__rosidl_typesupport_introspection_cpp.dir/rosidl_typesupport_introspection_cpp/snapstack_msgs2/msg/detail/comm_age__type_support.cpp.o[0m
[  6%] [32mBuilding CXX object CMakeFiles/snapstack_msgs2__rosidl_typesupport_introspection_cpp.dir/rosidl_typesupport_introspection_cpp/snapstack_msgs2/msg/detail/imu__type_support.cpp.o[0m
[  7%] [32mBuilding CXX object CMakeFiles/snapstack_msgs2__rosidl_typesupport_introspection_cpp.dir/rosidl_typesupport_introspection_cpp/snapstack_msgs2/msg/detail/smc_data__type_support.cpp.o[0m
[  8%] [32mBuilding CXX object CMakeFiles/snapstack_msgs2__rosidl_typesupport_introspection_cpp.dir/rosidl_typesupport_introspection_cpp/snapstack_msgs2/msg/detail/motors__type_support.cpp.o[0m
[  9%] [32mBuilding CXX object CMakeFiles/snapstack_msgs2__rosidl_typesupport_introspection_cpp.dir/rosidl_typesupport_introspection_cpp/snapstack_msgs2/msg/detail/vio_filter_state__type_support.cpp.o[0m
[ 10%] [32mBuilding CXX object CMakeFiles/snapstack_msgs2__rosidl_typesupport_introspection_cpp.dir/rosidl_typesupport_introspection_cpp/snapstack_msgs2/msg/detail/time_filter__type_support.cpp.o[0m
[ 11%] [32mBuilding CXX object CMakeFiles/snapstack_msgs2__rosidl_typesupport_introspection_cpp.dir/rosidl_typesupport_introspection_cpp/snapstack_msgs2/msg/detail/goal__type_support.cpp.o[0m
[ 11%] [32mBuilding CXX object CMakeFiles/snapstack_msgs2__rosidl_typesupport_introspection_cpp.dir/rosidl_typesupport_introspection_cpp/snapstack_msgs2/msg/detail/attitude_command__type_support.cpp.o[0m
[ 12%] [32m[1mLinking CXX shared library libsnapstack_msgs2__rosidl_typesupport_introspection_cpp.so[0m
[ 12%] Built target snapstack_msgs2__rosidl_typesupport_introspection_cpp
running egg_info
creating snapstack_msgs2.egg-info
writing snapstack_msgs2.egg-info/PKG-INFO
writing dependency_links to snapstack_msgs2.egg-info/dependency_links.txt
writing top-level names to snapstack_msgs2.egg-info/top_level.txt
writing manifest file 'snapstack_msgs2.egg-info/SOURCES.txt'
reading manifest file 'snapstack_msgs2.egg-info/SOURCES.txt'
writing manifest file 'snapstack_msgs2.egg-info/SOURCES.txt'
[ 12%] Built target ament_cmake_python_build_snapstack_msgs2_egg
[ 12%] [34m[1mGenerating C++ type support for eProsima Fast-RTPS[0m
[ 13%] [32mBuilding CXX object CMakeFiles/snapstack_msgs2__rosidl_typesupport_fastrtps_cpp.dir/rosidl_typesupport_fastrtps_cpp/snapstack_msgs2/msg/detail/dds_fastrtps/control_log__type_support.cpp.o[0m
[ 14%] [32mBuilding CXX object CMakeFiles/snapstack_msgs2__rosidl_typesupport_fastrtps_cpp.dir/rosidl_typesupport_fastrtps_cpp/snapstack_msgs2/msg/detail/dds_fastrtps/comm_age__type_support.cpp.o[0m
[ 15%] [32mBuilding CXX object CMakeFiles/snapstack_msgs2__rosidl_typesupport_fastrtps_cpp.dir/rosidl_typesupport_fastrtps_cpp/snapstack_msgs2/msg/detail/dds_fastrtps/imu__type_support.cpp.o[0m
[ 16%] [32mBuilding CXX object CMakeFiles/snapstack_msgs2__rosidl_typesupport_fastrtps_cpp.dir/rosidl_typesupport_fastrtps_cpp/snapstack_msgs2/msg/detail/dds_fastrtps/smc_data__type_support.cpp.o[0m
[ 17%] [32mBuilding CXX object CMakeFiles/snapstack_msgs2__rosidl_typesupport_fastrtps_cpp.dir/rosidl_typesupport_fastrtps_cpp/snapstack_msgs2/msg/detail/dds_fastrtps/motors__type_support.cpp.o[0m
[ 17%] [32mBuilding CXX object CMakeFiles/snapstack_msgs2__rosidl_typesupport_fastrtps_cpp.dir/rosidl_typesupport_fastrtps_cpp/snapstack_msgs2/msg/detail/dds_fastrtps/vio_filter_state__type_support.cpp.o[0m
[ 18%] [32mBuilding CXX object CMakeFiles/snapstack_msgs2__rosidl_typesupport_fastrtps_cpp.dir/rosidl_typesupport_fastrtps_cpp/snapstack_msgs2/msg/detail/dds_fastrtps/time_filter__type_support.cpp.o[0m
[ 19%] [32mBuilding CXX object CMakeFiles/snapstack_msgs2__rosidl_typesupport_fastrtps_cpp.dir/rosidl_typesupport_fastrtps_cpp/snapstack_msgs2/msg/detail/dds_fastrtps/state__type_support.cpp.o[0m
[ 20%] [32mBuilding CXX object CMakeFiles/snapstack_msgs2__rosidl_typesupport_fastrtps_cpp.dir/rosidl_typesupport_fastrtps_cpp/snapstack_msgs2/msg/detail/dds_fastrtps/quad_flight_mode__type_support.cpp.o[0m
[ 21%] [32mBuilding CXX object CMakeFiles/snapstack_msgs2__rosidl_typesupport_fastrtps_cpp.dir/rosidl_typesupport_fastrtps_cpp/snapstack_msgs2/msg/detail/dds_fastrtps/goal__type_support.cpp.o[0m
[ 22%] [32mBuilding CXX object CMakeFiles/snapstack_msgs2__rosidl_typesupport_fastrtps_cpp.dir/rosidl_typesupport_fastrtps_cpp/snapstack_msgs2/msg/detail/dds_fastrtps/attitude_command__type_support.cpp.o[0m
[ 23%] [32m[1mLinking CXX shared library libsnapstack_msgs2__rosidl_typesupport_fastrtps_cpp.so[0m
[ 23%] Built target snapstack_msgs2__rosidl_typesupport_fastrtps_cpp
[ 24%] [34m[1mGenerating C++ type support dispatch for ROS interfaces[0m
[ 25%] [32mBuilding CXX object CMakeFiles/snapstack_msgs2__rosidl_typesupport_cpp.dir/rosidl_typesupport_cpp/snapstack_msgs2/msg/control_log__type_support.cpp.o[0m
[ 26%] [32mBuilding CXX object CMakeFiles/snapstack_msgs2__rosidl_typesupport_cpp.dir/rosidl_typesupport_cpp/snapstack_msgs2/msg/imu__type_support.cpp.o[0m
[ 26%] [32mBuilding CXX object CMakeFiles/snapstack_msgs2__rosidl_typesupport_cpp.dir/rosidl_typesupport_cpp/snapstack_msgs2/msg/smc_data__type_support.cpp.o[0m
[ 27%] [32mBuilding CXX object CMakeFiles/snapstack_msgs2__rosidl_typesupport_cpp.dir/rosidl_typesupport_cpp/snapstack_msgs2/msg/motors__type_support.cpp.o[0m
[ 28%] [32mBuilding CXX object CMakeFiles/snapstack_msgs2__rosidl_typesupport_cpp.dir/rosidl_typesupport_cpp/snapstack_msgs2/msg/vio_filter_state__type_support.cpp.o[0m
[ 29%] [32mBuilding CXX object CMakeFiles/snapstack_msgs2__rosidl_typesupport_cpp.dir/rosidl_typesupport_cpp/snapstack_msgs2/msg/time_filter__type_support.cpp.o[0m
[ 30%] [32mBuilding CXX object CMakeFiles/snapstack_msgs2__rosidl_typesupport_cpp.dir/rosidl_typesupport_cpp/snapstack_msgs2/msg/comm_age__type_support.cpp.o[0m
[ 31%] [32mBuilding CXX object CMakeFiles/snapstack_msgs2__rosidl_typesupport_cpp.dir/rosidl_typesupport_cpp/snapstack_msgs2/msg/state__type_support.cpp.o[0m
[ 32%] [32mBuilding CXX object CMakeFiles/snapstack_msgs2__rosidl_typesupport_cpp.dir/rosidl_typesupport_cpp/snapstack_msgs2/msg/quad_flight_mode__type_support.cpp.o[0m
[ 33%] [32mBuilding CXX object CMakeFiles/snapstack_msgs2__rosidl_typesupport_cpp.dir/rosidl_typesupport_cpp/snapstack_msgs2/msg/goal__type_support.cpp.o[0m
[ 34%] [32mBuilding CXX object CMakeFiles/snapstack_msgs2__rosidl_typesupport_cpp.dir/rosidl_typesupport_cpp/snapstack_msgs2/msg/attitude_command__type_support.cpp.o[0m
[ 35%] [32m[1mLinking CXX shared library libsnapstack_msgs2__rosidl_typesupport_cpp.so[0m
[ 35%] Built target snapstack_msgs2__rosidl_typesupport_cpp
[ 36%] [34m[1mGenerating C code for ROS interfaces[0m
[ 37%] [32mBuilding C object CMakeFiles/snapstack_msgs2__rosidl_generator_c.dir/rosidl_generator_c/snapstack_msgs2/msg/detail/control_log__functions.c.o[0m
[ 37%] [32mBuilding C object CMakeFiles/snapstack_msgs2__rosidl_generator_c.dir/rosidl_generator_c/snapstack_msgs2/msg/detail/smc_data__functions.c.o[0m
[ 38%] [32mBuilding C object CMakeFiles/snapstack_msgs2__rosidl_generator_c.dir/rosidl_generator_c/snapstack_msgs2/msg/detail/motors__functions.c.o[0m
[ 39%] [32mBuilding C object CMakeFiles/snapstack_msgs2__rosidl_generator_c.dir/rosidl_generator_c/snapstack_msgs2/msg/detail/vio_filter_state__functions.c.o[0m
[ 40%] [32mBuilding C object CMakeFiles/snapstack_msgs2__rosidl_generator_c.dir/rosidl_generator_c/snapstack_msgs2/msg/detail/time_filter__functions.c.o[0m
[ 41%] [32mBuilding C object CMakeFiles/snapstack_msgs2__rosidl_generator_c.dir/rosidl_generator_c/snapstack_msgs2/msg/detail/imu__functions.c.o[0m
[ 42%] [32mBuilding C object CMakeFiles/snapstack_msgs2__rosidl_generator_c.dir/rosidl_generator_c/snapstack_msgs2/msg/detail/comm_age__functions.c.o[0m
[ 43%] [32mBuilding C object CMakeFiles/snapstack_msgs2__rosidl_generator_c.dir/rosidl_generator_c/snapstack_msgs2/msg/detail/state__functions.c.o[0m
[ 44%] [32mBuilding C object CMakeFiles/snapstack_msgs2__rosidl_generator_c.dir/rosidl_generator_c/snapstack_msgs2/msg/detail/quad_flight_mode__functions.c.o[0m
[ 45%] [32mBuilding C object CMakeFiles/snapstack_msgs2__rosidl_generator_c.dir/rosidl_generator_c/snapstack_msgs2/msg/detail/goal__functions.c.o[0m
[ 46%] [32mBuilding C object CMakeFiles/snapstack_msgs2__rosidl_generator_c.dir/rosidl_generator_c/snapstack_msgs2/msg/detail/attitude_command__functions.c.o[0m
[ 47%] [32m[1mLinking C shared library libsnapstack_msgs2__rosidl_generator_c.so[0m
[ 47%] Built target snapstack_msgs2__rosidl_generator_c
[ 48%] [34m[1mGenerating C type support for eProsima Fast-RTPS[0m
[ 49%] [32mBuilding CXX object CMakeFiles/snapstack_msgs2__rosidl_typesupport_fastrtps_c.dir/rosidl_typesupport_fastrtps_c/snapstack_msgs2/msg/detail/control_log__type_support_c.cpp.o[0m
[ 50%] [32mBuilding CXX object CMakeFiles/snapstack_msgs2__rosidl_typesupport_fastrtps_c.dir/rosidl_typesupport_fastrtps_c/snapstack_msgs2/msg/detail/comm_age__type_support_c.cpp.o[0m
[ 51%] [32mBuilding CXX object CMakeFiles/snapstack_msgs2__rosidl_typesupport_fastrtps_c.dir/rosidl_typesupport_fastrtps_c/snapstack_msgs2/msg/detail/imu__type_support_c.cpp.o[0m
[ 52%] [32mBuilding CXX object CMakeFiles/snapstack_msgs2__rosidl_typesupport_fastrtps_c.dir/rosidl_typesupport_fastrtps_c/snapstack_msgs2/msg/detail/smc_data__type_support_c.cpp.o[0m
[ 53%] [32mBuilding CXX object CMakeFiles/snapstack_msgs2__rosidl_typesupport_fastrtps_c.dir/rosidl_typesupport_fastrtps_c/snapstack_msgs2/msg/detail/motors__type_support_c.cpp.o[0m
[ 54%] [32mBuilding CXX object CMakeFiles/snapstack_msgs2__rosidl_typesupport_fastrtps_c.dir/rosidl_typesupport_fastrtps_c/snapstack_msgs2/msg/detail/vio_filter_state__type_support_c.cpp.o[0m
[ 55%] [32mBuilding CXX object CMakeFiles/snapstack_msgs2__rosidl_typesupport_fastrtps_c.dir/rosidl_typesupport_fastrtps_c/snapstack_msgs2/msg/detail/time_filter__type_support_c.cpp.o[0m
[ 55%] [32mBuilding CXX object CMakeFiles/snapstack_msgs2__rosidl_typesupport_fastrtps_c.dir/rosidl_typesupport_fastrtps_c/snapstack_msgs2/msg/detail/state__type_support_c.cpp.o[0m
[ 56%] [32mBuilding CXX object CMakeFiles/snapstack_msgs2__rosidl_typesupport_fastrtps_c.dir/rosidl_typesupport_fastrtps_c/snapstack_msgs2/msg/detail/quad_flight_mode__type_support_c.cpp.o[0m
[ 57%] [32mBuilding CXX object CMakeFiles/snapstack_msgs2__rosidl_typesupport_fastrtps_c.dir/rosidl_typesupport_fastrtps_c/snapstack_msgs2/msg/detail/goal__type_support_c.cpp.o[0m
[ 58%] [32mBuilding CXX object CMakeFiles/snapstack_msgs2__rosidl_typesupport_fastrtps_c.dir/rosidl_typesupport_fastrtps_c/snapstack_msgs2/msg/detail/attitude_command__type_support_c.cpp.o[0m
[ 59%] [32m[1mLinking CXX shared library libsnapstack_msgs2__rosidl_typesupport_fastrtps_c.so[0m
[ 59%] Built target snapstack_msgs2__rosidl_typesupport_fastrtps_c
[ 60%] [34m[1mGenerating C type support dispatch for ROS interfaces[0m
[ 61%] [32mBuilding CXX object CMakeFiles/snapstack_msgs2__rosidl_typesupport_c.dir/rosidl_typesupport_c/snapstack_msgs2/msg/control_log__type_support.cpp.o[0m
[ 62%] [32mBuilding CXX object CMakeFiles/snapstack_msgs2__rosidl_typesupport_c.dir/rosidl_typesupport_c/snapstack_msgs2/msg/imu__type_support.cpp.o[0m
[ 63%] [32mBuilding CXX object CMakeFiles/snapstack_msgs2__rosidl_typesupport_c.dir/rosidl_typesupport_c/snapstack_msgs2/msg/smc_data__type_support.cpp.o[0m
[ 64%] [32mBuilding CXX object CMakeFiles/snapstack_msgs2__rosidl_typesupport_c.dir/rosidl_typesupport_c/snapstack_msgs2/msg/motors__type_support.cpp.o[0m
[ 65%] [32mBuilding CXX object CMakeFiles/snapstack_msgs2__rosidl_typesupport_c.dir/rosidl_typesupport_c/snapstack_msgs2/msg/vio_filter_state__type_support.cpp.o[0m
[ 66%] [32mBuilding CXX object CMakeFiles/snapstack_msgs2__rosidl_typesupport_c.dir/rosidl_typesupport_c/snapstack_msgs2/msg/time_filter__type_support.cpp.o[0m
[ 67%] [32mBuilding CXX object CMakeFiles/snapstack_msgs2__rosidl_typesupport_c.dir/rosidl_typesupport_c/snapstack_msgs2/msg/comm_age__type_support.cpp.o[0m
[ 68%] [32mBuilding CXX object CMakeFiles/snapstack_msgs2__rosidl_typesupport_c.dir/rosidl_typesupport_c/snapstack_msgs2/msg/state__type_support.cpp.o[0m
[ 69%] [32mBuilding CXX object CMakeFiles/snapstack_msgs2__rosidl_typesupport_c.dir/rosidl_typesupport_c/snapstack_msgs2/msg/quad_flight_mode__type_support.cpp.o[0m
[ 69%] [32mBuilding CXX object CMakeFiles/snapstack_msgs2__rosidl_typesupport_c.dir/rosidl_typesupport_c/snapstack_msgs2/msg/goal__type_support.cpp.o[0m
[ 70%] [32mBuilding CXX object CMakeFiles/snapstack_msgs2__rosidl_typesupport_c.dir/rosidl_typesupport_c/snapstack_msgs2/msg/attitude_command__type_support.cpp.o[0m
[ 71%] [32m[1mLinking CXX shared library libsnapstack_msgs2__rosidl_typesupport_c.so[0m
[ 71%] Built target snapstack_msgs2__rosidl_typesupport_c
[ 72%] [34m[1mGenerating C introspection for ROS interfaces[0m
[ 73%] [32mBuilding C object CMakeFiles/snapstack_msgs2__rosidl_typesupport_introspection_c.dir/rosidl_typesupport_introspection_c/snapstack_msgs2/msg/detail/control_log__type_support.c.o[0m
[ 74%] [32mBuilding C object CMakeFiles/snapstack_msgs2__rosidl_typesupport_introspection_c.dir/rosidl_typesupport_introspection_c/snapstack_msgs2/msg/detail/smc_data__type_support.c.o[0m
[ 75%] [32mBuilding C object CMakeFiles/snapstack_msgs2__rosidl_typesupport_introspection_c.dir/rosidl_typesupport_introspection_c/snapstack_msgs2/msg/detail/motors__type_support.c.o[0m
[ 76%] [32mBuilding C object CMakeFiles/snapstack_msgs2__rosidl_typesupport_introspection_c.dir/rosidl_typesupport_introspection_c/snapstack_msgs2/msg/detail/vio_filter_state__type_support.c.o[0m
[ 77%] [32mBuilding C object CMakeFiles/snapstack_msgs2__rosidl_typesupport_introspection_c.dir/rosidl_typesupport_introspection_c/snapstack_msgs2/msg/detail/time_filter__type_support.c.o[0m
[ 77%] [32mBuilding C object CMakeFiles/snapstack_msgs2__rosidl_typesupport_introspection_c.dir/rosidl_typesupport_introspection_c/snapstack_msgs2/msg/detail/imu__type_support.c.o[0m
[ 78%] [32mBuilding C object CMakeFiles/snapstack_msgs2__rosidl_typesupport_introspection_c.dir/rosidl_typesupport_introspection_c/snapstack_msgs2/msg/detail/comm_age__type_support.c.o[0m
[ 79%] [32mBuilding C object CMakeFiles/snapstack_msgs2__rosidl_typesupport_introspection_c.dir/rosidl_typesupport_introspection_c/snapstack_msgs2/msg/detail/state__type_support.c.o[0m
[ 80%] [32mBuilding C object CMakeFiles/snapstack_msgs2__rosidl_typesupport_introspection_c.dir/rosidl_typesupport_introspection_c/snapstack_msgs2/msg/detail/quad_flight_mode__type_support.c.o[0m
[ 81%] [32mBuilding C object CMakeFiles/snapstack_msgs2__rosidl_typesupport_introspection_c.dir/rosidl_typesupport_introspection_c/snapstack_msgs2/msg/detail/goal__type_support.c.o[0m
[ 82%] [32mBuilding C object CMakeFiles/snapstack_msgs2__rosidl_typesupport_introspection_c.dir/rosidl_typesupport_introspection_c/snapstack_msgs2/msg/detail/attitude_command__type_support.c.o[0m
[ 83%] [32m[1mLinking C shared library libsnapstack_msgs2__rosidl_typesupport_introspection_c.so[0m
[ 83%] Built target snapstack_msgs2__rosidl_typesupport_introspection_c
[ 83%] Built target snapstack_msgs2
[ 84%] [34m[1mGenerating Python code for ROS interfaces[0m
[ 84%] Built target snapstack_msgs2__py
[ 85%] [32mBuilding C object CMakeFiles/snapstack_msgs2__rosidl_generator_py.dir/rosidl_generator_py/snapstack_msgs2/msg/_control_log_s.c.o[0m
[ 86%] [32mBuilding C object CMakeFiles/snapstack_msgs2__rosidl_generator_py.dir/rosidl_generator_py/snapstack_msgs2/msg/_smc_data_s.c.o[0m
[ 87%] [32mBuilding C object CMakeFiles/snapstack_msgs2__rosidl_generator_py.dir/rosidl_generator_py/snapstack_msgs2/msg/_motors_s.c.o[0m
[ 88%] [32mBuilding C object CMakeFiles/snapstack_msgs2__rosidl_generator_py.dir/rosidl_generator_py/snapstack_msgs2/msg/_vio_filter_state_s.c.o[0m
[ 89%] [32mBuilding C object CMakeFiles/snapstack_msgs2__rosidl_generator_py.dir/rosidl_generator_py/snapstack_msgs2/msg/_time_filter_s.c.o[0m
[ 90%] [32mBuilding C object CMakeFiles/snapstack_msgs2__rosidl_generator_py.dir/rosidl_generator_py/snapstack_msgs2/msg/_imu_s.c.o[0m
[ 90%] [32mBuilding C object CMakeFiles/snapstack_msgs2__rosidl_generator_py.dir/rosidl_generator_py/snapstack_msgs2/msg/_comm_age_s.c.o[0m
[ 91%] [32mBuilding C object CMakeFiles/snapstack_msgs2__rosidl_generator_py.dir/rosidl_generator_py/snapstack_msgs2/msg/_state_s.c.o[0m
[ 92%] [32mBuilding C object CMakeFiles/snapstack_msgs2__rosidl_generator_py.dir/rosidl_generator_py/snapstack_msgs2/msg/_quad_flight_mode_s.c.o[0m
[ 93%] [32mBuilding C object CMakeFiles/snapstack_msgs2__rosidl_generator_py.dir/rosidl_generator_py/snapstack_msgs2/msg/_goal_s.c.o[0m
[ 94%] [32mBuilding C object CMakeFiles/snapstack_msgs2__rosidl_generator_py.dir/rosidl_generator_py/snapstack_msgs2/msg/_attitude_command_s.c.o[0m
[ 95%] [32m[1mLinking C shared library rosidl_generator_py/snapstack_msgs2/libsnapstack_msgs2__rosidl_generator_py.so[0m
[ 95%] Built target snapstack_msgs2__rosidl_generator_py
[ 96%] [32mBuilding C object CMakeFiles/snapstack_msgs2__rosidl_typesupport_fastrtps_c__pyext.dir/rosidl_generator_py/snapstack_msgs2/_snapstack_msgs2_s.ep.rosidl_typesupport_fastrtps_c.c.o[0m
[ 97%] [32m[1mLinking C shared library rosidl_generator_py/snapstack_msgs2/snapstack_msgs2_s__rosidl_typesupport_fastrtps_c.cpython-310-x86_64-linux-gnu.so[0m
[ 97%] Built target snapstack_msgs2__rosidl_typesupport_fastrtps_c__pyext
[ 97%] [32mBuilding C object CMakeFiles/snapstack_msgs2__rosidl_typesupport_c__pyext.dir/rosidl_generator_py/snapstack_msgs2/_snapstack_msgs2_s.ep.rosidl_typesupport_c.c.o[0m
[ 98%] [32m[1mLinking C shared library rosidl_generator_py/snapstack_msgs2/snapstack_msgs2_s__rosidl_typesupport_c.cpython-310-x86_64-linux-gnu.so[0m
[ 98%] Built target snapstack_msgs2__rosidl_typesupport_c__pyext
[ 99%] [32mBuilding C object CMakeFiles/snapstack_msgs2__rosidl_typesupport_introspection_c__pyext.dir/rosidl_generator_py/snapstack_msgs2/_snapstack_msgs2_s.ep.rosidl_typesupport_introspection_c.c.o[0m
[100%] [32m[1mLinking C shared library rosidl_generator_py/snapstack_msgs2/snapstack_msgs2_s__rosidl_typesupport_introspection_c.cpython-310-x86_64-linux-gnu.so[0m
[100%] Built target snapstack_msgs2__rosidl_typesupport_introspection_c__pyext
-- Install configuration: ""
-- Installing: /home/lorenzo/code/dynus_lite/dynus_lite_ws/install/snapstack_msgs2/share/ament_index/resource_index/rosidl_interfaces/snapstack_msgs2
-- Installing: /home/lorenzo/code/dynus_lite/dynus_lite_ws/install/snapstack_msgs2/include/snapstack_msgs2/snapstack_msgs2
-- Installing: /home/lorenzo/code/dynus_lite/dynus_lite_ws/install/snapstack_msgs2/include/snapstack_msgs2/snapstack_msgs2/msg
-- Installing: /home/lorenzo/code/dynus_lite/dynus_lite_ws/install/snapstack_msgs2/include/snapstack_msgs2/snapstack_msgs2/msg/time_filter.h
-- Installing: /home/lorenzo/code/dynus_lite/dynus_lite_ws/install/snapstack_msgs2/include/snapstack_msgs2/snapstack_msgs2/msg/motors.h
-- Installing: /home/lorenzo/code/dynus_lite/dynus_lite_ws/install/snapstack_msgs2/include/snapstack_msgs2/snapstack_msgs2/msg/detail
-- Installing: /home/lorenzo/code/dynus_lite/dynus_lite_ws/install/snapstack_msgs2/include/snapstack_msgs2/snapstack_msgs2/msg/detail/motors__functions.h
-- Installing: /home/lorenzo/code/dynus_lite/dynus_lite_ws/install/snapstack_msgs2/include/snapstack_msgs2/snapstack_msgs2/msg/detail/state__struct.h
-- Installing: /home/lorenzo/code/dynus_lite/dynus_lite_ws/install/snapstack_msgs2/include/snapstack_msgs2/snapstack_msgs2/msg/detail/smc_data__functions.c
-- Installing: /home/lorenzo/code/dynus_lite/dynus_lite_ws/install/snapstack_msgs2/include/snapstack_msgs2/snapstack_msgs2/msg/detail/smc_data__functions.h
-- Installing: /home/lorenzo/code/dynus_lite/dynus_lite_ws/install/snapstack_msgs2/include/snapstack_msgs2/snapstack_msgs2/msg/detail/quad_flight_mode__struct.h
-- Installing: /home/lorenzo/code/dynus_lite/dynus_lite_ws/install/snapstack_msgs2/include/snapstack_msgs2/snapstack_msgs2/msg/detail/smc_data__type_support.h
-- Installing: /home/lorenzo/code/dynus_lite/dynus_lite_ws/install/snapstack_msgs2/include/snapstack_msgs2/snapstack_msgs2/msg/detail/imu__type_support.h
-- Installing: /home/lorenzo/code/dynus_lite/dynus_lite_ws/install/snapstack_msgs2/include/snapstack_msgs2/snapstack_msgs2/msg/detail/attitude_command__struct.h
-- Installing: /home/lorenzo/code/dynus_lite/dynus_lite_ws/install/snapstack_msgs2/include/snapstack_msgs2/snapstack_msgs2/msg/detail/imu__functions.h
-- Installing: /home/lorenzo/code/dynus_lite/dynus_lite_ws/install/snapstack_msgs2/include/snapstack_msgs2/snapstack_msgs2/msg/detail/quad_flight_mode__type_support.h
-- Installing: /home/lorenzo/code/dynus_lite/dynus_lite_ws/install/snapstack_msgs2/include/snapstack_msgs2/snapstack_msgs2/msg/detail/quad_flight_mode__functions.c
-- Installing: /home/lorenzo/code/dynus_lite/dynus_lite_ws/install/snapstack_msgs2/include/snapstack_msgs2/snapstack_msgs2/msg/detail/attitude_command__type_support.h
-- Installing: /home/lorenzo/code/dynus_lite/dynus_lite_ws/install/snapstack_msgs2/include/snapstack_msgs2/snapstack_msgs2/msg/detail/comm_age__struct.h
-- Installing: /home/lorenzo/code/dynus_lite/dynus_lite_ws/install/snapstack_msgs2/include/snapstack_msgs2/snapstack_msgs2/msg/detail/state__functions.h
-- Installing: /home/lorenzo/code/dynus_lite/dynus_lite_ws/install/snapstack_msgs2/include/snapstack_msgs2/snapstack_msgs2/msg/detail/vio_filter_state__struct.h
-- Installing: /home/lorenzo/code/dynus_lite/dynus_lite_ws/install/snapstack_msgs2/include/snapstack_msgs2/snapstack_msgs2/msg/detail/imu__functions.c
-- Installing: /home/lorenzo/code/dynus_lite/dynus_lite_ws/install/snapstack_msgs2/include/snapstack_msgs2/snapstack_msgs2/msg/detail/control_log__functions.c
-- Installing: /home/lorenzo/code/dynus_lite/dynus_lite_ws/install/snapstack_msgs2/include/snapstack_msgs2/snapstack_msgs2/msg/detail/motors__functions.c
-- Installing: /home/lorenzo/code/dynus_lite/dynus_lite_ws/install/snapstack_msgs2/include/snapstack_msgs2/snapstack_msgs2/msg/detail/control_log__struct.h
-- Installing: /home/lorenzo/code/dynus_lite/dynus_lite_ws/install/snapstack_msgs2/include/snapstack_msgs2/snapstack_msgs2/msg/detail/goal__type_support.h
-- Installing: /home/lorenzo/code/dynus_lite/dynus_lite_ws/install/snapstack_msgs2/include/snapstack_msgs2/snapstack_msgs2/msg/detail/goal__functions.c
-- Installing: /home/lorenzo/code/dynus_lite/dynus_lite_ws/install/snapstack_msgs2/include/snapstack_msgs2/snapstack_msgs2/msg/detail/state__functions.c
-- Installing: /home/lorenzo/code/dynus_lite/dynus_lite_ws/install/snapstack_msgs2/include/snapstack_msgs2/snapstack_msgs2/msg/detail/control_log__type_support.h
-- Installing: /home/lorenzo/code/dynus_lite/dynus_lite_ws/install/snapstack_msgs2/include/snapstack_msgs2/snapstack_msgs2/msg/detail/attitude_command__functions.h
-- Installing: /home/lorenzo/code/dynus_lite/dynus_lite_ws/install/snapstack_msgs2/include/snapstack_msgs2/snapstack_msgs2/msg/detail/goal__functions.h
-- Installing: /home/lorenzo/code/dynus_lite/dynus_lite_ws/install/snapstack_msgs2/include/snapstack_msgs2/snapstack_msgs2/msg/detail/control_log__functions.h
-- Installing: /home/lorenzo/code/dynus_lite/dynus_lite_ws/install/snapstack_msgs2/include/snapstack_msgs2/snapstack_msgs2/msg/detail/imu__struct.h
-- Installing: /home/lorenzo/code/dynus_lite/dynus_lite_ws/install/snapstack_msgs2/include/snapstack_msgs2/snapstack_msgs2/msg/detail/vio_filter_state__type_support.h
-- Installing: /home/lorenzo/code/dynus_lite/dynus_lite_ws/install/snapstack_msgs2/include/snapstack_msgs2/snapstack_msgs2/msg/detail/comm_age__functions.c
-- Installing: /home/lorenzo/code/dynus_lite/dynus_lite_ws/install/snapstack_msgs2/include/snapstack_msgs2/snapstack_msgs2/msg/detail/comm_age__type_support.h
-- Installing: /home/lorenzo/code/dynus_lite/dynus_lite_ws/install/snapstack_msgs2/include/snapstack_msgs2/snapstack_msgs2/msg/detail/goal__struct.h
-- Installing: /home/lorenzo/code/dynus_lite/dynus_lite_ws/install/snapstack_msgs2/include/snapstack_msgs2/snapstack_msgs2/msg/detail/attitude_command__functions.c
-- Installing: /home/lorenzo/code/dynus_lite/dynus_lite_ws/install/snapstack_msgs2/include/snapstack_msgs2/snapstack_msgs2/msg/detail/comm_age__functions.h
-- Installing: /home/lorenzo/code/dynus_lite/dynus_lite_ws/install/snapstack_msgs2/include/snapstack_msgs2/snapstack_msgs2/msg/detail/motors__type_support.h
-- Installing: /home/lorenzo/code/dynus_lite/dynus_lite_ws/install/snapstack_msgs2/include/snapstack_msgs2/snapstack_msgs2/msg/detail/quad_flight_mode__functions.h
-- Installing: /home/lorenzo/code/dynus_lite/dynus_lite_ws/install/snapstack_msgs2/include/snapstack_msgs2/snapstack_msgs2/msg/detail/time_filter__struct.h
-- Installing: /home/lorenzo/code/dynus_lite/dynus_lite_ws/install/snapstack_msgs2/include/snapstack_msgs2/snapstack_msgs2/msg/detail/time_filter__functions.h
-- Installing: /home/lorenzo/code/dynus_lite/dynus_lite_ws/install/snapstack_msgs2/include/snapstack_msgs2/snapstack_msgs2/msg/detail/smc_data__struct.h
-- Installing: /home/lorenzo/code/dynus_lite/dynus_lite_ws/install/snapstack_msgs2/include/snapstack_msgs2/snapstack_msgs2/msg/detail/vio_filter_state__functions.c
-- Installing: /home/lorenzo/code/dynus_lite/dynus_lite_ws/install/snapstack_msgs2/include/snapstack_msgs2/snapstack_msgs2/msg/detail/time_filter__type_support.h
-- Installing: /home/lorenzo/code/dynus_lite/dynus_lite_ws/install/snapstack_msgs2/include/snapstack_msgs2/snapstack_msgs2/msg/detail/time_filter__functions.c
-- Installing: /home/lorenzo/code/dynus_lite/dynus_lite_ws/install/snapstack_msgs2/include/snapstack_msgs2/snapstack_msgs2/msg/detail/motors__struct.h
-- Installing: /home/lorenzo/code/dynus_lite/dynus_lite_ws/install/snapstack_msgs2/include/snapstack_msgs2/snapstack_msgs2/msg/detail/state__type_support.h
-- Installing: /home/lorenzo/code/dynus_lite/dynus_lite_ws/install/snapstack_msgs2/include/snapstack_msgs2/snapstack_msgs2/msg/detail/vio_filter_state__functions.h
-- Installing: /home/lorenzo/code/dynus_lite/dynus_lite_ws/install/snapstack_msgs2/include/snapstack_msgs2/snapstack_msgs2/msg/rosidl_generator_c__visibility_control.h
-- Installing: /home/lorenzo/code/dynus_lite/dynus_lite_ws/install/snapstack_msgs2/include/snapstack_msgs2/snapstack_msgs2/msg/imu.h
-- Installing: /home/lorenzo/code/dynus_lite/dynus_lite_ws/install/snapstack_msgs2/include/snapstack_msgs2/snapstack_msgs2/msg/attitude_command.h
-- Installing: /home/lorenzo/code/dynus_lite/dynus_lite_ws/install/snapstack_msgs2/include/snapstack_msgs2/snapstack_msgs2/msg/goal.h
-- Installing: /home/lorenzo/code/dynus_lite/dynus_lite_ws/install/snapstack_msgs2/include/snapstack_msgs2/snapstack_msgs2/msg/vio_filter_state.h
-- Installing: /home/lorenzo/code/dynus_lite/dynus_lite_ws/install/snapstack_msgs2/include/snapstack_msgs2/snapstack_msgs2/msg/smc_data.h
-- Installing: /home/lorenzo/code/dynus_lite/dynus_lite_ws/install/snapstack_msgs2/include/snapstack_msgs2/snapstack_msgs2/msg/state.h
-- Installing: /home/lorenzo/code/dynus_lite/dynus_lite_ws/install/snapstack_msgs2/include/snapstack_msgs2/snapstack_msgs2/msg/comm_age.h
-- Installing: /home/lorenzo/code/dynus_lite/dynus_lite_ws/install/snapstack_msgs2/include/snapstack_msgs2/snapstack_msgs2/msg/quad_flight_mode.h
-- Installing: /home/lorenzo/code/dynus_lite/dynus_lite_ws/install/snapstack_msgs2/include/snapstack_msgs2/snapstack_msgs2/msg/control_log.h
-- Installing: /home/lorenzo/code/dynus_lite/dynus_lite_ws/install/snapstack_msgs2/share/snapstack_msgs2/environment/library_path.sh
-- Installing: /home/lorenzo/code/dynus_lite/dynus_lite_ws/install/snapstack_msgs2/share/snapstack_msgs2/environment/library_path.dsv
-- Installing: /home/lorenzo/code/dynus_lite/dynus_lite_ws/install/snapstack_msgs2/lib/libsnapstack_msgs2__rosidl_generator_c.so
-- Set runtime path of "/home/lorenzo/code/dynus_lite/dynus_lite_ws/install/snapstack_msgs2/lib/libsnapstack_msgs2__rosidl_generator_c.so" to ""
-- Up-to-date: /home/lorenzo/code/dynus_lite/dynus_lite_ws/install/snapstack_msgs2/include/snapstack_msgs2/snapstack_msgs2
-- Up-to-date: /home/lorenzo/code/dynus_lite/dynus_lite_ws/install/snapstack_msgs2/include/snapstack_msgs2/snapstack_msgs2/msg
-- Installing: /home/lorenzo/code/dynus_lite/dynus_lite_ws/install/snapstack_msgs2/include/snapstack_msgs2/snapstack_msgs2/msg/rosidl_typesupport_fastrtps_c__visibility_control.h
-- Up-to-date: /home/lorenzo/code/dynus_lite/dynus_lite_ws/install/snapstack_msgs2/include/snapstack_msgs2/snapstack_msgs2/msg/detail
-- Installing: /home/lorenzo/code/dynus_lite/dynus_lite_ws/install/snapstack_msgs2/include/snapstack_msgs2/snapstack_msgs2/msg/detail/motors__rosidl_typesupport_fastrtps_c.h
-- Installing: /home/lorenzo/code/dynus_lite/dynus_lite_ws/install/snapstack_msgs2/include/snapstack_msgs2/snapstack_msgs2/msg/detail/comm_age__rosidl_typesupport_fastrtps_c.h
-- Installing: /home/lorenzo/code/dynus_lite/dynus_lite_ws/install/snapstack_msgs2/include/snapstack_msgs2/snapstack_msgs2/msg/detail/imu__rosidl_typesupport_fastrtps_c.h
-- Installing: /home/lorenzo/code/dynus_lite/dynus_lite_ws/install/snapstack_msgs2/include/snapstack_msgs2/snapstack_msgs2/msg/detail/smc_data__rosidl_typesupport_fastrtps_c.h
-- Installing: /home/lorenzo/code/dynus_lite/dynus_lite_ws/install/snapstack_msgs2/include/snapstack_msgs2/snapstack_msgs2/msg/detail/time_filter__rosidl_typesupport_fastrtps_c.h
-- Installing: /home/lorenzo/code/dynus_lite/dynus_lite_ws/install/snapstack_msgs2/include/snapstack_msgs2/snapstack_msgs2/msg/detail/vio_filter_state__rosidl_typesupport_fastrtps_c.h
-- Installing: /home/lorenzo/code/dynus_lite/dynus_lite_ws/install/snapstack_msgs2/include/snapstack_msgs2/snapstack_msgs2/msg/detail/attitude_command__rosidl_typesupport_fastrtps_c.h
-- Installing: /home/lorenzo/code/dynus_lite/dynus_lite_ws/install/snapstack_msgs2/include/snapstack_msgs2/snapstack_msgs2/msg/detail/control_log__rosidl_typesupport_fastrtps_c.h
-- Installing: /home/lorenzo/code/dynus_lite/dynus_lite_ws/install/snapstack_msgs2/include/snapstack_msgs2/snapstack_msgs2/msg/detail/goal__rosidl_typesupport_fastrtps_c.h
-- Installing: /home/lorenzo/code/dynus_lite/dynus_lite_ws/install/snapstack_msgs2/include/snapstack_msgs2/snapstack_msgs2/msg/detail/quad_flight_mode__rosidl_typesupport_fastrtps_c.h
-- Installing: /home/lorenzo/code/dynus_lite/dynus_lite_ws/install/snapstack_msgs2/include/snapstack_msgs2/snapstack_msgs2/msg/detail/state__rosidl_typesupport_fastrtps_c.h
-- Installing: /home/lorenzo/code/dynus_lite/dynus_lite_ws/install/snapstack_msgs2/lib/libsnapstack_msgs2__rosidl_typesupport_fastrtps_c.so
-- Set runtime path of "/home/lorenzo/code/dynus_lite/dynus_lite_ws/install/snapstack_msgs2/lib/libsnapstack_msgs2__rosidl_typesupport_fastrtps_c.so" to ""
-- Up-to-date: /home/lorenzo/code/dynus_lite/dynus_lite_ws/install/snapstack_msgs2/include/snapstack_msgs2/snapstack_msgs2
-- Up-to-date: /home/lorenzo/code/dynus_lite/dynus_lite_ws/install/snapstack_msgs2/include/snapstack_msgs2/snapstack_msgs2/msg
-- Up-to-date: /home/lorenzo/code/dynus_lite/dynus_lite_ws/install/snapstack_msgs2/include/snapstack_msgs2/snapstack_msgs2/msg/detail
-- Installing: /home/lorenzo/code/dynus_lite/dynus_lite_ws/install/snapstack_msgs2/include/snapstack_msgs2/snapstack_msgs2/msg/detail/attitude_command__rosidl_typesupport_introspection_c.h
-- Installing: /home/lorenzo/code/dynus_lite/dynus_lite_ws/install/snapstack_msgs2/include/snapstack_msgs2/snapstack_msgs2/msg/detail/control_log__type_support.c
-- Installing: /home/lorenzo/code/dynus_lite/dynus_lite_ws/install/snapstack_msgs2/include/snapstack_msgs2/snapstack_msgs2/msg/detail/comm_age__rosidl_typesupport_introspection_c.h
-- Installing: /home/lorenzo/code/dynus_lite/dynus_lite_ws/install/snapstack_msgs2/include/snapstack_msgs2/snapstack_msgs2/msg/detail/imu__type_support.c
-- Installing: /home/lorenzo/code/dynus_lite/dynus_lite_ws/install/snapstack_msgs2/include/snapstack_msgs2/snapstack_msgs2/msg/detail/quad_flight_mode__type_support.c
-- Installing: /home/lorenzo/code/dynus_lite/dynus_lite_ws/install/snapstack_msgs2/include/snapstack_msgs2/snapstack_msgs2/msg/detail/comm_age__type_support.c
-- Installing: /home/lorenzo/code/dynus_lite/dynus_lite_ws/install/snapstack_msgs2/include/snapstack_msgs2/snapstack_msgs2/msg/detail/control_log__rosidl_typesupport_introspection_c.h
-- Installing: /home/lorenzo/code/dynus_lite/dynus_lite_ws/install/snapstack_msgs2/include/snapstack_msgs2/snapstack_msgs2/msg/detail/smc_data__type_support.c
-- Installing: /home/lorenzo/code/dynus_lite/dynus_lite_ws/install/snapstack_msgs2/include/snapstack_msgs2/snapstack_msgs2/msg/detail/vio_filter_state__type_support.c
-- Installing: /home/lorenzo/code/dynus_lite/dynus_lite_ws/install/snapstack_msgs2/include/snapstack_msgs2/snapstack_msgs2/msg/detail/imu__rosidl_typesupport_introspection_c.h
-- Installing: /home/lorenzo/code/dynus_lite/dynus_lite_ws/install/snapstack_msgs2/include/snapstack_msgs2/snapstack_msgs2/msg/detail/state__rosidl_typesupport_introspection_c.h
-- Installing: /home/lorenzo/code/dynus_lite/dynus_lite_ws/install/snapstack_msgs2/include/snapstack_msgs2/snapstack_msgs2/msg/detail/vio_filter_state__rosidl_typesupport_introspection_c.h
-- Installing: /home/lorenzo/code/dynus_lite/dynus_lite_ws/install/snapstack_msgs2/include/snapstack_msgs2/snapstack_msgs2/msg/detail/smc_data__rosidl_typesupport_introspection_c.h
-- Installing: /home/lorenzo/code/dynus_lite/dynus_lite_ws/install/snapstack_msgs2/include/snapstack_msgs2/snapstack_msgs2/msg/detail/goal__rosidl_typesupport_introspection_c.h
-- Installing: /home/lorenzo/code/dynus_lite/dynus_lite_ws/install/snapstack_msgs2/include/snapstack_msgs2/snapstack_msgs2/msg/detail/quad_flight_mode__rosidl_typesupport_introspection_c.h
-- Installing: /home/lorenzo/code/dynus_lite/dynus_lite_ws/install/snapstack_msgs2/include/snapstack_msgs2/snapstack_msgs2/msg/detail/time_filter__rosidl_typesupport_introspection_c.h
-- Installing: /home/lorenzo/code/dynus_lite/dynus_lite_ws/install/snapstack_msgs2/include/snapstack_msgs2/snapstack_msgs2/msg/detail/goal__type_support.c
-- Installing: /home/lorenzo/code/dynus_lite/dynus_lite_ws/install/snapstack_msgs2/include/snapstack_msgs2/snapstack_msgs2/msg/detail/state__type_support.c
-- Installing: /home/lorenzo/code/dynus_lite/dynus_lite_ws/install/snapstack_msgs2/include/snapstack_msgs2/snapstack_msgs2/msg/detail/time_filter__type_support.c
-- Installing: /home/lorenzo/code/dynus_lite/dynus_lite_ws/install/snapstack_msgs2/include/snapstack_msgs2/snapstack_msgs2/msg/detail/attitude_command__type_support.c
-- Installing: /home/lorenzo/code/dynus_lite/dynus_lite_ws/install/snapstack_msgs2/include/snapstack_msgs2/snapstack_msgs2/msg/detail/motors__type_support.c
-- Installing: /home/lorenzo/code/dynus_lite/dynus_lite_ws/install/snapstack_msgs2/include/snapstack_msgs2/snapstack_msgs2/msg/detail/motors__rosidl_typesupport_introspection_c.h
-- Installing: /home/lorenzo/code/dynus_lite/dynus_lite_ws/install/snapstack_msgs2/include/snapstack_msgs2/snapstack_msgs2/msg/rosidl_typesupport_introspection_c__visibility_control.h
-- Installing: /home/lorenzo/code/dynus_lite/dynus_lite_ws/install/snapstack_msgs2/lib/libsnapstack_msgs2__rosidl_typesupport_introspection_c.so
-- Set runtime path of "/home/lorenzo/code/dynus_lite/dynus_lite_ws/install/snapstack_msgs2/lib/libsnapstack_msgs2__rosidl_typesupport_introspection_c.so" to ""
-- Installing: /home/lorenzo/code/dynus_lite/dynus_lite_ws/install/snapstack_msgs2/lib/libsnapstack_msgs2__rosidl_typesupport_c.so
-- Set runtime path of "/home/lorenzo/code/dynus_lite/dynus_lite_ws/install/snapstack_msgs2/lib/libsnapstack_msgs2__rosidl_typesupport_c.so" to ""
-- Up-to-date: /home/lorenzo/code/dynus_lite/dynus_lite_ws/install/snapstack_msgs2/include/snapstack_msgs2/snapstack_msgs2
-- Up-to-date: /home/lorenzo/code/dynus_lite/dynus_lite_ws/install/snapstack_msgs2/include/snapstack_msgs2/snapstack_msgs2/msg
-- Installing: /home/lorenzo/code/dynus_lite/dynus_lite_ws/install/snapstack_msgs2/include/snapstack_msgs2/snapstack_msgs2/msg/goal.hpp
-- Installing: /home/lorenzo/code/dynus_lite/dynus_lite_ws/install/snapstack_msgs2/include/snapstack_msgs2/snapstack_msgs2/msg/attitude_command.hpp
-- Up-to-date: /home/lorenzo/code/dynus_lite/dynus_lite_ws/install/snapstack_msgs2/include/snapstack_msgs2/snapstack_msgs2/msg/detail
-- Installing: /home/lorenzo/code/dynus_lite/dynus_lite_ws/install/snapstack_msgs2/include/snapstack_msgs2/snapstack_msgs2/msg/detail/comm_age__type_support.hpp
-- Installing: /home/lorenzo/code/dynus_lite/dynus_lite_ws/install/snapstack_msgs2/include/snapstack_msgs2/snapstack_msgs2/msg/detail/imu__traits.hpp
-- Installing: /home/lorenzo/code/dynus_lite/dynus_lite_ws/install/snapstack_msgs2/include/snapstack_msgs2/snapstack_msgs2/msg/detail/quad_flight_mode__builder.hpp
-- Installing: /home/lorenzo/code/dynus_lite/dynus_lite_ws/install/snapstack_msgs2/include/snapstack_msgs2/snapstack_msgs2/msg/detail/comm_age__builder.hpp
-- Installing: /home/lorenzo/code/dynus_lite/dynus_lite_ws/install/snapstack_msgs2/include/snapstack_msgs2/snapstack_msgs2/msg/detail/goal__type_support.hpp
-- Installing: /home/lorenzo/code/dynus_lite/dynus_lite_ws/install/snapstack_msgs2/include/snapstack_msgs2/snapstack_msgs2/msg/detail/quad_flight_mode__struct.hpp
-- Installing: /home/lorenzo/code/dynus_lite/dynus_lite_ws/install/snapstack_msgs2/include/snapstack_msgs2/snapstack_msgs2/msg/detail/goal__traits.hpp
-- Installing: /home/lorenzo/code/dynus_lite/dynus_lite_ws/install/snapstack_msgs2/include/snapstack_msgs2/snapstack_msgs2/msg/detail/motors__traits.hpp
-- Installing: /home/lorenzo/code/dynus_lite/dynus_lite_ws/install/snapstack_msgs2/include/snapstack_msgs2/snapstack_msgs2/msg/detail/comm_age__traits.hpp
-- Installing: /home/lorenzo/code/dynus_lite/dynus_lite_ws/install/snapstack_msgs2/include/snapstack_msgs2/snapstack_msgs2/msg/detail/smc_data__traits.hpp
-- Installing: /home/lorenzo/code/dynus_lite/dynus_lite_ws/install/snapstack_msgs2/include/snapstack_msgs2/snapstack_msgs2/msg/detail/state__type_support.hpp
-- Installing: /home/lorenzo/code/dynus_lite/dynus_lite_ws/install/snapstack_msgs2/include/snapstack_msgs2/snapstack_msgs2/msg/detail/attitude_command__type_support.hpp
-- Installing: /home/lorenzo/code/dynus_lite/dynus_lite_ws/install/snapstack_msgs2/include/snapstack_msgs2/snapstack_msgs2/msg/detail/vio_filter_state__type_support.hpp
-- Installing: /home/lorenzo/code/dynus_lite/dynus_lite_ws/install/snapstack_msgs2/include/snapstack_msgs2/snapstack_msgs2/msg/detail/motors__builder.hpp
-- Installing: /home/lorenzo/code/dynus_lite/dynus_lite_ws/install/snapstack_msgs2/include/snapstack_msgs2/snapstack_msgs2/msg/detail/attitude_command__traits.hpp
-- Installing: /home/lorenzo/code/dynus_lite/dynus_lite_ws/install/snapstack_msgs2/include/snapstack_msgs2/snapstack_msgs2/msg/detail/control_log__traits.hpp
-- Installing: /home/lorenzo/code/dynus_lite/dynus_lite_ws/install/snapstack_msgs2/include/snapstack_msgs2/snapstack_msgs2/msg/detail/imu__builder.hpp
-- Installing: /home/lorenzo/code/dynus_lite/dynus_lite_ws/install/snapstack_msgs2/include/snapstack_msgs2/snapstack_msgs2/msg/detail/quad_flight_mode__type_support.hpp
-- Installing: /home/lorenzo/code/dynus_lite/dynus_lite_ws/install/snapstack_msgs2/include/snapstack_msgs2/snapstack_msgs2/msg/detail/motors__struct.hpp
-- Installing: /home/lorenzo/code/dynus_lite/dynus_lite_ws/install/snapstack_msgs2/include/snapstack_msgs2/snapstack_msgs2/msg/detail/comm_age__struct.hpp
-- Installing: /home/lorenzo/code/dynus_lite/dynus_lite_ws/install/snapstack_msgs2/include/snapstack_msgs2/snapstack_msgs2/msg/detail/motors__type_support.hpp
-- Installing: /home/lorenzo/code/dynus_lite/dynus_lite_ws/install/snapstack_msgs2/include/snapstack_msgs2/snapstack_msgs2/msg/detail/time_filter__builder.hpp
-- Installing: /home/lorenzo/code/dynus_lite/dynus_lite_ws/install/snapstack_msgs2/include/snapstack_msgs2/snapstack_msgs2/msg/detail/attitude_command__struct.hpp
-- Installing: /home/lorenzo/code/dynus_lite/dynus_lite_ws/install/snapstack_msgs2/include/snapstack_msgs2/snapstack_msgs2/msg/detail/vio_filter_state__traits.hpp
-- Installing: /home/lorenzo/code/dynus_lite/dynus_lite_ws/install/snapstack_msgs2/include/snapstack_msgs2/snapstack_msgs2/msg/detail/state__traits.hpp
-- Installing: /home/lorenzo/code/dynus_lite/dynus_lite_ws/install/snapstack_msgs2/include/snapstack_msgs2/snapstack_msgs2/msg/detail/quad_flight_mode__traits.hpp
-- Installing: /home/lorenzo/code/dynus_lite/dynus_lite_ws/install/snapstack_msgs2/include/snapstack_msgs2/snapstack_msgs2/msg/detail/imu__struct.hpp
-- Installing: /home/lorenzo/code/dynus_lite/dynus_lite_ws/install/snapstack_msgs2/include/snapstack_msgs2/snapstack_msgs2/msg/detail/smc_data__struct.hpp
-- Installing: /home/lorenzo/code/dynus_lite/dynus_lite_ws/install/snapstack_msgs2/include/snapstack_msgs2/snapstack_msgs2/msg/detail/attitude_command__builder.hpp
-- Installing: /home/lorenzo/code/dynus_lite/dynus_lite_ws/install/snapstack_msgs2/include/snapstack_msgs2/snapstack_msgs2/msg/detail/control_log__struct.hpp
-- Installing: /home/lorenzo/code/dynus_lite/dynus_lite_ws/install/snapstack_msgs2/include/snapstack_msgs2/snapstack_msgs2/msg/detail/control_log__builder.hpp
-- Installing: /home/lorenzo/code/dynus_lite/dynus_lite_ws/install/snapstack_msgs2/include/snapstack_msgs2/snapstack_msgs2/msg/detail/state__struct.hpp
-- Installing: /home/lorenzo/code/dynus_lite/dynus_lite_ws/install/snapstack_msgs2/include/snapstack_msgs2/snapstack_msgs2/msg/detail/time_filter__traits.hpp
-- Installing: /home/lorenzo/code/dynus_lite/dynus_lite_ws/install/snapstack_msgs2/include/snapstack_msgs2/snapstack_msgs2/msg/detail/time_filter__struct.hpp
-- Installing: /home/lorenzo/code/dynus_lite/dynus_lite_ws/install/snapstack_msgs2/include/snapstack_msgs2/snapstack_msgs2/msg/detail/control_log__type_support.hpp
-- Installing: /home/lorenzo/code/dynus_lite/dynus_lite_ws/install/snapstack_msgs2/include/snapstack_msgs2/snapstack_msgs2/msg/detail/goal__struct.hpp
-- Installing: /home/lorenzo/code/dynus_lite/dynus_lite_ws/install/snapstack_msgs2/include/snapstack_msgs2/snapstack_msgs2/msg/detail/vio_filter_state__builder.hpp
-- Installing: /home/lorenzo/code/dynus_lite/dynus_lite_ws/install/snapstack_msgs2/include/snapstack_msgs2/snapstack_msgs2/msg/detail/vio_filter_state__struct.hpp
-- Installing: /home/lorenzo/code/dynus_lite/dynus_lite_ws/install/snapstack_msgs2/include/snapstack_msgs2/snapstack_msgs2/msg/detail/time_filter__type_support.hpp
-- Installing: /home/lorenzo/code/dynus_lite/dynus_lite_ws/install/snapstack_msgs2/include/snapstack_msgs2/snapstack_msgs2/msg/detail/smc_data__builder.hpp
-- Installing: /home/lorenzo/code/dynus_lite/dynus_lite_ws/install/snapstack_msgs2/include/snapstack_msgs2/snapstack_msgs2/msg/detail/imu__type_support.hpp
-- Installing: /home/lorenzo/code/dynus_lite/dynus_lite_ws/install/snapstack_msgs2/include/snapstack_msgs2/snapstack_msgs2/msg/detail/goal__builder.hpp
-- Installing: /home/lorenzo/code/dynus_lite/dynus_lite_ws/install/snapstack_msgs2/include/snapstack_msgs2/snapstack_msgs2/msg/detail/state__builder.hpp
-- Installing: /home/lorenzo/code/dynus_lite/dynus_lite_ws/install/snapstack_msgs2/include/snapstack_msgs2/snapstack_msgs2/msg/detail/smc_data__type_support.hpp
-- Installing: /home/lorenzo/code/dynus_lite/dynus_lite_ws/install/snapstack_msgs2/include/snapstack_msgs2/snapstack_msgs2/msg/quad_flight_mode.hpp
-- Installing: /home/lorenzo/code/dynus_lite/dynus_lite_ws/install/snapstack_msgs2/include/snapstack_msgs2/snapstack_msgs2/msg/comm_age.hpp
-- Installing: /home/lorenzo/code/dynus_lite/dynus_lite_ws/install/snapstack_msgs2/include/snapstack_msgs2/snapstack_msgs2/msg/vio_filter_state.hpp
-- Installing: /home/lorenzo/code/dynus_lite/dynus_lite_ws/install/snapstack_msgs2/include/snapstack_msgs2/snapstack_msgs2/msg/rosidl_generator_cpp__visibility_control.hpp
-- Installing: /home/lorenzo/code/dynus_lite/dynus_lite_ws/install/snapstack_msgs2/include/snapstack_msgs2/snapstack_msgs2/msg/smc_data.hpp
-- Installing: /home/lorenzo/code/dynus_lite/dynus_lite_ws/install/snapstack_msgs2/include/snapstack_msgs2/snapstack_msgs2/msg/state.hpp
-- Installing: /home/lorenzo/code/dynus_lite/dynus_lite_ws/install/snapstack_msgs2/include/snapstack_msgs2/snapstack_msgs2/msg/imu.hpp
-- Installing: /home/lorenzo/code/dynus_lite/dynus_lite_ws/install/snapstack_msgs2/include/snapstack_msgs2/snapstack_msgs2/msg/motors.hpp
-- Installing: /home/lorenzo/code/dynus_lite/dynus_lite_ws/install/snapstack_msgs2/include/snapstack_msgs2/snapstack_msgs2/msg/time_filter.hpp
-- Installing: /home/lorenzo/code/dynus_lite/dynus_lite_ws/install/snapstack_msgs2/include/snapstack_msgs2/snapstack_msgs2/msg/control_log.hpp
-- Up-to-date: /home/lorenzo/code/dynus_lite/dynus_lite_ws/install/snapstack_msgs2/include/snapstack_msgs2/snapstack_msgs2
-- Up-to-date: /home/lorenzo/code/dynus_lite/dynus_lite_ws/install/snapstack_msgs2/include/snapstack_msgs2/snapstack_msgs2/msg
-- Up-to-date: /home/lorenzo/code/dynus_lite/dynus_lite_ws/install/snapstack_msgs2/include/snapstack_msgs2/snapstack_msgs2/msg/detail
-- Installing: /home/lorenzo/code/dynus_lite/dynus_lite_ws/install/snapstack_msgs2/include/snapstack_msgs2/snapstack_msgs2/msg/detail/comm_age__rosidl_typesupport_fastrtps_cpp.hpp
-- Installing: /home/lorenzo/code/dynus_lite/dynus_lite_ws/install/snapstack_msgs2/include/snapstack_msgs2/snapstack_msgs2/msg/detail/quad_flight_mode__rosidl_typesupport_fastrtps_cpp.hpp
-- Installing: /home/lorenzo/code/dynus_lite/dynus_lite_ws/install/snapstack_msgs2/include/snapstack_msgs2/snapstack_msgs2/msg/detail/state__rosidl_typesupport_fastrtps_cpp.hpp
-- Installing: /home/lorenzo/code/dynus_lite/dynus_lite_ws/install/snapstack_msgs2/include/snapstack_msgs2/snapstack_msgs2/msg/detail/vio_filter_state__rosidl_typesupport_fastrtps_cpp.hpp
-- Installing: /home/lorenzo/code/dynus_lite/dynus_lite_ws/install/snapstack_msgs2/include/snapstack_msgs2/snapstack_msgs2/msg/detail/goal__rosidl_typesupport_fastrtps_cpp.hpp
-- Installing: /home/lorenzo/code/dynus_lite/dynus_lite_ws/install/snapstack_msgs2/include/snapstack_msgs2/snapstack_msgs2/msg/detail/dds_fastrtps
-- Installing: /home/lorenzo/code/dynus_lite/dynus_lite_ws/install/snapstack_msgs2/include/snapstack_msgs2/snapstack_msgs2/msg/detail/imu__rosidl_typesupport_fastrtps_cpp.hpp
-- Installing: /home/lorenzo/code/dynus_lite/dynus_lite_ws/install/snapstack_msgs2/include/snapstack_msgs2/snapstack_msgs2/msg/detail/smc_data__rosidl_typesupport_fastrtps_cpp.hpp
-- Installing: /home/lorenzo/code/dynus_lite/dynus_lite_ws/install/snapstack_msgs2/include/snapstack_msgs2/snapstack_msgs2/msg/detail/time_filter__rosidl_typesupport_fastrtps_cpp.hpp
-- Installing: /home/lorenzo/code/dynus_lite/dynus_lite_ws/install/snapstack_msgs2/include/snapstack_msgs2/snapstack_msgs2/msg/detail/control_log__rosidl_typesupport_fastrtps_cpp.hpp
-- Installing: /home/lorenzo/code/dynus_lite/dynus_lite_ws/install/snapstack_msgs2/include/snapstack_msgs2/snapstack_msgs2/msg/detail/motors__rosidl_typesupport_fastrtps_cpp.hpp
-- Installing: /home/lorenzo/code/dynus_lite/dynus_lite_ws/install/snapstack_msgs2/include/snapstack_msgs2/snapstack_msgs2/msg/detail/attitude_command__rosidl_typesupport_fastrtps_cpp.hpp
-- Installing: /home/lorenzo/code/dynus_lite/dynus_lite_ws/install/snapstack_msgs2/include/snapstack_msgs2/snapstack_msgs2/msg/rosidl_typesupport_fastrtps_cpp__visibility_control.h
-- Installing: /home/lorenzo/code/dynus_lite/dynus_lite_ws/install/snapstack_msgs2/lib/libsnapstack_msgs2__rosidl_typesupport_fastrtps_cpp.so
-- Set runtime path of "/home/lorenzo/code/dynus_lite/dynus_lite_ws/install/snapstack_msgs2/lib/libsnapstack_msgs2__rosidl_typesupport_fastrtps_cpp.so" to ""
-- Up-to-date: /home/lorenzo/code/dynus_lite/dynus_lite_ws/install/snapstack_msgs2/include/snapstack_msgs2/snapstack_msgs2
-- Up-to-date: /home/lorenzo/code/dynus_lite/dynus_lite_ws/install/snapstack_msgs2/include/snapstack_msgs2/snapstack_msgs2/msg
-- Up-to-date: /home/lorenzo/code/dynus_lite/dynus_lite_ws/install/snapstack_msgs2/include/snapstack_msgs2/snapstack_msgs2/msg/detail
-- Installing: /home/lorenzo/code/dynus_lite/dynus_lite_ws/install/snapstack_msgs2/include/snapstack_msgs2/snapstack_msgs2/msg/detail/time_filter__rosidl_typesupport_introspection_cpp.hpp
-- Installing: /home/lorenzo/code/dynus_lite/dynus_lite_ws/install/snapstack_msgs2/include/snapstack_msgs2/snapstack_msgs2/msg/detail/motors__rosidl_typesupport_introspection_cpp.hpp
-- Installing: /home/lorenzo/code/dynus_lite/dynus_lite_ws/install/snapstack_msgs2/include/snapstack_msgs2/snapstack_msgs2/msg/detail/state__rosidl_typesupport_introspection_cpp.hpp
-- Installing: /home/lorenzo/code/dynus_lite/dynus_lite_ws/install/snapstack_msgs2/include/snapstack_msgs2/snapstack_msgs2/msg/detail/goal__type_support.cpp
-- Installing: /home/lorenzo/code/dynus_lite/dynus_lite_ws/install/snapstack_msgs2/include/snapstack_msgs2/snapstack_msgs2/msg/detail/control_log__type_support.cpp
-- Installing: /home/lorenzo/code/dynus_lite/dynus_lite_ws/install/snapstack_msgs2/include/snapstack_msgs2/snapstack_msgs2/msg/detail/state__type_support.cpp
-- Installing: /home/lorenzo/code/dynus_lite/dynus_lite_ws/install/snapstack_msgs2/include/snapstack_msgs2/snapstack_msgs2/msg/detail/control_log__rosidl_typesupport_introspection_cpp.hpp
-- Installing: /home/lorenzo/code/dynus_lite/dynus_lite_ws/install/snapstack_msgs2/include/snapstack_msgs2/snapstack_msgs2/msg/detail/vio_filter_state__type_support.cpp
-- Installing: /home/lorenzo/code/dynus_lite/dynus_lite_ws/install/snapstack_msgs2/include/snapstack_msgs2/snapstack_msgs2/msg/detail/goal__rosidl_typesupport_introspection_cpp.hpp
-- Installing: /home/lorenzo/code/dynus_lite/dynus_lite_ws/install/snapstack_msgs2/include/snapstack_msgs2/snapstack_msgs2/msg/detail/smc_data__type_support.cpp
-- Installing: /home/lorenzo/code/dynus_lite/dynus_lite_ws/install/snapstack_msgs2/include/snapstack_msgs2/snapstack_msgs2/msg/detail/quad_flight_mode__type_support.cpp
-- Installing: /home/lorenzo/code/dynus_lite/dynus_lite_ws/install/snapstack_msgs2/include/snapstack_msgs2/snapstack_msgs2/msg/detail/attitude_command__rosidl_typesupport_introspection_cpp.hpp
-- Installing: /home/lorenzo/code/dynus_lite/dynus_lite_ws/install/snapstack_msgs2/include/snapstack_msgs2/snapstack_msgs2/msg/detail/vio_filter_state__rosidl_typesupport_introspection_cpp.hpp
-- Installing: /home/lorenzo/code/dynus_lite/dynus_lite_ws/install/snapstack_msgs2/include/snapstack_msgs2/snapstack_msgs2/msg/detail/imu__rosidl_typesupport_introspection_cpp.hpp
-- Installing: /home/lorenzo/code/dynus_lite/dynus_lite_ws/install/snapstack_msgs2/include/snapstack_msgs2/snapstack_msgs2/msg/detail/time_filter__type_support.cpp
-- Installing: /home/lorenzo/code/dynus_lite/dynus_lite_ws/install/snapstack_msgs2/include/snapstack_msgs2/snapstack_msgs2/msg/detail/comm_age__rosidl_typesupport_introspection_cpp.hpp
-- Installing: /home/lorenzo/code/dynus_lite/dynus_lite_ws/install/snapstack_msgs2/include/snapstack_msgs2/snapstack_msgs2/msg/detail/smc_data__rosidl_typesupport_introspection_cpp.hpp
-- Installing: /home/lorenzo/code/dynus_lite/dynus_lite_ws/install/snapstack_msgs2/include/snapstack_msgs2/snapstack_msgs2/msg/detail/quad_flight_mode__rosidl_typesupport_introspection_cpp.hpp
-- Installing: /home/lorenzo/code/dynus_lite/dynus_lite_ws/install/snapstack_msgs2/include/snapstack_msgs2/snapstack_msgs2/msg/detail/imu__type_support.cpp
-- Installing: /home/lorenzo/code/dynus_lite/dynus_lite_ws/install/snapstack_msgs2/include/snapstack_msgs2/snapstack_msgs2/msg/detail/attitude_command__type_support.cpp
-- Installing: /home/lorenzo/code/dynus_lite/dynus_lite_ws/install/snapstack_msgs2/include/snapstack_msgs2/snapstack_msgs2/msg/detail/comm_age__type_support.cpp
-- Installing: /home/lorenzo/code/dynus_lite/dynus_lite_ws/install/snapstack_msgs2/include/snapstack_msgs2/snapstack_msgs2/msg/detail/motors__type_support.cpp
-- Installing: /home/lorenzo/code/dynus_lite/dynus_lite_ws/install/snapstack_msgs2/lib/libsnapstack_msgs2__rosidl_typesupport_introspection_cpp.so
-- Set runtime path of "/home/lorenzo/code/dynus_lite/dynus_lite_ws/install/snapstack_msgs2/lib/libsnapstack_msgs2__rosidl_typesupport_introspection_cpp.so" to ""
-- Installing: /home/lorenzo/code/dynus_lite/dynus_lite_ws/install/snapstack_msgs2/lib/libsnapstack_msgs2__rosidl_typesupport_cpp.so
-- Set runtime path of "/home/lorenzo/code/dynus_lite/dynus_lite_ws/install/snapstack_msgs2/lib/libsnapstack_msgs2__rosidl_typesupport_cpp.so" to ""
-- Installing: /home/lorenzo/code/dynus_lite/dynus_lite_ws/install/snapstack_msgs2/share/snapstack_msgs2/environment/pythonpath.sh
-- Installing: /home/lorenzo/code/dynus_lite/dynus_lite_ws/install/snapstack_msgs2/share/snapstack_msgs2/environment/pythonpath.dsv
-- Installing: /home/lorenzo/code/dynus_lite/dynus_lite_ws/install/snapstack_msgs2/local/lib/python3.10/dist-packages/snapstack_msgs2-5.4.1-py3.10.egg-info
-- Installing: /home/lorenzo/code/dynus_lite/dynus_lite_ws/install/snapstack_msgs2/local/lib/python3.10/dist-packages/snapstack_msgs2-5.4.1-py3.10.egg-info/top_level.txt
-- Installing: /home/lorenzo/code/dynus_lite/dynus_lite_ws/install/snapstack_msgs2/local/lib/python3.10/dist-packages/snapstack_msgs2-5.4.1-py3.10.egg-info/SOURCES.txt
-- Installing: /home/lorenzo/code/dynus_lite/dynus_lite_ws/install/snapstack_msgs2/local/lib/python3.10/dist-packages/snapstack_msgs2-5.4.1-py3.10.egg-info/dependency_links.txt
-- Installing: /home/lorenzo/code/dynus_lite/dynus_lite_ws/install/snapstack_msgs2/local/lib/python3.10/dist-packages/snapstack_msgs2-5.4.1-py3.10.egg-info/PKG-INFO
-- Installing: /home/lorenzo/code/dynus_lite/dynus_lite_ws/install/snapstack_msgs2/local/lib/python3.10/dist-packages/snapstack_msgs2
-- Installing: /home/lorenzo/code/dynus_lite/dynus_lite_ws/install/snapstack_msgs2/local/lib/python3.10/dist-packages/snapstack_msgs2/snapstack_msgs2_s__rosidl_typesupport_c.cpython-310-x86_64-linux-gnu.so
-- Installing: /home/lorenzo/code/dynus_lite/dynus_lite_ws/install/snapstack_msgs2/local/lib/python3.10/dist-packages/snapstack_msgs2/_snapstack_msgs2_s.ep.rosidl_typesupport_c.c
-- Installing: /home/lorenzo/code/dynus_lite/dynus_lite_ws/install/snapstack_msgs2/local/lib/python3.10/dist-packages/snapstack_msgs2/__init__.py
-- Installing: /home/lorenzo/code/dynus_lite/dynus_lite_ws/install/snapstack_msgs2/local/lib/python3.10/dist-packages/snapstack_msgs2/libsnapstack_msgs2__rosidl_generator_py.so
-- Installing: /home/lorenzo/code/dynus_lite/dynus_lite_ws/install/snapstack_msgs2/local/lib/python3.10/dist-packages/snapstack_msgs2/_snapstack_msgs2_s.ep.rosidl_typesupport_introspection_c.c
-- Installing: /home/lorenzo/code/dynus_lite/dynus_lite_ws/install/snapstack_msgs2/local/lib/python3.10/dist-packages/snapstack_msgs2/snapstack_msgs2_s__rosidl_typesupport_fastrtps_c.cpython-310-x86_64-linux-gnu.so
-- Installing: /home/lorenzo/code/dynus_lite/dynus_lite_ws/install/snapstack_msgs2/local/lib/python3.10/dist-packages/snapstack_msgs2/_snapstack_msgs2_s.ep.rosidl_typesupport_fastrtps_c.c
-- Installing: /home/lorenzo/code/dynus_lite/dynus_lite_ws/install/snapstack_msgs2/local/lib/python3.10/dist-packages/snapstack_msgs2/snapstack_msgs2_s__rosidl_typesupport_introspection_c.cpython-310-x86_64-linux-gnu.so
-- Installing: /home/lorenzo/code/dynus_lite/dynus_lite_ws/install/snapstack_msgs2/local/lib/python3.10/dist-packages/snapstack_msgs2/msg
-- Installing: /home/lorenzo/code/dynus_lite/dynus_lite_ws/install/snapstack_msgs2/local/lib/python3.10/dist-packages/snapstack_msgs2/msg/_motors_s.c
-- Installing: /home/lorenzo/code/dynus_lite/dynus_lite_ws/install/snapstack_msgs2/local/lib/python3.10/dist-packages/snapstack_msgs2/msg/__init__.py
-- Installing: /home/lorenzo/code/dynus_lite/dynus_lite_ws/install/snapstack_msgs2/local/lib/python3.10/dist-packages/snapstack_msgs2/msg/_comm_age_s.c
-- Installing: /home/lorenzo/code/dynus_lite/dynus_lite_ws/install/snapstack_msgs2/local/lib/python3.10/dist-packages/snapstack_msgs2/msg/_quad_flight_mode.py
-- Installing: /home/lorenzo/code/dynus_lite/dynus_lite_ws/install/snapstack_msgs2/local/lib/python3.10/dist-packages/snapstack_msgs2/msg/_imu.py
-- Installing: /home/lorenzo/code/dynus_lite/dynus_lite_ws/install/snapstack_msgs2/local/lib/python3.10/dist-packages/snapstack_msgs2/msg/_state_s.c
-- Installing: /home/lorenzo/code/dynus_lite/dynus_lite_ws/install/snapstack_msgs2/local/lib/python3.10/dist-packages/snapstack_msgs2/msg/_time_filter_s.c
-- Installing: /home/lorenzo/code/dynus_lite/dynus_lite_ws/install/snapstack_msgs2/local/lib/python3.10/dist-packages/snapstack_msgs2/msg/_quad_flight_mode_s.c
-- Installing: /home/lorenzo/code/dynus_lite/dynus_lite_ws/install/snapstack_msgs2/local/lib/python3.10/dist-packages/snapstack_msgs2/msg/_smc_data_s.c
-- Installing: /home/lorenzo/code/dynus_lite/dynus_lite_ws/install/snapstack_msgs2/local/lib/python3.10/dist-packages/snapstack_msgs2/msg/_attitude_command_s.c
-- Installing: /home/lorenzo/code/dynus_lite/dynus_lite_ws/install/snapstack_msgs2/local/lib/python3.10/dist-packages/snapstack_msgs2/msg/_goal.py
-- Installing: /home/lorenzo/code/dynus_lite/dynus_lite_ws/install/snapstack_msgs2/local/lib/python3.10/dist-packages/snapstack_msgs2/msg/_attitude_command.py
-- Installing: /home/lorenzo/code/dynus_lite/dynus_lite_ws/install/snapstack_msgs2/local/lib/python3.10/dist-packages/snapstack_msgs2/msg/_state.py
-- Installing: /home/lorenzo/code/dynus_lite/dynus_lite_ws/install/snapstack_msgs2/local/lib/python3.10/dist-packages/snapstack_msgs2/msg/_control_log_s.c
-- Installing: /home/lorenzo/code/dynus_lite/dynus_lite_ws/install/snapstack_msgs2/local/lib/python3.10/dist-packages/snapstack_msgs2/msg/_smc_data.py
-- Installing: /home/lorenzo/code/dynus_lite/dynus_lite_ws/install/snapstack_msgs2/local/lib/python3.10/dist-packages/snapstack_msgs2/msg/_time_filter.py
-- Installing: /home/lorenzo/code/dynus_lite/dynus_lite_ws/install/snapstack_msgs2/local/lib/python3.10/dist-packages/snapstack_msgs2/msg/_motors.py
-- Installing: /home/lorenzo/code/dynus_lite/dynus_lite_ws/install/snapstack_msgs2/local/lib/python3.10/dist-packages/snapstack_msgs2/msg/_vio_filter_state.py
-- Installing: /home/lorenzo/code/dynus_lite/dynus_lite_ws/install/snapstack_msgs2/local/lib/python3.10/dist-packages/snapstack_msgs2/msg/_imu_s.c
-- Installing: /home/lorenzo/code/dynus_lite/dynus_lite_ws/install/snapstack_msgs2/local/lib/python3.10/dist-packages/snapstack_msgs2/msg/_vio_filter_state_s.c
-- Installing: /home/lorenzo/code/dynus_lite/dynus_lite_ws/install/snapstack_msgs2/local/lib/python3.10/dist-packages/snapstack_msgs2/msg/_comm_age.py
-- Installing: /home/lorenzo/code/dynus_lite/dynus_lite_ws/install/snapstack_msgs2/local/lib/python3.10/dist-packages/snapstack_msgs2/msg/_goal_s.c
-- Installing: /home/lorenzo/code/dynus_lite/dynus_lite_ws/install/snapstack_msgs2/local/lib/python3.10/dist-packages/snapstack_msgs2/msg/_control_log.py
Listing '/home/lorenzo/code/dynus_lite/dynus_lite_ws/install/snapstack_msgs2/local/lib/python3.10/dist-packages/snapstack_msgs2'...
Compiling '/home/lorenzo/code/dynus_lite/dynus_lite_ws/install/snapstack_msgs2/local/lib/python3.10/dist-packages/snapstack_msgs2/__init__.py'...
Listing '/home/lorenzo/code/dynus_lite/dynus_lite_ws/install/snapstack_msgs2/local/lib/python3.10/dist-packages/snapstack_msgs2/msg'...
Compiling '/home/lorenzo/code/dynus_lite/dynus_lite_ws/install/snapstack_msgs2/local/lib/python3.10/dist-packages/snapstack_msgs2/msg/__init__.py'...
Compiling '/home/lorenzo/code/dynus_lite/dynus_lite_ws/install/snapstack_msgs2/local/lib/python3.10/dist-packages/snapstack_msgs2/msg/_attitude_command.py'...
Compiling '/home/lorenzo/code/dynus_lite/dynus_lite_ws/install/snapstack_msgs2/local/lib/python3.10/dist-packages/snapstack_msgs2/msg/_comm_age.py'...
Compiling '/home/lorenzo/code/dynus_lite/dynus_lite_ws/install/snapstack_msgs2/local/lib/python3.10/dist-packages/snapstack_msgs2/msg/_control_log.py'...
Compiling '/home/lorenzo/code/dynus_lite/dynus_lite_ws/install/snapstack_msgs2/local/lib/python3.10/dist-packages/snapstack_msgs2/msg/_goal.py'...
Compiling '/home/lorenzo/code/dynus_lite/dynus_lite_ws/install/snapstack_msgs2/local/lib/python3.10/dist-packages/snapstack_msgs2/msg/_imu.py'...
Compiling '/home/lorenzo/code/dynus_lite/dynus_lite_ws/install/snapstack_msgs2/local/lib/python3.10/dist-packages/snapstack_msgs2/msg/_motors.py'...
Compiling '/home/lorenzo/code/dynus_lite/dynus_lite_ws/install/snapstack_msgs2/local/lib/python3.10/dist-packages/snapstack_msgs2/msg/_quad_flight_mode.py'...
Compiling '/home/lorenzo/code/dynus_lite/dynus_lite_ws/install/snapstack_msgs2/local/lib/python3.10/dist-packages/snapstack_msgs2/msg/_smc_data.py'...
Compiling '/home/lorenzo/code/dynus_lite/dynus_lite_ws/install/snapstack_msgs2/local/lib/python3.10/dist-packages/snapstack_msgs2/msg/_state.py'...
Compiling '/home/lorenzo/code/dynus_lite/dynus_lite_ws/install/snapstack_msgs2/local/lib/python3.10/dist-packages/snapstack_msgs2/msg/_time_filter.py'...
Compiling '/home/lorenzo/code/dynus_lite/dynus_lite_ws/install/snapstack_msgs2/local/lib/python3.10/dist-packages/snapstack_msgs2/msg/_vio_filter_state.py'...
-- Installing: /home/lorenzo/code/dynus_lite/dynus_lite_ws/install/snapstack_msgs2/local/lib/python3.10/dist-packages/snapstack_msgs2/snapstack_msgs2_s__rosidl_typesupport_fastrtps_c.cpython-310-x86_64-linux-gnu.so
-- Set runtime path of "/home/lorenzo/code/dynus_lite/dynus_lite_ws/install/snapstack_msgs2/local/lib/python3.10/dist-packages/snapstack_msgs2/snapstack_msgs2_s__rosidl_typesupport_fastrtps_c.cpython-310-x86_64-linux-gnu.so" to ""
-- Installing: /home/lorenzo/code/dynus_lite/dynus_lite_ws/install/snapstack_msgs2/local/lib/python3.10/dist-packages/snapstack_msgs2/snapstack_msgs2_s__rosidl_typesupport_introspection_c.cpython-310-x86_64-linux-gnu.so
-- Set runtime path of "/home/lorenzo/code/dynus_lite/dynus_lite_ws/install/snapstack_msgs2/local/lib/python3.10/dist-packages/snapstack_msgs2/snapstack_msgs2_s__rosidl_typesupport_introspection_c.cpython-310-x86_64-linux-gnu.so" to ""
-- Installing: /home/lorenzo/code/dynus_lite/dynus_lite_ws/install/snapstack_msgs2/local/lib/python3.10/dist-packages/snapstack_msgs2/snapstack_msgs2_s__rosidl_typesupport_c.cpython-310-x86_64-linux-gnu.so
-- Set runtime path of "/home/lorenzo/code/dynus_lite/dynus_lite_ws/install/snapstack_msgs2/local/lib/python3.10/dist-packages/snapstack_msgs2/snapstack_msgs2_s__rosidl_typesupport_c.cpython-310-x86_64-linux-gnu.so" to ""
-- Installing: /home/lorenzo/code/dynus_lite/dynus_lite_ws/install/snapstack_msgs2/lib/libsnapstack_msgs2__rosidl_generator_py.so
-- Set runtime path of "/home/lorenzo/code/dynus_lite/dynus_lite_ws/install/snapstack_msgs2/lib/libsnapstack_msgs2__rosidl_generator_py.so" to ""
-- Installing: /home/lorenzo/code/dynus_lite/dynus_lite_ws/install/snapstack_msgs2/share/snapstack_msgs2/msg/ControlLog.idl
-- Installing: /home/lorenzo/code/dynus_lite/dynus_lite_ws/install/snapstack_msgs2/share/snapstack_msgs2/msg/AttitudeCommand.idl
-- Installing: /home/lorenzo/code/dynus_lite/dynus_lite_ws/install/snapstack_msgs2/share/snapstack_msgs2/msg/Goal.idl
-- Installing: /home/lorenzo/code/dynus_lite/dynus_lite_ws/install/snapstack_msgs2/share/snapstack_msgs2/msg/QuadFlightMode.idl
-- Installing: /home/lorenzo/code/dynus_lite/dynus_lite_ws/install/snapstack_msgs2/share/snapstack_msgs2/msg/State.idl
-- Installing: /home/lorenzo/code/dynus_lite/dynus_lite_ws/install/snapstack_msgs2/share/snapstack_msgs2/msg/CommAge.idl
-- Installing: /home/lorenzo/code/dynus_lite/dynus_lite_ws/install/snapstack_msgs2/share/snapstack_msgs2/msg/IMU.idl
-- Installing: /home/lorenzo/code/dynus_lite/dynus_lite_ws/install/snapstack_msgs2/share/snapstack_msgs2/msg/SMCData.idl
-- Installing: /home/lorenzo/code/dynus_lite/dynus_lite_ws/install/snapstack_msgs2/share/snapstack_msgs2/msg/Motors.idl
-- Installing: /home/lorenzo/code/dynus_lite/dynus_lite_ws/install/snapstack_msgs2/share/snapstack_msgs2/msg/VioFilterState.idl
-- Installing: /home/lorenzo/code/dynus_lite/dynus_lite_ws/install/snapstack_msgs2/share/snapstack_msgs2/msg/TimeFilter.idl
-- Installing: /home/lorenzo/code/dynus_lite/dynus_lite_ws/install/snapstack_msgs2/share/snapstack_msgs2/msg/ControlLog.msg
-- Installing: /home/lorenzo/code/dynus_lite/dynus_lite_ws/install/snapstack_msgs2/share/snapstack_msgs2/msg/AttitudeCommand.msg
-- Installing: /home/lorenzo/code/dynus_lite/dynus_lite_ws/install/snapstack_msgs2/share/snapstack_msgs2/msg/Goal.msg
-- Installing: /home/lorenzo/code/dynus_lite/dynus_lite_ws/install/snapstack_msgs2/share/snapstack_msgs2/msg/QuadFlightMode.msg
-- Installing: /home/lorenzo/code/dynus_lite/dynus_lite_ws/install/snapstack_msgs2/share/snapstack_msgs2/msg/State.msg
-- Installing: /home/lorenzo/code/dynus_lite/dynus_lite_ws/install/snapstack_msgs2/share/snapstack_msgs2/msg/CommAge.msg
-- Installing: /home/lorenzo/code/dynus_lite/dynus_lite_ws/install/snapstack_msgs2/share/snapstack_msgs2/msg/IMU.msg
-- Installing: /home/lorenzo/code/dynus_lite/dynus_lite_ws/install/snapstack_msgs2/share/snapstack_msgs2/msg/SMCData.msg
-- Installing: /home/lorenzo/code/dynus_lite/dynus_lite_ws/install/snapstack_msgs2/share/snapstack_msgs2/msg/Motors.msg
-- Installing: /home/lorenzo/code/dynus_lite/dynus_lite_ws/install/snapstack_msgs2/share/snapstack_msgs2/msg/VioFilterState.msg
-- Installing: /home/lorenzo/code/dynus_lite/dynus_lite_ws/install/snapstack_msgs2/share/snapstack_msgs2/msg/TimeFilter.msg
-- Installing: /home/lorenzo/code/dynus_lite/dynus_lite_ws/install/snapstack_msgs2/share/ament_index/resource_index/package_run_dependencies/snapstack_msgs2
-- Installing: /home/lorenzo/code/dynus_lite/dynus_lite_ws/install/snapstack_msgs2/share/ament_index/resource_index/parent_prefix_path/snapstack_msgs2
-- Installing: /home/lorenzo/code/dynus_lite/dynus_lite_ws/install/snapstack_msgs2/share/snapstack_msgs2/environment/ament_prefix_path.sh
-- Installing: /home/lorenzo/code/dynus_lite/dynus_lite_ws/install/snapstack_msgs2/share/snapstack_msgs2/environment/ament_prefix_path.dsv
-- Installing: /home/lorenzo/code/dynus_lite/dynus_lite_ws/install/snapstack_msgs2/share/snapstack_msgs2/environment/path.sh
-- Installing: /home/lorenzo/code/dynus_lite/dynus_lite_ws/install/snapstack_msgs2/share/snapstack_msgs2/environment/path.dsv
-- Installing: /home/lorenzo/code/dynus_lite/dynus_lite_ws/install/snapstack_msgs2/share/snapstack_msgs2/local_setup.bash
-- Installing: /home/lorenzo/code/dynus_lite/dynus_lite_ws/install/snapstack_msgs2/share/snapstack_msgs2/local_setup.sh
-- Installing: /home/lorenzo/code/dynus_lite/dynus_lite_ws/install/snapstack_msgs2/share/snapstack_msgs2/local_setup.zsh
-- Installing: /home/lorenzo/code/dynus_lite/dynus_lite_ws/install/snapstack_msgs2/share/snapstack_msgs2/local_setup.dsv
-- Installing: /home/lorenzo/code/dynus_lite/dynus_lite_ws/install/snapstack_msgs2/share/snapstack_msgs2/package.dsv
-- Installing: /home/lorenzo/code/dynus_lite/dynus_lite_ws/install/snapstack_msgs2/share/ament_index/resource_index/packages/snapstack_msgs2
-- Installing: /home/lorenzo/code/dynus_lite/dynus_lite_ws/install/snapstack_msgs2/share/snapstack_msgs2/cmake/export_snapstack_msgs2__rosidl_generator_cExport.cmake
-- Installing: /home/lorenzo/code/dynus_lite/dynus_lite_ws/install/snapstack_msgs2/share/snapstack_msgs2/cmake/export_snapstack_msgs2__rosidl_generator_cExport-noconfig.cmake
-- Installing: /home/lorenzo/code/dynus_lite/dynus_lite_ws/install/snapstack_msgs2/share/snapstack_msgs2/cmake/export_snapstack_msgs2__rosidl_typesupport_fastrtps_cExport.cmake
-- Installing: /home/lorenzo/code/dynus_lite/dynus_lite_ws/install/snapstack_msgs2/share/snapstack_msgs2/cmake/export_snapstack_msgs2__rosidl_typesupport_fastrtps_cExport-noconfig.cmake
-- Installing: /home/lorenzo/code/dynus_lite/dynus_lite_ws/install/snapstack_msgs2/share/snapstack_msgs2/cmake/snapstack_msgs2__rosidl_typesupport_introspection_cExport.cmake
-- Installing: /home/lorenzo/code/dynus_lite/dynus_lite_ws/install/snapstack_msgs2/share/snapstack_msgs2/cmake/snapstack_msgs2__rosidl_typesupport_introspection_cExport-noconfig.cmake
-- Installing: /home/lorenzo/code/dynus_lite/dynus_lite_ws/install/snapstack_msgs2/share/snapstack_msgs2/cmake/snapstack_msgs2__rosidl_typesupport_cExport.cmake
-- Installing: /home/lorenzo/code/dynus_lite/dynus_lite_ws/install/snapstack_msgs2/share/snapstack_msgs2/cmake/snapstack_msgs2__rosidl_typesupport_cExport-noconfig.cmake
-- Installing: /home/lorenzo/code/dynus_lite/dynus_lite_ws/install/snapstack_msgs2/share/snapstack_msgs2/cmake/export_snapstack_msgs2__rosidl_generator_cppExport.cmake
-- Installing: /home/lorenzo/code/dynus_lite/dynus_lite_ws/install/snapstack_msgs2/share/snapstack_msgs2/cmake/export_snapstack_msgs2__rosidl_typesupport_fastrtps_cppExport.cmake
-- Installing: /home/lorenzo/code/dynus_lite/dynus_lite_ws/install/snapstack_msgs2/share/snapstack_msgs2/cmake/export_snapstack_msgs2__rosidl_typesupport_fastrtps_cppExport-noconfig.cmake
-- Installing: /home/lorenzo/code/dynus_lite/dynus_lite_ws/install/snapstack_msgs2/share/snapstack_msgs2/cmake/snapstack_msgs2__rosidl_typesupport_introspection_cppExport.cmake
-- Installing: /home/lorenzo/code/dynus_lite/dynus_lite_ws/install/snapstack_msgs2/share/snapstack_msgs2/cmake/snapstack_msgs2__rosidl_typesupport_introspection_cppExport-noconfig.cmake
-- Installing: /home/lorenzo/code/dynus_lite/dynus_lite_ws/install/snapstack_msgs2/share/snapstack_msgs2/cmake/snapstack_msgs2__rosidl_typesupport_cppExport.cmake
-- Installing: /home/lorenzo/code/dynus_lite/dynus_lite_ws/install/snapstack_msgs2/share/snapstack_msgs2/cmake/snapstack_msgs2__rosidl_typesupport_cppExport-noconfig.cmake
-- Installing: /home/lorenzo/code/dynus_lite/dynus_lite_ws/install/snapstack_msgs2/share/snapstack_msgs2/cmake/export_snapstack_msgs2__rosidl_generator_pyExport.cmake
-- Installing: /home/lorenzo/code/dynus_lite/dynus_lite_ws/install/snapstack_msgs2/share/snapstack_msgs2/cmake/export_snapstack_msgs2__rosidl_generator_pyExport-noconfig.cmake
-- Installing: /home/lorenzo/code/dynus_lite/dynus_lite_ws/install/snapstack_msgs2/share/snapstack_msgs2/cmake/rosidl_cmake-extras.cmake
-- Installing: /home/lorenzo/code/dynus_lite/dynus_lite_ws/install/snapstack_msgs2/share/snapstack_msgs2/cmake/ament_cmake_export_dependencies-extras.cmake
-- Installing: /home/lorenzo/code/dynus_lite/dynus_lite_ws/install/snapstack_msgs2/share/snapstack_msgs2/cmake/ament_cmake_export_include_directories-extras.cmake
-- Installing: /home/lorenzo/code/dynus_lite/dynus_lite_ws/install/snapstack_msgs2/share/snapstack_msgs2/cmake/ament_cmake_export_libraries-extras.cmake
-- Installing: /home/lorenzo/code/dynus_lite/dynus_lite_ws/install/snapstack_msgs2/share/snapstack_msgs2/cmake/ament_cmake_export_targets-extras.cmake
-- Installing: /home/lorenzo/code/dynus_lite/dynus_lite_ws/install/snapstack_msgs2/share/snapstack_msgs2/cmake/rosidl_cmake_export_typesupport_targets-extras.cmake
-- Installing: /home/lorenzo/code/dynus_lite/dynus_lite_ws/install/snapstack_msgs2/share/snapstack_msgs2/cmake/rosidl_cmake_export_typesupport_libraries-extras.cmake
-- Installing: /home/lorenzo/code/dynus_lite/dynus_lite_ws/install/snapstack_msgs2/share/snapstack_msgs2/cmake/snapstack_msgs2Config.cmake
-- Installing: /home/lorenzo/code/dynus_lite/dynus_lite_ws/install/snapstack_msgs2/share/snapstack_msgs2/cmake/snapstack_msgs2Config-version.cmake
-- Installing: /home/lorenzo/code/dynus_lite/dynus_lite_ws/install/snapstack_msgs2/share/snapstack_msgs2/package.xml
