[0.028s] Invoking command in '/home/lorenzo/code/dynus_lite/dynus_lite_ws/build/decomp_rviz_plugins': CMAKE_PREFIX_PATH=/home/lorenzo/code/dynus_lite/dynus_lite_ws/install/decomp_ros_msgs:/home/lorenzo/code/dynus_lite/dynus_lite_ws/install/livox_ros_driver2:/home/lorenzo/code/dynus_lite/dynus_lite_ws/install/snapstack_msgs2:/home/lorenzo/code/dynus_lite/dynus_lite_ws/install/decomp_util:/opt/openrobots:/opt/ros/humble LD_LIBRARY_PATH=/home/lorenzo/code/dynus_lite/dynus_lite_ws/install/decomp_ros_msgs/lib:/home/lorenzo/code/dynus_lite/dynus_lite_ws/install/livox_ros_driver2/lib:/home/lorenzo/code/dynus_lite/dynus_lite_ws/install/snapstack_msgs2/lib:/opt/gurobi1103/linux64/lib:/usr/lib/x86_64-linux-gnu/gazebo-11/plugins:/opt/ros/humble/opt/rviz_ogre_vendor/lib:/opt/ros/humble/lib/x86_64-linux-gnu:/home/lorenzo/code/decomp_ws/install/decomp_ros_msgs/lib:/opt/ros/humble/lib:/home/lorenzo/code/livox_ws/install/livox_ros_driver2/lib:/opt/gurobi1103/linux64/lib /usr/bin/cmake /home/lorenzo/code/dynus_lite/dynus_lite_ws/src/DecompROS2/decomp_rviz_plugins -DCMAKE_INSTALL_PREFIX=/home/lorenzo/code/dynus_lite/dynus_lite_ws/install/decomp_rviz_plugins
[0.312s] -- The C compiler identification is GNU 11.4.0
[0.312s] -- The CXX compiler identification is GNU 12.3.0
[0.312s] -- Detecting C compiler ABI info
[0.430s] -- Detecting C compiler ABI info - done
[0.444s] -- Check for working C compiler: /usr/bin/cc - skipped
[0.447s] -- Detecting C compile features
[0.447s] -- Detecting C compile features - done
[0.451s] -- Detecting CXX compiler ABI info
[0.601s] -- Detecting CXX compiler ABI info - done
[0.624s] -- Check for working CXX compiler: /usr/bin/c++ - skipped
[0.625s] -- Detecting CXX compile features
[0.626s] -- Detecting CXX compile features - done
[0.632s] -- Found ament_cmake: 1.3.13 (/opt/ros/humble/share/ament_cmake/cmake)
[1.092s] -- Found Python3: /usr/bin/python3 (found version "3.10.12") found components: Interpreter 
[1.362s] -- Found Boost: /usr/lib/x86_64-linux-gnu/cmake/Boost-1.74.0/BoostConfig.cmake (found version "1.74.0") found components: system 
[1.388s] -- Checking for module 'eigen3'
[1.408s] --   Found eigen3, version 3.4.0
[1.452s] -- Found Eigen: /usr/include/eigen3 (Required is at least version "3.1") 
[1.453s] -- Eigen found (include: /usr/include/eigen3, version: 3.4.0)
[1.488s] -- Found Boost: /usr/lib/x86_64-linux-gnu/cmake/Boost-1.74.0/BoostConfig.cmake (found suitable version "1.74.0", minimum required is "1.65.0") found components: system filesystem date_time iostreams serialization 
[1.513s] -- Checking for module 'flann'
[1.530s] --   Found flann, version 1.9.1
[1.607s] -- Found FLANN: /usr/lib/x86_64-linux-gnu/libflann_cpp.so  
[1.607s] -- FLANN found (include: /usr/include, lib: /usr/lib/x86_64-linux-gnu/libflann_cpp.so)
[1.685s] -- Looking for pthread.h
[1.804s] -- Looking for pthread.h - found
[1.804s] -- Performing Test CMAKE_HAVE_LIBC_PTHREAD
[1.942s] -- Performing Test CMAKE_HAVE_LIBC_PTHREAD - Success
[1.944s] -- Found Threads: TRUE  
[1.951s] -- Found GLEW: /usr/lib/x86_64-linux-gnu/libGLEW.so  
[1.958s] -- Found OpenGL: /usr/lib/x86_64-linux-gnu/libOpenGL.so  found components: OpenGL GLX 
[2.221s] -- Found MPI_C: /usr/lib/x86_64-linux-gnu/libmpi.so (found version "3.1") 
[2.221s] -- Found MPI: TRUE (found version "3.1") found components: C 
[2.226s] -- Found JsonCpp: /usr/lib/x86_64-linux-gnu/libjsoncpp.so (found suitable version "1.9.5", minimum required is "0.7.0") 
[2.249s] -- Found ZLIB: /usr/lib/x86_64-linux-gnu/libz.so (found version "1.2.11") 
[2.293s] -- Found PNG: /usr/lib/x86_64-linux-gnu/libpng.so (found version "1.6.37") 
[2.319s] -- Found Eigen3: /usr/include/eigen3 (found version "3.4.0") 
[2.501s] -- Found X11: /usr/include   
[2.501s] -- Looking for XOpenDisplay in /usr/lib/x86_64-linux-gnu/libX11.so;/usr/lib/x86_64-linux-gnu/libXext.so
[2.642s] -- Looking for XOpenDisplay in /usr/lib/x86_64-linux-gnu/libX11.so;/usr/lib/x86_64-linux-gnu/libXext.so - found
[2.642s] -- Looking for gethostbyname
[2.743s] -- Looking for gethostbyname - found
[2.743s] -- Looking for connect
[2.867s] -- Looking for connect - found
[2.867s] -- Looking for remove
[2.967s] -- Looking for remove - found
[2.967s] -- Looking for shmat
[3.055s] -- Looking for shmat - found
[3.055s] -- Looking for IceConnectionNumber in ICE
[3.158s] -- Looking for IceConnectionNumber in ICE - found
[3.300s] -- Found EXPAT: /usr/lib/x86_64-linux-gnu/libexpat.so (found version "2.4.7") 
[3.303s] -- Found double-conversion: /usr/lib/x86_64-linux-gnu/libdouble-conversion.so  
[3.313s] -- Found LZ4: /usr/lib/x86_64-linux-gnu/liblz4.so (found version "1.9.3") 
[3.313s] -- Found LZMA: /usr/lib/x86_64-linux-gnu/liblzma.so (found version "5.2.5") 
[3.348s] -- Found JPEG: /usr/lib/x86_64-linux-gnu/libjpeg.so (found version "80") 
[3.366s] -- Found TIFF: /usr/lib/x86_64-linux-gnu/libtiff.so (found version "4.3.0")  
[3.377s] -- Found Freetype: /usr/lib/x86_64-linux-gnu/libfreetype.so (found version "2.11.1") 
[3.388s] -- Found utf8cpp: /usr/include/utf8cpp  
[3.676s] -- Checking for module 'libusb-1.0'
[3.724s] --   Found libusb-1.0, version 1.0.25
[3.801s] -- Found libusb: /usr/lib/x86_64-linux-gnu/libusb-1.0.so  
[3.803s] -- Found OpenNI: /usr/lib/libOpenNI.so;libusb::libusb (found version "1.5.4.0") 
[3.804s] -- OpenNI found (version: 1.5.4.0, include: /usr/include/ni, lib: /usr/lib/libOpenNI.so;libusb::libusb)
[3.925s] -- Found OpenNI2: /usr/lib/x86_64-linux-gnu/libOpenNI2.so;libusb::libusb (found version "2.2.0.33") 
[3.925s] -- OpenNI2 found (version: 2.2.0.33, include: /usr/include/openni2, lib: /usr/lib/x86_64-linux-gnu/libOpenNI2.so;libusb::libusb)
[3.926s] [0m** WARNING ** io features related to pcap will be disabled[0m
[4.443s] -- Eigen found (include: /usr/include/eigen3, version: 3.4.0)
[4.460s] -- OpenNI found (version: 1.5.4.0, include: /usr/include/ni, lib: /usr/lib/libOpenNI.so;libusb::libusb)
[4.472s] -- OpenNI2 found (version: 2.2.0.33, include: /usr/include/openni2, lib: /usr/lib/x86_64-linux-gnu/libOpenNI2.so;libusb::libusb)
[5.183s] -- Found Qhull version 8.0.2
[5.715s] -- OpenNI found (version: 1.5.4.0, include: /usr/include/ni, lib: /usr/lib/libOpenNI.so;libusb::libusb)
[6.869s] -- looking for PCL_COMMON
[6.869s] -- Found PCL_COMMON: /usr/lib/x86_64-linux-gnu/libpcl_common.so  
[6.875s] -- looking for PCL_KDTREE
[6.875s] -- Found PCL_KDTREE: /usr/lib/x86_64-linux-gnu/libpcl_kdtree.so  
[6.876s] -- looking for PCL_OCTREE
[6.892s] -- Found PCL_OCTREE: /usr/lib/x86_64-linux-gnu/libpcl_octree.so  
[6.892s] -- looking for PCL_SEARCH
[6.895s] -- Found PCL_SEARCH: /usr/lib/x86_64-linux-gnu/libpcl_search.so  
[6.899s] -- looking for PCL_SAMPLE_CONSENSUS
[6.905s] -- Found PCL_SAMPLE_CONSENSUS: /usr/lib/x86_64-linux-gnu/libpcl_sample_consensus.so  
[6.909s] -- looking for PCL_FILTERS
[6.915s] -- Found PCL_FILTERS: /usr/lib/x86_64-linux-gnu/libpcl_filters.so  
[6.919s] -- looking for PCL_2D
[6.925s] -- Found PCL_2D: /usr/include/pcl-1.12  
[6.925s] -- looking for PCL_GEOMETRY
[6.930s] -- Found PCL_GEOMETRY: /usr/include/pcl-1.12  
[6.930s] -- looking for PCL_IO
[6.936s] -- Found PCL_IO: /usr/lib/x86_64-linux-gnu/libpcl_io.so  
[6.936s] -- looking for PCL_FEATURES
[6.949s] -- Found PCL_FEATURES: /usr/lib/x86_64-linux-gnu/libpcl_features.so  
[6.955s] -- looking for PCL_ML
[6.962s] -- Found PCL_ML: /usr/lib/x86_64-linux-gnu/libpcl_ml.so  
[6.966s] -- looking for PCL_SEGMENTATION
[6.977s] -- Found PCL_SEGMENTATION: /usr/lib/x86_64-linux-gnu/libpcl_segmentation.so  
[6.980s] -- looking for PCL_VISUALIZATION
[6.989s] -- Found PCL_VISUALIZATION: /usr/lib/x86_64-linux-gnu/libpcl_visualization.so  
[6.989s] -- looking for PCL_SURFACE
[7.002s] -- Found PCL_SURFACE: /usr/lib/x86_64-linux-gnu/libpcl_surface.so  
[7.002s] -- looking for PCL_REGISTRATION
[7.013s] -- Found PCL_REGISTRATION: /usr/lib/x86_64-linux-gnu/libpcl_registration.so  
[7.013s] -- looking for PCL_KEYPOINTS
[7.020s] -- Found PCL_KEYPOINTS: /usr/lib/x86_64-linux-gnu/libpcl_keypoints.so  
[7.025s] -- looking for PCL_TRACKING
[7.033s] -- Found PCL_TRACKING: /usr/lib/x86_64-linux-gnu/libpcl_tracking.so  
[7.033s] -- looking for PCL_RECOGNITION
[7.044s] -- Found PCL_RECOGNITION: /usr/lib/x86_64-linux-gnu/libpcl_recognition.so  
[7.045s] -- looking for PCL_STEREO
[7.052s] -- Found PCL_STEREO: /usr/lib/x86_64-linux-gnu/libpcl_stereo.so  
[7.058s] -- looking for PCL_APPS
[7.059s] -- Found PCL_APPS: /usr/lib/x86_64-linux-gnu/libpcl_apps.so  
[7.068s] -- looking for PCL_IN_HAND_SCANNER
[7.068s] -- Found PCL_IN_HAND_SCANNER: /usr/include/pcl-1.12  
[7.069s] -- looking for PCL_MODELER
[7.072s] -- Found PCL_MODELER: /usr/include/pcl-1.12  
[7.083s] -- looking for PCL_POINT_CLOUD_EDITOR
[7.083s] -- Found PCL_POINT_CLOUD_EDITOR: /usr/include/pcl-1.12  
[7.083s] -- looking for PCL_OUTOFCORE
[7.093s] -- Found PCL_OUTOFCORE: /usr/lib/x86_64-linux-gnu/libpcl_outofcore.so  
[7.093s] -- looking for PCL_PEOPLE
[7.103s] -- Found PCL_PEOPLE: /usr/lib/x86_64-linux-gnu/libpcl_people.so  
[7.113s] -- Found PCL: pcl_common;pcl_kdtree;pcl_octree;pcl_search;pcl_sample_consensus;pcl_filters;pcl_io;pcl_features;pcl_ml;pcl_segmentation;pcl_visualization;pcl_surface;pcl_registration;pcl_keypoints;pcl_tracking;pcl_recognition;pcl_stereo;pcl_apps;pcl_outofcore;pcl_people;Boost::system;Boost::filesystem;Boost::date_time;Boost::iostreams;Boost::serialization;/usr/lib/libOpenNI.so;libusb::libusb;/usr/lib/x86_64-linux-gnu/libOpenNI2.so;libusb::libusb;VTK::ChartsCore;VTK::CommonColor;VTK::CommonComputationalGeometry;VTK::CommonCore;VTK::CommonDataModel;VTK::CommonExecutionModel;VTK::CommonMath;VTK::CommonMisc;VTK::CommonTransforms;VTK::FiltersCore;VTK::FiltersExtraction;VTK::FiltersGeneral;VTK::FiltersGeometry;VTK::FiltersModeling;VTK::FiltersSources;VTK::ImagingCore;VTK::ImagingSources;VTK::InteractionImage;VTK::InteractionStyle;VTK::InteractionWidgets;VTK::IOCore;VTK::IOGeometry;VTK::IOImage;VTK::IOLegacy;VTK::IOPLY;VTK::RenderingAnnotation;VTK::RenderingCore;VTK::RenderingContext2D;VTK::RenderingLOD;VTK::RenderingFreeType;VTK::ViewsCore;VTK::ViewsContext2D;VTK::RenderingOpenGL2;VTK::GUISupportQt;FLANN::FLANN;QHULL::QHULL  
[7.133s] -- Found rclcpp: 16.0.18 (/opt/ros/humble/share/rclcpp/cmake)
[7.452s] -- Found rosidl_generator_c: 3.1.8 (/opt/ros/humble/share/rosidl_generator_c/cmake)
[7.503s] -- Found rosidl_adapter: 3.1.8 (/opt/ros/humble/share/rosidl_adapter/cmake)
[7.601s] -- Found rosidl_generator_cpp: 3.1.8 (/opt/ros/humble/share/rosidl_generator_cpp/cmake)
[7.716s] -- Using all available rosidl_typesupport_c: rosidl_typesupport_fastrtps_c;rosidl_typesupport_introspection_c
[7.866s] -- Using all available rosidl_typesupport_cpp: rosidl_typesupport_fastrtps_cpp;rosidl_typesupport_introspection_cpp
[8.207s] -- Found rmw_implementation_cmake: 6.1.2 (/opt/ros/humble/share/rmw_implementation_cmake/cmake)
[8.232s] -- Found rmw_cyclonedds_cpp: 1.3.4 (/opt/ros/humble/share/rmw_cyclonedds_cpp/cmake)
[8.392s] -- Using RMW implementation 'rmw_cyclonedds_cpp' as default
[8.930s] -- Found rviz_common: 11.2.25 (/opt/ros/humble/share/rviz_common/cmake)
[8.966s] -- Setting assimp_DIR to: '/opt/ros/humble/share/rviz_assimp_vendor/cmake/../../../opt/rviz_assimp_vendor/lib/cmake/assimp-4.1'
[9.035s] -- Setting OGRE_DIR to: '/opt/ros/humble/share/rviz_ogre_vendor/cmake/../../../opt/rviz_ogre_vendor/lib/OGRE/cmake'
[9.045s] -- Found OGRE
[9.045s] --   static     : OFF
[9.045s] --   components : HLMS;MeshLodGenerator;Overlay;Paging;Property;RTShaderSystem;Terrain;Volume
[9.046s] --   plugins    : Plugin_BSPSceneManager;Plugin_OctreeSceneManager;Plugin_PCZSceneManager;Plugin_ParticleFX;RenderSystem_GL;RenderSystem_GL3Plus;Codec_STBI
[9.046s] --   media      : /opt/ros/humble/opt/rviz_ogre_vendor/share/OGRE/Media
[9.046s] -- OGRE_LIBRARIES: OgreHLMS;OgreMeshLodGenerator;OgreOverlay;OgrePaging;OgreProperty;OgreRTShaderSystem;OgreTerrain;OgreVolume;OgreMain
[9.046s] -- OGRE_LIBRARY_DIRS: /opt/ros/humble/opt/rviz_ogre_vendor/lib
[9.046s] -- OGRE_PLUGINS: Plugin_BSPSceneManager;Plugin_OctreeSceneManager;Plugin_PCZSceneManager;Plugin_ParticleFX;RenderSystem_GL;RenderSystem_GL3Plus;Codec_STBI
[9.046s] -- OGRE_PLUGIN_DIR: /opt/ros/humble/opt/rviz_ogre_vendor/lib/OGRE
[9.046s] -- rviz_ogre_vendor::OgreOverlay for IMPORTED_LOCATION_RELEASE: /opt/ros/humble/opt/rviz_ogre_vendor/lib/libOgreOverlay.so
[9.047s] -- rviz_ogre_vendor::OgreOverlay for IMPORTED_LOCATION_DEBUG: /opt/ros/humble/opt/rviz_ogre_vendor/lib/libOgreOverlay.so
[9.052s] -- rviz_ogre_vendor::OgreMain for IMPORTED_LOCATION_RELEASE: /opt/ros/humble/opt/rviz_ogre_vendor/lib/libOgreMain.so
[9.052s] -- rviz_ogre_vendor::OgreMain for IMPORTED_LOCATION_DEBUG: /opt/ros/humble/opt/rviz_ogre_vendor/lib/libOgreMain.so
[9.119s] -- Found OpenGL: /usr/lib/x86_64-linux-gnu/libOpenGL.so   
[9.640s] -- library: /usr/lib/x86_64-linux-gnu/libcurl.so
[10.069s] -- Found Eigen3: TRUE (found version "3.4.0") 
[10.069s] -- Ensuring Eigen3 include directory is part of orocos-kdl CMake target
[10.604s] -- Found rviz_default_plugins: 11.2.25 (/opt/ros/humble/share/rviz_default_plugins/cmake)
[11.277s] -- Found decomp_ros_msgs: 0.0.0 (/home/lorenzo/code/dynus_lite/dynus_lite_ws/install/decomp_ros_msgs/share/decomp_ros_msgs/cmake)
[11.422s] -- Found pcl_conversions: 2.4.5 (/opt/ros/humble/share/pcl_conversions/cmake)
[11.780s] -- Configuring done
[12.129s] -- Generating done
[12.216s] -- Build files have been written to: /home/lorenzo/code/dynus_lite/dynus_lite_ws/build/decomp_rviz_plugins
[12.325s] Invoked command in '/home/lorenzo/code/dynus_lite/dynus_lite_ws/build/decomp_rviz_plugins' returned '0': CMAKE_PREFIX_PATH=/home/lorenzo/code/dynus_lite/dynus_lite_ws/install/decomp_ros_msgs:/home/lorenzo/code/dynus_lite/dynus_lite_ws/install/livox_ros_driver2:/home/lorenzo/code/dynus_lite/dynus_lite_ws/install/snapstack_msgs2:/home/lorenzo/code/dynus_lite/dynus_lite_ws/install/decomp_util:/opt/openrobots:/opt/ros/humble LD_LIBRARY_PATH=/home/lorenzo/code/dynus_lite/dynus_lite_ws/install/decomp_ros_msgs/lib:/home/lorenzo/code/dynus_lite/dynus_lite_ws/install/livox_ros_driver2/lib:/home/lorenzo/code/dynus_lite/dynus_lite_ws/install/snapstack_msgs2/lib:/opt/gurobi1103/linux64/lib:/usr/lib/x86_64-linux-gnu/gazebo-11/plugins:/opt/ros/humble/opt/rviz_ogre_vendor/lib:/opt/ros/humble/lib/x86_64-linux-gnu:/home/lorenzo/code/decomp_ws/install/decomp_ros_msgs/lib:/opt/ros/humble/lib:/home/lorenzo/code/livox_ws/install/livox_ros_driver2/lib:/opt/gurobi1103/linux64/lib /usr/bin/cmake /home/lorenzo/code/dynus_lite/dynus_lite_ws/src/DecompROS2/decomp_rviz_plugins -DCMAKE_INSTALL_PREFIX=/home/lorenzo/code/dynus_lite/dynus_lite_ws/install/decomp_rviz_plugins
[12.325s] Invoking command in '/home/lorenzo/code/dynus_lite/dynus_lite_ws/build/decomp_rviz_plugins': CMAKE_PREFIX_PATH=/home/lorenzo/code/dynus_lite/dynus_lite_ws/install/decomp_ros_msgs:/home/lorenzo/code/dynus_lite/dynus_lite_ws/install/livox_ros_driver2:/home/lorenzo/code/dynus_lite/dynus_lite_ws/install/snapstack_msgs2:/home/lorenzo/code/dynus_lite/dynus_lite_ws/install/decomp_util:/opt/openrobots:/opt/ros/humble LD_LIBRARY_PATH=/home/lorenzo/code/dynus_lite/dynus_lite_ws/install/decomp_ros_msgs/lib:/home/lorenzo/code/dynus_lite/dynus_lite_ws/install/livox_ros_driver2/lib:/home/lorenzo/code/dynus_lite/dynus_lite_ws/install/snapstack_msgs2/lib:/opt/gurobi1103/linux64/lib:/usr/lib/x86_64-linux-gnu/gazebo-11/plugins:/opt/ros/humble/opt/rviz_ogre_vendor/lib:/opt/ros/humble/lib/x86_64-linux-gnu:/home/lorenzo/code/decomp_ws/install/decomp_ros_msgs/lib:/opt/ros/humble/lib:/home/lorenzo/code/livox_ws/install/livox_ros_driver2/lib:/opt/gurobi1103/linux64/lib /usr/bin/cmake --build /home/lorenzo/code/dynus_lite/dynus_lite_ws/build/decomp_rviz_plugins -- -j8 -l8
[12.767s] [ 10%] [34m[1mAutomatic MOC for target decomp_rviz_plugins[0m
[12.768s] [ 10%] Built target decomp_rviz_plugins_autogen
[12.768s] [ 20%] [32mBuilding CXX object CMakeFiles/decomp_rviz_plugins.dir/decomp_rviz_plugins_autogen/mocs_compilation.cpp.o[0m
[12.768s] [ 30%] [32mBuilding CXX object CMakeFiles/decomp_rviz_plugins.dir/src/bound_visual.cpp.o[0m
[12.768s] [ 40%] [32mBuilding CXX object CMakeFiles/decomp_rviz_plugins.dir/src/mesh_shape.cpp.o[0m
[12.796s] [ 50%] [32mBuilding CXX object CMakeFiles/decomp_rviz_plugins.dir/src/polyhedron_array_display.cpp.o[0m
[68.048s] [ 60%] [32mBuilding CXX object CMakeFiles/decomp_rviz_plugins.dir/src/ellipsoid_array_display.cpp.o[0m
[96.822s] [ 70%] [32mBuilding CXX object CMakeFiles/decomp_rviz_plugins.dir/src/ellipsoid_array_visual.cpp.o[0m
[101.990s] [ 80%] [32mBuilding CXX object CMakeFiles/decomp_rviz_plugins.dir/src/vector_visual.cpp.o[0m
[101.991s] [ 90%] [32mBuilding CXX object CMakeFiles/decomp_rviz_plugins.dir/src/mesh_visual.cpp.o[0m
[108.383s] [100%] [32m[1mLinking CXX shared library libdecomp_rviz_plugins.so[0m
[111.462s] [100%] Built target decomp_rviz_plugins
[111.474s] Invoked command in '/home/lorenzo/code/dynus_lite/dynus_lite_ws/build/decomp_rviz_plugins' returned '0': CMAKE_PREFIX_PATH=/home/lorenzo/code/dynus_lite/dynus_lite_ws/install/decomp_ros_msgs:/home/lorenzo/code/dynus_lite/dynus_lite_ws/install/livox_ros_driver2:/home/lorenzo/code/dynus_lite/dynus_lite_ws/install/snapstack_msgs2:/home/lorenzo/code/dynus_lite/dynus_lite_ws/install/decomp_util:/opt/openrobots:/opt/ros/humble LD_LIBRARY_PATH=/home/lorenzo/code/dynus_lite/dynus_lite_ws/install/decomp_ros_msgs/lib:/home/lorenzo/code/dynus_lite/dynus_lite_ws/install/livox_ros_driver2/lib:/home/lorenzo/code/dynus_lite/dynus_lite_ws/install/snapstack_msgs2/lib:/opt/gurobi1103/linux64/lib:/usr/lib/x86_64-linux-gnu/gazebo-11/plugins:/opt/ros/humble/opt/rviz_ogre_vendor/lib:/opt/ros/humble/lib/x86_64-linux-gnu:/home/lorenzo/code/decomp_ws/install/decomp_ros_msgs/lib:/opt/ros/humble/lib:/home/lorenzo/code/livox_ws/install/livox_ros_driver2/lib:/opt/gurobi1103/linux64/lib /usr/bin/cmake --build /home/lorenzo/code/dynus_lite/dynus_lite_ws/build/decomp_rviz_plugins -- -j8 -l8
[111.476s] Invoking command in '/home/lorenzo/code/dynus_lite/dynus_lite_ws/build/decomp_rviz_plugins': CMAKE_PREFIX_PATH=/home/lorenzo/code/dynus_lite/dynus_lite_ws/install/decomp_ros_msgs:/home/lorenzo/code/dynus_lite/dynus_lite_ws/install/livox_ros_driver2:/home/lorenzo/code/dynus_lite/dynus_lite_ws/install/snapstack_msgs2:/home/lorenzo/code/dynus_lite/dynus_lite_ws/install/decomp_util:/opt/openrobots:/opt/ros/humble LD_LIBRARY_PATH=/home/lorenzo/code/dynus_lite/dynus_lite_ws/install/decomp_ros_msgs/lib:/home/lorenzo/code/dynus_lite/dynus_lite_ws/install/livox_ros_driver2/lib:/home/lorenzo/code/dynus_lite/dynus_lite_ws/install/snapstack_msgs2/lib:/opt/gurobi1103/linux64/lib:/usr/lib/x86_64-linux-gnu/gazebo-11/plugins:/opt/ros/humble/opt/rviz_ogre_vendor/lib:/opt/ros/humble/lib/x86_64-linux-gnu:/home/lorenzo/code/decomp_ws/install/decomp_ros_msgs/lib:/opt/ros/humble/lib:/home/lorenzo/code/livox_ws/install/livox_ros_driver2/lib:/opt/gurobi1103/linux64/lib /usr/bin/cmake --install /home/lorenzo/code/dynus_lite/dynus_lite_ws/build/decomp_rviz_plugins
[111.482s] -- Install configuration: ""
[111.482s] -- Installing: /home/lorenzo/code/dynus_lite/dynus_lite_ws/install/decomp_rviz_plugins/share/decomp_rviz_plugins/plugin_description.xml
[111.483s] -- Installing: /home/lorenzo/code/dynus_lite/dynus_lite_ws/install/decomp_rviz_plugins/share/decomp_rviz_plugins/environment/library_path.sh
[111.483s] -- Installing: /home/lorenzo/code/dynus_lite/dynus_lite_ws/install/decomp_rviz_plugins/share/decomp_rviz_plugins/environment/library_path.dsv
[111.483s] -- Installing: /home/lorenzo/code/dynus_lite/dynus_lite_ws/install/decomp_rviz_plugins/lib/libdecomp_rviz_plugins.so
[111.491s] -- Set runtime path of "/home/lorenzo/code/dynus_lite/dynus_lite_ws/install/decomp_rviz_plugins/lib/libdecomp_rviz_plugins.so" to ""
[111.492s] -- Installing: /home/lorenzo/code/dynus_lite/dynus_lite_ws/install/decomp_rviz_plugins/share/decomp_rviz_plugins/icons
[111.492s] -- Installing: /home/lorenzo/code/dynus_lite/dynus_lite_ws/install/decomp_rviz_plugins/share/decomp_rviz_plugins/icons/classes
[111.492s] -- Installing: /home/lorenzo/code/dynus_lite/dynus_lite_ws/install/decomp_rviz_plugins/share/decomp_rviz_plugins/icons/classes/EllipsoidArray.png
[111.492s] -- Installing: /home/lorenzo/code/dynus_lite/dynus_lite_ws/install/decomp_rviz_plugins/share/decomp_rviz_plugins/icons/classes/PolyhedronArray.png
[111.492s] -- Installing: /home/lorenzo/code/dynus_lite/dynus_lite_ws/install/decomp_rviz_plugins/include/decomp_rviz_plugins
[111.492s] -- Installing: /home/lorenzo/code/dynus_lite/dynus_lite_ws/install/decomp_rviz_plugins/include/decomp_rviz_plugins/decomp_rviz_plugins
[111.492s] -- Installing: /home/lorenzo/code/dynus_lite/dynus_lite_ws/install/decomp_rviz_plugins/include/decomp_rviz_plugins/decomp_rviz_plugins/ellipsoid_array_display.hpp
[111.492s] -- Installing: /home/lorenzo/code/dynus_lite/dynus_lite_ws/install/decomp_rviz_plugins/include/decomp_rviz_plugins/decomp_rviz_plugins/data_ros_utils.hpp
[111.493s] -- Installing: /home/lorenzo/code/dynus_lite/dynus_lite_ws/install/decomp_rviz_plugins/include/decomp_rviz_plugins/decomp_rviz_plugins/mesh_shape.hpp
[111.493s] -- Installing: /home/lorenzo/code/dynus_lite/dynus_lite_ws/install/decomp_rviz_plugins/include/decomp_rviz_plugins/decomp_rviz_plugins/ellipsoid_array_visual.hpp
[111.493s] -- Installing: /home/lorenzo/code/dynus_lite/dynus_lite_ws/install/decomp_rviz_plugins/include/decomp_rviz_plugins/decomp_rviz_plugins/mesh_visual.hpp
[111.493s] -- Installing: /home/lorenzo/code/dynus_lite/dynus_lite_ws/install/decomp_rviz_plugins/include/decomp_rviz_plugins/decomp_rviz_plugins/polyhedron_array_display.hpp
[111.493s] -- Installing: /home/lorenzo/code/dynus_lite/dynus_lite_ws/install/decomp_rviz_plugins/include/decomp_rviz_plugins/decomp_rviz_plugins/bound_visual.hpp
[111.493s] -- Installing: /home/lorenzo/code/dynus_lite/dynus_lite_ws/install/decomp_rviz_plugins/include/decomp_rviz_plugins/decomp_rviz_plugins/vector_visual.hpp
[111.493s] -- Installing: /home/lorenzo/code/dynus_lite/dynus_lite_ws/install/decomp_rviz_plugins/share/ament_index/resource_index/package_run_dependencies/decomp_rviz_plugins
[111.493s] -- Installing: /home/lorenzo/code/dynus_lite/dynus_lite_ws/install/decomp_rviz_plugins/share/ament_index/resource_index/parent_prefix_path/decomp_rviz_plugins
[111.493s] -- Installing: /home/lorenzo/code/dynus_lite/dynus_lite_ws/install/decomp_rviz_plugins/share/decomp_rviz_plugins/environment/ament_prefix_path.sh
[111.494s] -- Installing: /home/lorenzo/code/dynus_lite/dynus_lite_ws/install/decomp_rviz_plugins/share/decomp_rviz_plugins/environment/ament_prefix_path.dsv
[111.494s] -- Installing: /home/lorenzo/code/dynus_lite/dynus_lite_ws/install/decomp_rviz_plugins/share/decomp_rviz_plugins/environment/path.sh
[111.494s] -- Installing: /home/lorenzo/code/dynus_lite/dynus_lite_ws/install/decomp_rviz_plugins/share/decomp_rviz_plugins/environment/path.dsv
[111.494s] -- Installing: /home/lorenzo/code/dynus_lite/dynus_lite_ws/install/decomp_rviz_plugins/share/decomp_rviz_plugins/local_setup.bash
[111.494s] -- Installing: /home/lorenzo/code/dynus_lite/dynus_lite_ws/install/decomp_rviz_plugins/share/decomp_rviz_plugins/local_setup.sh
[111.494s] -- Installing: /home/lorenzo/code/dynus_lite/dynus_lite_ws/install/decomp_rviz_plugins/share/decomp_rviz_plugins/local_setup.zsh
[111.494s] -- Installing: /home/lorenzo/code/dynus_lite/dynus_lite_ws/install/decomp_rviz_plugins/share/decomp_rviz_plugins/local_setup.dsv
[111.494s] -- Installing: /home/lorenzo/code/dynus_lite/dynus_lite_ws/install/decomp_rviz_plugins/share/decomp_rviz_plugins/package.dsv
[111.494s] -- Installing: /home/lorenzo/code/dynus_lite/dynus_lite_ws/install/decomp_rviz_plugins/share/ament_index/resource_index/packages/decomp_rviz_plugins
[111.495s] -- Installing: /home/lorenzo/code/dynus_lite/dynus_lite_ws/install/decomp_rviz_plugins/share/ament_index/resource_index/rviz_common__pluginlib__plugin/decomp_rviz_plugins
[111.495s] -- Installing: /home/lorenzo/code/dynus_lite/dynus_lite_ws/install/decomp_rviz_plugins/share/decomp_rviz_plugins/cmake/decomp_rviz_pluginsExport.cmake
[111.495s] -- Installing: /home/lorenzo/code/dynus_lite/dynus_lite_ws/install/decomp_rviz_plugins/share/decomp_rviz_plugins/cmake/decomp_rviz_pluginsExport-noconfig.cmake
[111.495s] -- Installing: /home/lorenzo/code/dynus_lite/dynus_lite_ws/install/decomp_rviz_plugins/share/decomp_rviz_plugins/cmake/ament_cmake_export_include_directories-extras.cmake
[111.495s] -- Installing: /home/lorenzo/code/dynus_lite/dynus_lite_ws/install/decomp_rviz_plugins/share/decomp_rviz_plugins/cmake/ament_cmake_export_targets-extras.cmake
[111.495s] -- Installing: /home/lorenzo/code/dynus_lite/dynus_lite_ws/install/decomp_rviz_plugins/share/decomp_rviz_plugins/cmake/ament_cmake_export_dependencies-extras.cmake
[111.495s] -- Installing: /home/lorenzo/code/dynus_lite/dynus_lite_ws/install/decomp_rviz_plugins/share/decomp_rviz_plugins/cmake/decomp_rviz_pluginsConfig.cmake
[111.495s] -- Installing: /home/lorenzo/code/dynus_lite/dynus_lite_ws/install/decomp_rviz_plugins/share/decomp_rviz_plugins/cmake/decomp_rviz_pluginsConfig-version.cmake
[111.495s] -- Installing: /home/lorenzo/code/dynus_lite/dynus_lite_ws/install/decomp_rviz_plugins/share/decomp_rviz_plugins/package.xml
[111.498s] Invoked command in '/home/lorenzo/code/dynus_lite/dynus_lite_ws/build/decomp_rviz_plugins' returned '0': CMAKE_PREFIX_PATH=/home/lorenzo/code/dynus_lite/dynus_lite_ws/install/decomp_ros_msgs:/home/lorenzo/code/dynus_lite/dynus_lite_ws/install/livox_ros_driver2:/home/lorenzo/code/dynus_lite/dynus_lite_ws/install/snapstack_msgs2:/home/lorenzo/code/dynus_lite/dynus_lite_ws/install/decomp_util:/opt/openrobots:/opt/ros/humble LD_LIBRARY_PATH=/home/lorenzo/code/dynus_lite/dynus_lite_ws/install/decomp_ros_msgs/lib:/home/lorenzo/code/dynus_lite/dynus_lite_ws/install/livox_ros_driver2/lib:/home/lorenzo/code/dynus_lite/dynus_lite_ws/install/snapstack_msgs2/lib:/opt/gurobi1103/linux64/lib:/usr/lib/x86_64-linux-gnu/gazebo-11/plugins:/opt/ros/humble/opt/rviz_ogre_vendor/lib:/opt/ros/humble/lib/x86_64-linux-gnu:/home/lorenzo/code/decomp_ws/install/decomp_ros_msgs/lib:/opt/ros/humble/lib:/home/lorenzo/code/livox_ws/install/livox_ros_driver2/lib:/opt/gurobi1103/linux64/lib /usr/bin/cmake --install /home/lorenzo/code/dynus_lite/dynus_lite_ws/build/decomp_rviz_plugins
