/home/lorenzo/code/dynus_lite/dynus_lite_ws/install/ros2_px4_stack/lib/python3.10/site-packages/ros2_px4_stack/__init__.py
/home/lorenzo/code/dynus_lite/dynus_lite_ws/install/ros2_px4_stack/lib/python3.10/site-packages/ros2_px4_stack/src/track_gen_traj.py
/home/lorenzo/code/dynus_lite/dynus_lite_ws/install/ros2_px4_stack/lib/python3.10/site-packages/ros2_px4_stack/src/__init__.py
/home/lorenzo/code/dynus_lite/dynus_lite_ws/install/ros2_px4_stack/lib/python3.10/site-packages/ros2_px4_stack/src/trajgen_offboard_node.py
/home/lorenzo/code/dynus_lite/dynus_lite_ws/install/ros2_px4_stack/lib/python3.10/site-packages/ros2_px4_stack/src/base_mavros_interface.py
/home/lorenzo/code/dynus_lite/dynus_lite_ws/install/ros2_px4_stack/lib/python3.10/site-packages/ros2_px4_stack/src/dynus_offboard_node.py
/home/lorenzo/code/dynus_lite/dynus_lite_ws/install/ros2_px4_stack/lib/python3.10/site-packages/ros2_px4_stack/src/track_dynus_traj.py
/home/lorenzo/code/dynus_lite/dynus_lite_ws/install/ros2_px4_stack/lib/python3.10/site-packages/ros2_px4_stack/transforms/__init__.py
/home/lorenzo/code/dynus_lite/dynus_lite_ws/install/ros2_px4_stack/lib/python3.10/site-packages/ros2_px4_stack/transforms/get_init_pose.py
/home/lorenzo/code/dynus_lite/dynus_lite_ws/install/ros2_px4_stack/lib/python3.10/site-packages/ros2_px4_stack/transforms/mocap_to_livox_frame.py
/home/lorenzo/code/dynus_lite/dynus_lite_ws/install/ros2_px4_stack/lib/python3.10/site-packages/ros2_px4_stack/transforms/repub_odom.py
/home/lorenzo/code/dynus_lite/dynus_lite_ws/install/ros2_px4_stack/lib/python3.10/site-packages/ros2_px4_stack/trajectories/__init__.py
/home/lorenzo/code/dynus_lite/dynus_lite_ws/install/ros2_px4_stack/lib/python3.10/site-packages/ros2_px4_stack/trajectories/there_and_back.py
/home/lorenzo/code/dynus_lite/dynus_lite_ws/install/ros2_px4_stack/lib/python3.10/site-packages/ros2_px4_stack/__pycache__/__init__.cpython-310.pyc
/home/lorenzo/code/dynus_lite/dynus_lite_ws/install/ros2_px4_stack/lib/python3.10/site-packages/ros2_px4_stack/src/__pycache__/track_gen_traj.cpython-310.pyc
/home/lorenzo/code/dynus_lite/dynus_lite_ws/install/ros2_px4_stack/lib/python3.10/site-packages/ros2_px4_stack/src/__pycache__/__init__.cpython-310.pyc
/home/lorenzo/code/dynus_lite/dynus_lite_ws/install/ros2_px4_stack/lib/python3.10/site-packages/ros2_px4_stack/src/__pycache__/trajgen_offboard_node.cpython-310.pyc
/home/lorenzo/code/dynus_lite/dynus_lite_ws/install/ros2_px4_stack/lib/python3.10/site-packages/ros2_px4_stack/src/__pycache__/base_mavros_interface.cpython-310.pyc
/home/lorenzo/code/dynus_lite/dynus_lite_ws/install/ros2_px4_stack/lib/python3.10/site-packages/ros2_px4_stack/src/__pycache__/dynus_offboard_node.cpython-310.pyc
/home/lorenzo/code/dynus_lite/dynus_lite_ws/install/ros2_px4_stack/lib/python3.10/site-packages/ros2_px4_stack/src/__pycache__/track_dynus_traj.cpython-310.pyc
/home/lorenzo/code/dynus_lite/dynus_lite_ws/install/ros2_px4_stack/lib/python3.10/site-packages/ros2_px4_stack/transforms/__pycache__/__init__.cpython-310.pyc
/home/lorenzo/code/dynus_lite/dynus_lite_ws/install/ros2_px4_stack/lib/python3.10/site-packages/ros2_px4_stack/transforms/__pycache__/get_init_pose.cpython-310.pyc
/home/lorenzo/code/dynus_lite/dynus_lite_ws/install/ros2_px4_stack/lib/python3.10/site-packages/ros2_px4_stack/transforms/__pycache__/mocap_to_livox_frame.cpython-310.pyc
/home/lorenzo/code/dynus_lite/dynus_lite_ws/install/ros2_px4_stack/lib/python3.10/site-packages/ros2_px4_stack/transforms/__pycache__/repub_odom.cpython-310.pyc
/home/lorenzo/code/dynus_lite/dynus_lite_ws/install/ros2_px4_stack/lib/python3.10/site-packages/ros2_px4_stack/trajectories/__pycache__/__init__.cpython-310.pyc
/home/lorenzo/code/dynus_lite/dynus_lite_ws/install/ros2_px4_stack/lib/python3.10/site-packages/ros2_px4_stack/trajectories/__pycache__/there_and_back.cpython-310.pyc
/home/lorenzo/code/dynus_lite/dynus_lite_ws/install/ros2_px4_stack/share/ament_index/resource_index/packages/ros2_px4_stack
/home/lorenzo/code/dynus_lite/dynus_lite_ws/install/ros2_px4_stack/share/ros2_px4_stack/package.xml
/home/lorenzo/code/dynus_lite/dynus_lite_ws/install/ros2_px4_stack/share/ros2_px4_stack/launch/dynus_mavros.launch.py
/home/lorenzo/code/dynus_lite/dynus_lite_ws/install/ros2_px4_stack/share/ros2_px4_stack/launch/offboard_gen_traj.launch.py
/home/lorenzo/code/dynus_lite/dynus_lite_ws/install/ros2_px4_stack/lib/python3.10/site-packages/ros2_px4_stack-0.0.0-py3.10.egg-info/requires.txt
/home/lorenzo/code/dynus_lite/dynus_lite_ws/install/ros2_px4_stack/lib/python3.10/site-packages/ros2_px4_stack-0.0.0-py3.10.egg-info/top_level.txt
/home/lorenzo/code/dynus_lite/dynus_lite_ws/install/ros2_px4_stack/lib/python3.10/site-packages/ros2_px4_stack-0.0.0-py3.10.egg-info/SOURCES.txt
/home/lorenzo/code/dynus_lite/dynus_lite_ws/install/ros2_px4_stack/lib/python3.10/site-packages/ros2_px4_stack-0.0.0-py3.10.egg-info/entry_points.txt
/home/lorenzo/code/dynus_lite/dynus_lite_ws/install/ros2_px4_stack/lib/python3.10/site-packages/ros2_px4_stack-0.0.0-py3.10.egg-info/dependency_links.txt
/home/lorenzo/code/dynus_lite/dynus_lite_ws/install/ros2_px4_stack/lib/python3.10/site-packages/ros2_px4_stack-0.0.0-py3.10.egg-info/zip-safe
/home/lorenzo/code/dynus_lite/dynus_lite_ws/install/ros2_px4_stack/lib/python3.10/site-packages/ros2_px4_stack-0.0.0-py3.10.egg-info/PKG-INFO
/home/lorenzo/code/dynus_lite/dynus_lite_ws/install/ros2_px4_stack/lib/ros2_px4_stack/base_mavros_interface
/home/lorenzo/code/dynus_lite/dynus_lite_ws/install/ros2_px4_stack/lib/ros2_px4_stack/dynus_offboard_node
/home/lorenzo/code/dynus_lite/dynus_lite_ws/install/ros2_px4_stack/lib/ros2_px4_stack/get_init_pose
/home/lorenzo/code/dynus_lite/dynus_lite_ws/install/ros2_px4_stack/lib/ros2_px4_stack/mocap_to_livox_frame
/home/lorenzo/code/dynus_lite/dynus_lite_ws/install/ros2_px4_stack/lib/ros2_px4_stack/repub_odom
/home/lorenzo/code/dynus_lite/dynus_lite_ws/install/ros2_px4_stack/lib/ros2_px4_stack/there_and_back
/home/lorenzo/code/dynus_lite/dynus_lite_ws/install/ros2_px4_stack/lib/ros2_px4_stack/track_dynus_traj
/home/lorenzo/code/dynus_lite/dynus_lite_ws/install/ros2_px4_stack/lib/ros2_px4_stack/track_gen_traj
/home/lorenzo/code/dynus_lite/dynus_lite_ws/install/ros2_px4_stack/lib/ros2_px4_stack/trajgen_offboard_node
