-- The C compiler identification is GNU 11.4.0
-- The CXX compiler identification is GNU 12.3.0
-- Detecting C compiler ABI info
-- Detecting C compiler ABI info - done
-- Check for working C compiler: /usr/bin/cc - skipped
-- Detecting C compile features
-- Detecting C compile features - done
-- Detecting CXX compiler ABI info
-- Detecting CXX compiler ABI info - done
-- Check for working CXX compiler: /usr/bin/c++ - skipped
-- Detecting CXX compile features
-- Detecting CXX compile features - done
-- Found geometry_msgs: 4.9.1 (/opt/ros/humble/share/geometry_msgs/cmake)
-- Found Python3: /usr/bin/python3 (found version "3.10.12") found components: Interpreter 
-- Found rosidl_generator_c: 3.1.8 (/opt/ros/humble/share/rosidl_generator_c/cmake)
-- Found rosidl_adapter: 3.1.8 (/opt/ros/humble/share/rosidl_adapter/cmake)
-- Found rosidl_generator_cpp: 3.1.8 (/opt/ros/humble/share/rosidl_generator_cpp/cmake)
-- Using all available rosidl_typesupport_c: rosidl_typesupport_fastrtps_c;rosidl_typesupport_introspection_c
-- Using all available rosidl_typesupport_cpp: rosidl_typesupport_fastrtps_cpp;rosidl_typesupport_introspection_cpp
-- Found rosidl_default_generators: 1.2.0 (/opt/ros/humble/share/rosidl_default_generators/cmake)
-- Found ament_cmake_ros: 0.10.0 (/opt/ros/humble/share/ament_cmake_ros/cmake)
-- Using all available rosidl_typesupport_c: rosidl_typesupport_fastrtps_c;rosidl_typesupport_introspection_c
-- Using all available rosidl_typesupport_cpp: rosidl_typesupport_fastrtps_cpp;rosidl_typesupport_introspection_cpp
-- Found PythonInterp: /usr/bin/python3 (found suitable version "3.10.12", minimum required is "3.6") 
-- Found python_cmake_module: 0.10.0 (/opt/ros/humble/share/python_cmake_module/cmake)
-- Found PythonLibs: /usr/lib/x86_64-linux-gnu/libpython3.10.so (found suitable version "3.10.12", minimum required is "3.5") 
-- Using PYTHON_EXECUTABLE: /usr/bin/python3
-- Using PYTHON_INCLUDE_DIRS: /usr/include/python3.10
-- Using PYTHON_LIBRARIES: /usr/lib/x86_64-linux-gnu/libpython3.10.so
-- Found PythonExtra: .so  
-- Configuring done
-- Generating done
-- Build files have been written to: /home/lorenzo/code/dynus_lite/dynus_lite_ws/build/decomp_ros_msgs
[  1%] [34m[1mGenerating C++ code for ROS interfaces[0m
[  1%] Built target decomp_ros_msgs__cpp
[  1%] Built target ament_cmake_python_copy_decomp_ros_msgs
[  3%] [34m[1mGenerating C++ introspection for ROS interfaces[0m
[  5%] [32mBuilding CXX object CMakeFiles/decomp_ros_msgs__rosidl_typesupport_introspection_cpp.dir/rosidl_typesupport_introspection_cpp/decomp_ros_msgs/msg/detail/ellipsoid__type_support.cpp.o[0m
[  7%] [32mBuilding CXX object CMakeFiles/decomp_ros_msgs__rosidl_typesupport_introspection_cpp.dir/rosidl_typesupport_introspection_cpp/decomp_ros_msgs/msg/detail/polyhedron_array__type_support.cpp.o[0m
[  9%] [32mBuilding CXX object CMakeFiles/decomp_ros_msgs__rosidl_typesupport_introspection_cpp.dir/rosidl_typesupport_introspection_cpp/decomp_ros_msgs/msg/detail/polyhedron__type_support.cpp.o[0m
[ 10%] [32mBuilding CXX object CMakeFiles/decomp_ros_msgs__rosidl_typesupport_introspection_cpp.dir/rosidl_typesupport_introspection_cpp/decomp_ros_msgs/msg/detail/ellipsoid_array__type_support.cpp.o[0m
[ 12%] [32m[1mLinking CXX shared library libdecomp_ros_msgs__rosidl_typesupport_introspection_cpp.so[0m
[ 12%] Built target decomp_ros_msgs__rosidl_typesupport_introspection_cpp
running egg_info
creating decomp_ros_msgs.egg-info
writing decomp_ros_msgs.egg-info/PKG-INFO
writing dependency_links to decomp_ros_msgs.egg-info/dependency_links.txt
writing top-level names to decomp_ros_msgs.egg-info/top_level.txt
writing manifest file 'decomp_ros_msgs.egg-info/SOURCES.txt'
reading manifest file 'decomp_ros_msgs.egg-info/SOURCES.txt'
writing manifest file 'decomp_ros_msgs.egg-info/SOURCES.txt'
[ 12%] Built target ament_cmake_python_build_decomp_ros_msgs_egg
[ 14%] [34m[1mGenerating C++ type support for eProsima Fast-RTPS[0m
[ 16%] [32mBuilding CXX object CMakeFiles/decomp_ros_msgs__rosidl_typesupport_fastrtps_cpp.dir/rosidl_typesupport_fastrtps_cpp/decomp_ros_msgs/msg/detail/dds_fastrtps/ellipsoid__type_support.cpp.o[0m
[ 18%] [32mBuilding CXX object CMakeFiles/decomp_ros_msgs__rosidl_typesupport_fastrtps_cpp.dir/rosidl_typesupport_fastrtps_cpp/decomp_ros_msgs/msg/detail/dds_fastrtps/polyhedron_array__type_support.cpp.o[0m
[ 20%] [32mBuilding CXX object CMakeFiles/decomp_ros_msgs__rosidl_typesupport_fastrtps_cpp.dir/rosidl_typesupport_fastrtps_cpp/decomp_ros_msgs/msg/detail/dds_fastrtps/polyhedron__type_support.cpp.o[0m
[ 21%] [32mBuilding CXX object CMakeFiles/decomp_ros_msgs__rosidl_typesupport_fastrtps_cpp.dir/rosidl_typesupport_fastrtps_cpp/decomp_ros_msgs/msg/detail/dds_fastrtps/ellipsoid_array__type_support.cpp.o[0m
[ 23%] [32m[1mLinking CXX shared library libdecomp_ros_msgs__rosidl_typesupport_fastrtps_cpp.so[0m
[ 23%] Built target decomp_ros_msgs__rosidl_typesupport_fastrtps_cpp
[ 25%] [34m[1mGenerating C++ type support dispatch for ROS interfaces[0m
[ 27%] [32mBuilding CXX object CMakeFiles/decomp_ros_msgs__rosidl_typesupport_cpp.dir/rosidl_typesupport_cpp/decomp_ros_msgs/msg/ellipsoid__type_support.cpp.o[0m
[ 29%] [32mBuilding CXX object CMakeFiles/decomp_ros_msgs__rosidl_typesupport_cpp.dir/rosidl_typesupport_cpp/decomp_ros_msgs/msg/polyhedron_array__type_support.cpp.o[0m
[ 30%] [32mBuilding CXX object CMakeFiles/decomp_ros_msgs__rosidl_typesupport_cpp.dir/rosidl_typesupport_cpp/decomp_ros_msgs/msg/polyhedron__type_support.cpp.o[0m
[ 32%] [32mBuilding CXX object CMakeFiles/decomp_ros_msgs__rosidl_typesupport_cpp.dir/rosidl_typesupport_cpp/decomp_ros_msgs/msg/ellipsoid_array__type_support.cpp.o[0m
[ 34%] [32m[1mLinking CXX shared library libdecomp_ros_msgs__rosidl_typesupport_cpp.so[0m
[ 34%] Built target decomp_ros_msgs__rosidl_typesupport_cpp
[ 36%] [34m[1mGenerating C code for ROS interfaces[0m
[ 38%] [32mBuilding C object CMakeFiles/decomp_ros_msgs__rosidl_generator_c.dir/rosidl_generator_c/decomp_ros_msgs/msg/detail/ellipsoid__functions.c.o[0m
[ 40%] [32mBuilding C object CMakeFiles/decomp_ros_msgs__rosidl_generator_c.dir/rosidl_generator_c/decomp_ros_msgs/msg/detail/polyhedron_array__functions.c.o[0m
[ 41%] [32mBuilding C object CMakeFiles/decomp_ros_msgs__rosidl_generator_c.dir/rosidl_generator_c/decomp_ros_msgs/msg/detail/polyhedron__functions.c.o[0m
[ 43%] [32mBuilding C object CMakeFiles/decomp_ros_msgs__rosidl_generator_c.dir/rosidl_generator_c/decomp_ros_msgs/msg/detail/ellipsoid_array__functions.c.o[0m
[ 45%] [32m[1mLinking C shared library libdecomp_ros_msgs__rosidl_generator_c.so[0m
[ 45%] Built target decomp_ros_msgs__rosidl_generator_c
[ 47%] [34m[1mGenerating C type support for eProsima Fast-RTPS[0m
[ 49%] [32mBuilding CXX object CMakeFiles/decomp_ros_msgs__rosidl_typesupport_fastrtps_c.dir/rosidl_typesupport_fastrtps_c/decomp_ros_msgs/msg/detail/ellipsoid__type_support_c.cpp.o[0m
[ 50%] [32mBuilding CXX object CMakeFiles/decomp_ros_msgs__rosidl_typesupport_fastrtps_c.dir/rosidl_typesupport_fastrtps_c/decomp_ros_msgs/msg/detail/polyhedron_array__type_support_c.cpp.o[0m
[ 52%] [32mBuilding CXX object CMakeFiles/decomp_ros_msgs__rosidl_typesupport_fastrtps_c.dir/rosidl_typesupport_fastrtps_c/decomp_ros_msgs/msg/detail/polyhedron__type_support_c.cpp.o[0m
[ 54%] [32mBuilding CXX object CMakeFiles/decomp_ros_msgs__rosidl_typesupport_fastrtps_c.dir/rosidl_typesupport_fastrtps_c/decomp_ros_msgs/msg/detail/ellipsoid_array__type_support_c.cpp.o[0m
[ 56%] [32m[1mLinking CXX shared library libdecomp_ros_msgs__rosidl_typesupport_fastrtps_c.so[0m
[ 56%] Built target decomp_ros_msgs__rosidl_typesupport_fastrtps_c
[ 58%] [34m[1mGenerating C type support dispatch for ROS interfaces[0m
[ 60%] [32mBuilding CXX object CMakeFiles/decomp_ros_msgs__rosidl_typesupport_c.dir/rosidl_typesupport_c/decomp_ros_msgs/msg/ellipsoid__type_support.cpp.o[0m
[ 61%] [32mBuilding CXX object CMakeFiles/decomp_ros_msgs__rosidl_typesupport_c.dir/rosidl_typesupport_c/decomp_ros_msgs/msg/polyhedron_array__type_support.cpp.o[0m
[ 63%] [32mBuilding CXX object CMakeFiles/decomp_ros_msgs__rosidl_typesupport_c.dir/rosidl_typesupport_c/decomp_ros_msgs/msg/polyhedron__type_support.cpp.o[0m
[ 65%] [32mBuilding CXX object CMakeFiles/decomp_ros_msgs__rosidl_typesupport_c.dir/rosidl_typesupport_c/decomp_ros_msgs/msg/ellipsoid_array__type_support.cpp.o[0m
[ 67%] [32m[1mLinking CXX shared library libdecomp_ros_msgs__rosidl_typesupport_c.so[0m
[ 67%] Built target decomp_ros_msgs__rosidl_typesupport_c
[ 69%] [34m[1mGenerating C introspection for ROS interfaces[0m
[ 70%] [32mBuilding C object CMakeFiles/decomp_ros_msgs__rosidl_typesupport_introspection_c.dir/rosidl_typesupport_introspection_c/decomp_ros_msgs/msg/detail/ellipsoid__type_support.c.o[0m
[ 72%] [32mBuilding C object CMakeFiles/decomp_ros_msgs__rosidl_typesupport_introspection_c.dir/rosidl_typesupport_introspection_c/decomp_ros_msgs/msg/detail/polyhedron_array__type_support.c.o[0m
[ 74%] [32mBuilding C object CMakeFiles/decomp_ros_msgs__rosidl_typesupport_introspection_c.dir/rosidl_typesupport_introspection_c/decomp_ros_msgs/msg/detail/polyhedron__type_support.c.o[0m
[ 76%] [32mBuilding C object CMakeFiles/decomp_ros_msgs__rosidl_typesupport_introspection_c.dir/rosidl_typesupport_introspection_c/decomp_ros_msgs/msg/detail/ellipsoid_array__type_support.c.o[0m
[ 78%] [32m[1mLinking C shared library libdecomp_ros_msgs__rosidl_typesupport_introspection_c.so[0m
[ 78%] Built target decomp_ros_msgs__rosidl_typesupport_introspection_c
[ 78%] Built target decomp_ros_msgs
[ 80%] [34m[1mGenerating Python code for ROS interfaces[0m
[ 80%] Built target decomp_ros_msgs__py
[ 81%] [32mBuilding C object CMakeFiles/decomp_ros_msgs__rosidl_generator_py.dir/rosidl_generator_py/decomp_ros_msgs/msg/_ellipsoid_s.c.o[0m
[ 83%] [32mBuilding C object CMakeFiles/decomp_ros_msgs__rosidl_generator_py.dir/rosidl_generator_py/decomp_ros_msgs/msg/_polyhedron_array_s.c.o[0m
[ 85%] [32mBuilding C object CMakeFiles/decomp_ros_msgs__rosidl_generator_py.dir/rosidl_generator_py/decomp_ros_msgs/msg/_polyhedron_s.c.o[0m
[ 87%] [32mBuilding C object CMakeFiles/decomp_ros_msgs__rosidl_generator_py.dir/rosidl_generator_py/decomp_ros_msgs/msg/_ellipsoid_array_s.c.o[0m
[ 89%] [32m[1mLinking C shared library rosidl_generator_py/decomp_ros_msgs/libdecomp_ros_msgs__rosidl_generator_py.so[0m
[ 89%] Built target decomp_ros_msgs__rosidl_generator_py
[ 90%] [32mBuilding C object CMakeFiles/decomp_ros_msgs__rosidl_typesupport_fastrtps_c__pyext.dir/rosidl_generator_py/decomp_ros_msgs/_decomp_ros_msgs_s.ep.rosidl_typesupport_fastrtps_c.c.o[0m
[ 92%] [32m[1mLinking C shared library rosidl_generator_py/decomp_ros_msgs/decomp_ros_msgs_s__rosidl_typesupport_fastrtps_c.cpython-310-x86_64-linux-gnu.so[0m
[ 92%] Built target decomp_ros_msgs__rosidl_typesupport_fastrtps_c__pyext
[ 94%] [32mBuilding C object CMakeFiles/decomp_ros_msgs__rosidl_typesupport_c__pyext.dir/rosidl_generator_py/decomp_ros_msgs/_decomp_ros_msgs_s.ep.rosidl_typesupport_c.c.o[0m
[ 96%] [32m[1mLinking C shared library rosidl_generator_py/decomp_ros_msgs/decomp_ros_msgs_s__rosidl_typesupport_c.cpython-310-x86_64-linux-gnu.so[0m
[ 96%] Built target decomp_ros_msgs__rosidl_typesupport_c__pyext
[ 98%] [32mBuilding C object CMakeFiles/decomp_ros_msgs__rosidl_typesupport_introspection_c__pyext.dir/rosidl_generator_py/decomp_ros_msgs/_decomp_ros_msgs_s.ep.rosidl_typesupport_introspection_c.c.o[0m
[100%] [32m[1mLinking C shared library rosidl_generator_py/decomp_ros_msgs/decomp_ros_msgs_s__rosidl_typesupport_introspection_c.cpython-310-x86_64-linux-gnu.so[0m
[100%] Built target decomp_ros_msgs__rosidl_typesupport_introspection_c__pyext
-- Install configuration: ""
-- Installing: /home/lorenzo/code/dynus_lite/dynus_lite_ws/install/decomp_ros_msgs/share/ament_index/resource_index/rosidl_interfaces/decomp_ros_msgs
-- Installing: /home/lorenzo/code/dynus_lite/dynus_lite_ws/install/decomp_ros_msgs/include/decomp_ros_msgs/decomp_ros_msgs
-- Installing: /home/lorenzo/code/dynus_lite/dynus_lite_ws/install/decomp_ros_msgs/include/decomp_ros_msgs/decomp_ros_msgs/msg
-- Installing: /home/lorenzo/code/dynus_lite/dynus_lite_ws/install/decomp_ros_msgs/include/decomp_ros_msgs/decomp_ros_msgs/msg/ellipsoid_array.h
-- Installing: /home/lorenzo/code/dynus_lite/dynus_lite_ws/install/decomp_ros_msgs/include/decomp_ros_msgs/decomp_ros_msgs/msg/detail
-- Installing: /home/lorenzo/code/dynus_lite/dynus_lite_ws/install/decomp_ros_msgs/include/decomp_ros_msgs/decomp_ros_msgs/msg/detail/polyhedron_array__functions.h
-- Installing: /home/lorenzo/code/dynus_lite/dynus_lite_ws/install/decomp_ros_msgs/include/decomp_ros_msgs/decomp_ros_msgs/msg/detail/ellipsoid_array__struct.h
-- Installing: /home/lorenzo/code/dynus_lite/dynus_lite_ws/install/decomp_ros_msgs/include/decomp_ros_msgs/decomp_ros_msgs/msg/detail/ellipsoid_array__functions.c
-- Installing: /home/lorenzo/code/dynus_lite/dynus_lite_ws/install/decomp_ros_msgs/include/decomp_ros_msgs/decomp_ros_msgs/msg/detail/polyhedron__type_support.h
-- Installing: /home/lorenzo/code/dynus_lite/dynus_lite_ws/install/decomp_ros_msgs/include/decomp_ros_msgs/decomp_ros_msgs/msg/detail/ellipsoid_array__type_support.h
-- Installing: /home/lorenzo/code/dynus_lite/dynus_lite_ws/install/decomp_ros_msgs/include/decomp_ros_msgs/decomp_ros_msgs/msg/detail/ellipsoid_array__functions.h
-- Installing: /home/lorenzo/code/dynus_lite/dynus_lite_ws/install/decomp_ros_msgs/include/decomp_ros_msgs/decomp_ros_msgs/msg/detail/ellipsoid__functions.c
-- Installing: /home/lorenzo/code/dynus_lite/dynus_lite_ws/install/decomp_ros_msgs/include/decomp_ros_msgs/decomp_ros_msgs/msg/detail/polyhedron_array__functions.c
-- Installing: /home/lorenzo/code/dynus_lite/dynus_lite_ws/install/decomp_ros_msgs/include/decomp_ros_msgs/decomp_ros_msgs/msg/detail/polyhedron__functions.c
-- Installing: /home/lorenzo/code/dynus_lite/dynus_lite_ws/install/decomp_ros_msgs/include/decomp_ros_msgs/decomp_ros_msgs/msg/detail/ellipsoid__functions.h
-- Installing: /home/lorenzo/code/dynus_lite/dynus_lite_ws/install/decomp_ros_msgs/include/decomp_ros_msgs/decomp_ros_msgs/msg/detail/polyhedron_array__struct.h
-- Installing: /home/lorenzo/code/dynus_lite/dynus_lite_ws/install/decomp_ros_msgs/include/decomp_ros_msgs/decomp_ros_msgs/msg/detail/ellipsoid__struct.h
-- Installing: /home/lorenzo/code/dynus_lite/dynus_lite_ws/install/decomp_ros_msgs/include/decomp_ros_msgs/decomp_ros_msgs/msg/detail/polyhedron_array__type_support.h
-- Installing: /home/lorenzo/code/dynus_lite/dynus_lite_ws/install/decomp_ros_msgs/include/decomp_ros_msgs/decomp_ros_msgs/msg/detail/polyhedron__functions.h
-- Installing: /home/lorenzo/code/dynus_lite/dynus_lite_ws/install/decomp_ros_msgs/include/decomp_ros_msgs/decomp_ros_msgs/msg/detail/polyhedron__struct.h
-- Installing: /home/lorenzo/code/dynus_lite/dynus_lite_ws/install/decomp_ros_msgs/include/decomp_ros_msgs/decomp_ros_msgs/msg/detail/ellipsoid__type_support.h
-- Installing: /home/lorenzo/code/dynus_lite/dynus_lite_ws/install/decomp_ros_msgs/include/decomp_ros_msgs/decomp_ros_msgs/msg/rosidl_generator_c__visibility_control.h
-- Installing: /home/lorenzo/code/dynus_lite/dynus_lite_ws/install/decomp_ros_msgs/include/decomp_ros_msgs/decomp_ros_msgs/msg/polyhedron_array.h
-- Installing: /home/lorenzo/code/dynus_lite/dynus_lite_ws/install/decomp_ros_msgs/include/decomp_ros_msgs/decomp_ros_msgs/msg/ellipsoid.h
-- Installing: /home/lorenzo/code/dynus_lite/dynus_lite_ws/install/decomp_ros_msgs/include/decomp_ros_msgs/decomp_ros_msgs/msg/polyhedron.h
-- Installing: /home/lorenzo/code/dynus_lite/dynus_lite_ws/install/decomp_ros_msgs/share/decomp_ros_msgs/environment/library_path.sh
-- Installing: /home/lorenzo/code/dynus_lite/dynus_lite_ws/install/decomp_ros_msgs/share/decomp_ros_msgs/environment/library_path.dsv
-- Installing: /home/lorenzo/code/dynus_lite/dynus_lite_ws/install/decomp_ros_msgs/lib/libdecomp_ros_msgs__rosidl_generator_c.so
-- Set runtime path of "/home/lorenzo/code/dynus_lite/dynus_lite_ws/install/decomp_ros_msgs/lib/libdecomp_ros_msgs__rosidl_generator_c.so" to ""
-- Up-to-date: /home/lorenzo/code/dynus_lite/dynus_lite_ws/install/decomp_ros_msgs/include/decomp_ros_msgs/decomp_ros_msgs
-- Up-to-date: /home/lorenzo/code/dynus_lite/dynus_lite_ws/install/decomp_ros_msgs/include/decomp_ros_msgs/decomp_ros_msgs/msg
-- Installing: /home/lorenzo/code/dynus_lite/dynus_lite_ws/install/decomp_ros_msgs/include/decomp_ros_msgs/decomp_ros_msgs/msg/rosidl_typesupport_fastrtps_c__visibility_control.h
-- Up-to-date: /home/lorenzo/code/dynus_lite/dynus_lite_ws/install/decomp_ros_msgs/include/decomp_ros_msgs/decomp_ros_msgs/msg/detail
-- Installing: /home/lorenzo/code/dynus_lite/dynus_lite_ws/install/decomp_ros_msgs/include/decomp_ros_msgs/decomp_ros_msgs/msg/detail/ellipsoid_array__rosidl_typesupport_fastrtps_c.h
-- Installing: /home/lorenzo/code/dynus_lite/dynus_lite_ws/install/decomp_ros_msgs/include/decomp_ros_msgs/decomp_ros_msgs/msg/detail/ellipsoid__rosidl_typesupport_fastrtps_c.h
-- Installing: /home/lorenzo/code/dynus_lite/dynus_lite_ws/install/decomp_ros_msgs/include/decomp_ros_msgs/decomp_ros_msgs/msg/detail/polyhedron__rosidl_typesupport_fastrtps_c.h
-- Installing: /home/lorenzo/code/dynus_lite/dynus_lite_ws/install/decomp_ros_msgs/include/decomp_ros_msgs/decomp_ros_msgs/msg/detail/polyhedron_array__rosidl_typesupport_fastrtps_c.h
-- Installing: /home/lorenzo/code/dynus_lite/dynus_lite_ws/install/decomp_ros_msgs/lib/libdecomp_ros_msgs__rosidl_typesupport_fastrtps_c.so
-- Set runtime path of "/home/lorenzo/code/dynus_lite/dynus_lite_ws/install/decomp_ros_msgs/lib/libdecomp_ros_msgs__rosidl_typesupport_fastrtps_c.so" to ""
-- Up-to-date: /home/lorenzo/code/dynus_lite/dynus_lite_ws/install/decomp_ros_msgs/include/decomp_ros_msgs/decomp_ros_msgs
-- Up-to-date: /home/lorenzo/code/dynus_lite/dynus_lite_ws/install/decomp_ros_msgs/include/decomp_ros_msgs/decomp_ros_msgs/msg
-- Up-to-date: /home/lorenzo/code/dynus_lite/dynus_lite_ws/install/decomp_ros_msgs/include/decomp_ros_msgs/decomp_ros_msgs/msg/detail
-- Installing: /home/lorenzo/code/dynus_lite/dynus_lite_ws/install/decomp_ros_msgs/include/decomp_ros_msgs/decomp_ros_msgs/msg/detail/polyhedron_array__type_support.hpp
-- Installing: /home/lorenzo/code/dynus_lite/dynus_lite_ws/install/decomp_ros_msgs/include/decomp_ros_msgs/decomp_ros_msgs/msg/detail/ellipsoid_array__builder.hpp
-- Installing: /home/lorenzo/code/dynus_lite/dynus_lite_ws/install/decomp_ros_msgs/include/decomp_ros_msgs/decomp_ros_msgs/msg/detail/polyhedron_array__traits.hpp
-- Installing: /home/lorenzo/code/dynus_lite/dynus_lite_ws/install/decomp_ros_msgs/include/decomp_ros_msgs/decomp_ros_msgs/msg/detail/polyhedron_array__struct.hpp
-- Installing: /home/lorenzo/code/dynus_lite/dynus_lite_ws/install/decomp_ros_msgs/include/decomp_ros_msgs/decomp_ros_msgs/msg/detail/ellipsoid__builder.hpp
-- Installing: /home/lorenzo/code/dynus_lite/dynus_lite_ws/install/decomp_ros_msgs/include/decomp_ros_msgs/decomp_ros_msgs/msg/detail/ellipsoid__traits.hpp
-- Installing: /home/lorenzo/code/dynus_lite/dynus_lite_ws/install/decomp_ros_msgs/include/decomp_ros_msgs/decomp_ros_msgs/msg/detail/polyhedron__type_support.hpp
-- Installing: /home/lorenzo/code/dynus_lite/dynus_lite_ws/install/decomp_ros_msgs/include/decomp_ros_msgs/decomp_ros_msgs/msg/detail/ellipsoid__struct.hpp
-- Installing: /home/lorenzo/code/dynus_lite/dynus_lite_ws/install/decomp_ros_msgs/include/decomp_ros_msgs/decomp_ros_msgs/msg/detail/ellipsoid_array__struct.hpp
-- Installing: /home/lorenzo/code/dynus_lite/dynus_lite_ws/install/decomp_ros_msgs/include/decomp_ros_msgs/decomp_ros_msgs/msg/detail/polyhedron__builder.hpp
-- Installing: /home/lorenzo/code/dynus_lite/dynus_lite_ws/install/decomp_ros_msgs/include/decomp_ros_msgs/decomp_ros_msgs/msg/detail/polyhedron__struct.hpp
-- Installing: /home/lorenzo/code/dynus_lite/dynus_lite_ws/install/decomp_ros_msgs/include/decomp_ros_msgs/decomp_ros_msgs/msg/detail/polyhedron_array__builder.hpp
-- Installing: /home/lorenzo/code/dynus_lite/dynus_lite_ws/install/decomp_ros_msgs/include/decomp_ros_msgs/decomp_ros_msgs/msg/detail/ellipsoid_array__type_support.hpp
-- Installing: /home/lorenzo/code/dynus_lite/dynus_lite_ws/install/decomp_ros_msgs/include/decomp_ros_msgs/decomp_ros_msgs/msg/detail/polyhedron__traits.hpp
-- Installing: /home/lorenzo/code/dynus_lite/dynus_lite_ws/install/decomp_ros_msgs/include/decomp_ros_msgs/decomp_ros_msgs/msg/detail/ellipsoid_array__traits.hpp
-- Installing: /home/lorenzo/code/dynus_lite/dynus_lite_ws/install/decomp_ros_msgs/include/decomp_ros_msgs/decomp_ros_msgs/msg/detail/ellipsoid__type_support.hpp
-- Installing: /home/lorenzo/code/dynus_lite/dynus_lite_ws/install/decomp_ros_msgs/include/decomp_ros_msgs/decomp_ros_msgs/msg/ellipsoid_array.hpp
-- Installing: /home/lorenzo/code/dynus_lite/dynus_lite_ws/install/decomp_ros_msgs/include/decomp_ros_msgs/decomp_ros_msgs/msg/polyhedron_array.hpp
-- Installing: /home/lorenzo/code/dynus_lite/dynus_lite_ws/install/decomp_ros_msgs/include/decomp_ros_msgs/decomp_ros_msgs/msg/rosidl_generator_cpp__visibility_control.hpp
-- Installing: /home/lorenzo/code/dynus_lite/dynus_lite_ws/install/decomp_ros_msgs/include/decomp_ros_msgs/decomp_ros_msgs/msg/polyhedron.hpp
-- Installing: /home/lorenzo/code/dynus_lite/dynus_lite_ws/install/decomp_ros_msgs/include/decomp_ros_msgs/decomp_ros_msgs/msg/ellipsoid.hpp
-- Up-to-date: /home/lorenzo/code/dynus_lite/dynus_lite_ws/install/decomp_ros_msgs/include/decomp_ros_msgs/decomp_ros_msgs
-- Up-to-date: /home/lorenzo/code/dynus_lite/dynus_lite_ws/install/decomp_ros_msgs/include/decomp_ros_msgs/decomp_ros_msgs/msg
-- Up-to-date: /home/lorenzo/code/dynus_lite/dynus_lite_ws/install/decomp_ros_msgs/include/decomp_ros_msgs/decomp_ros_msgs/msg/detail
-- Installing: /home/lorenzo/code/dynus_lite/dynus_lite_ws/install/decomp_ros_msgs/include/decomp_ros_msgs/decomp_ros_msgs/msg/detail/polyhedron_array__rosidl_typesupport_fastrtps_cpp.hpp
-- Installing: /home/lorenzo/code/dynus_lite/dynus_lite_ws/install/decomp_ros_msgs/include/decomp_ros_msgs/decomp_ros_msgs/msg/detail/dds_fastrtps
-- Installing: /home/lorenzo/code/dynus_lite/dynus_lite_ws/install/decomp_ros_msgs/include/decomp_ros_msgs/decomp_ros_msgs/msg/detail/ellipsoid_array__rosidl_typesupport_fastrtps_cpp.hpp
-- Installing: /home/lorenzo/code/dynus_lite/dynus_lite_ws/install/decomp_ros_msgs/include/decomp_ros_msgs/decomp_ros_msgs/msg/detail/ellipsoid__rosidl_typesupport_fastrtps_cpp.hpp
-- Installing: /home/lorenzo/code/dynus_lite/dynus_lite_ws/install/decomp_ros_msgs/include/decomp_ros_msgs/decomp_ros_msgs/msg/detail/polyhedron__rosidl_typesupport_fastrtps_cpp.hpp
-- Installing: /home/lorenzo/code/dynus_lite/dynus_lite_ws/install/decomp_ros_msgs/include/decomp_ros_msgs/decomp_ros_msgs/msg/rosidl_typesupport_fastrtps_cpp__visibility_control.h
-- Installing: /home/lorenzo/code/dynus_lite/dynus_lite_ws/install/decomp_ros_msgs/lib/libdecomp_ros_msgs__rosidl_typesupport_fastrtps_cpp.so
-- Set runtime path of "/home/lorenzo/code/dynus_lite/dynus_lite_ws/install/decomp_ros_msgs/lib/libdecomp_ros_msgs__rosidl_typesupport_fastrtps_cpp.so" to ""
-- Up-to-date: /home/lorenzo/code/dynus_lite/dynus_lite_ws/install/decomp_ros_msgs/include/decomp_ros_msgs/decomp_ros_msgs
-- Up-to-date: /home/lorenzo/code/dynus_lite/dynus_lite_ws/install/decomp_ros_msgs/include/decomp_ros_msgs/decomp_ros_msgs/msg
-- Up-to-date: /home/lorenzo/code/dynus_lite/dynus_lite_ws/install/decomp_ros_msgs/include/decomp_ros_msgs/decomp_ros_msgs/msg/detail
-- Installing: /home/lorenzo/code/dynus_lite/dynus_lite_ws/install/decomp_ros_msgs/include/decomp_ros_msgs/decomp_ros_msgs/msg/detail/ellipsoid_array__type_support.c
-- Installing: /home/lorenzo/code/dynus_lite/dynus_lite_ws/install/decomp_ros_msgs/include/decomp_ros_msgs/decomp_ros_msgs/msg/detail/ellipsoid_array__rosidl_typesupport_introspection_c.h
-- Installing: /home/lorenzo/code/dynus_lite/dynus_lite_ws/install/decomp_ros_msgs/include/decomp_ros_msgs/decomp_ros_msgs/msg/detail/polyhedron_array__rosidl_typesupport_introspection_c.h
-- Installing: /home/lorenzo/code/dynus_lite/dynus_lite_ws/install/decomp_ros_msgs/include/decomp_ros_msgs/decomp_ros_msgs/msg/detail/polyhedron__type_support.c
-- Installing: /home/lorenzo/code/dynus_lite/dynus_lite_ws/install/decomp_ros_msgs/include/decomp_ros_msgs/decomp_ros_msgs/msg/detail/ellipsoid__type_support.c
-- Installing: /home/lorenzo/code/dynus_lite/dynus_lite_ws/install/decomp_ros_msgs/include/decomp_ros_msgs/decomp_ros_msgs/msg/detail/polyhedron_array__type_support.c
-- Installing: /home/lorenzo/code/dynus_lite/dynus_lite_ws/install/decomp_ros_msgs/include/decomp_ros_msgs/decomp_ros_msgs/msg/detail/polyhedron__rosidl_typesupport_introspection_c.h
-- Installing: /home/lorenzo/code/dynus_lite/dynus_lite_ws/install/decomp_ros_msgs/include/decomp_ros_msgs/decomp_ros_msgs/msg/detail/ellipsoid__rosidl_typesupport_introspection_c.h
-- Installing: /home/lorenzo/code/dynus_lite/dynus_lite_ws/install/decomp_ros_msgs/include/decomp_ros_msgs/decomp_ros_msgs/msg/rosidl_typesupport_introspection_c__visibility_control.h
-- Installing: /home/lorenzo/code/dynus_lite/dynus_lite_ws/install/decomp_ros_msgs/lib/libdecomp_ros_msgs__rosidl_typesupport_introspection_c.so
-- Set runtime path of "/home/lorenzo/code/dynus_lite/dynus_lite_ws/install/decomp_ros_msgs/lib/libdecomp_ros_msgs__rosidl_typesupport_introspection_c.so" to ""
-- Installing: /home/lorenzo/code/dynus_lite/dynus_lite_ws/install/decomp_ros_msgs/lib/libdecomp_ros_msgs__rosidl_typesupport_c.so
-- Set runtime path of "/home/lorenzo/code/dynus_lite/dynus_lite_ws/install/decomp_ros_msgs/lib/libdecomp_ros_msgs__rosidl_typesupport_c.so" to ""
-- Up-to-date: /home/lorenzo/code/dynus_lite/dynus_lite_ws/install/decomp_ros_msgs/include/decomp_ros_msgs/decomp_ros_msgs
-- Up-to-date: /home/lorenzo/code/dynus_lite/dynus_lite_ws/install/decomp_ros_msgs/include/decomp_ros_msgs/decomp_ros_msgs/msg
-- Up-to-date: /home/lorenzo/code/dynus_lite/dynus_lite_ws/install/decomp_ros_msgs/include/decomp_ros_msgs/decomp_ros_msgs/msg/detail
-- Installing: /home/lorenzo/code/dynus_lite/dynus_lite_ws/install/decomp_ros_msgs/include/decomp_ros_msgs/decomp_ros_msgs/msg/detail/polyhedron__type_support.cpp
-- Installing: /home/lorenzo/code/dynus_lite/dynus_lite_ws/install/decomp_ros_msgs/include/decomp_ros_msgs/decomp_ros_msgs/msg/detail/polyhedron_array__rosidl_typesupport_introspection_cpp.hpp
-- Installing: /home/lorenzo/code/dynus_lite/dynus_lite_ws/install/decomp_ros_msgs/include/decomp_ros_msgs/decomp_ros_msgs/msg/detail/polyhedron_array__type_support.cpp
-- Installing: /home/lorenzo/code/dynus_lite/dynus_lite_ws/install/decomp_ros_msgs/include/decomp_ros_msgs/decomp_ros_msgs/msg/detail/ellipsoid_array__rosidl_typesupport_introspection_cpp.hpp
-- Installing: /home/lorenzo/code/dynus_lite/dynus_lite_ws/install/decomp_ros_msgs/include/decomp_ros_msgs/decomp_ros_msgs/msg/detail/ellipsoid__rosidl_typesupport_introspection_cpp.hpp
-- Installing: /home/lorenzo/code/dynus_lite/dynus_lite_ws/install/decomp_ros_msgs/include/decomp_ros_msgs/decomp_ros_msgs/msg/detail/polyhedron__rosidl_typesupport_introspection_cpp.hpp
-- Installing: /home/lorenzo/code/dynus_lite/dynus_lite_ws/install/decomp_ros_msgs/include/decomp_ros_msgs/decomp_ros_msgs/msg/detail/ellipsoid_array__type_support.cpp
-- Installing: /home/lorenzo/code/dynus_lite/dynus_lite_ws/install/decomp_ros_msgs/include/decomp_ros_msgs/decomp_ros_msgs/msg/detail/ellipsoid__type_support.cpp
-- Installing: /home/lorenzo/code/dynus_lite/dynus_lite_ws/install/decomp_ros_msgs/lib/libdecomp_ros_msgs__rosidl_typesupport_introspection_cpp.so
-- Set runtime path of "/home/lorenzo/code/dynus_lite/dynus_lite_ws/install/decomp_ros_msgs/lib/libdecomp_ros_msgs__rosidl_typesupport_introspection_cpp.so" to ""
-- Installing: /home/lorenzo/code/dynus_lite/dynus_lite_ws/install/decomp_ros_msgs/lib/libdecomp_ros_msgs__rosidl_typesupport_cpp.so
-- Set runtime path of "/home/lorenzo/code/dynus_lite/dynus_lite_ws/install/decomp_ros_msgs/lib/libdecomp_ros_msgs__rosidl_typesupport_cpp.so" to ""
-- Installing: /home/lorenzo/code/dynus_lite/dynus_lite_ws/install/decomp_ros_msgs/share/decomp_ros_msgs/environment/pythonpath.sh
-- Installing: /home/lorenzo/code/dynus_lite/dynus_lite_ws/install/decomp_ros_msgs/share/decomp_ros_msgs/environment/pythonpath.dsv
-- Installing: /home/lorenzo/code/dynus_lite/dynus_lite_ws/install/decomp_ros_msgs/local/lib/python3.10/dist-packages/decomp_ros_msgs-0.0.0-py3.10.egg-info
-- Installing: /home/lorenzo/code/dynus_lite/dynus_lite_ws/install/decomp_ros_msgs/local/lib/python3.10/dist-packages/decomp_ros_msgs-0.0.0-py3.10.egg-info/top_level.txt
-- Installing: /home/lorenzo/code/dynus_lite/dynus_lite_ws/install/decomp_ros_msgs/local/lib/python3.10/dist-packages/decomp_ros_msgs-0.0.0-py3.10.egg-info/SOURCES.txt
-- Installing: /home/lorenzo/code/dynus_lite/dynus_lite_ws/install/decomp_ros_msgs/local/lib/python3.10/dist-packages/decomp_ros_msgs-0.0.0-py3.10.egg-info/dependency_links.txt
-- Installing: /home/lorenzo/code/dynus_lite/dynus_lite_ws/install/decomp_ros_msgs/local/lib/python3.10/dist-packages/decomp_ros_msgs-0.0.0-py3.10.egg-info/PKG-INFO
-- Installing: /home/lorenzo/code/dynus_lite/dynus_lite_ws/install/decomp_ros_msgs/local/lib/python3.10/dist-packages/decomp_ros_msgs
-- Installing: /home/lorenzo/code/dynus_lite/dynus_lite_ws/install/decomp_ros_msgs/local/lib/python3.10/dist-packages/decomp_ros_msgs/decomp_ros_msgs_s__rosidl_typesupport_fastrtps_c.cpython-310-x86_64-linux-gnu.so
-- Installing: /home/lorenzo/code/dynus_lite/dynus_lite_ws/install/decomp_ros_msgs/local/lib/python3.10/dist-packages/decomp_ros_msgs/__init__.py
-- Installing: /home/lorenzo/code/dynus_lite/dynus_lite_ws/install/decomp_ros_msgs/local/lib/python3.10/dist-packages/decomp_ros_msgs/_decomp_ros_msgs_s.ep.rosidl_typesupport_introspection_c.c
-- Installing: /home/lorenzo/code/dynus_lite/dynus_lite_ws/install/decomp_ros_msgs/local/lib/python3.10/dist-packages/decomp_ros_msgs/_decomp_ros_msgs_s.ep.rosidl_typesupport_c.c
-- Installing: /home/lorenzo/code/dynus_lite/dynus_lite_ws/install/decomp_ros_msgs/local/lib/python3.10/dist-packages/decomp_ros_msgs/libdecomp_ros_msgs__rosidl_generator_py.so
-- Installing: /home/lorenzo/code/dynus_lite/dynus_lite_ws/install/decomp_ros_msgs/local/lib/python3.10/dist-packages/decomp_ros_msgs/decomp_ros_msgs_s__rosidl_typesupport_c.cpython-310-x86_64-linux-gnu.so
-- Installing: /home/lorenzo/code/dynus_lite/dynus_lite_ws/install/decomp_ros_msgs/local/lib/python3.10/dist-packages/decomp_ros_msgs/msg
-- Installing: /home/lorenzo/code/dynus_lite/dynus_lite_ws/install/decomp_ros_msgs/local/lib/python3.10/dist-packages/decomp_ros_msgs/msg/__init__.py
-- Installing: /home/lorenzo/code/dynus_lite/dynus_lite_ws/install/decomp_ros_msgs/local/lib/python3.10/dist-packages/decomp_ros_msgs/msg/_ellipsoid.py
-- Installing: /home/lorenzo/code/dynus_lite/dynus_lite_ws/install/decomp_ros_msgs/local/lib/python3.10/dist-packages/decomp_ros_msgs/msg/_polyhedron.py
-- Installing: /home/lorenzo/code/dynus_lite/dynus_lite_ws/install/decomp_ros_msgs/local/lib/python3.10/dist-packages/decomp_ros_msgs/msg/_ellipsoid_array_s.c
-- Installing: /home/lorenzo/code/dynus_lite/dynus_lite_ws/install/decomp_ros_msgs/local/lib/python3.10/dist-packages/decomp_ros_msgs/msg/_polyhedron_array_s.c
-- Installing: /home/lorenzo/code/dynus_lite/dynus_lite_ws/install/decomp_ros_msgs/local/lib/python3.10/dist-packages/decomp_ros_msgs/msg/_ellipsoid_array.py
-- Installing: /home/lorenzo/code/dynus_lite/dynus_lite_ws/install/decomp_ros_msgs/local/lib/python3.10/dist-packages/decomp_ros_msgs/msg/_ellipsoid_s.c
-- Installing: /home/lorenzo/code/dynus_lite/dynus_lite_ws/install/decomp_ros_msgs/local/lib/python3.10/dist-packages/decomp_ros_msgs/msg/_polyhedron_array.py
-- Installing: /home/lorenzo/code/dynus_lite/dynus_lite_ws/install/decomp_ros_msgs/local/lib/python3.10/dist-packages/decomp_ros_msgs/msg/_polyhedron_s.c
-- Installing: /home/lorenzo/code/dynus_lite/dynus_lite_ws/install/decomp_ros_msgs/local/lib/python3.10/dist-packages/decomp_ros_msgs/_decomp_ros_msgs_s.ep.rosidl_typesupport_fastrtps_c.c
-- Installing: /home/lorenzo/code/dynus_lite/dynus_lite_ws/install/decomp_ros_msgs/local/lib/python3.10/dist-packages/decomp_ros_msgs/decomp_ros_msgs_s__rosidl_typesupport_introspection_c.cpython-310-x86_64-linux-gnu.so
Listing '/home/lorenzo/code/dynus_lite/dynus_lite_ws/install/decomp_ros_msgs/local/lib/python3.10/dist-packages/decomp_ros_msgs'...
Compiling '/home/lorenzo/code/dynus_lite/dynus_lite_ws/install/decomp_ros_msgs/local/lib/python3.10/dist-packages/decomp_ros_msgs/__init__.py'...
Listing '/home/lorenzo/code/dynus_lite/dynus_lite_ws/install/decomp_ros_msgs/local/lib/python3.10/dist-packages/decomp_ros_msgs/msg'...
Compiling '/home/lorenzo/code/dynus_lite/dynus_lite_ws/install/decomp_ros_msgs/local/lib/python3.10/dist-packages/decomp_ros_msgs/msg/__init__.py'...
Compiling '/home/lorenzo/code/dynus_lite/dynus_lite_ws/install/decomp_ros_msgs/local/lib/python3.10/dist-packages/decomp_ros_msgs/msg/_ellipsoid.py'...
Compiling '/home/lorenzo/code/dynus_lite/dynus_lite_ws/install/decomp_ros_msgs/local/lib/python3.10/dist-packages/decomp_ros_msgs/msg/_ellipsoid_array.py'...
Compiling '/home/lorenzo/code/dynus_lite/dynus_lite_ws/install/decomp_ros_msgs/local/lib/python3.10/dist-packages/decomp_ros_msgs/msg/_polyhedron.py'...
Compiling '/home/lorenzo/code/dynus_lite/dynus_lite_ws/install/decomp_ros_msgs/local/lib/python3.10/dist-packages/decomp_ros_msgs/msg/_polyhedron_array.py'...
-- Installing: /home/lorenzo/code/dynus_lite/dynus_lite_ws/install/decomp_ros_msgs/local/lib/python3.10/dist-packages/decomp_ros_msgs/decomp_ros_msgs_s__rosidl_typesupport_fastrtps_c.cpython-310-x86_64-linux-gnu.so
-- Set runtime path of "/home/lorenzo/code/dynus_lite/dynus_lite_ws/install/decomp_ros_msgs/local/lib/python3.10/dist-packages/decomp_ros_msgs/decomp_ros_msgs_s__rosidl_typesupport_fastrtps_c.cpython-310-x86_64-linux-gnu.so" to ""
-- Installing: /home/lorenzo/code/dynus_lite/dynus_lite_ws/install/decomp_ros_msgs/local/lib/python3.10/dist-packages/decomp_ros_msgs/decomp_ros_msgs_s__rosidl_typesupport_introspection_c.cpython-310-x86_64-linux-gnu.so
-- Set runtime path of "/home/lorenzo/code/dynus_lite/dynus_lite_ws/install/decomp_ros_msgs/local/lib/python3.10/dist-packages/decomp_ros_msgs/decomp_ros_msgs_s__rosidl_typesupport_introspection_c.cpython-310-x86_64-linux-gnu.so" to ""
-- Installing: /home/lorenzo/code/dynus_lite/dynus_lite_ws/install/decomp_ros_msgs/local/lib/python3.10/dist-packages/decomp_ros_msgs/decomp_ros_msgs_s__rosidl_typesupport_c.cpython-310-x86_64-linux-gnu.so
-- Set runtime path of "/home/lorenzo/code/dynus_lite/dynus_lite_ws/install/decomp_ros_msgs/local/lib/python3.10/dist-packages/decomp_ros_msgs/decomp_ros_msgs_s__rosidl_typesupport_c.cpython-310-x86_64-linux-gnu.so" to ""
-- Installing: /home/lorenzo/code/dynus_lite/dynus_lite_ws/install/decomp_ros_msgs/lib/libdecomp_ros_msgs__rosidl_generator_py.so
-- Set runtime path of "/home/lorenzo/code/dynus_lite/dynus_lite_ws/install/decomp_ros_msgs/lib/libdecomp_ros_msgs__rosidl_generator_py.so" to ""
-- Installing: /home/lorenzo/code/dynus_lite/dynus_lite_ws/install/decomp_ros_msgs/share/decomp_ros_msgs/msg/Ellipsoid.idl
-- Installing: /home/lorenzo/code/dynus_lite/dynus_lite_ws/install/decomp_ros_msgs/share/decomp_ros_msgs/msg/EllipsoidArray.idl
-- Installing: /home/lorenzo/code/dynus_lite/dynus_lite_ws/install/decomp_ros_msgs/share/decomp_ros_msgs/msg/Polyhedron.idl
-- Installing: /home/lorenzo/code/dynus_lite/dynus_lite_ws/install/decomp_ros_msgs/share/decomp_ros_msgs/msg/PolyhedronArray.idl
-- Installing: /home/lorenzo/code/dynus_lite/dynus_lite_ws/install/decomp_ros_msgs/share/decomp_ros_msgs/msg/Ellipsoid.msg
-- Installing: /home/lorenzo/code/dynus_lite/dynus_lite_ws/install/decomp_ros_msgs/share/decomp_ros_msgs/msg/EllipsoidArray.msg
-- Installing: /home/lorenzo/code/dynus_lite/dynus_lite_ws/install/decomp_ros_msgs/share/decomp_ros_msgs/msg/Polyhedron.msg
-- Installing: /home/lorenzo/code/dynus_lite/dynus_lite_ws/install/decomp_ros_msgs/share/decomp_ros_msgs/msg/PolyhedronArray.msg
-- Installing: /home/lorenzo/code/dynus_lite/dynus_lite_ws/install/decomp_ros_msgs/share/ament_index/resource_index/package_run_dependencies/decomp_ros_msgs
-- Installing: /home/lorenzo/code/dynus_lite/dynus_lite_ws/install/decomp_ros_msgs/share/ament_index/resource_index/parent_prefix_path/decomp_ros_msgs
-- Installing: /home/lorenzo/code/dynus_lite/dynus_lite_ws/install/decomp_ros_msgs/share/decomp_ros_msgs/environment/ament_prefix_path.sh
-- Installing: /home/lorenzo/code/dynus_lite/dynus_lite_ws/install/decomp_ros_msgs/share/decomp_ros_msgs/environment/ament_prefix_path.dsv
-- Installing: /home/lorenzo/code/dynus_lite/dynus_lite_ws/install/decomp_ros_msgs/share/decomp_ros_msgs/environment/path.sh
-- Installing: /home/lorenzo/code/dynus_lite/dynus_lite_ws/install/decomp_ros_msgs/share/decomp_ros_msgs/environment/path.dsv
-- Installing: /home/lorenzo/code/dynus_lite/dynus_lite_ws/install/decomp_ros_msgs/share/decomp_ros_msgs/local_setup.bash
-- Installing: /home/lorenzo/code/dynus_lite/dynus_lite_ws/install/decomp_ros_msgs/share/decomp_ros_msgs/local_setup.sh
-- Installing: /home/lorenzo/code/dynus_lite/dynus_lite_ws/install/decomp_ros_msgs/share/decomp_ros_msgs/local_setup.zsh
-- Installing: /home/lorenzo/code/dynus_lite/dynus_lite_ws/install/decomp_ros_msgs/share/decomp_ros_msgs/local_setup.dsv
-- Installing: /home/lorenzo/code/dynus_lite/dynus_lite_ws/install/decomp_ros_msgs/share/decomp_ros_msgs/package.dsv
-- Installing: /home/lorenzo/code/dynus_lite/dynus_lite_ws/install/decomp_ros_msgs/share/ament_index/resource_index/packages/decomp_ros_msgs
-- Installing: /home/lorenzo/code/dynus_lite/dynus_lite_ws/install/decomp_ros_msgs/share/decomp_ros_msgs/cmake/export_decomp_ros_msgs__rosidl_generator_cExport.cmake
-- Installing: /home/lorenzo/code/dynus_lite/dynus_lite_ws/install/decomp_ros_msgs/share/decomp_ros_msgs/cmake/export_decomp_ros_msgs__rosidl_generator_cExport-noconfig.cmake
-- Installing: /home/lorenzo/code/dynus_lite/dynus_lite_ws/install/decomp_ros_msgs/share/decomp_ros_msgs/cmake/export_decomp_ros_msgs__rosidl_typesupport_fastrtps_cExport.cmake
-- Installing: /home/lorenzo/code/dynus_lite/dynus_lite_ws/install/decomp_ros_msgs/share/decomp_ros_msgs/cmake/export_decomp_ros_msgs__rosidl_typesupport_fastrtps_cExport-noconfig.cmake
-- Installing: /home/lorenzo/code/dynus_lite/dynus_lite_ws/install/decomp_ros_msgs/share/decomp_ros_msgs/cmake/export_decomp_ros_msgs__rosidl_generator_cppExport.cmake
-- Installing: /home/lorenzo/code/dynus_lite/dynus_lite_ws/install/decomp_ros_msgs/share/decomp_ros_msgs/cmake/export_decomp_ros_msgs__rosidl_typesupport_fastrtps_cppExport.cmake
-- Installing: /home/lorenzo/code/dynus_lite/dynus_lite_ws/install/decomp_ros_msgs/share/decomp_ros_msgs/cmake/export_decomp_ros_msgs__rosidl_typesupport_fastrtps_cppExport-noconfig.cmake
-- Installing: /home/lorenzo/code/dynus_lite/dynus_lite_ws/install/decomp_ros_msgs/share/decomp_ros_msgs/cmake/decomp_ros_msgs__rosidl_typesupport_introspection_cExport.cmake
-- Installing: /home/lorenzo/code/dynus_lite/dynus_lite_ws/install/decomp_ros_msgs/share/decomp_ros_msgs/cmake/decomp_ros_msgs__rosidl_typesupport_introspection_cExport-noconfig.cmake
-- Installing: /home/lorenzo/code/dynus_lite/dynus_lite_ws/install/decomp_ros_msgs/share/decomp_ros_msgs/cmake/decomp_ros_msgs__rosidl_typesupport_cExport.cmake
-- Installing: /home/lorenzo/code/dynus_lite/dynus_lite_ws/install/decomp_ros_msgs/share/decomp_ros_msgs/cmake/decomp_ros_msgs__rosidl_typesupport_cExport-noconfig.cmake
-- Installing: /home/lorenzo/code/dynus_lite/dynus_lite_ws/install/decomp_ros_msgs/share/decomp_ros_msgs/cmake/decomp_ros_msgs__rosidl_typesupport_introspection_cppExport.cmake
-- Installing: /home/lorenzo/code/dynus_lite/dynus_lite_ws/install/decomp_ros_msgs/share/decomp_ros_msgs/cmake/decomp_ros_msgs__rosidl_typesupport_introspection_cppExport-noconfig.cmake
-- Installing: /home/lorenzo/code/dynus_lite/dynus_lite_ws/install/decomp_ros_msgs/share/decomp_ros_msgs/cmake/decomp_ros_msgs__rosidl_typesupport_cppExport.cmake
-- Installing: /home/lorenzo/code/dynus_lite/dynus_lite_ws/install/decomp_ros_msgs/share/decomp_ros_msgs/cmake/decomp_ros_msgs__rosidl_typesupport_cppExport-noconfig.cmake
-- Installing: /home/lorenzo/code/dynus_lite/dynus_lite_ws/install/decomp_ros_msgs/share/decomp_ros_msgs/cmake/export_decomp_ros_msgs__rosidl_generator_pyExport.cmake
-- Installing: /home/lorenzo/code/dynus_lite/dynus_lite_ws/install/decomp_ros_msgs/share/decomp_ros_msgs/cmake/export_decomp_ros_msgs__rosidl_generator_pyExport-noconfig.cmake
-- Installing: /home/lorenzo/code/dynus_lite/dynus_lite_ws/install/decomp_ros_msgs/share/decomp_ros_msgs/cmake/rosidl_cmake-extras.cmake
-- Installing: /home/lorenzo/code/dynus_lite/dynus_lite_ws/install/decomp_ros_msgs/share/decomp_ros_msgs/cmake/ament_cmake_export_dependencies-extras.cmake
-- Installing: /home/lorenzo/code/dynus_lite/dynus_lite_ws/install/decomp_ros_msgs/share/decomp_ros_msgs/cmake/ament_cmake_export_include_directories-extras.cmake
-- Installing: /home/lorenzo/code/dynus_lite/dynus_lite_ws/install/decomp_ros_msgs/share/decomp_ros_msgs/cmake/ament_cmake_export_libraries-extras.cmake
-- Installing: /home/lorenzo/code/dynus_lite/dynus_lite_ws/install/decomp_ros_msgs/share/decomp_ros_msgs/cmake/ament_cmake_export_targets-extras.cmake
-- Installing: /home/lorenzo/code/dynus_lite/dynus_lite_ws/install/decomp_ros_msgs/share/decomp_ros_msgs/cmake/rosidl_cmake_export_typesupport_targets-extras.cmake
-- Installing: /home/lorenzo/code/dynus_lite/dynus_lite_ws/install/decomp_ros_msgs/share/decomp_ros_msgs/cmake/rosidl_cmake_export_typesupport_libraries-extras.cmake
-- Installing: /home/lorenzo/code/dynus_lite/dynus_lite_ws/install/decomp_ros_msgs/share/decomp_ros_msgs/cmake/decomp_ros_msgsConfig.cmake
-- Installing: /home/lorenzo/code/dynus_lite/dynus_lite_ws/install/decomp_ros_msgs/share/decomp_ros_msgs/cmake/decomp_ros_msgsConfig-version.cmake
-- Installing: /home/lorenzo/code/dynus_lite/dynus_lite_ws/install/decomp_ros_msgs/share/decomp_ros_msgs/package.xml
