-- The C compiler identification is GNU 11.4.0
-- The CXX compiler identification is GNU 12.3.0
-- Detecting C compiler ABI info
-- Detecting C compiler ABI info - done
-- Check for working C compiler: /usr/bin/cc - skipped
-- Detecting C compile features
-- Detecting C compile features - done
-- Detecting CXX compiler ABI info
-- Detecting CXX compiler ABI info - done
-- Check for working CXX compiler: /usr/bin/c++ - skipped
-- Detecting CXX compile features
-- Detecting CXX compile features - done
-- Found ament_cmake: 1.3.13 (/opt/ros/humble/share/ament_cmake/cmake)
-- Found Python3: /usr/bin/python3 (found version "3.10.12") found components: Interpreter 
-- Found rosidl_default_generators: 1.2.0 (/opt/ros/humble/share/rosidl_default_generators/cmake)
-- Using all available rosidl_typesupport_c: rosidl_typesupport_fastrtps_c;rosidl_typesupport_introspection_c
-- Found rosidl_adapter: 3.1.8 (/opt/ros/humble/share/rosidl_adapter/cmake)
-- Using all available rosidl_typesupport_cpp: rosidl_typesupport_fastrtps_cpp;rosidl_typesupport_introspection_cpp
-- Found std_msgs: 4.9.1 (/opt/ros/humble/share/std_msgs/cmake)
-- Found geometry_msgs: 4.9.1 (/opt/ros/humble/share/geometry_msgs/cmake)
-- Found ament_cmake_ros: 0.10.0 (/opt/ros/humble/share/ament_cmake_ros/cmake)
-- Using all available rosidl_typesupport_c: rosidl_typesupport_fastrtps_c;rosidl_typesupport_introspection_c
-- Using all available rosidl_typesupport_cpp: rosidl_typesupport_fastrtps_cpp;rosidl_typesupport_introspection_cpp
-- Found PythonInterp: /usr/bin/python3 (found suitable version "3.10.12", minimum required is "3.6") 
-- Found python_cmake_module: 0.10.0 (/opt/ros/humble/share/python_cmake_module/cmake)
-- Found PythonLibs: /usr/lib/x86_64-linux-gnu/libpython3.10.so (found suitable version "3.10.12", minimum required is "3.5") 
-- Using PYTHON_EXECUTABLE: /usr/bin/python3
-- Using PYTHON_INCLUDE_DIRS: /usr/include/python3.10
-- Using PYTHON_LIBRARIES: /usr/lib/x86_64-linux-gnu/libpython3.10.so
-- Found PythonExtra: .so  
-- Configuring done
-- Generating done
-- Build files have been written to: /home/lorenzo/code/dynus_lite/dynus_lite_ws/build/dynus_interfaces
[  1%] [34m[1mGenerating C code for ROS interfaces[0m
[  1%] [34m[1mGenerating C++ code for ROS interfaces[0m
[  1%] Built target ament_cmake_python_copy_dynus_interfaces
running egg_info
creating dynus_interfaces.egg-info
writing dynus_interfaces.egg-info/PKG-INFO
writing dependency_links to dynus_interfaces.egg-info/dependency_links.txt
writing top-level names to dynus_interfaces.egg-info/top_level.txt
writing manifest file 'dynus_interfaces.egg-info/SOURCES.txt'
reading manifest file 'dynus_interfaces.egg-info/SOURCES.txt'
writing manifest file 'dynus_interfaces.egg-info/SOURCES.txt'
[  1%] Built target ament_cmake_python_build_dynus_interfaces_egg
[  1%] [32mBuilding C object CMakeFiles/dynus_interfaces__rosidl_generator_c.dir/rosidl_generator_c/dynus_interfaces/msg/detail/coeff_poly3__functions.c.o[0m
[  2%] [32mBuilding C object CMakeFiles/dynus_interfaces__rosidl_generator_c.dir/rosidl_generator_c/dynus_interfaces/msg/detail/pwp_traj__functions.c.o[0m
[  3%] [32mBuilding C object CMakeFiles/dynus_interfaces__rosidl_generator_c.dir/rosidl_generator_c/dynus_interfaces/msg/detail/quintic_pwp_traj__functions.c.o[0m
[  4%] [32mBuilding C object CMakeFiles/dynus_interfaces__rosidl_generator_c.dir/rosidl_generator_c/dynus_interfaces/msg/detail/quintic_coeff_poly3__functions.c.o[0m
[  5%] [32mBuilding C object CMakeFiles/dynus_interfaces__rosidl_generator_c.dir/rosidl_generator_c/dynus_interfaces/msg/detail/dyn_traj__functions.c.o[0m
[  6%] [32mBuilding C object CMakeFiles/dynus_interfaces__rosidl_generator_c.dir/rosidl_generator_c/dynus_interfaces/msg/detail/dyn_traj_array__functions.c.o[0m
[  7%] [32mBuilding C object CMakeFiles/dynus_interfaces__rosidl_generator_c.dir/rosidl_generator_c/dynus_interfaces/msg/detail/state__functions.c.o[0m
[  8%] [32mBuilding C object CMakeFiles/dynus_interfaces__rosidl_generator_c.dir/rosidl_generator_c/dynus_interfaces/msg/detail/goal__functions.c.o[0m
[  9%] [32mBuilding C object CMakeFiles/dynus_interfaces__rosidl_generator_c.dir/rosidl_generator_c/dynus_interfaces/msg/detail/mode__functions.c.o[0m
[  9%] [32mBuilding C object CMakeFiles/dynus_interfaces__rosidl_generator_c.dir/rosidl_generator_c/dynus_interfaces/msg/detail/yaw_output__functions.c.o[0m
[ 10%] [32mBuilding C object CMakeFiles/dynus_interfaces__rosidl_generator_c.dir/rosidl_generator_c/dynus_interfaces/msg/detail/pn_adaptation__functions.c.o[0m
[ 11%] [32mBuilding C object CMakeFiles/dynus_interfaces__rosidl_generator_c.dir/rosidl_generator_c/dynus_interfaces/srv/detail/flight_command__functions.c.o[0m
[ 12%] [32m[1mLinking C shared library libdynus_interfaces__rosidl_generator_c.so[0m
[ 12%] Built target dynus_interfaces__rosidl_generator_c
[ 13%] [34m[1mGenerating C type support dispatch for ROS interfaces[0m
[ 14%] [34m[1mGenerating C type support for eProsima Fast-RTPS[0m
[ 15%] [34m[1mGenerating C introspection for ROS interfaces[0m
[ 15%] Built target dynus_interfaces__cpp
[ 16%] [34m[1mGenerating C++ introspection for ROS interfaces[0m
[ 17%] [34m[1mGenerating C++ type support dispatch for ROS interfaces[0m
[ 17%] [34m[1mGenerating C++ type support for eProsima Fast-RTPS[0m
[ 18%] [32mBuilding CXX object CMakeFiles/dynus_interfaces__rosidl_typesupport_introspection_cpp.dir/rosidl_typesupport_introspection_cpp/dynus_interfaces/msg/detail/quintic_coeff_poly3__type_support.cpp.o[0m
[ 19%] [32mBuilding CXX object CMakeFiles/dynus_interfaces__rosidl_typesupport_introspection_cpp.dir/rosidl_typesupport_introspection_cpp/dynus_interfaces/msg/detail/pwp_traj__type_support.cpp.o[0m
[ 19%] [32mBuilding CXX object CMakeFiles/dynus_interfaces__rosidl_typesupport_introspection_cpp.dir/rosidl_typesupport_introspection_cpp/dynus_interfaces/msg/detail/quintic_pwp_traj__type_support.cpp.o[0m
[ 20%] [32mBuilding CXX object CMakeFiles/dynus_interfaces__rosidl_typesupport_c.dir/rosidl_typesupport_c/dynus_interfaces/msg/quintic_pwp_traj__type_support.cpp.o[0m
[ 20%] [32mBuilding CXX object CMakeFiles/dynus_interfaces__rosidl_typesupport_c.dir/rosidl_typesupport_c/dynus_interfaces/msg/pwp_traj__type_support.cpp.o[0m
[ 21%] [32mBuilding CXX object CMakeFiles/dynus_interfaces__rosidl_typesupport_c.dir/rosidl_typesupport_c/dynus_interfaces/msg/quintic_coeff_poly3__type_support.cpp.o[0m
[ 22%] [32mBuilding CXX object CMakeFiles/dynus_interfaces__rosidl_typesupport_c.dir/rosidl_typesupport_c/dynus_interfaces/msg/coeff_poly3__type_support.cpp.o[0m
[ 23%] [32mBuilding CXX object CMakeFiles/dynus_interfaces__rosidl_typesupport_c.dir/rosidl_typesupport_c/dynus_interfaces/msg/dyn_traj__type_support.cpp.o[0m
[ 24%] [32mBuilding CXX object CMakeFiles/dynus_interfaces__rosidl_typesupport_c.dir/rosidl_typesupport_c/dynus_interfaces/msg/dyn_traj_array__type_support.cpp.o[0m
[ 25%] [32mBuilding CXX object CMakeFiles/dynus_interfaces__rosidl_typesupport_c.dir/rosidl_typesupport_c/dynus_interfaces/msg/state__type_support.cpp.o[0m
[ 25%] [32mBuilding CXX object CMakeFiles/dynus_interfaces__rosidl_typesupport_c.dir/rosidl_typesupport_c/dynus_interfaces/msg/goal__type_support.cpp.o[0m
[ 26%] [32mBuilding CXX object CMakeFiles/dynus_interfaces__rosidl_typesupport_c.dir/rosidl_typesupport_c/dynus_interfaces/msg/mode__type_support.cpp.o[0m
[ 27%] [32mBuilding CXX object CMakeFiles/dynus_interfaces__rosidl_typesupport_c.dir/rosidl_typesupport_c/dynus_interfaces/msg/yaw_output__type_support.cpp.o[0m
[ 28%] [32mBuilding CXX object CMakeFiles/dynus_interfaces__rosidl_typesupport_introspection_cpp.dir/rosidl_typesupport_introspection_cpp/dynus_interfaces/msg/detail/coeff_poly3__type_support.cpp.o[0m
[ 29%] [32mBuilding CXX object CMakeFiles/dynus_interfaces__rosidl_typesupport_c.dir/rosidl_typesupport_c/dynus_interfaces/msg/pn_adaptation__type_support.cpp.o[0m
[ 30%] [32mBuilding CXX object CMakeFiles/dynus_interfaces__rosidl_typesupport_c.dir/rosidl_typesupport_c/dynus_interfaces/srv/flight_command__type_support.cpp.o[0m
[ 31%] [32mBuilding C object CMakeFiles/dynus_interfaces__rosidl_typesupport_introspection_c.dir/rosidl_typesupport_introspection_c/dynus_interfaces/msg/detail/quintic_pwp_traj__type_support.c.o[0m
[ 32%] [32m[1mLinking CXX shared library libdynus_interfaces__rosidl_typesupport_c.so[0m
[ 33%] [32mBuilding C object CMakeFiles/dynus_interfaces__rosidl_typesupport_introspection_c.dir/rosidl_typesupport_introspection_c/dynus_interfaces/msg/detail/pwp_traj__type_support.c.o[0m
[ 34%] [32mBuilding C object CMakeFiles/dynus_interfaces__rosidl_typesupport_introspection_c.dir/rosidl_typesupport_introspection_c/dynus_interfaces/msg/detail/quintic_coeff_poly3__type_support.c.o[0m
[ 34%] Built target dynus_interfaces__rosidl_typesupport_c
[ 35%] [32mBuilding CXX object CMakeFiles/dynus_interfaces__rosidl_typesupport_introspection_cpp.dir/rosidl_typesupport_introspection_cpp/dynus_interfaces/msg/detail/dyn_traj__type_support.cpp.o[0m
[ 35%] [32mBuilding C object CMakeFiles/dynus_interfaces__rosidl_typesupport_introspection_c.dir/rosidl_typesupport_introspection_c/dynus_interfaces/msg/detail/coeff_poly3__type_support.c.o[0m
[ 36%] [32mBuilding CXX object CMakeFiles/dynus_interfaces__rosidl_typesupport_introspection_cpp.dir/rosidl_typesupport_introspection_cpp/dynus_interfaces/msg/detail/dyn_traj_array__type_support.cpp.o[0m
[ 37%] [32mBuilding C object CMakeFiles/dynus_interfaces__rosidl_typesupport_introspection_c.dir/rosidl_typesupport_introspection_c/dynus_interfaces/msg/detail/dyn_traj__type_support.c.o[0m
[ 38%] [32mBuilding CXX object CMakeFiles/dynus_interfaces__rosidl_typesupport_cpp.dir/rosidl_typesupport_cpp/dynus_interfaces/msg/quintic_pwp_traj__type_support.cpp.o[0m
[ 39%] [32mBuilding CXX object CMakeFiles/dynus_interfaces__rosidl_typesupport_cpp.dir/rosidl_typesupport_cpp/dynus_interfaces/msg/pwp_traj__type_support.cpp.o[0m
[ 40%] [32mBuilding C object CMakeFiles/dynus_interfaces__rosidl_typesupport_introspection_c.dir/rosidl_typesupport_introspection_c/dynus_interfaces/msg/detail/dyn_traj_array__type_support.c.o[0m
[ 41%] [32mBuilding CXX object CMakeFiles/dynus_interfaces__rosidl_typesupport_fastrtps_cpp.dir/rosidl_typesupport_fastrtps_cpp/dynus_interfaces/msg/detail/dds_fastrtps/quintic_pwp_traj__type_support.cpp.o[0m
[ 42%] [32mBuilding CXX object CMakeFiles/dynus_interfaces__rosidl_typesupport_fastrtps_c.dir/rosidl_typesupport_fastrtps_c/dynus_interfaces/msg/detail/quintic_pwp_traj__type_support_c.cpp.o[0m
[ 43%] [32mBuilding C object CMakeFiles/dynus_interfaces__rosidl_typesupport_introspection_c.dir/rosidl_typesupport_introspection_c/dynus_interfaces/msg/detail/state__type_support.c.o[0m
[ 44%] [32mBuilding C object CMakeFiles/dynus_interfaces__rosidl_typesupport_introspection_c.dir/rosidl_typesupport_introspection_c/dynus_interfaces/msg/detail/goal__type_support.c.o[0m
[ 45%] [32mBuilding C object CMakeFiles/dynus_interfaces__rosidl_typesupport_introspection_c.dir/rosidl_typesupport_introspection_c/dynus_interfaces/msg/detail/mode__type_support.c.o[0m
[ 46%] [32mBuilding C object CMakeFiles/dynus_interfaces__rosidl_typesupport_introspection_c.dir/rosidl_typesupport_introspection_c/dynus_interfaces/msg/detail/yaw_output__type_support.c.o[0m
[ 46%] [32mBuilding C object CMakeFiles/dynus_interfaces__rosidl_typesupport_introspection_c.dir/rosidl_typesupport_introspection_c/dynus_interfaces/msg/detail/pn_adaptation__type_support.c.o[0m
[ 47%] [32mBuilding C object CMakeFiles/dynus_interfaces__rosidl_typesupport_introspection_c.dir/rosidl_typesupport_introspection_c/dynus_interfaces/srv/detail/flight_command__type_support.c.o[0m
[ 48%] [32m[1mLinking C shared library libdynus_interfaces__rosidl_typesupport_introspection_c.so[0m
[ 48%] Built target dynus_interfaces__rosidl_typesupport_introspection_c
[ 49%] [32mBuilding CXX object CMakeFiles/dynus_interfaces__rosidl_typesupport_cpp.dir/rosidl_typesupport_cpp/dynus_interfaces/msg/quintic_coeff_poly3__type_support.cpp.o[0m
[ 50%] [32mBuilding CXX object CMakeFiles/dynus_interfaces__rosidl_typesupport_fastrtps_c.dir/rosidl_typesupport_fastrtps_c/dynus_interfaces/msg/detail/pwp_traj__type_support_c.cpp.o[0m
[ 51%] [32mBuilding CXX object CMakeFiles/dynus_interfaces__rosidl_typesupport_cpp.dir/rosidl_typesupport_cpp/dynus_interfaces/msg/coeff_poly3__type_support.cpp.o[0m
[ 51%] [32mBuilding CXX object CMakeFiles/dynus_interfaces__rosidl_typesupport_cpp.dir/rosidl_typesupport_cpp/dynus_interfaces/msg/dyn_traj__type_support.cpp.o[0m
[ 52%] [32mBuilding CXX object CMakeFiles/dynus_interfaces__rosidl_typesupport_fastrtps_cpp.dir/rosidl_typesupport_fastrtps_cpp/dynus_interfaces/msg/detail/dds_fastrtps/coeff_poly3__type_support.cpp.o[0m
[ 53%] [32mBuilding CXX object CMakeFiles/dynus_interfaces__rosidl_typesupport_introspection_cpp.dir/rosidl_typesupport_introspection_cpp/dynus_interfaces/msg/detail/goal__type_support.cpp.o[0m
[ 53%] [32mBuilding CXX object CMakeFiles/dynus_interfaces__rosidl_typesupport_introspection_cpp.dir/rosidl_typesupport_introspection_cpp/dynus_interfaces/msg/detail/state__type_support.cpp.o[0m
[ 53%] [32mBuilding CXX object CMakeFiles/dynus_interfaces__rosidl_typesupport_fastrtps_c.dir/rosidl_typesupport_fastrtps_c/dynus_interfaces/msg/detail/quintic_coeff_poly3__type_support_c.cpp.o[0m
[ 54%] [32mBuilding CXX object CMakeFiles/dynus_interfaces__rosidl_typesupport_fastrtps_cpp.dir/rosidl_typesupport_fastrtps_cpp/dynus_interfaces/msg/detail/dds_fastrtps/dyn_traj__type_support.cpp.o[0m
[ 55%] [32mBuilding CXX object CMakeFiles/dynus_interfaces__rosidl_typesupport_cpp.dir/rosidl_typesupport_cpp/dynus_interfaces/msg/dyn_traj_array__type_support.cpp.o[0m
[ 56%] [32mBuilding CXX object CMakeFiles/dynus_interfaces__rosidl_typesupport_introspection_cpp.dir/rosidl_typesupport_introspection_cpp/dynus_interfaces/msg/detail/mode__type_support.cpp.o[0m
[ 57%] [32mBuilding CXX object CMakeFiles/dynus_interfaces__rosidl_typesupport_introspection_cpp.dir/rosidl_typesupport_introspection_cpp/dynus_interfaces/msg/detail/yaw_output__type_support.cpp.o[0m
[ 58%] [32mBuilding CXX object CMakeFiles/dynus_interfaces__rosidl_typesupport_fastrtps_c.dir/rosidl_typesupport_fastrtps_c/dynus_interfaces/msg/detail/dyn_traj__type_support_c.cpp.o[0m
[ 59%] [32mBuilding CXX object CMakeFiles/dynus_interfaces__rosidl_typesupport_cpp.dir/rosidl_typesupport_cpp/dynus_interfaces/msg/state__type_support.cpp.o[0m
[ 60%] [32mBuilding CXX object CMakeFiles/dynus_interfaces__rosidl_typesupport_introspection_cpp.dir/rosidl_typesupport_introspection_cpp/dynus_interfaces/msg/detail/pn_adaptation__type_support.cpp.o[0m
[ 61%] [32mBuilding CXX object CMakeFiles/dynus_interfaces__rosidl_typesupport_fastrtps_c.dir/rosidl_typesupport_fastrtps_c/dynus_interfaces/msg/detail/coeff_poly3__type_support_c.cpp.o[0m
[ 62%] [32mBuilding CXX object CMakeFiles/dynus_interfaces__rosidl_typesupport_fastrtps_cpp.dir/rosidl_typesupport_fastrtps_cpp/dynus_interfaces/msg/detail/dds_fastrtps/state__type_support.cpp.o[0m
[ 63%] [32mBuilding CXX object CMakeFiles/dynus_interfaces__rosidl_typesupport_cpp.dir/rosidl_typesupport_cpp/dynus_interfaces/msg/goal__type_support.cpp.o[0m
[ 64%] [32mBuilding CXX object CMakeFiles/dynus_interfaces__rosidl_typesupport_fastrtps_c.dir/rosidl_typesupport_fastrtps_c/dynus_interfaces/msg/detail/dyn_traj_array__type_support_c.cpp.o[0m
[ 65%] [32mBuilding CXX object CMakeFiles/dynus_interfaces__rosidl_typesupport_introspection_cpp.dir/rosidl_typesupport_introspection_cpp/dynus_interfaces/srv/detail/flight_command__type_support.cpp.o[0m
[ 66%] [32mBuilding CXX object CMakeFiles/dynus_interfaces__rosidl_typesupport_cpp.dir/rosidl_typesupport_cpp/dynus_interfaces/msg/mode__type_support.cpp.o[0m
[ 67%] [32mBuilding CXX object CMakeFiles/dynus_interfaces__rosidl_typesupport_cpp.dir/rosidl_typesupport_cpp/dynus_interfaces/msg/yaw_output__type_support.cpp.o[0m
[ 68%] [32mBuilding CXX object CMakeFiles/dynus_interfaces__rosidl_typesupport_fastrtps_cpp.dir/rosidl_typesupport_fastrtps_cpp/dynus_interfaces/msg/detail/dds_fastrtps/goal__type_support.cpp.o[0m
[ 69%] [32mBuilding CXX object CMakeFiles/dynus_interfaces__rosidl_typesupport_fastrtps_c.dir/rosidl_typesupport_fastrtps_c/dynus_interfaces/msg/detail/state__type_support_c.cpp.o[0m
[ 70%] [32m[1mLinking CXX shared library libdynus_interfaces__rosidl_typesupport_introspection_cpp.so[0m
[ 70%] [32mBuilding CXX object CMakeFiles/dynus_interfaces__rosidl_typesupport_cpp.dir/rosidl_typesupport_cpp/dynus_interfaces/msg/pn_adaptation__type_support.cpp.o[0m
[ 70%] Built target dynus_interfaces__rosidl_typesupport_introspection_cpp
[ 71%] [32mBuilding CXX object CMakeFiles/dynus_interfaces__rosidl_typesupport_fastrtps_c.dir/rosidl_typesupport_fastrtps_c/dynus_interfaces/msg/detail/goal__type_support_c.cpp.o[0m
[ 72%] [32mBuilding CXX object CMakeFiles/dynus_interfaces__rosidl_typesupport_cpp.dir/rosidl_typesupport_cpp/dynus_interfaces/srv/flight_command__type_support.cpp.o[0m
[ 72%] [32mBuilding CXX object CMakeFiles/dynus_interfaces__rosidl_typesupport_fastrtps_c.dir/rosidl_typesupport_fastrtps_c/dynus_interfaces/msg/detail/mode__type_support_c.cpp.o[0m
[ 73%] [32mBuilding CXX object CMakeFiles/dynus_interfaces__rosidl_typesupport_fastrtps_cpp.dir/rosidl_typesupport_fastrtps_cpp/dynus_interfaces/msg/detail/dds_fastrtps/yaw_output__type_support.cpp.o[0m
[ 74%] [32m[1mLinking CXX shared library libdynus_interfaces__rosidl_typesupport_cpp.so[0m
[ 74%] Built target dynus_interfaces__rosidl_typesupport_cpp
[ 75%] [32mBuilding CXX object CMakeFiles/dynus_interfaces__rosidl_typesupport_fastrtps_c.dir/rosidl_typesupport_fastrtps_c/dynus_interfaces/msg/detail/yaw_output__type_support_c.cpp.o[0m
[ 76%] [32mBuilding CXX object CMakeFiles/dynus_interfaces__rosidl_typesupport_fastrtps_c.dir/rosidl_typesupport_fastrtps_c/dynus_interfaces/msg/detail/pn_adaptation__type_support_c.cpp.o[0m
[ 76%] [32mBuilding CXX object CMakeFiles/dynus_interfaces__rosidl_typesupport_fastrtps_cpp.dir/rosidl_typesupport_fastrtps_cpp/dynus_interfaces/srv/detail/dds_fastrtps/flight_command__type_support.cpp.o[0m
[ 77%] [32mBuilding CXX object CMakeFiles/dynus_interfaces__rosidl_typesupport_fastrtps_c.dir/rosidl_typesupport_fastrtps_c/dynus_interfaces/srv/detail/flight_command__type_support_c.cpp.o[0m
[ 78%] [32mBuilding CXX object CMakeFiles/dynus_interfaces__rosidl_typesupport_fastrtps_cpp.dir/rosidl_typesupport_fastrtps_cpp/dynus_interfaces/msg/detail/dds_fastrtps/pn_adaptation__type_support.cpp.o[0m
[ 79%] [32m[1mLinking CXX shared library libdynus_interfaces__rosidl_typesupport_fastrtps_c.so[0m
[ 80%] [32mBuilding CXX object CMakeFiles/dynus_interfaces__rosidl_typesupport_fastrtps_cpp.dir/rosidl_typesupport_fastrtps_cpp/dynus_interfaces/msg/detail/dds_fastrtps/mode__type_support.cpp.o[0m
[ 80%] Built target dynus_interfaces__rosidl_typesupport_fastrtps_c
[ 80%] [32mBuilding CXX object CMakeFiles/dynus_interfaces__rosidl_typesupport_fastrtps_cpp.dir/rosidl_typesupport_fastrtps_cpp/dynus_interfaces/msg/detail/dds_fastrtps/dyn_traj_array__type_support.cpp.o[0m
[ 81%] [32mBuilding CXX object CMakeFiles/dynus_interfaces__rosidl_typesupport_fastrtps_cpp.dir/rosidl_typesupport_fastrtps_cpp/dynus_interfaces/msg/detail/dds_fastrtps/quintic_coeff_poly3__type_support.cpp.o[0m
[ 82%] [32mBuilding CXX object CMakeFiles/dynus_interfaces__rosidl_typesupport_fastrtps_cpp.dir/rosidl_typesupport_fastrtps_cpp/dynus_interfaces/msg/detail/dds_fastrtps/pwp_traj__type_support.cpp.o[0m
[ 83%] [32m[1mLinking CXX shared library libdynus_interfaces__rosidl_typesupport_fastrtps_cpp.so[0m
[ 83%] Built target dynus_interfaces__rosidl_typesupport_fastrtps_cpp
[ 83%] Built target dynus_interfaces
[ 84%] [34m[1mGenerating Python code for ROS interfaces[0m
[ 84%] Built target dynus_interfaces__py
[ 85%] [32mBuilding C object CMakeFiles/dynus_interfaces__rosidl_generator_py.dir/rosidl_generator_py/dynus_interfaces/msg/_quintic_pwp_traj_s.c.o[0m
[ 86%] [32mBuilding C object CMakeFiles/dynus_interfaces__rosidl_generator_py.dir/rosidl_generator_py/dynus_interfaces/msg/_goal_s.c.o[0m
[ 87%] [32mBuilding C object CMakeFiles/dynus_interfaces__rosidl_generator_py.dir/rosidl_generator_py/dynus_interfaces/msg/_mode_s.c.o[0m
[ 87%] [32mBuilding C object CMakeFiles/dynus_interfaces__rosidl_generator_py.dir/rosidl_generator_py/dynus_interfaces/msg/_yaw_output_s.c.o[0m
[ 88%] [32mBuilding C object CMakeFiles/dynus_interfaces__rosidl_generator_py.dir/rosidl_generator_py/dynus_interfaces/msg/_pn_adaptation_s.c.o[0m
[ 89%] [32mBuilding C object CMakeFiles/dynus_interfaces__rosidl_generator_py.dir/rosidl_generator_py/dynus_interfaces/srv/_flight_command_s.c.o[0m
[ 90%] [32mBuilding C object CMakeFiles/dynus_interfaces__rosidl_generator_py.dir/rosidl_generator_py/dynus_interfaces/msg/_state_s.c.o[0m
[ 91%] [32mBuilding C object CMakeFiles/dynus_interfaces__rosidl_generator_py.dir/rosidl_generator_py/dynus_interfaces/msg/_dyn_traj_array_s.c.o[0m
[ 92%] [32mBuilding C object CMakeFiles/dynus_interfaces__rosidl_generator_py.dir/rosidl_generator_py/dynus_interfaces/msg/_dyn_traj_s.c.o[0m
[ 93%] [32mBuilding C object CMakeFiles/dynus_interfaces__rosidl_generator_py.dir/rosidl_generator_py/dynus_interfaces/msg/_coeff_poly3_s.c.o[0m
[ 93%] [32mBuilding C object CMakeFiles/dynus_interfaces__rosidl_generator_py.dir/rosidl_generator_py/dynus_interfaces/msg/_quintic_coeff_poly3_s.c.o[0m
[ 94%] [32mBuilding C object CMakeFiles/dynus_interfaces__rosidl_generator_py.dir/rosidl_generator_py/dynus_interfaces/msg/_pwp_traj_s.c.o[0m
[ 95%] [32m[1mLinking C shared library rosidl_generator_py/dynus_interfaces/libdynus_interfaces__rosidl_generator_py.so[0m
[ 95%] Built target dynus_interfaces__rosidl_generator_py
[ 96%] [32mBuilding C object CMakeFiles/dynus_interfaces__rosidl_typesupport_fastrtps_c__pyext.dir/rosidl_generator_py/dynus_interfaces/_dynus_interfaces_s.ep.rosidl_typesupport_fastrtps_c.c.o[0m
[ 97%] [32m[1mLinking C shared library rosidl_generator_py/dynus_interfaces/dynus_interfaces_s__rosidl_typesupport_fastrtps_c.cpython-310-x86_64-linux-gnu.so[0m
[ 97%] Built target dynus_interfaces__rosidl_typesupport_fastrtps_c__pyext
[ 97%] [32mBuilding C object CMakeFiles/dynus_interfaces__rosidl_typesupport_c__pyext.dir/rosidl_generator_py/dynus_interfaces/_dynus_interfaces_s.ep.rosidl_typesupport_c.c.o[0m
[ 98%] [32m[1mLinking C shared library rosidl_generator_py/dynus_interfaces/dynus_interfaces_s__rosidl_typesupport_c.cpython-310-x86_64-linux-gnu.so[0m
[ 98%] Built target dynus_interfaces__rosidl_typesupport_c__pyext
[ 99%] [32mBuilding C object CMakeFiles/dynus_interfaces__rosidl_typesupport_introspection_c__pyext.dir/rosidl_generator_py/dynus_interfaces/_dynus_interfaces_s.ep.rosidl_typesupport_introspection_c.c.o[0m
[100%] [32m[1mLinking C shared library rosidl_generator_py/dynus_interfaces/dynus_interfaces_s__rosidl_typesupport_introspection_c.cpython-310-x86_64-linux-gnu.so[0m
[100%] Built target dynus_interfaces__rosidl_typesupport_introspection_c__pyext
-- Install configuration: ""
-- Installing: /home/lorenzo/code/dynus_lite/dynus_lite_ws/install/dynus_interfaces/share/ament_index/resource_index/rosidl_interfaces/dynus_interfaces
-- Installing: /home/lorenzo/code/dynus_lite/dynus_lite_ws/install/dynus_interfaces/include/dynus_interfaces/dynus_interfaces
-- Installing: /home/lorenzo/code/dynus_lite/dynus_lite_ws/install/dynus_interfaces/include/dynus_interfaces/dynus_interfaces/srv
-- Installing: /home/lorenzo/code/dynus_lite/dynus_lite_ws/install/dynus_interfaces/include/dynus_interfaces/dynus_interfaces/srv/detail
-- Installing: /home/lorenzo/code/dynus_lite/dynus_lite_ws/install/dynus_interfaces/include/dynus_interfaces/dynus_interfaces/srv/detail/flight_command__struct.h
-- Installing: /home/lorenzo/code/dynus_lite/dynus_lite_ws/install/dynus_interfaces/include/dynus_interfaces/dynus_interfaces/srv/detail/flight_command__functions.c
-- Installing: /home/lorenzo/code/dynus_lite/dynus_lite_ws/install/dynus_interfaces/include/dynus_interfaces/dynus_interfaces/srv/detail/flight_command__type_support.h
-- Installing: /home/lorenzo/code/dynus_lite/dynus_lite_ws/install/dynus_interfaces/include/dynus_interfaces/dynus_interfaces/srv/detail/flight_command__functions.h
-- Installing: /home/lorenzo/code/dynus_lite/dynus_lite_ws/install/dynus_interfaces/include/dynus_interfaces/dynus_interfaces/srv/flight_command.h
-- Installing: /home/lorenzo/code/dynus_lite/dynus_lite_ws/install/dynus_interfaces/include/dynus_interfaces/dynus_interfaces/msg
-- Installing: /home/lorenzo/code/dynus_lite/dynus_lite_ws/install/dynus_interfaces/include/dynus_interfaces/dynus_interfaces/msg/pwp_traj.h
-- Installing: /home/lorenzo/code/dynus_lite/dynus_lite_ws/install/dynus_interfaces/include/dynus_interfaces/dynus_interfaces/msg/dyn_traj_array.h
-- Installing: /home/lorenzo/code/dynus_lite/dynus_lite_ws/install/dynus_interfaces/include/dynus_interfaces/dynus_interfaces/msg/yaw_output.h
-- Installing: /home/lorenzo/code/dynus_lite/dynus_lite_ws/install/dynus_interfaces/include/dynus_interfaces/dynus_interfaces/msg/dyn_traj.h
-- Installing: /home/lorenzo/code/dynus_lite/dynus_lite_ws/install/dynus_interfaces/include/dynus_interfaces/dynus_interfaces/msg/detail
-- Installing: /home/lorenzo/code/dynus_lite/dynus_lite_ws/install/dynus_interfaces/include/dynus_interfaces/dynus_interfaces/msg/detail/coeff_poly3__type_support.h
-- Installing: /home/lorenzo/code/dynus_lite/dynus_lite_ws/install/dynus_interfaces/include/dynus_interfaces/dynus_interfaces/msg/detail/pwp_traj__functions.c
-- Installing: /home/lorenzo/code/dynus_lite/dynus_lite_ws/install/dynus_interfaces/include/dynus_interfaces/dynus_interfaces/msg/detail/state__struct.h
-- Installing: /home/lorenzo/code/dynus_lite/dynus_lite_ws/install/dynus_interfaces/include/dynus_interfaces/dynus_interfaces/msg/detail/quintic_coeff_poly3__functions.h
-- Installing: /home/lorenzo/code/dynus_lite/dynus_lite_ws/install/dynus_interfaces/include/dynus_interfaces/dynus_interfaces/msg/detail/coeff_poly3__struct.h
-- Installing: /home/lorenzo/code/dynus_lite/dynus_lite_ws/install/dynus_interfaces/include/dynus_interfaces/dynus_interfaces/msg/detail/pn_adaptation__functions.h
-- Installing: /home/lorenzo/code/dynus_lite/dynus_lite_ws/install/dynus_interfaces/include/dynus_interfaces/dynus_interfaces/msg/detail/mode__functions.h
-- Installing: /home/lorenzo/code/dynus_lite/dynus_lite_ws/install/dynus_interfaces/include/dynus_interfaces/dynus_interfaces/msg/detail/yaw_output__functions.h
-- Installing: /home/lorenzo/code/dynus_lite/dynus_lite_ws/install/dynus_interfaces/include/dynus_interfaces/dynus_interfaces/msg/detail/pn_adaptation__type_support.h
-- Installing: /home/lorenzo/code/dynus_lite/dynus_lite_ws/install/dynus_interfaces/include/dynus_interfaces/dynus_interfaces/msg/detail/dyn_traj__functions.h
-- Installing: /home/lorenzo/code/dynus_lite/dynus_lite_ws/install/dynus_interfaces/include/dynus_interfaces/dynus_interfaces/msg/detail/yaw_output__struct.h
-- Installing: /home/lorenzo/code/dynus_lite/dynus_lite_ws/install/dynus_interfaces/include/dynus_interfaces/dynus_interfaces/msg/detail/dyn_traj_array__type_support.h
-- Installing: /home/lorenzo/code/dynus_lite/dynus_lite_ws/install/dynus_interfaces/include/dynus_interfaces/dynus_interfaces/msg/detail/mode__functions.c
-- Installing: /home/lorenzo/code/dynus_lite/dynus_lite_ws/install/dynus_interfaces/include/dynus_interfaces/dynus_interfaces/msg/detail/dyn_traj__functions.c
-- Installing: /home/lorenzo/code/dynus_lite/dynus_lite_ws/install/dynus_interfaces/include/dynus_interfaces/dynus_interfaces/msg/detail/yaw_output__functions.c
-- Installing: /home/lorenzo/code/dynus_lite/dynus_lite_ws/install/dynus_interfaces/include/dynus_interfaces/dynus_interfaces/msg/detail/state__functions.h
-- Installing: /home/lorenzo/code/dynus_lite/dynus_lite_ws/install/dynus_interfaces/include/dynus_interfaces/dynus_interfaces/msg/detail/quintic_pwp_traj__functions.c
-- Installing: /home/lorenzo/code/dynus_lite/dynus_lite_ws/install/dynus_interfaces/include/dynus_interfaces/dynus_interfaces/msg/detail/pwp_traj__type_support.h
-- Installing: /home/lorenzo/code/dynus_lite/dynus_lite_ws/install/dynus_interfaces/include/dynus_interfaces/dynus_interfaces/msg/detail/pwp_traj__functions.h
-- Installing: /home/lorenzo/code/dynus_lite/dynus_lite_ws/install/dynus_interfaces/include/dynus_interfaces/dynus_interfaces/msg/detail/goal__type_support.h
-- Installing: /home/lorenzo/code/dynus_lite/dynus_lite_ws/install/dynus_interfaces/include/dynus_interfaces/dynus_interfaces/msg/detail/dyn_traj__struct.h
-- Installing: /home/lorenzo/code/dynus_lite/dynus_lite_ws/install/dynus_interfaces/include/dynus_interfaces/dynus_interfaces/msg/detail/goal__functions.c
-- Installing: /home/lorenzo/code/dynus_lite/dynus_lite_ws/install/dynus_interfaces/include/dynus_interfaces/dynus_interfaces/msg/detail/quintic_pwp_traj__struct.h
-- Installing: /home/lorenzo/code/dynus_lite/dynus_lite_ws/install/dynus_interfaces/include/dynus_interfaces/dynus_interfaces/msg/detail/pwp_traj__struct.h
-- Installing: /home/lorenzo/code/dynus_lite/dynus_lite_ws/install/dynus_interfaces/include/dynus_interfaces/dynus_interfaces/msg/detail/dyn_traj__type_support.h
-- Installing: /home/lorenzo/code/dynus_lite/dynus_lite_ws/install/dynus_interfaces/include/dynus_interfaces/dynus_interfaces/msg/detail/state__functions.c
-- Installing: /home/lorenzo/code/dynus_lite/dynus_lite_ws/install/dynus_interfaces/include/dynus_interfaces/dynus_interfaces/msg/detail/goal__functions.h
-- Installing: /home/lorenzo/code/dynus_lite/dynus_lite_ws/install/dynus_interfaces/include/dynus_interfaces/dynus_interfaces/msg/detail/yaw_output__type_support.h
-- Installing: /home/lorenzo/code/dynus_lite/dynus_lite_ws/install/dynus_interfaces/include/dynus_interfaces/dynus_interfaces/msg/detail/quintic_pwp_traj__type_support.h
-- Installing: /home/lorenzo/code/dynus_lite/dynus_lite_ws/install/dynus_interfaces/include/dynus_interfaces/dynus_interfaces/msg/detail/dyn_traj_array__functions.h
-- Installing: /home/lorenzo/code/dynus_lite/dynus_lite_ws/install/dynus_interfaces/include/dynus_interfaces/dynus_interfaces/msg/detail/coeff_poly3__functions.c
-- Installing: /home/lorenzo/code/dynus_lite/dynus_lite_ws/install/dynus_interfaces/include/dynus_interfaces/dynus_interfaces/msg/detail/goal__struct.h
-- Installing: /home/lorenzo/code/dynus_lite/dynus_lite_ws/install/dynus_interfaces/include/dynus_interfaces/dynus_interfaces/msg/detail/quintic_coeff_poly3__type_support.h
-- Installing: /home/lorenzo/code/dynus_lite/dynus_lite_ws/install/dynus_interfaces/include/dynus_interfaces/dynus_interfaces/msg/detail/dyn_traj_array__functions.c
-- Installing: /home/lorenzo/code/dynus_lite/dynus_lite_ws/install/dynus_interfaces/include/dynus_interfaces/dynus_interfaces/msg/detail/quintic_coeff_poly3__struct.h
-- Installing: /home/lorenzo/code/dynus_lite/dynus_lite_ws/install/dynus_interfaces/include/dynus_interfaces/dynus_interfaces/msg/detail/pn_adaptation__struct.h
-- Installing: /home/lorenzo/code/dynus_lite/dynus_lite_ws/install/dynus_interfaces/include/dynus_interfaces/dynus_interfaces/msg/detail/dyn_traj_array__struct.h
-- Installing: /home/lorenzo/code/dynus_lite/dynus_lite_ws/install/dynus_interfaces/include/dynus_interfaces/dynus_interfaces/msg/detail/pn_adaptation__functions.c
-- Installing: /home/lorenzo/code/dynus_lite/dynus_lite_ws/install/dynus_interfaces/include/dynus_interfaces/dynus_interfaces/msg/detail/coeff_poly3__functions.h
-- Installing: /home/lorenzo/code/dynus_lite/dynus_lite_ws/install/dynus_interfaces/include/dynus_interfaces/dynus_interfaces/msg/detail/state__type_support.h
-- Installing: /home/lorenzo/code/dynus_lite/dynus_lite_ws/install/dynus_interfaces/include/dynus_interfaces/dynus_interfaces/msg/detail/quintic_coeff_poly3__functions.c
-- Installing: /home/lorenzo/code/dynus_lite/dynus_lite_ws/install/dynus_interfaces/include/dynus_interfaces/dynus_interfaces/msg/detail/mode__type_support.h
-- Installing: /home/lorenzo/code/dynus_lite/dynus_lite_ws/install/dynus_interfaces/include/dynus_interfaces/dynus_interfaces/msg/detail/quintic_pwp_traj__functions.h
-- Installing: /home/lorenzo/code/dynus_lite/dynus_lite_ws/install/dynus_interfaces/include/dynus_interfaces/dynus_interfaces/msg/detail/mode__struct.h
-- Installing: /home/lorenzo/code/dynus_lite/dynus_lite_ws/install/dynus_interfaces/include/dynus_interfaces/dynus_interfaces/msg/rosidl_generator_c__visibility_control.h
-- Installing: /home/lorenzo/code/dynus_lite/dynus_lite_ws/install/dynus_interfaces/include/dynus_interfaces/dynus_interfaces/msg/quintic_coeff_poly3.h
-- Installing: /home/lorenzo/code/dynus_lite/dynus_lite_ws/install/dynus_interfaces/include/dynus_interfaces/dynus_interfaces/msg/quintic_pwp_traj.h
-- Installing: /home/lorenzo/code/dynus_lite/dynus_lite_ws/install/dynus_interfaces/include/dynus_interfaces/dynus_interfaces/msg/goal.h
-- Installing: /home/lorenzo/code/dynus_lite/dynus_lite_ws/install/dynus_interfaces/include/dynus_interfaces/dynus_interfaces/msg/mode.h
-- Installing: /home/lorenzo/code/dynus_lite/dynus_lite_ws/install/dynus_interfaces/include/dynus_interfaces/dynus_interfaces/msg/pn_adaptation.h
-- Installing: /home/lorenzo/code/dynus_lite/dynus_lite_ws/install/dynus_interfaces/include/dynus_interfaces/dynus_interfaces/msg/state.h
-- Installing: /home/lorenzo/code/dynus_lite/dynus_lite_ws/install/dynus_interfaces/include/dynus_interfaces/dynus_interfaces/msg/coeff_poly3.h
-- Installing: /home/lorenzo/code/dynus_lite/dynus_lite_ws/install/dynus_interfaces/share/dynus_interfaces/environment/library_path.sh
-- Installing: /home/lorenzo/code/dynus_lite/dynus_lite_ws/install/dynus_interfaces/share/dynus_interfaces/environment/library_path.dsv
-- Installing: /home/lorenzo/code/dynus_lite/dynus_lite_ws/install/dynus_interfaces/lib/libdynus_interfaces__rosidl_generator_c.so
-- Set runtime path of "/home/lorenzo/code/dynus_lite/dynus_lite_ws/install/dynus_interfaces/lib/libdynus_interfaces__rosidl_generator_c.so" to ""
-- Up-to-date: /home/lorenzo/code/dynus_lite/dynus_lite_ws/install/dynus_interfaces/include/dynus_interfaces/dynus_interfaces
-- Up-to-date: /home/lorenzo/code/dynus_lite/dynus_lite_ws/install/dynus_interfaces/include/dynus_interfaces/dynus_interfaces/srv
-- Up-to-date: /home/lorenzo/code/dynus_lite/dynus_lite_ws/install/dynus_interfaces/include/dynus_interfaces/dynus_interfaces/srv/detail
-- Installing: /home/lorenzo/code/dynus_lite/dynus_lite_ws/install/dynus_interfaces/include/dynus_interfaces/dynus_interfaces/srv/detail/flight_command__rosidl_typesupport_fastrtps_c.h
-- Up-to-date: /home/lorenzo/code/dynus_lite/dynus_lite_ws/install/dynus_interfaces/include/dynus_interfaces/dynus_interfaces/msg
-- Installing: /home/lorenzo/code/dynus_lite/dynus_lite_ws/install/dynus_interfaces/include/dynus_interfaces/dynus_interfaces/msg/rosidl_typesupport_fastrtps_c__visibility_control.h
-- Up-to-date: /home/lorenzo/code/dynus_lite/dynus_lite_ws/install/dynus_interfaces/include/dynus_interfaces/dynus_interfaces/msg/detail
-- Installing: /home/lorenzo/code/dynus_lite/dynus_lite_ws/install/dynus_interfaces/include/dynus_interfaces/dynus_interfaces/msg/detail/pn_adaptation__rosidl_typesupport_fastrtps_c.h
-- Installing: /home/lorenzo/code/dynus_lite/dynus_lite_ws/install/dynus_interfaces/include/dynus_interfaces/dynus_interfaces/msg/detail/dyn_traj_array__rosidl_typesupport_fastrtps_c.h
-- Installing: /home/lorenzo/code/dynus_lite/dynus_lite_ws/install/dynus_interfaces/include/dynus_interfaces/dynus_interfaces/msg/detail/yaw_output__rosidl_typesupport_fastrtps_c.h
-- Installing: /home/lorenzo/code/dynus_lite/dynus_lite_ws/install/dynus_interfaces/include/dynus_interfaces/dynus_interfaces/msg/detail/coeff_poly3__rosidl_typesupport_fastrtps_c.h
-- Installing: /home/lorenzo/code/dynus_lite/dynus_lite_ws/install/dynus_interfaces/include/dynus_interfaces/dynus_interfaces/msg/detail/dyn_traj__rosidl_typesupport_fastrtps_c.h
-- Installing: /home/lorenzo/code/dynus_lite/dynus_lite_ws/install/dynus_interfaces/include/dynus_interfaces/dynus_interfaces/msg/detail/quintic_coeff_poly3__rosidl_typesupport_fastrtps_c.h
-- Installing: /home/lorenzo/code/dynus_lite/dynus_lite_ws/install/dynus_interfaces/include/dynus_interfaces/dynus_interfaces/msg/detail/quintic_pwp_traj__rosidl_typesupport_fastrtps_c.h
-- Installing: /home/lorenzo/code/dynus_lite/dynus_lite_ws/install/dynus_interfaces/include/dynus_interfaces/dynus_interfaces/msg/detail/goal__rosidl_typesupport_fastrtps_c.h
-- Installing: /home/lorenzo/code/dynus_lite/dynus_lite_ws/install/dynus_interfaces/include/dynus_interfaces/dynus_interfaces/msg/detail/pwp_traj__rosidl_typesupport_fastrtps_c.h
-- Installing: /home/lorenzo/code/dynus_lite/dynus_lite_ws/install/dynus_interfaces/include/dynus_interfaces/dynus_interfaces/msg/detail/mode__rosidl_typesupport_fastrtps_c.h
-- Installing: /home/lorenzo/code/dynus_lite/dynus_lite_ws/install/dynus_interfaces/include/dynus_interfaces/dynus_interfaces/msg/detail/state__rosidl_typesupport_fastrtps_c.h
-- Installing: /home/lorenzo/code/dynus_lite/dynus_lite_ws/install/dynus_interfaces/lib/libdynus_interfaces__rosidl_typesupport_fastrtps_c.so
-- Set runtime path of "/home/lorenzo/code/dynus_lite/dynus_lite_ws/install/dynus_interfaces/lib/libdynus_interfaces__rosidl_typesupport_fastrtps_c.so" to ""
-- Up-to-date: /home/lorenzo/code/dynus_lite/dynus_lite_ws/install/dynus_interfaces/include/dynus_interfaces/dynus_interfaces
-- Up-to-date: /home/lorenzo/code/dynus_lite/dynus_lite_ws/install/dynus_interfaces/include/dynus_interfaces/dynus_interfaces/srv
-- Up-to-date: /home/lorenzo/code/dynus_lite/dynus_lite_ws/install/dynus_interfaces/include/dynus_interfaces/dynus_interfaces/srv/detail
-- Installing: /home/lorenzo/code/dynus_lite/dynus_lite_ws/install/dynus_interfaces/include/dynus_interfaces/dynus_interfaces/srv/detail/flight_command__type_support.c
-- Installing: /home/lorenzo/code/dynus_lite/dynus_lite_ws/install/dynus_interfaces/include/dynus_interfaces/dynus_interfaces/srv/detail/flight_command__rosidl_typesupport_introspection_c.h
-- Up-to-date: /home/lorenzo/code/dynus_lite/dynus_lite_ws/install/dynus_interfaces/include/dynus_interfaces/dynus_interfaces/msg
-- Up-to-date: /home/lorenzo/code/dynus_lite/dynus_lite_ws/install/dynus_interfaces/include/dynus_interfaces/dynus_interfaces/msg/detail
-- Installing: /home/lorenzo/code/dynus_lite/dynus_lite_ws/install/dynus_interfaces/include/dynus_interfaces/dynus_interfaces/msg/detail/dyn_traj_array__rosidl_typesupport_introspection_c.h
-- Installing: /home/lorenzo/code/dynus_lite/dynus_lite_ws/install/dynus_interfaces/include/dynus_interfaces/dynus_interfaces/msg/detail/quintic_pwp_traj__type_support.c
-- Installing: /home/lorenzo/code/dynus_lite/dynus_lite_ws/install/dynus_interfaces/include/dynus_interfaces/dynus_interfaces/msg/detail/coeff_poly3__type_support.c
-- Installing: /home/lorenzo/code/dynus_lite/dynus_lite_ws/install/dynus_interfaces/include/dynus_interfaces/dynus_interfaces/msg/detail/coeff_poly3__rosidl_typesupport_introspection_c.h
-- Installing: /home/lorenzo/code/dynus_lite/dynus_lite_ws/install/dynus_interfaces/include/dynus_interfaces/dynus_interfaces/msg/detail/quintic_coeff_poly3__rosidl_typesupport_introspection_c.h
-- Installing: /home/lorenzo/code/dynus_lite/dynus_lite_ws/install/dynus_interfaces/include/dynus_interfaces/dynus_interfaces/msg/detail/dyn_traj__rosidl_typesupport_introspection_c.h
-- Installing: /home/lorenzo/code/dynus_lite/dynus_lite_ws/install/dynus_interfaces/include/dynus_interfaces/dynus_interfaces/msg/detail/quintic_coeff_poly3__type_support.c
-- Installing: /home/lorenzo/code/dynus_lite/dynus_lite_ws/install/dynus_interfaces/include/dynus_interfaces/dynus_interfaces/msg/detail/pwp_traj__rosidl_typesupport_introspection_c.h
-- Installing: /home/lorenzo/code/dynus_lite/dynus_lite_ws/install/dynus_interfaces/include/dynus_interfaces/dynus_interfaces/msg/detail/pwp_traj__type_support.c
-- Installing: /home/lorenzo/code/dynus_lite/dynus_lite_ws/install/dynus_interfaces/include/dynus_interfaces/dynus_interfaces/msg/detail/state__rosidl_typesupport_introspection_c.h
-- Installing: /home/lorenzo/code/dynus_lite/dynus_lite_ws/install/dynus_interfaces/include/dynus_interfaces/dynus_interfaces/msg/detail/quintic_pwp_traj__rosidl_typesupport_introspection_c.h
-- Installing: /home/lorenzo/code/dynus_lite/dynus_lite_ws/install/dynus_interfaces/include/dynus_interfaces/dynus_interfaces/msg/detail/pn_adaptation__type_support.c
-- Installing: /home/lorenzo/code/dynus_lite/dynus_lite_ws/install/dynus_interfaces/include/dynus_interfaces/dynus_interfaces/msg/detail/goal__rosidl_typesupport_introspection_c.h
-- Installing: /home/lorenzo/code/dynus_lite/dynus_lite_ws/install/dynus_interfaces/include/dynus_interfaces/dynus_interfaces/msg/detail/yaw_output__rosidl_typesupport_introspection_c.h
-- Installing: /home/lorenzo/code/dynus_lite/dynus_lite_ws/install/dynus_interfaces/include/dynus_interfaces/dynus_interfaces/msg/detail/goal__type_support.c
-- Installing: /home/lorenzo/code/dynus_lite/dynus_lite_ws/install/dynus_interfaces/include/dynus_interfaces/dynus_interfaces/msg/detail/pn_adaptation__rosidl_typesupport_introspection_c.h
-- Installing: /home/lorenzo/code/dynus_lite/dynus_lite_ws/install/dynus_interfaces/include/dynus_interfaces/dynus_interfaces/msg/detail/state__type_support.c
-- Installing: /home/lorenzo/code/dynus_lite/dynus_lite_ws/install/dynus_interfaces/include/dynus_interfaces/dynus_interfaces/msg/detail/yaw_output__type_support.c
-- Installing: /home/lorenzo/code/dynus_lite/dynus_lite_ws/install/dynus_interfaces/include/dynus_interfaces/dynus_interfaces/msg/detail/dyn_traj__type_support.c
-- Installing: /home/lorenzo/code/dynus_lite/dynus_lite_ws/install/dynus_interfaces/include/dynus_interfaces/dynus_interfaces/msg/detail/mode__rosidl_typesupport_introspection_c.h
-- Installing: /home/lorenzo/code/dynus_lite/dynus_lite_ws/install/dynus_interfaces/include/dynus_interfaces/dynus_interfaces/msg/detail/mode__type_support.c
-- Installing: /home/lorenzo/code/dynus_lite/dynus_lite_ws/install/dynus_interfaces/include/dynus_interfaces/dynus_interfaces/msg/detail/dyn_traj_array__type_support.c
-- Installing: /home/lorenzo/code/dynus_lite/dynus_lite_ws/install/dynus_interfaces/include/dynus_interfaces/dynus_interfaces/msg/rosidl_typesupport_introspection_c__visibility_control.h
-- Installing: /home/lorenzo/code/dynus_lite/dynus_lite_ws/install/dynus_interfaces/lib/libdynus_interfaces__rosidl_typesupport_introspection_c.so
-- Set runtime path of "/home/lorenzo/code/dynus_lite/dynus_lite_ws/install/dynus_interfaces/lib/libdynus_interfaces__rosidl_typesupport_introspection_c.so" to ""
-- Installing: /home/lorenzo/code/dynus_lite/dynus_lite_ws/install/dynus_interfaces/lib/libdynus_interfaces__rosidl_typesupport_c.so
-- Set runtime path of "/home/lorenzo/code/dynus_lite/dynus_lite_ws/install/dynus_interfaces/lib/libdynus_interfaces__rosidl_typesupport_c.so" to ""
-- Up-to-date: /home/lorenzo/code/dynus_lite/dynus_lite_ws/install/dynus_interfaces/include/dynus_interfaces/dynus_interfaces
-- Up-to-date: /home/lorenzo/code/dynus_lite/dynus_lite_ws/install/dynus_interfaces/include/dynus_interfaces/dynus_interfaces/srv
-- Installing: /home/lorenzo/code/dynus_lite/dynus_lite_ws/install/dynus_interfaces/include/dynus_interfaces/dynus_interfaces/srv/flight_command.hpp
-- Up-to-date: /home/lorenzo/code/dynus_lite/dynus_lite_ws/install/dynus_interfaces/include/dynus_interfaces/dynus_interfaces/srv/detail
-- Installing: /home/lorenzo/code/dynus_lite/dynus_lite_ws/install/dynus_interfaces/include/dynus_interfaces/dynus_interfaces/srv/detail/flight_command__traits.hpp
-- Installing: /home/lorenzo/code/dynus_lite/dynus_lite_ws/install/dynus_interfaces/include/dynus_interfaces/dynus_interfaces/srv/detail/flight_command__builder.hpp
-- Installing: /home/lorenzo/code/dynus_lite/dynus_lite_ws/install/dynus_interfaces/include/dynus_interfaces/dynus_interfaces/srv/detail/flight_command__struct.hpp
-- Installing: /home/lorenzo/code/dynus_lite/dynus_lite_ws/install/dynus_interfaces/include/dynus_interfaces/dynus_interfaces/srv/detail/flight_command__type_support.hpp
-- Up-to-date: /home/lorenzo/code/dynus_lite/dynus_lite_ws/install/dynus_interfaces/include/dynus_interfaces/dynus_interfaces/msg
-- Installing: /home/lorenzo/code/dynus_lite/dynus_lite_ws/install/dynus_interfaces/include/dynus_interfaces/dynus_interfaces/msg/dyn_traj_array.hpp
-- Installing: /home/lorenzo/code/dynus_lite/dynus_lite_ws/install/dynus_interfaces/include/dynus_interfaces/dynus_interfaces/msg/pwp_traj.hpp
-- Installing: /home/lorenzo/code/dynus_lite/dynus_lite_ws/install/dynus_interfaces/include/dynus_interfaces/dynus_interfaces/msg/goal.hpp
-- Installing: /home/lorenzo/code/dynus_lite/dynus_lite_ws/install/dynus_interfaces/include/dynus_interfaces/dynus_interfaces/msg/quintic_pwp_traj.hpp
-- Up-to-date: /home/lorenzo/code/dynus_lite/dynus_lite_ws/install/dynus_interfaces/include/dynus_interfaces/dynus_interfaces/msg/detail
-- Installing: /home/lorenzo/code/dynus_lite/dynus_lite_ws/install/dynus_interfaces/include/dynus_interfaces/dynus_interfaces/msg/detail/quintic_pwp_traj__traits.hpp
-- Installing: /home/lorenzo/code/dynus_lite/dynus_lite_ws/install/dynus_interfaces/include/dynus_interfaces/dynus_interfaces/msg/detail/coeff_poly3__builder.hpp
-- Installing: /home/lorenzo/code/dynus_lite/dynus_lite_ws/install/dynus_interfaces/include/dynus_interfaces/dynus_interfaces/msg/detail/dyn_traj_array__struct.hpp
-- Installing: /home/lorenzo/code/dynus_lite/dynus_lite_ws/install/dynus_interfaces/include/dynus_interfaces/dynus_interfaces/msg/detail/pwp_traj__traits.hpp
-- Installing: /home/lorenzo/code/dynus_lite/dynus_lite_ws/install/dynus_interfaces/include/dynus_interfaces/dynus_interfaces/msg/detail/goal__type_support.hpp
-- Installing: /home/lorenzo/code/dynus_lite/dynus_lite_ws/install/dynus_interfaces/include/dynus_interfaces/dynus_interfaces/msg/detail/mode__struct.hpp
-- Installing: /home/lorenzo/code/dynus_lite/dynus_lite_ws/install/dynus_interfaces/include/dynus_interfaces/dynus_interfaces/msg/detail/coeff_poly3__type_support.hpp
-- Installing: /home/lorenzo/code/dynus_lite/dynus_lite_ws/install/dynus_interfaces/include/dynus_interfaces/dynus_interfaces/msg/detail/quintic_pwp_traj__type_support.hpp
-- Installing: /home/lorenzo/code/dynus_lite/dynus_lite_ws/install/dynus_interfaces/include/dynus_interfaces/dynus_interfaces/msg/detail/goal__traits.hpp
-- Installing: /home/lorenzo/code/dynus_lite/dynus_lite_ws/install/dynus_interfaces/include/dynus_interfaces/dynus_interfaces/msg/detail/quintic_coeff_poly3__traits.hpp
-- Installing: /home/lorenzo/code/dynus_lite/dynus_lite_ws/install/dynus_interfaces/include/dynus_interfaces/dynus_interfaces/msg/detail/quintic_pwp_traj__builder.hpp
-- Installing: /home/lorenzo/code/dynus_lite/dynus_lite_ws/install/dynus_interfaces/include/dynus_interfaces/dynus_interfaces/msg/detail/state__type_support.hpp
-- Installing: /home/lorenzo/code/dynus_lite/dynus_lite_ws/install/dynus_interfaces/include/dynus_interfaces/dynus_interfaces/msg/detail/quintic_coeff_poly3__builder.hpp
-- Installing: /home/lorenzo/code/dynus_lite/dynus_lite_ws/install/dynus_interfaces/include/dynus_interfaces/dynus_interfaces/msg/detail/quintic_coeff_poly3__type_support.hpp
-- Installing: /home/lorenzo/code/dynus_lite/dynus_lite_ws/install/dynus_interfaces/include/dynus_interfaces/dynus_interfaces/msg/detail/pn_adaptation__builder.hpp
-- Installing: /home/lorenzo/code/dynus_lite/dynus_lite_ws/install/dynus_interfaces/include/dynus_interfaces/dynus_interfaces/msg/detail/coeff_poly3__traits.hpp
-- Installing: /home/lorenzo/code/dynus_lite/dynus_lite_ws/install/dynus_interfaces/include/dynus_interfaces/dynus_interfaces/msg/detail/pn_adaptation__type_support.hpp
-- Installing: /home/lorenzo/code/dynus_lite/dynus_lite_ws/install/dynus_interfaces/include/dynus_interfaces/dynus_interfaces/msg/detail/coeff_poly3__struct.hpp
-- Installing: /home/lorenzo/code/dynus_lite/dynus_lite_ws/install/dynus_interfaces/include/dynus_interfaces/dynus_interfaces/msg/detail/dyn_traj_array__traits.hpp
-- Installing: /home/lorenzo/code/dynus_lite/dynus_lite_ws/install/dynus_interfaces/include/dynus_interfaces/dynus_interfaces/msg/detail/mode__type_support.hpp
-- Installing: /home/lorenzo/code/dynus_lite/dynus_lite_ws/install/dynus_interfaces/include/dynus_interfaces/dynus_interfaces/msg/detail/yaw_output__struct.hpp
-- Installing: /home/lorenzo/code/dynus_lite/dynus_lite_ws/install/dynus_interfaces/include/dynus_interfaces/dynus_interfaces/msg/detail/yaw_output__traits.hpp
-- Installing: /home/lorenzo/code/dynus_lite/dynus_lite_ws/install/dynus_interfaces/include/dynus_interfaces/dynus_interfaces/msg/detail/pn_adaptation__struct.hpp
-- Installing: /home/lorenzo/code/dynus_lite/dynus_lite_ws/install/dynus_interfaces/include/dynus_interfaces/dynus_interfaces/msg/detail/dyn_traj__traits.hpp
-- Installing: /home/lorenzo/code/dynus_lite/dynus_lite_ws/install/dynus_interfaces/include/dynus_interfaces/dynus_interfaces/msg/detail/pwp_traj__type_support.hpp
-- Installing: /home/lorenzo/code/dynus_lite/dynus_lite_ws/install/dynus_interfaces/include/dynus_interfaces/dynus_interfaces/msg/detail/dyn_traj__type_support.hpp
-- Installing: /home/lorenzo/code/dynus_lite/dynus_lite_ws/install/dynus_interfaces/include/dynus_interfaces/dynus_interfaces/msg/detail/state__traits.hpp
-- Installing: /home/lorenzo/code/dynus_lite/dynus_lite_ws/install/dynus_interfaces/include/dynus_interfaces/dynus_interfaces/msg/detail/dyn_traj__struct.hpp
-- Installing: /home/lorenzo/code/dynus_lite/dynus_lite_ws/install/dynus_interfaces/include/dynus_interfaces/dynus_interfaces/msg/detail/pwp_traj__struct.hpp
-- Installing: /home/lorenzo/code/dynus_lite/dynus_lite_ws/install/dynus_interfaces/include/dynus_interfaces/dynus_interfaces/msg/detail/quintic_pwp_traj__struct.hpp
-- Installing: /home/lorenzo/code/dynus_lite/dynus_lite_ws/install/dynus_interfaces/include/dynus_interfaces/dynus_interfaces/msg/detail/state__struct.hpp
-- Installing: /home/lorenzo/code/dynus_lite/dynus_lite_ws/install/dynus_interfaces/include/dynus_interfaces/dynus_interfaces/msg/detail/quintic_coeff_poly3__struct.hpp
-- Installing: /home/lorenzo/code/dynus_lite/dynus_lite_ws/install/dynus_interfaces/include/dynus_interfaces/dynus_interfaces/msg/detail/dyn_traj__builder.hpp
-- Installing: /home/lorenzo/code/dynus_lite/dynus_lite_ws/install/dynus_interfaces/include/dynus_interfaces/dynus_interfaces/msg/detail/pn_adaptation__traits.hpp
-- Installing: /home/lorenzo/code/dynus_lite/dynus_lite_ws/install/dynus_interfaces/include/dynus_interfaces/dynus_interfaces/msg/detail/goal__struct.hpp
-- Installing: /home/lorenzo/code/dynus_lite/dynus_lite_ws/install/dynus_interfaces/include/dynus_interfaces/dynus_interfaces/msg/detail/dyn_traj_array__builder.hpp
-- Installing: /home/lorenzo/code/dynus_lite/dynus_lite_ws/install/dynus_interfaces/include/dynus_interfaces/dynus_interfaces/msg/detail/yaw_output__builder.hpp
-- Installing: /home/lorenzo/code/dynus_lite/dynus_lite_ws/install/dynus_interfaces/include/dynus_interfaces/dynus_interfaces/msg/detail/mode__traits.hpp
-- Installing: /home/lorenzo/code/dynus_lite/dynus_lite_ws/install/dynus_interfaces/include/dynus_interfaces/dynus_interfaces/msg/detail/pwp_traj__builder.hpp
-- Installing: /home/lorenzo/code/dynus_lite/dynus_lite_ws/install/dynus_interfaces/include/dynus_interfaces/dynus_interfaces/msg/detail/goal__builder.hpp
-- Installing: /home/lorenzo/code/dynus_lite/dynus_lite_ws/install/dynus_interfaces/include/dynus_interfaces/dynus_interfaces/msg/detail/state__builder.hpp
-- Installing: /home/lorenzo/code/dynus_lite/dynus_lite_ws/install/dynus_interfaces/include/dynus_interfaces/dynus_interfaces/msg/detail/dyn_traj_array__type_support.hpp
-- Installing: /home/lorenzo/code/dynus_lite/dynus_lite_ws/install/dynus_interfaces/include/dynus_interfaces/dynus_interfaces/msg/detail/yaw_output__type_support.hpp
-- Installing: /home/lorenzo/code/dynus_lite/dynus_lite_ws/install/dynus_interfaces/include/dynus_interfaces/dynus_interfaces/msg/detail/mode__builder.hpp
-- Installing: /home/lorenzo/code/dynus_lite/dynus_lite_ws/install/dynus_interfaces/include/dynus_interfaces/dynus_interfaces/msg/coeff_poly3.hpp
-- Installing: /home/lorenzo/code/dynus_lite/dynus_lite_ws/install/dynus_interfaces/include/dynus_interfaces/dynus_interfaces/msg/dyn_traj.hpp
-- Installing: /home/lorenzo/code/dynus_lite/dynus_lite_ws/install/dynus_interfaces/include/dynus_interfaces/dynus_interfaces/msg/rosidl_generator_cpp__visibility_control.hpp
-- Installing: /home/lorenzo/code/dynus_lite/dynus_lite_ws/install/dynus_interfaces/include/dynus_interfaces/dynus_interfaces/msg/state.hpp
-- Installing: /home/lorenzo/code/dynus_lite/dynus_lite_ws/install/dynus_interfaces/include/dynus_interfaces/dynus_interfaces/msg/quintic_coeff_poly3.hpp
-- Installing: /home/lorenzo/code/dynus_lite/dynus_lite_ws/install/dynus_interfaces/include/dynus_interfaces/dynus_interfaces/msg/pn_adaptation.hpp
-- Installing: /home/lorenzo/code/dynus_lite/dynus_lite_ws/install/dynus_interfaces/include/dynus_interfaces/dynus_interfaces/msg/yaw_output.hpp
-- Installing: /home/lorenzo/code/dynus_lite/dynus_lite_ws/install/dynus_interfaces/include/dynus_interfaces/dynus_interfaces/msg/mode.hpp
-- Up-to-date: /home/lorenzo/code/dynus_lite/dynus_lite_ws/install/dynus_interfaces/include/dynus_interfaces/dynus_interfaces
-- Up-to-date: /home/lorenzo/code/dynus_lite/dynus_lite_ws/install/dynus_interfaces/include/dynus_interfaces/dynus_interfaces/srv
-- Up-to-date: /home/lorenzo/code/dynus_lite/dynus_lite_ws/install/dynus_interfaces/include/dynus_interfaces/dynus_interfaces/srv/detail
-- Installing: /home/lorenzo/code/dynus_lite/dynus_lite_ws/install/dynus_interfaces/include/dynus_interfaces/dynus_interfaces/srv/detail/flight_command__rosidl_typesupport_fastrtps_cpp.hpp
-- Installing: /home/lorenzo/code/dynus_lite/dynus_lite_ws/install/dynus_interfaces/include/dynus_interfaces/dynus_interfaces/srv/detail/dds_fastrtps
-- Up-to-date: /home/lorenzo/code/dynus_lite/dynus_lite_ws/install/dynus_interfaces/include/dynus_interfaces/dynus_interfaces/msg
-- Up-to-date: /home/lorenzo/code/dynus_lite/dynus_lite_ws/install/dynus_interfaces/include/dynus_interfaces/dynus_interfaces/msg/detail
-- Installing: /home/lorenzo/code/dynus_lite/dynus_lite_ws/install/dynus_interfaces/include/dynus_interfaces/dynus_interfaces/msg/detail/mode__rosidl_typesupport_fastrtps_cpp.hpp
-- Installing: /home/lorenzo/code/dynus_lite/dynus_lite_ws/install/dynus_interfaces/include/dynus_interfaces/dynus_interfaces/msg/detail/state__rosidl_typesupport_fastrtps_cpp.hpp
-- Installing: /home/lorenzo/code/dynus_lite/dynus_lite_ws/install/dynus_interfaces/include/dynus_interfaces/dynus_interfaces/msg/detail/goal__rosidl_typesupport_fastrtps_cpp.hpp
-- Installing: /home/lorenzo/code/dynus_lite/dynus_lite_ws/install/dynus_interfaces/include/dynus_interfaces/dynus_interfaces/msg/detail/dds_fastrtps
-- Installing: /home/lorenzo/code/dynus_lite/dynus_lite_ws/install/dynus_interfaces/include/dynus_interfaces/dynus_interfaces/msg/detail/quintic_coeff_poly3__rosidl_typesupport_fastrtps_cpp.hpp
-- Installing: /home/lorenzo/code/dynus_lite/dynus_lite_ws/install/dynus_interfaces/include/dynus_interfaces/dynus_interfaces/msg/detail/dyn_traj_array__rosidl_typesupport_fastrtps_cpp.hpp
-- Installing: /home/lorenzo/code/dynus_lite/dynus_lite_ws/install/dynus_interfaces/include/dynus_interfaces/dynus_interfaces/msg/detail/quintic_pwp_traj__rosidl_typesupport_fastrtps_cpp.hpp
-- Installing: /home/lorenzo/code/dynus_lite/dynus_lite_ws/install/dynus_interfaces/include/dynus_interfaces/dynus_interfaces/msg/detail/coeff_poly3__rosidl_typesupport_fastrtps_cpp.hpp
-- Installing: /home/lorenzo/code/dynus_lite/dynus_lite_ws/install/dynus_interfaces/include/dynus_interfaces/dynus_interfaces/msg/detail/pwp_traj__rosidl_typesupport_fastrtps_cpp.hpp
-- Installing: /home/lorenzo/code/dynus_lite/dynus_lite_ws/install/dynus_interfaces/include/dynus_interfaces/dynus_interfaces/msg/detail/yaw_output__rosidl_typesupport_fastrtps_cpp.hpp
-- Installing: /home/lorenzo/code/dynus_lite/dynus_lite_ws/install/dynus_interfaces/include/dynus_interfaces/dynus_interfaces/msg/detail/pn_adaptation__rosidl_typesupport_fastrtps_cpp.hpp
-- Installing: /home/lorenzo/code/dynus_lite/dynus_lite_ws/install/dynus_interfaces/include/dynus_interfaces/dynus_interfaces/msg/detail/dyn_traj__rosidl_typesupport_fastrtps_cpp.hpp
-- Installing: /home/lorenzo/code/dynus_lite/dynus_lite_ws/install/dynus_interfaces/include/dynus_interfaces/dynus_interfaces/msg/rosidl_typesupport_fastrtps_cpp__visibility_control.h
-- Installing: /home/lorenzo/code/dynus_lite/dynus_lite_ws/install/dynus_interfaces/lib/libdynus_interfaces__rosidl_typesupport_fastrtps_cpp.so
-- Set runtime path of "/home/lorenzo/code/dynus_lite/dynus_lite_ws/install/dynus_interfaces/lib/libdynus_interfaces__rosidl_typesupport_fastrtps_cpp.so" to ""
-- Up-to-date: /home/lorenzo/code/dynus_lite/dynus_lite_ws/install/dynus_interfaces/include/dynus_interfaces/dynus_interfaces
-- Up-to-date: /home/lorenzo/code/dynus_lite/dynus_lite_ws/install/dynus_interfaces/include/dynus_interfaces/dynus_interfaces/srv
-- Up-to-date: /home/lorenzo/code/dynus_lite/dynus_lite_ws/install/dynus_interfaces/include/dynus_interfaces/dynus_interfaces/srv/detail
-- Installing: /home/lorenzo/code/dynus_lite/dynus_lite_ws/install/dynus_interfaces/include/dynus_interfaces/dynus_interfaces/srv/detail/flight_command__rosidl_typesupport_introspection_cpp.hpp
-- Installing: /home/lorenzo/code/dynus_lite/dynus_lite_ws/install/dynus_interfaces/include/dynus_interfaces/dynus_interfaces/srv/detail/flight_command__type_support.cpp
-- Up-to-date: /home/lorenzo/code/dynus_lite/dynus_lite_ws/install/dynus_interfaces/include/dynus_interfaces/dynus_interfaces/msg
-- Up-to-date: /home/lorenzo/code/dynus_lite/dynus_lite_ws/install/dynus_interfaces/include/dynus_interfaces/dynus_interfaces/msg/detail
-- Installing: /home/lorenzo/code/dynus_lite/dynus_lite_ws/install/dynus_interfaces/include/dynus_interfaces/dynus_interfaces/msg/detail/pn_adaptation__rosidl_typesupport_introspection_cpp.hpp
-- Installing: /home/lorenzo/code/dynus_lite/dynus_lite_ws/install/dynus_interfaces/include/dynus_interfaces/dynus_interfaces/msg/detail/dyn_traj__type_support.cpp
-- Installing: /home/lorenzo/code/dynus_lite/dynus_lite_ws/install/dynus_interfaces/include/dynus_interfaces/dynus_interfaces/msg/detail/state__rosidl_typesupport_introspection_cpp.hpp
-- Installing: /home/lorenzo/code/dynus_lite/dynus_lite_ws/install/dynus_interfaces/include/dynus_interfaces/dynus_interfaces/msg/detail/dyn_traj_array__rosidl_typesupport_introspection_cpp.hpp
-- Installing: /home/lorenzo/code/dynus_lite/dynus_lite_ws/install/dynus_interfaces/include/dynus_interfaces/dynus_interfaces/msg/detail/goal__type_support.cpp
-- Installing: /home/lorenzo/code/dynus_lite/dynus_lite_ws/install/dynus_interfaces/include/dynus_interfaces/dynus_interfaces/msg/detail/state__type_support.cpp
-- Installing: /home/lorenzo/code/dynus_lite/dynus_lite_ws/install/dynus_interfaces/include/dynus_interfaces/dynus_interfaces/msg/detail/goal__rosidl_typesupport_introspection_cpp.hpp
-- Installing: /home/lorenzo/code/dynus_lite/dynus_lite_ws/install/dynus_interfaces/include/dynus_interfaces/dynus_interfaces/msg/detail/pwp_traj__type_support.cpp
-- Installing: /home/lorenzo/code/dynus_lite/dynus_lite_ws/install/dynus_interfaces/include/dynus_interfaces/dynus_interfaces/msg/detail/yaw_output__type_support.cpp
-- Installing: /home/lorenzo/code/dynus_lite/dynus_lite_ws/install/dynus_interfaces/include/dynus_interfaces/dynus_interfaces/msg/detail/quintic_pwp_traj__type_support.cpp
-- Installing: /home/lorenzo/code/dynus_lite/dynus_lite_ws/install/dynus_interfaces/include/dynus_interfaces/dynus_interfaces/msg/detail/pwp_traj__rosidl_typesupport_introspection_cpp.hpp
-- Installing: /home/lorenzo/code/dynus_lite/dynus_lite_ws/install/dynus_interfaces/include/dynus_interfaces/dynus_interfaces/msg/detail/quintic_coeff_poly3__rosidl_typesupport_introspection_cpp.hpp
-- Installing: /home/lorenzo/code/dynus_lite/dynus_lite_ws/install/dynus_interfaces/include/dynus_interfaces/dynus_interfaces/msg/detail/coeff_poly3__rosidl_typesupport_introspection_cpp.hpp
-- Installing: /home/lorenzo/code/dynus_lite/dynus_lite_ws/install/dynus_interfaces/include/dynus_interfaces/dynus_interfaces/msg/detail/mode__rosidl_typesupport_introspection_cpp.hpp
-- Installing: /home/lorenzo/code/dynus_lite/dynus_lite_ws/install/dynus_interfaces/include/dynus_interfaces/dynus_interfaces/msg/detail/mode__type_support.cpp
-- Installing: /home/lorenzo/code/dynus_lite/dynus_lite_ws/install/dynus_interfaces/include/dynus_interfaces/dynus_interfaces/msg/detail/yaw_output__rosidl_typesupport_introspection_cpp.hpp
-- Installing: /home/lorenzo/code/dynus_lite/dynus_lite_ws/install/dynus_interfaces/include/dynus_interfaces/dynus_interfaces/msg/detail/quintic_coeff_poly3__type_support.cpp
-- Installing: /home/lorenzo/code/dynus_lite/dynus_lite_ws/install/dynus_interfaces/include/dynus_interfaces/dynus_interfaces/msg/detail/dyn_traj__rosidl_typesupport_introspection_cpp.hpp
-- Installing: /home/lorenzo/code/dynus_lite/dynus_lite_ws/install/dynus_interfaces/include/dynus_interfaces/dynus_interfaces/msg/detail/pn_adaptation__type_support.cpp
-- Installing: /home/lorenzo/code/dynus_lite/dynus_lite_ws/install/dynus_interfaces/include/dynus_interfaces/dynus_interfaces/msg/detail/dyn_traj_array__type_support.cpp
-- Installing: /home/lorenzo/code/dynus_lite/dynus_lite_ws/install/dynus_interfaces/include/dynus_interfaces/dynus_interfaces/msg/detail/quintic_pwp_traj__rosidl_typesupport_introspection_cpp.hpp
-- Installing: /home/lorenzo/code/dynus_lite/dynus_lite_ws/install/dynus_interfaces/include/dynus_interfaces/dynus_interfaces/msg/detail/coeff_poly3__type_support.cpp
-- Installing: /home/lorenzo/code/dynus_lite/dynus_lite_ws/install/dynus_interfaces/lib/libdynus_interfaces__rosidl_typesupport_introspection_cpp.so
-- Set runtime path of "/home/lorenzo/code/dynus_lite/dynus_lite_ws/install/dynus_interfaces/lib/libdynus_interfaces__rosidl_typesupport_introspection_cpp.so" to ""
-- Installing: /home/lorenzo/code/dynus_lite/dynus_lite_ws/install/dynus_interfaces/lib/libdynus_interfaces__rosidl_typesupport_cpp.so
-- Set runtime path of "/home/lorenzo/code/dynus_lite/dynus_lite_ws/install/dynus_interfaces/lib/libdynus_interfaces__rosidl_typesupport_cpp.so" to ""
-- Installing: /home/lorenzo/code/dynus_lite/dynus_lite_ws/install/dynus_interfaces/share/dynus_interfaces/environment/pythonpath.sh
-- Installing: /home/lorenzo/code/dynus_lite/dynus_lite_ws/install/dynus_interfaces/share/dynus_interfaces/environment/pythonpath.dsv
-- Installing: /home/lorenzo/code/dynus_lite/dynus_lite_ws/install/dynus_interfaces/local/lib/python3.10/dist-packages/dynus_interfaces-0.0.0-py3.10.egg-info
-- Installing: /home/lorenzo/code/dynus_lite/dynus_lite_ws/install/dynus_interfaces/local/lib/python3.10/dist-packages/dynus_interfaces-0.0.0-py3.10.egg-info/top_level.txt
-- Installing: /home/lorenzo/code/dynus_lite/dynus_lite_ws/install/dynus_interfaces/local/lib/python3.10/dist-packages/dynus_interfaces-0.0.0-py3.10.egg-info/SOURCES.txt
-- Installing: /home/lorenzo/code/dynus_lite/dynus_lite_ws/install/dynus_interfaces/local/lib/python3.10/dist-packages/dynus_interfaces-0.0.0-py3.10.egg-info/dependency_links.txt
-- Installing: /home/lorenzo/code/dynus_lite/dynus_lite_ws/install/dynus_interfaces/local/lib/python3.10/dist-packages/dynus_interfaces-0.0.0-py3.10.egg-info/PKG-INFO
-- Installing: /home/lorenzo/code/dynus_lite/dynus_lite_ws/install/dynus_interfaces/local/lib/python3.10/dist-packages/dynus_interfaces
-- Installing: /home/lorenzo/code/dynus_lite/dynus_lite_ws/install/dynus_interfaces/local/lib/python3.10/dist-packages/dynus_interfaces/srv
-- Installing: /home/lorenzo/code/dynus_lite/dynus_lite_ws/install/dynus_interfaces/local/lib/python3.10/dist-packages/dynus_interfaces/srv/__init__.py
-- Installing: /home/lorenzo/code/dynus_lite/dynus_lite_ws/install/dynus_interfaces/local/lib/python3.10/dist-packages/dynus_interfaces/srv/_flight_command.py
-- Installing: /home/lorenzo/code/dynus_lite/dynus_lite_ws/install/dynus_interfaces/local/lib/python3.10/dist-packages/dynus_interfaces/srv/_flight_command_s.c
-- Installing: /home/lorenzo/code/dynus_lite/dynus_lite_ws/install/dynus_interfaces/local/lib/python3.10/dist-packages/dynus_interfaces/_dynus_interfaces_s.ep.rosidl_typesupport_introspection_c.c
-- Installing: /home/lorenzo/code/dynus_lite/dynus_lite_ws/install/dynus_interfaces/local/lib/python3.10/dist-packages/dynus_interfaces/dynus_interfaces_s__rosidl_typesupport_c.cpython-310-x86_64-linux-gnu.so
-- Installing: /home/lorenzo/code/dynus_lite/dynus_lite_ws/install/dynus_interfaces/local/lib/python3.10/dist-packages/dynus_interfaces/__init__.py
-- Installing: /home/lorenzo/code/dynus_lite/dynus_lite_ws/install/dynus_interfaces/local/lib/python3.10/dist-packages/dynus_interfaces/_dynus_interfaces_s.ep.rosidl_typesupport_c.c
-- Installing: /home/lorenzo/code/dynus_lite/dynus_lite_ws/install/dynus_interfaces/local/lib/python3.10/dist-packages/dynus_interfaces/dynus_interfaces_s__rosidl_typesupport_introspection_c.cpython-310-x86_64-linux-gnu.so
-- Installing: /home/lorenzo/code/dynus_lite/dynus_lite_ws/install/dynus_interfaces/local/lib/python3.10/dist-packages/dynus_interfaces/libdynus_interfaces__rosidl_generator_py.so
-- Installing: /home/lorenzo/code/dynus_lite/dynus_lite_ws/install/dynus_interfaces/local/lib/python3.10/dist-packages/dynus_interfaces/_dynus_interfaces_s.ep.rosidl_typesupport_fastrtps_c.c
-- Installing: /home/lorenzo/code/dynus_lite/dynus_lite_ws/install/dynus_interfaces/local/lib/python3.10/dist-packages/dynus_interfaces/msg
-- Installing: /home/lorenzo/code/dynus_lite/dynus_lite_ws/install/dynus_interfaces/local/lib/python3.10/dist-packages/dynus_interfaces/msg/_mode.py
-- Installing: /home/lorenzo/code/dynus_lite/dynus_lite_ws/install/dynus_interfaces/local/lib/python3.10/dist-packages/dynus_interfaces/msg/_quintic_coeff_poly3.py
-- Installing: /home/lorenzo/code/dynus_lite/dynus_lite_ws/install/dynus_interfaces/local/lib/python3.10/dist-packages/dynus_interfaces/msg/__init__.py
-- Installing: /home/lorenzo/code/dynus_lite/dynus_lite_ws/install/dynus_interfaces/local/lib/python3.10/dist-packages/dynus_interfaces/msg/_coeff_poly3.py
-- Installing: /home/lorenzo/code/dynus_lite/dynus_lite_ws/install/dynus_interfaces/local/lib/python3.10/dist-packages/dynus_interfaces/msg/_dyn_traj_s.c
-- Installing: /home/lorenzo/code/dynus_lite/dynus_lite_ws/install/dynus_interfaces/local/lib/python3.10/dist-packages/dynus_interfaces/msg/_quintic_pwp_traj_s.c
-- Installing: /home/lorenzo/code/dynus_lite/dynus_lite_ws/install/dynus_interfaces/local/lib/python3.10/dist-packages/dynus_interfaces/msg/_state_s.c
-- Installing: /home/lorenzo/code/dynus_lite/dynus_lite_ws/install/dynus_interfaces/local/lib/python3.10/dist-packages/dynus_interfaces/msg/_pwp_traj_s.c
-- Installing: /home/lorenzo/code/dynus_lite/dynus_lite_ws/install/dynus_interfaces/local/lib/python3.10/dist-packages/dynus_interfaces/msg/_yaw_output.py
-- Installing: /home/lorenzo/code/dynus_lite/dynus_lite_ws/install/dynus_interfaces/local/lib/python3.10/dist-packages/dynus_interfaces/msg/_goal.py
-- Installing: /home/lorenzo/code/dynus_lite/dynus_lite_ws/install/dynus_interfaces/local/lib/python3.10/dist-packages/dynus_interfaces/msg/_pwp_traj.py
-- Installing: /home/lorenzo/code/dynus_lite/dynus_lite_ws/install/dynus_interfaces/local/lib/python3.10/dist-packages/dynus_interfaces/msg/_state.py
-- Installing: /home/lorenzo/code/dynus_lite/dynus_lite_ws/install/dynus_interfaces/local/lib/python3.10/dist-packages/dynus_interfaces/msg/_pn_adaptation.py
-- Installing: /home/lorenzo/code/dynus_lite/dynus_lite_ws/install/dynus_interfaces/local/lib/python3.10/dist-packages/dynus_interfaces/msg/_coeff_poly3_s.c
-- Installing: /home/lorenzo/code/dynus_lite/dynus_lite_ws/install/dynus_interfaces/local/lib/python3.10/dist-packages/dynus_interfaces/msg/_pn_adaptation_s.c
-- Installing: /home/lorenzo/code/dynus_lite/dynus_lite_ws/install/dynus_interfaces/local/lib/python3.10/dist-packages/dynus_interfaces/msg/_dyn_traj.py
-- Installing: /home/lorenzo/code/dynus_lite/dynus_lite_ws/install/dynus_interfaces/local/lib/python3.10/dist-packages/dynus_interfaces/msg/_quintic_coeff_poly3_s.c
-- Installing: /home/lorenzo/code/dynus_lite/dynus_lite_ws/install/dynus_interfaces/local/lib/python3.10/dist-packages/dynus_interfaces/msg/_dyn_traj_array_s.c
-- Installing: /home/lorenzo/code/dynus_lite/dynus_lite_ws/install/dynus_interfaces/local/lib/python3.10/dist-packages/dynus_interfaces/msg/_goal_s.c
-- Installing: /home/lorenzo/code/dynus_lite/dynus_lite_ws/install/dynus_interfaces/local/lib/python3.10/dist-packages/dynus_interfaces/msg/_yaw_output_s.c
-- Installing: /home/lorenzo/code/dynus_lite/dynus_lite_ws/install/dynus_interfaces/local/lib/python3.10/dist-packages/dynus_interfaces/msg/_quintic_pwp_traj.py
-- Installing: /home/lorenzo/code/dynus_lite/dynus_lite_ws/install/dynus_interfaces/local/lib/python3.10/dist-packages/dynus_interfaces/msg/_mode_s.c
-- Installing: /home/lorenzo/code/dynus_lite/dynus_lite_ws/install/dynus_interfaces/local/lib/python3.10/dist-packages/dynus_interfaces/msg/_dyn_traj_array.py
-- Installing: /home/lorenzo/code/dynus_lite/dynus_lite_ws/install/dynus_interfaces/local/lib/python3.10/dist-packages/dynus_interfaces/dynus_interfaces_s__rosidl_typesupport_fastrtps_c.cpython-310-x86_64-linux-gnu.so
Listing '/home/lorenzo/code/dynus_lite/dynus_lite_ws/install/dynus_interfaces/local/lib/python3.10/dist-packages/dynus_interfaces'...
Compiling '/home/lorenzo/code/dynus_lite/dynus_lite_ws/install/dynus_interfaces/local/lib/python3.10/dist-packages/dynus_interfaces/__init__.py'...
Listing '/home/lorenzo/code/dynus_lite/dynus_lite_ws/install/dynus_interfaces/local/lib/python3.10/dist-packages/dynus_interfaces/msg'...
Compiling '/home/lorenzo/code/dynus_lite/dynus_lite_ws/install/dynus_interfaces/local/lib/python3.10/dist-packages/dynus_interfaces/msg/__init__.py'...
Compiling '/home/lorenzo/code/dynus_lite/dynus_lite_ws/install/dynus_interfaces/local/lib/python3.10/dist-packages/dynus_interfaces/msg/_coeff_poly3.py'...
Compiling '/home/lorenzo/code/dynus_lite/dynus_lite_ws/install/dynus_interfaces/local/lib/python3.10/dist-packages/dynus_interfaces/msg/_dyn_traj.py'...
Compiling '/home/lorenzo/code/dynus_lite/dynus_lite_ws/install/dynus_interfaces/local/lib/python3.10/dist-packages/dynus_interfaces/msg/_dyn_traj_array.py'...
Compiling '/home/lorenzo/code/dynus_lite/dynus_lite_ws/install/dynus_interfaces/local/lib/python3.10/dist-packages/dynus_interfaces/msg/_goal.py'...
Compiling '/home/lorenzo/code/dynus_lite/dynus_lite_ws/install/dynus_interfaces/local/lib/python3.10/dist-packages/dynus_interfaces/msg/_mode.py'...
Compiling '/home/lorenzo/code/dynus_lite/dynus_lite_ws/install/dynus_interfaces/local/lib/python3.10/dist-packages/dynus_interfaces/msg/_pn_adaptation.py'...
Compiling '/home/lorenzo/code/dynus_lite/dynus_lite_ws/install/dynus_interfaces/local/lib/python3.10/dist-packages/dynus_interfaces/msg/_pwp_traj.py'...
Compiling '/home/lorenzo/code/dynus_lite/dynus_lite_ws/install/dynus_interfaces/local/lib/python3.10/dist-packages/dynus_interfaces/msg/_quintic_coeff_poly3.py'...
Compiling '/home/lorenzo/code/dynus_lite/dynus_lite_ws/install/dynus_interfaces/local/lib/python3.10/dist-packages/dynus_interfaces/msg/_quintic_pwp_traj.py'...
Compiling '/home/lorenzo/code/dynus_lite/dynus_lite_ws/install/dynus_interfaces/local/lib/python3.10/dist-packages/dynus_interfaces/msg/_state.py'...
Compiling '/home/lorenzo/code/dynus_lite/dynus_lite_ws/install/dynus_interfaces/local/lib/python3.10/dist-packages/dynus_interfaces/msg/_yaw_output.py'...
Listing '/home/lorenzo/code/dynus_lite/dynus_lite_ws/install/dynus_interfaces/local/lib/python3.10/dist-packages/dynus_interfaces/srv'...
Compiling '/home/lorenzo/code/dynus_lite/dynus_lite_ws/install/dynus_interfaces/local/lib/python3.10/dist-packages/dynus_interfaces/srv/__init__.py'...
Compiling '/home/lorenzo/code/dynus_lite/dynus_lite_ws/install/dynus_interfaces/local/lib/python3.10/dist-packages/dynus_interfaces/srv/_flight_command.py'...
-- Installing: /home/lorenzo/code/dynus_lite/dynus_lite_ws/install/dynus_interfaces/local/lib/python3.10/dist-packages/dynus_interfaces/dynus_interfaces_s__rosidl_typesupport_fastrtps_c.cpython-310-x86_64-linux-gnu.so
-- Set runtime path of "/home/lorenzo/code/dynus_lite/dynus_lite_ws/install/dynus_interfaces/local/lib/python3.10/dist-packages/dynus_interfaces/dynus_interfaces_s__rosidl_typesupport_fastrtps_c.cpython-310-x86_64-linux-gnu.so" to ""
-- Installing: /home/lorenzo/code/dynus_lite/dynus_lite_ws/install/dynus_interfaces/local/lib/python3.10/dist-packages/dynus_interfaces/dynus_interfaces_s__rosidl_typesupport_introspection_c.cpython-310-x86_64-linux-gnu.so
-- Set runtime path of "/home/lorenzo/code/dynus_lite/dynus_lite_ws/install/dynus_interfaces/local/lib/python3.10/dist-packages/dynus_interfaces/dynus_interfaces_s__rosidl_typesupport_introspection_c.cpython-310-x86_64-linux-gnu.so" to ""
-- Installing: /home/lorenzo/code/dynus_lite/dynus_lite_ws/install/dynus_interfaces/local/lib/python3.10/dist-packages/dynus_interfaces/dynus_interfaces_s__rosidl_typesupport_c.cpython-310-x86_64-linux-gnu.so
-- Set runtime path of "/home/lorenzo/code/dynus_lite/dynus_lite_ws/install/dynus_interfaces/local/lib/python3.10/dist-packages/dynus_interfaces/dynus_interfaces_s__rosidl_typesupport_c.cpython-310-x86_64-linux-gnu.so" to ""
-- Installing: /home/lorenzo/code/dynus_lite/dynus_lite_ws/install/dynus_interfaces/lib/libdynus_interfaces__rosidl_generator_py.so
-- Set runtime path of "/home/lorenzo/code/dynus_lite/dynus_lite_ws/install/dynus_interfaces/lib/libdynus_interfaces__rosidl_generator_py.so" to ""
-- Installing: /home/lorenzo/code/dynus_lite/dynus_lite_ws/install/dynus_interfaces/share/dynus_interfaces/msg/QuinticPWPTraj.idl
-- Installing: /home/lorenzo/code/dynus_lite/dynus_lite_ws/install/dynus_interfaces/share/dynus_interfaces/msg/PWPTraj.idl
-- Installing: /home/lorenzo/code/dynus_lite/dynus_lite_ws/install/dynus_interfaces/share/dynus_interfaces/msg/QuinticCoeffPoly3.idl
-- Installing: /home/lorenzo/code/dynus_lite/dynus_lite_ws/install/dynus_interfaces/share/dynus_interfaces/msg/CoeffPoly3.idl
-- Installing: /home/lorenzo/code/dynus_lite/dynus_lite_ws/install/dynus_interfaces/share/dynus_interfaces/msg/DynTraj.idl
-- Installing: /home/lorenzo/code/dynus_lite/dynus_lite_ws/install/dynus_interfaces/share/dynus_interfaces/msg/DynTrajArray.idl
-- Installing: /home/lorenzo/code/dynus_lite/dynus_lite_ws/install/dynus_interfaces/share/dynus_interfaces/msg/State.idl
-- Installing: /home/lorenzo/code/dynus_lite/dynus_lite_ws/install/dynus_interfaces/share/dynus_interfaces/msg/Goal.idl
-- Installing: /home/lorenzo/code/dynus_lite/dynus_lite_ws/install/dynus_interfaces/share/dynus_interfaces/msg/Mode.idl
-- Installing: /home/lorenzo/code/dynus_lite/dynus_lite_ws/install/dynus_interfaces/share/dynus_interfaces/msg/YawOutput.idl
-- Installing: /home/lorenzo/code/dynus_lite/dynus_lite_ws/install/dynus_interfaces/share/dynus_interfaces/msg/PNAdaptation.idl
-- Installing: /home/lorenzo/code/dynus_lite/dynus_lite_ws/install/dynus_interfaces/share/dynus_interfaces/srv/FlightCommand.idl
-- Installing: /home/lorenzo/code/dynus_lite/dynus_lite_ws/install/dynus_interfaces/share/dynus_interfaces/msg/QuinticPWPTraj.msg
-- Installing: /home/lorenzo/code/dynus_lite/dynus_lite_ws/install/dynus_interfaces/share/dynus_interfaces/msg/PWPTraj.msg
-- Installing: /home/lorenzo/code/dynus_lite/dynus_lite_ws/install/dynus_interfaces/share/dynus_interfaces/msg/QuinticCoeffPoly3.msg
-- Installing: /home/lorenzo/code/dynus_lite/dynus_lite_ws/install/dynus_interfaces/share/dynus_interfaces/msg/CoeffPoly3.msg
-- Installing: /home/lorenzo/code/dynus_lite/dynus_lite_ws/install/dynus_interfaces/share/dynus_interfaces/msg/DynTraj.msg
-- Installing: /home/lorenzo/code/dynus_lite/dynus_lite_ws/install/dynus_interfaces/share/dynus_interfaces/msg/DynTrajArray.msg
-- Installing: /home/lorenzo/code/dynus_lite/dynus_lite_ws/install/dynus_interfaces/share/dynus_interfaces/msg/State.msg
-- Installing: /home/lorenzo/code/dynus_lite/dynus_lite_ws/install/dynus_interfaces/share/dynus_interfaces/msg/Goal.msg
-- Installing: /home/lorenzo/code/dynus_lite/dynus_lite_ws/install/dynus_interfaces/share/dynus_interfaces/msg/Mode.msg
-- Installing: /home/lorenzo/code/dynus_lite/dynus_lite_ws/install/dynus_interfaces/share/dynus_interfaces/msg/YawOutput.msg
-- Installing: /home/lorenzo/code/dynus_lite/dynus_lite_ws/install/dynus_interfaces/share/dynus_interfaces/msg/PNAdaptation.msg
-- Installing: /home/lorenzo/code/dynus_lite/dynus_lite_ws/install/dynus_interfaces/share/dynus_interfaces/srv/FlightCommand.srv
-- Installing: /home/lorenzo/code/dynus_lite/dynus_lite_ws/install/dynus_interfaces/share/dynus_interfaces/srv/FlightCommand_Request.msg
-- Installing: /home/lorenzo/code/dynus_lite/dynus_lite_ws/install/dynus_interfaces/share/dynus_interfaces/srv/FlightCommand_Response.msg
-- Installing: /home/lorenzo/code/dynus_lite/dynus_lite_ws/install/dynus_interfaces/share/ament_index/resource_index/package_run_dependencies/dynus_interfaces
-- Installing: /home/lorenzo/code/dynus_lite/dynus_lite_ws/install/dynus_interfaces/share/ament_index/resource_index/parent_prefix_path/dynus_interfaces
-- Installing: /home/lorenzo/code/dynus_lite/dynus_lite_ws/install/dynus_interfaces/share/dynus_interfaces/environment/ament_prefix_path.sh
-- Installing: /home/lorenzo/code/dynus_lite/dynus_lite_ws/install/dynus_interfaces/share/dynus_interfaces/environment/ament_prefix_path.dsv
-- Installing: /home/lorenzo/code/dynus_lite/dynus_lite_ws/install/dynus_interfaces/share/dynus_interfaces/environment/path.sh
-- Installing: /home/lorenzo/code/dynus_lite/dynus_lite_ws/install/dynus_interfaces/share/dynus_interfaces/environment/path.dsv
-- Installing: /home/lorenzo/code/dynus_lite/dynus_lite_ws/install/dynus_interfaces/share/dynus_interfaces/local_setup.bash
-- Installing: /home/lorenzo/code/dynus_lite/dynus_lite_ws/install/dynus_interfaces/share/dynus_interfaces/local_setup.sh
-- Installing: /home/lorenzo/code/dynus_lite/dynus_lite_ws/install/dynus_interfaces/share/dynus_interfaces/local_setup.zsh
-- Installing: /home/lorenzo/code/dynus_lite/dynus_lite_ws/install/dynus_interfaces/share/dynus_interfaces/local_setup.dsv
-- Installing: /home/lorenzo/code/dynus_lite/dynus_lite_ws/install/dynus_interfaces/share/dynus_interfaces/package.dsv
-- Installing: /home/lorenzo/code/dynus_lite/dynus_lite_ws/install/dynus_interfaces/share/ament_index/resource_index/packages/dynus_interfaces
-- Installing: /home/lorenzo/code/dynus_lite/dynus_lite_ws/install/dynus_interfaces/share/dynus_interfaces/cmake/export_dynus_interfaces__rosidl_generator_cExport.cmake
-- Installing: /home/lorenzo/code/dynus_lite/dynus_lite_ws/install/dynus_interfaces/share/dynus_interfaces/cmake/export_dynus_interfaces__rosidl_generator_cExport-noconfig.cmake
-- Installing: /home/lorenzo/code/dynus_lite/dynus_lite_ws/install/dynus_interfaces/share/dynus_interfaces/cmake/export_dynus_interfaces__rosidl_typesupport_fastrtps_cExport.cmake
-- Installing: /home/lorenzo/code/dynus_lite/dynus_lite_ws/install/dynus_interfaces/share/dynus_interfaces/cmake/export_dynus_interfaces__rosidl_typesupport_fastrtps_cExport-noconfig.cmake
-- Installing: /home/lorenzo/code/dynus_lite/dynus_lite_ws/install/dynus_interfaces/share/dynus_interfaces/cmake/dynus_interfaces__rosidl_typesupport_introspection_cExport.cmake
-- Installing: /home/lorenzo/code/dynus_lite/dynus_lite_ws/install/dynus_interfaces/share/dynus_interfaces/cmake/dynus_interfaces__rosidl_typesupport_introspection_cExport-noconfig.cmake
-- Installing: /home/lorenzo/code/dynus_lite/dynus_lite_ws/install/dynus_interfaces/share/dynus_interfaces/cmake/dynus_interfaces__rosidl_typesupport_cExport.cmake
-- Installing: /home/lorenzo/code/dynus_lite/dynus_lite_ws/install/dynus_interfaces/share/dynus_interfaces/cmake/dynus_interfaces__rosidl_typesupport_cExport-noconfig.cmake
-- Installing: /home/lorenzo/code/dynus_lite/dynus_lite_ws/install/dynus_interfaces/share/dynus_interfaces/cmake/export_dynus_interfaces__rosidl_generator_cppExport.cmake
-- Installing: /home/lorenzo/code/dynus_lite/dynus_lite_ws/install/dynus_interfaces/share/dynus_interfaces/cmake/export_dynus_interfaces__rosidl_typesupport_fastrtps_cppExport.cmake
-- Installing: /home/lorenzo/code/dynus_lite/dynus_lite_ws/install/dynus_interfaces/share/dynus_interfaces/cmake/export_dynus_interfaces__rosidl_typesupport_fastrtps_cppExport-noconfig.cmake
-- Installing: /home/lorenzo/code/dynus_lite/dynus_lite_ws/install/dynus_interfaces/share/dynus_interfaces/cmake/dynus_interfaces__rosidl_typesupport_introspection_cppExport.cmake
-- Installing: /home/lorenzo/code/dynus_lite/dynus_lite_ws/install/dynus_interfaces/share/dynus_interfaces/cmake/dynus_interfaces__rosidl_typesupport_introspection_cppExport-noconfig.cmake
-- Installing: /home/lorenzo/code/dynus_lite/dynus_lite_ws/install/dynus_interfaces/share/dynus_interfaces/cmake/dynus_interfaces__rosidl_typesupport_cppExport.cmake
-- Installing: /home/lorenzo/code/dynus_lite/dynus_lite_ws/install/dynus_interfaces/share/dynus_interfaces/cmake/dynus_interfaces__rosidl_typesupport_cppExport-noconfig.cmake
-- Installing: /home/lorenzo/code/dynus_lite/dynus_lite_ws/install/dynus_interfaces/share/dynus_interfaces/cmake/export_dynus_interfaces__rosidl_generator_pyExport.cmake
-- Installing: /home/lorenzo/code/dynus_lite/dynus_lite_ws/install/dynus_interfaces/share/dynus_interfaces/cmake/export_dynus_interfaces__rosidl_generator_pyExport-noconfig.cmake
-- Installing: /home/lorenzo/code/dynus_lite/dynus_lite_ws/install/dynus_interfaces/share/dynus_interfaces/cmake/rosidl_cmake-extras.cmake
-- Installing: /home/lorenzo/code/dynus_lite/dynus_lite_ws/install/dynus_interfaces/share/dynus_interfaces/cmake/ament_cmake_export_dependencies-extras.cmake
-- Installing: /home/lorenzo/code/dynus_lite/dynus_lite_ws/install/dynus_interfaces/share/dynus_interfaces/cmake/ament_cmake_export_include_directories-extras.cmake
-- Installing: /home/lorenzo/code/dynus_lite/dynus_lite_ws/install/dynus_interfaces/share/dynus_interfaces/cmake/ament_cmake_export_libraries-extras.cmake
-- Installing: /home/lorenzo/code/dynus_lite/dynus_lite_ws/install/dynus_interfaces/share/dynus_interfaces/cmake/ament_cmake_export_targets-extras.cmake
-- Installing: /home/lorenzo/code/dynus_lite/dynus_lite_ws/install/dynus_interfaces/share/dynus_interfaces/cmake/rosidl_cmake_export_typesupport_targets-extras.cmake
-- Installing: /home/lorenzo/code/dynus_lite/dynus_lite_ws/install/dynus_interfaces/share/dynus_interfaces/cmake/rosidl_cmake_export_typesupport_libraries-extras.cmake
-- Installing: /home/lorenzo/code/dynus_lite/dynus_lite_ws/install/dynus_interfaces/share/dynus_interfaces/cmake/dynus_interfacesConfig.cmake
-- Installing: /home/lorenzo/code/dynus_lite/dynus_lite_ws/install/dynus_interfaces/share/dynus_interfaces/cmake/dynus_interfacesConfig-version.cmake
-- Installing: /home/lorenzo/code/dynus_lite/dynus_lite_ws/install/dynus_interfaces/share/dynus_interfaces/package.xml
