[0.028s] Invoking command in '/home/lorenzo/code/dynus_lite/dynus_lite_ws/build/decomp_ros_msgs': CMAKE_PREFIX_PATH=${CMAKE_PREFIX_PATH}:/opt/ros/humble /usr/bin/cmake --build /home/lorenzo/code/dynus_lite/dynus_lite_ws/build/decomp_ros_msgs -- -j8 -l8
[0.080s] [35m[1mConsolidate compiler generated dependencies of target decomp_ros_msgs__rosidl_generator_c[0m
[0.094s] [  1%] Built target decomp_ros_msgs__cpp
[0.119s] [ 12%] Built target decomp_ros_msgs__rosidl_generator_c
[0.120s] [35m[1mConsolidate compiler generated dependencies of target decomp_ros_msgs__rosidl_typesupport_fastrtps_cpp[0m
[0.127s] [35m[1mConsolidate compiler generated dependencies of target decomp_ros_msgs__rosidl_typesupport_cpp[0m
[0.139s] [35m[1mConsolidate compiler generated dependencies of target decomp_ros_msgs__rosidl_typesupport_introspection_cpp[0m
[0.155s] [ 12%] Built target ament_cmake_python_copy_decomp_ros_msgs
[0.157s] [35m[1mConsolidate compiler generated dependencies of target decomp_ros_msgs__rosidl_typesupport_fastrtps_c[0m
[0.168s] [ 23%] Built target decomp_ros_msgs__rosidl_typesupport_fastrtps_cpp
[0.169s] [35m[1mConsolidate compiler generated dependencies of target decomp_ros_msgs__rosidl_typesupport_introspection_c[0m
[0.178s] [ 34%] Built target decomp_ros_msgs__rosidl_typesupport_cpp
[0.178s] [35m[1mConsolidate compiler generated dependencies of target decomp_ros_msgs__rosidl_typesupport_c[0m
[0.202s] [ 45%] Built target decomp_ros_msgs__rosidl_typesupport_fastrtps_c
[0.212s] [ 56%] Built target decomp_ros_msgs__rosidl_typesupport_introspection_cpp
[0.230s] [ 67%] Built target decomp_ros_msgs__rosidl_typesupport_introspection_c
[0.234s] [ 78%] Built target decomp_ros_msgs__rosidl_typesupport_c
[0.270s] [ 78%] Built target decomp_ros_msgs
[0.309s] [ 80%] Built target decomp_ros_msgs__py
[0.332s] [35m[1mConsolidate compiler generated dependencies of target decomp_ros_msgs__rosidl_generator_py[0m
[0.356s] [ 89%] Built target decomp_ros_msgs__rosidl_generator_py
[0.381s] [35m[1mConsolidate compiler generated dependencies of target decomp_ros_msgs__rosidl_typesupport_c__pyext[0m
[0.392s] [35m[1mConsolidate compiler generated dependencies of target decomp_ros_msgs__rosidl_typesupport_fastrtps_c__pyext[0m
[0.392s] [35m[1mConsolidate compiler generated dependencies of target decomp_ros_msgs__rosidl_typesupport_introspection_c__pyext[0m
[0.404s] [ 92%] Built target decomp_ros_msgs__rosidl_typesupport_c__pyext
[0.417s] [ 96%] Built target decomp_ros_msgs__rosidl_typesupport_introspection_c__pyext
[0.425s] [100%] Built target decomp_ros_msgs__rosidl_typesupport_fastrtps_c__pyext
[0.892s] running egg_info
[0.894s] writing decomp_ros_msgs.egg-info/PKG-INFO
[0.895s] writing dependency_links to decomp_ros_msgs.egg-info/dependency_links.txt
[0.895s] writing top-level names to decomp_ros_msgs.egg-info/top_level.txt
[0.904s] reading manifest file 'decomp_ros_msgs.egg-info/SOURCES.txt'
[0.905s] writing manifest file 'decomp_ros_msgs.egg-info/SOURCES.txt'
[0.967s] [100%] Built target ament_cmake_python_build_decomp_ros_msgs_egg
[0.990s] Invoked command in '/home/lorenzo/code/dynus_lite/dynus_lite_ws/build/decomp_ros_msgs' returned '0': CMAKE_PREFIX_PATH=${CMAKE_PREFIX_PATH}:/opt/ros/humble /usr/bin/cmake --build /home/lorenzo/code/dynus_lite/dynus_lite_ws/build/decomp_ros_msgs -- -j8 -l8
[0.996s] Invoking command in '/home/lorenzo/code/dynus_lite/dynus_lite_ws/build/decomp_ros_msgs': CMAKE_PREFIX_PATH=${CMAKE_PREFIX_PATH}:/opt/ros/humble /usr/bin/cmake --install /home/lorenzo/code/dynus_lite/dynus_lite_ws/build/decomp_ros_msgs
[1.016s] -- Install configuration: ""
[1.016s] -- Up-to-date: /home/lorenzo/code/dynus_lite/dynus_lite_ws/install/decomp_ros_msgs/share/ament_index/resource_index/rosidl_interfaces/decomp_ros_msgs
[1.016s] -- Up-to-date: /home/lorenzo/code/dynus_lite/dynus_lite_ws/install/decomp_ros_msgs/include/decomp_ros_msgs/decomp_ros_msgs
[1.016s] -- Up-to-date: /home/lorenzo/code/dynus_lite/dynus_lite_ws/install/decomp_ros_msgs/include/decomp_ros_msgs/decomp_ros_msgs/msg
[1.016s] -- Up-to-date: /home/lorenzo/code/dynus_lite/dynus_lite_ws/install/decomp_ros_msgs/include/decomp_ros_msgs/decomp_ros_msgs/msg/ellipsoid_array.h
[1.017s] -- Up-to-date: /home/lorenzo/code/dynus_lite/dynus_lite_ws/install/decomp_ros_msgs/include/decomp_ros_msgs/decomp_ros_msgs/msg/detail
[1.017s] -- Up-to-date: /home/lorenzo/code/dynus_lite/dynus_lite_ws/install/decomp_ros_msgs/include/decomp_ros_msgs/decomp_ros_msgs/msg/detail/polyhedron_array__functions.h
[1.018s] -- Up-to-date: /home/lorenzo/code/dynus_lite/dynus_lite_ws/install/decomp_ros_msgs/include/decomp_ros_msgs/decomp_ros_msgs/msg/detail/ellipsoid_array__struct.h
[1.018s] -- Up-to-date: /home/lorenzo/code/dynus_lite/dynus_lite_ws/install/decomp_ros_msgs/include/decomp_ros_msgs/decomp_ros_msgs/msg/detail/ellipsoid_array__functions.c
[1.018s] -- Up-to-date: /home/lorenzo/code/dynus_lite/dynus_lite_ws/install/decomp_ros_msgs/include/decomp_ros_msgs/decomp_ros_msgs/msg/detail/polyhedron__type_support.h
[1.019s] -- Up-to-date: /home/lorenzo/code/dynus_lite/dynus_lite_ws/install/decomp_ros_msgs/include/decomp_ros_msgs/decomp_ros_msgs/msg/detail/ellipsoid_array__type_support.h
[1.019s] -- Up-to-date: /home/lorenzo/code/dynus_lite/dynus_lite_ws/install/decomp_ros_msgs/include/decomp_ros_msgs/decomp_ros_msgs/msg/detail/ellipsoid_array__functions.h
[1.019s] -- Up-to-date: /home/lorenzo/code/dynus_lite/dynus_lite_ws/install/decomp_ros_msgs/include/decomp_ros_msgs/decomp_ros_msgs/msg/detail/ellipsoid__functions.c
[1.019s] -- Up-to-date: /home/lorenzo/code/dynus_lite/dynus_lite_ws/install/decomp_ros_msgs/include/decomp_ros_msgs/decomp_ros_msgs/msg/detail/polyhedron_array__functions.c
[1.019s] -- Up-to-date: /home/lorenzo/code/dynus_lite/dynus_lite_ws/install/decomp_ros_msgs/include/decomp_ros_msgs/decomp_ros_msgs/msg/detail/polyhedron__functions.c
[1.019s] -- Up-to-date: /home/lorenzo/code/dynus_lite/dynus_lite_ws/install/decomp_ros_msgs/include/decomp_ros_msgs/decomp_ros_msgs/msg/detail/ellipsoid__functions.h
[1.020s] -- Up-to-date: /home/lorenzo/code/dynus_lite/dynus_lite_ws/install/decomp_ros_msgs/include/decomp_ros_msgs/decomp_ros_msgs/msg/detail/polyhedron_array__struct.h
[1.020s] -- Up-to-date: /home/lorenzo/code/dynus_lite/dynus_lite_ws/install/decomp_ros_msgs/include/decomp_ros_msgs/decomp_ros_msgs/msg/detail/ellipsoid__struct.h
[1.020s] -- Up-to-date: /home/lorenzo/code/dynus_lite/dynus_lite_ws/install/decomp_ros_msgs/include/decomp_ros_msgs/decomp_ros_msgs/msg/detail/polyhedron_array__type_support.h
[1.020s] -- Up-to-date: /home/lorenzo/code/dynus_lite/dynus_lite_ws/install/decomp_ros_msgs/include/decomp_ros_msgs/decomp_ros_msgs/msg/detail/polyhedron__functions.h
[1.020s] -- Up-to-date: /home/lorenzo/code/dynus_lite/dynus_lite_ws/install/decomp_ros_msgs/include/decomp_ros_msgs/decomp_ros_msgs/msg/detail/polyhedron__struct.h
[1.020s] -- Up-to-date: /home/lorenzo/code/dynus_lite/dynus_lite_ws/install/decomp_ros_msgs/include/decomp_ros_msgs/decomp_ros_msgs/msg/detail/ellipsoid__type_support.h
[1.021s] -- Up-to-date: /home/lorenzo/code/dynus_lite/dynus_lite_ws/install/decomp_ros_msgs/include/decomp_ros_msgs/decomp_ros_msgs/msg/rosidl_generator_c__visibility_control.h
[1.021s] -- Up-to-date: /home/lorenzo/code/dynus_lite/dynus_lite_ws/install/decomp_ros_msgs/include/decomp_ros_msgs/decomp_ros_msgs/msg/polyhedron_array.h
[1.021s] -- Up-to-date: /home/lorenzo/code/dynus_lite/dynus_lite_ws/install/decomp_ros_msgs/include/decomp_ros_msgs/decomp_ros_msgs/msg/ellipsoid.h
[1.021s] -- Up-to-date: /home/lorenzo/code/dynus_lite/dynus_lite_ws/install/decomp_ros_msgs/include/decomp_ros_msgs/decomp_ros_msgs/msg/polyhedron.h
[1.021s] -- Up-to-date: /home/lorenzo/code/dynus_lite/dynus_lite_ws/install/decomp_ros_msgs/share/decomp_ros_msgs/environment/library_path.sh
[1.021s] -- Up-to-date: /home/lorenzo/code/dynus_lite/dynus_lite_ws/install/decomp_ros_msgs/share/decomp_ros_msgs/environment/library_path.dsv
[1.021s] -- Up-to-date: /home/lorenzo/code/dynus_lite/dynus_lite_ws/install/decomp_ros_msgs/lib/libdecomp_ros_msgs__rosidl_generator_c.so
[1.022s] -- Up-to-date: /home/lorenzo/code/dynus_lite/dynus_lite_ws/install/decomp_ros_msgs/include/decomp_ros_msgs/decomp_ros_msgs
[1.027s] -- Up-to-date: /home/lorenzo/code/dynus_lite/dynus_lite_ws/install/decomp_ros_msgs/include/decomp_ros_msgs/decomp_ros_msgs/msg
[1.027s] -- Up-to-date: /home/lorenzo/code/dynus_lite/dynus_lite_ws/install/decomp_ros_msgs/include/decomp_ros_msgs/decomp_ros_msgs/msg/rosidl_typesupport_fastrtps_c__visibility_control.h
[1.027s] -- Up-to-date: /home/lorenzo/code/dynus_lite/dynus_lite_ws/install/decomp_ros_msgs/include/decomp_ros_msgs/decomp_ros_msgs/msg/detail
[1.028s] -- Up-to-date: /home/lorenzo/code/dynus_lite/dynus_lite_ws/install/decomp_ros_msgs/include/decomp_ros_msgs/decomp_ros_msgs/msg/detail/ellipsoid_array__rosidl_typesupport_fastrtps_c.h
[1.028s] -- Up-to-date: /home/lorenzo/code/dynus_lite/dynus_lite_ws/install/decomp_ros_msgs/include/decomp_ros_msgs/decomp_ros_msgs/msg/detail/ellipsoid__rosidl_typesupport_fastrtps_c.h
[1.028s] -- Up-to-date: /home/lorenzo/code/dynus_lite/dynus_lite_ws/install/decomp_ros_msgs/include/decomp_ros_msgs/decomp_ros_msgs/msg/detail/polyhedron__rosidl_typesupport_fastrtps_c.h
[1.028s] -- Up-to-date: /home/lorenzo/code/dynus_lite/dynus_lite_ws/install/decomp_ros_msgs/include/decomp_ros_msgs/decomp_ros_msgs/msg/detail/polyhedron_array__rosidl_typesupport_fastrtps_c.h
[1.028s] -- Up-to-date: /home/lorenzo/code/dynus_lite/dynus_lite_ws/install/decomp_ros_msgs/lib/libdecomp_ros_msgs__rosidl_typesupport_fastrtps_c.so
[1.028s] -- Up-to-date: /home/lorenzo/code/dynus_lite/dynus_lite_ws/install/decomp_ros_msgs/include/decomp_ros_msgs/decomp_ros_msgs
[1.028s] -- Up-to-date: /home/lorenzo/code/dynus_lite/dynus_lite_ws/install/decomp_ros_msgs/include/decomp_ros_msgs/decomp_ros_msgs/msg
[1.029s] -- Up-to-date: /home/lorenzo/code/dynus_lite/dynus_lite_ws/install/decomp_ros_msgs/include/decomp_ros_msgs/decomp_ros_msgs/msg/detail
[1.029s] -- Up-to-date: /home/lorenzo/code/dynus_lite/dynus_lite_ws/install/decomp_ros_msgs/include/decomp_ros_msgs/decomp_ros_msgs/msg/detail/polyhedron_array__type_support.hpp
[1.029s] -- Up-to-date: /home/lorenzo/code/dynus_lite/dynus_lite_ws/install/decomp_ros_msgs/include/decomp_ros_msgs/decomp_ros_msgs/msg/detail/ellipsoid_array__builder.hpp
[1.029s] -- Up-to-date: /home/lorenzo/code/dynus_lite/dynus_lite_ws/install/decomp_ros_msgs/include/decomp_ros_msgs/decomp_ros_msgs/msg/detail/polyhedron_array__traits.hpp
[1.029s] -- Up-to-date: /home/lorenzo/code/dynus_lite/dynus_lite_ws/install/decomp_ros_msgs/include/decomp_ros_msgs/decomp_ros_msgs/msg/detail/polyhedron_array__struct.hpp
[1.029s] -- Up-to-date: /home/lorenzo/code/dynus_lite/dynus_lite_ws/install/decomp_ros_msgs/include/decomp_ros_msgs/decomp_ros_msgs/msg/detail/ellipsoid__builder.hpp
[1.029s] -- Up-to-date: /home/lorenzo/code/dynus_lite/dynus_lite_ws/install/decomp_ros_msgs/include/decomp_ros_msgs/decomp_ros_msgs/msg/detail/ellipsoid__traits.hpp
[1.029s] -- Up-to-date: /home/lorenzo/code/dynus_lite/dynus_lite_ws/install/decomp_ros_msgs/include/decomp_ros_msgs/decomp_ros_msgs/msg/detail/polyhedron__type_support.hpp
[1.030s] -- Up-to-date: /home/lorenzo/code/dynus_lite/dynus_lite_ws/install/decomp_ros_msgs/include/decomp_ros_msgs/decomp_ros_msgs/msg/detail/ellipsoid__struct.hpp
[1.035s] -- Up-to-date: /home/lorenzo/code/dynus_lite/dynus_lite_ws/install/decomp_ros_msgs/include/decomp_ros_msgs/decomp_ros_msgs/msg/detail/ellipsoid_array__struct.hpp
[1.035s] -- Up-to-date: /home/lorenzo/code/dynus_lite/dynus_lite_ws/install/decomp_ros_msgs/include/decomp_ros_msgs/decomp_ros_msgs/msg/detail/polyhedron__builder.hpp
[1.036s] -- Up-to-date: /home/lorenzo/code/dynus_lite/dynus_lite_ws/install/decomp_ros_msgs/include/decomp_ros_msgs/decomp_ros_msgs/msg/detail/polyhedron__struct.hpp
[1.036s] -- Up-to-date: /home/lorenzo/code/dynus_lite/dynus_lite_ws/install/decomp_ros_msgs/include/decomp_ros_msgs/decomp_ros_msgs/msg/detail/polyhedron_array__builder.hpp
[1.036s] -- Up-to-date: /home/lorenzo/code/dynus_lite/dynus_lite_ws/install/decomp_ros_msgs/include/decomp_ros_msgs/decomp_ros_msgs/msg/detail/ellipsoid_array__type_support.hpp
[1.036s] -- Up-to-date: /home/lorenzo/code/dynus_lite/dynus_lite_ws/install/decomp_ros_msgs/include/decomp_ros_msgs/decomp_ros_msgs/msg/detail/polyhedron__traits.hpp
[1.036s] -- Up-to-date: /home/lorenzo/code/dynus_lite/dynus_lite_ws/install/decomp_ros_msgs/include/decomp_ros_msgs/decomp_ros_msgs/msg/detail/ellipsoid_array__traits.hpp
[1.036s] -- Up-to-date: /home/lorenzo/code/dynus_lite/dynus_lite_ws/install/decomp_ros_msgs/include/decomp_ros_msgs/decomp_ros_msgs/msg/detail/ellipsoid__type_support.hpp
[1.036s] -- Up-to-date: /home/lorenzo/code/dynus_lite/dynus_lite_ws/install/decomp_ros_msgs/include/decomp_ros_msgs/decomp_ros_msgs/msg/ellipsoid_array.hpp
[1.037s] -- Up-to-date: /home/lorenzo/code/dynus_lite/dynus_lite_ws/install/decomp_ros_msgs/include/decomp_ros_msgs/decomp_ros_msgs/msg/polyhedron_array.hpp
[1.037s] -- Up-to-date: /home/lorenzo/code/dynus_lite/dynus_lite_ws/install/decomp_ros_msgs/include/decomp_ros_msgs/decomp_ros_msgs/msg/rosidl_generator_cpp__visibility_control.hpp
[1.037s] -- Up-to-date: /home/lorenzo/code/dynus_lite/dynus_lite_ws/install/decomp_ros_msgs/include/decomp_ros_msgs/decomp_ros_msgs/msg/polyhedron.hpp
[1.037s] -- Up-to-date: /home/lorenzo/code/dynus_lite/dynus_lite_ws/install/decomp_ros_msgs/include/decomp_ros_msgs/decomp_ros_msgs/msg/ellipsoid.hpp
[1.037s] -- Up-to-date: /home/lorenzo/code/dynus_lite/dynus_lite_ws/install/decomp_ros_msgs/include/decomp_ros_msgs/decomp_ros_msgs
[1.038s] -- Up-to-date: /home/lorenzo/code/dynus_lite/dynus_lite_ws/install/decomp_ros_msgs/include/decomp_ros_msgs/decomp_ros_msgs/msg
[1.038s] -- Up-to-date: /home/lorenzo/code/dynus_lite/dynus_lite_ws/install/decomp_ros_msgs/include/decomp_ros_msgs/decomp_ros_msgs/msg/detail
[1.038s] -- Up-to-date: /home/lorenzo/code/dynus_lite/dynus_lite_ws/install/decomp_ros_msgs/include/decomp_ros_msgs/decomp_ros_msgs/msg/detail/polyhedron_array__rosidl_typesupport_fastrtps_cpp.hpp
[1.038s] -- Up-to-date: /home/lorenzo/code/dynus_lite/dynus_lite_ws/install/decomp_ros_msgs/include/decomp_ros_msgs/decomp_ros_msgs/msg/detail/dds_fastrtps
[1.038s] -- Up-to-date: /home/lorenzo/code/dynus_lite/dynus_lite_ws/install/decomp_ros_msgs/include/decomp_ros_msgs/decomp_ros_msgs/msg/detail/ellipsoid_array__rosidl_typesupport_fastrtps_cpp.hpp
[1.038s] -- Up-to-date: /home/lorenzo/code/dynus_lite/dynus_lite_ws/install/decomp_ros_msgs/include/decomp_ros_msgs/decomp_ros_msgs/msg/detail/ellipsoid__rosidl_typesupport_fastrtps_cpp.hpp
[1.039s] -- Up-to-date: /home/lorenzo/code/dynus_lite/dynus_lite_ws/install/decomp_ros_msgs/include/decomp_ros_msgs/decomp_ros_msgs/msg/detail/polyhedron__rosidl_typesupport_fastrtps_cpp.hpp
[1.042s] -- Up-to-date: /home/lorenzo/code/dynus_lite/dynus_lite_ws/install/decomp_ros_msgs/include/decomp_ros_msgs/decomp_ros_msgs/msg/rosidl_typesupport_fastrtps_cpp__visibility_control.h
[1.042s] -- Up-to-date: /home/lorenzo/code/dynus_lite/dynus_lite_ws/install/decomp_ros_msgs/lib/libdecomp_ros_msgs__rosidl_typesupport_fastrtps_cpp.so
[1.043s] -- Up-to-date: /home/lorenzo/code/dynus_lite/dynus_lite_ws/install/decomp_ros_msgs/include/decomp_ros_msgs/decomp_ros_msgs
[1.043s] -- Up-to-date: /home/lorenzo/code/dynus_lite/dynus_lite_ws/install/decomp_ros_msgs/include/decomp_ros_msgs/decomp_ros_msgs/msg
[1.043s] -- Up-to-date: /home/lorenzo/code/dynus_lite/dynus_lite_ws/install/decomp_ros_msgs/include/decomp_ros_msgs/decomp_ros_msgs/msg/detail
[1.043s] -- Up-to-date: /home/lorenzo/code/dynus_lite/dynus_lite_ws/install/decomp_ros_msgs/include/decomp_ros_msgs/decomp_ros_msgs/msg/detail/ellipsoid_array__type_support.c
[1.043s] -- Up-to-date: /home/lorenzo/code/dynus_lite/dynus_lite_ws/install/decomp_ros_msgs/include/decomp_ros_msgs/decomp_ros_msgs/msg/detail/ellipsoid_array__rosidl_typesupport_introspection_c.h
[1.043s] -- Up-to-date: /home/lorenzo/code/dynus_lite/dynus_lite_ws/install/decomp_ros_msgs/include/decomp_ros_msgs/decomp_ros_msgs/msg/detail/polyhedron_array__rosidl_typesupport_introspection_c.h
[1.043s] -- Up-to-date: /home/lorenzo/code/dynus_lite/dynus_lite_ws/install/decomp_ros_msgs/include/decomp_ros_msgs/decomp_ros_msgs/msg/detail/polyhedron__type_support.c
[1.044s] -- Up-to-date: /home/lorenzo/code/dynus_lite/dynus_lite_ws/install/decomp_ros_msgs/include/decomp_ros_msgs/decomp_ros_msgs/msg/detail/ellipsoid__type_support.c
[1.044s] -- Up-to-date: /home/lorenzo/code/dynus_lite/dynus_lite_ws/install/decomp_ros_msgs/include/decomp_ros_msgs/decomp_ros_msgs/msg/detail/polyhedron_array__type_support.c
[1.044s] -- Up-to-date: /home/lorenzo/code/dynus_lite/dynus_lite_ws/install/decomp_ros_msgs/include/decomp_ros_msgs/decomp_ros_msgs/msg/detail/polyhedron__rosidl_typesupport_introspection_c.h
[1.044s] -- Up-to-date: /home/lorenzo/code/dynus_lite/dynus_lite_ws/install/decomp_ros_msgs/include/decomp_ros_msgs/decomp_ros_msgs/msg/detail/ellipsoid__rosidl_typesupport_introspection_c.h
[1.044s] -- Up-to-date: /home/lorenzo/code/dynus_lite/dynus_lite_ws/install/decomp_ros_msgs/include/decomp_ros_msgs/decomp_ros_msgs/msg/rosidl_typesupport_introspection_c__visibility_control.h
[1.044s] -- Up-to-date: /home/lorenzo/code/dynus_lite/dynus_lite_ws/install/decomp_ros_msgs/lib/libdecomp_ros_msgs__rosidl_typesupport_introspection_c.so
[1.045s] -- Up-to-date: /home/lorenzo/code/dynus_lite/dynus_lite_ws/install/decomp_ros_msgs/lib/libdecomp_ros_msgs__rosidl_typesupport_c.so
[1.045s] -- Up-to-date: /home/lorenzo/code/dynus_lite/dynus_lite_ws/install/decomp_ros_msgs/include/decomp_ros_msgs/decomp_ros_msgs
[1.045s] -- Up-to-date: /home/lorenzo/code/dynus_lite/dynus_lite_ws/install/decomp_ros_msgs/include/decomp_ros_msgs/decomp_ros_msgs/msg
[1.045s] -- Up-to-date: /home/lorenzo/code/dynus_lite/dynus_lite_ws/install/decomp_ros_msgs/include/decomp_ros_msgs/decomp_ros_msgs/msg/detail
[1.045s] -- Up-to-date: /home/lorenzo/code/dynus_lite/dynus_lite_ws/install/decomp_ros_msgs/include/decomp_ros_msgs/decomp_ros_msgs/msg/detail/polyhedron__type_support.cpp
[1.045s] -- Up-to-date: /home/lorenzo/code/dynus_lite/dynus_lite_ws/install/decomp_ros_msgs/include/decomp_ros_msgs/decomp_ros_msgs/msg/detail/polyhedron_array__rosidl_typesupport_introspection_cpp.hpp
[1.046s] -- Up-to-date: /home/lorenzo/code/dynus_lite/dynus_lite_ws/install/decomp_ros_msgs/include/decomp_ros_msgs/decomp_ros_msgs/msg/detail/polyhedron_array__type_support.cpp
[1.050s] -- Up-to-date: /home/lorenzo/code/dynus_lite/dynus_lite_ws/install/decomp_ros_msgs/include/decomp_ros_msgs/decomp_ros_msgs/msg/detail/ellipsoid_array__rosidl_typesupport_introspection_cpp.hpp
[1.050s] -- Up-to-date: /home/lorenzo/code/dynus_lite/dynus_lite_ws/install/decomp_ros_msgs/include/decomp_ros_msgs/decomp_ros_msgs/msg/detail/ellipsoid__rosidl_typesupport_introspection_cpp.hpp
[1.051s] -- Up-to-date: /home/lorenzo/code/dynus_lite/dynus_lite_ws/install/decomp_ros_msgs/include/decomp_ros_msgs/decomp_ros_msgs/msg/detail/polyhedron__rosidl_typesupport_introspection_cpp.hpp
[1.051s] -- Up-to-date: /home/lorenzo/code/dynus_lite/dynus_lite_ws/install/decomp_ros_msgs/include/decomp_ros_msgs/decomp_ros_msgs/msg/detail/ellipsoid_array__type_support.cpp
[1.051s] -- Up-to-date: /home/lorenzo/code/dynus_lite/dynus_lite_ws/install/decomp_ros_msgs/include/decomp_ros_msgs/decomp_ros_msgs/msg/detail/ellipsoid__type_support.cpp
[1.051s] -- Up-to-date: /home/lorenzo/code/dynus_lite/dynus_lite_ws/install/decomp_ros_msgs/lib/libdecomp_ros_msgs__rosidl_typesupport_introspection_cpp.so
[1.051s] -- Up-to-date: /home/lorenzo/code/dynus_lite/dynus_lite_ws/install/decomp_ros_msgs/lib/libdecomp_ros_msgs__rosidl_typesupport_cpp.so
[1.051s] -- Up-to-date: /home/lorenzo/code/dynus_lite/dynus_lite_ws/install/decomp_ros_msgs/share/decomp_ros_msgs/environment/pythonpath.sh
[1.052s] -- Up-to-date: /home/lorenzo/code/dynus_lite/dynus_lite_ws/install/decomp_ros_msgs/share/decomp_ros_msgs/environment/pythonpath.dsv
[1.052s] -- Up-to-date: /home/lorenzo/code/dynus_lite/dynus_lite_ws/install/decomp_ros_msgs/local/lib/python3.10/dist-packages/decomp_ros_msgs-0.0.0-py3.10.egg-info
[1.052s] -- Installing: /home/lorenzo/code/dynus_lite/dynus_lite_ws/install/decomp_ros_msgs/local/lib/python3.10/dist-packages/decomp_ros_msgs-0.0.0-py3.10.egg-info/top_level.txt
[1.052s] -- Installing: /home/lorenzo/code/dynus_lite/dynus_lite_ws/install/decomp_ros_msgs/local/lib/python3.10/dist-packages/decomp_ros_msgs-0.0.0-py3.10.egg-info/SOURCES.txt
[1.052s] -- Installing: /home/lorenzo/code/dynus_lite/dynus_lite_ws/install/decomp_ros_msgs/local/lib/python3.10/dist-packages/decomp_ros_msgs-0.0.0-py3.10.egg-info/dependency_links.txt
[1.052s] -- Installing: /home/lorenzo/code/dynus_lite/dynus_lite_ws/install/decomp_ros_msgs/local/lib/python3.10/dist-packages/decomp_ros_msgs-0.0.0-py3.10.egg-info/PKG-INFO
[1.052s] -- Up-to-date: /home/lorenzo/code/dynus_lite/dynus_lite_ws/install/decomp_ros_msgs/local/lib/python3.10/dist-packages/decomp_ros_msgs
[1.053s] -- Up-to-date: /home/lorenzo/code/dynus_lite/dynus_lite_ws/install/decomp_ros_msgs/local/lib/python3.10/dist-packages/decomp_ros_msgs/decomp_ros_msgs_s__rosidl_typesupport_fastrtps_c.cpython-310-x86_64-linux-gnu.so
[1.053s] -- Up-to-date: /home/lorenzo/code/dynus_lite/dynus_lite_ws/install/decomp_ros_msgs/local/lib/python3.10/dist-packages/decomp_ros_msgs/__init__.py
[1.053s] -- Up-to-date: /home/lorenzo/code/dynus_lite/dynus_lite_ws/install/decomp_ros_msgs/local/lib/python3.10/dist-packages/decomp_ros_msgs/_decomp_ros_msgs_s.ep.rosidl_typesupport_introspection_c.c
[1.053s] -- Up-to-date: /home/lorenzo/code/dynus_lite/dynus_lite_ws/install/decomp_ros_msgs/local/lib/python3.10/dist-packages/decomp_ros_msgs/_decomp_ros_msgs_s.ep.rosidl_typesupport_c.c
[1.053s] -- Up-to-date: /home/lorenzo/code/dynus_lite/dynus_lite_ws/install/decomp_ros_msgs/local/lib/python3.10/dist-packages/decomp_ros_msgs/libdecomp_ros_msgs__rosidl_generator_py.so
[1.053s] -- Up-to-date: /home/lorenzo/code/dynus_lite/dynus_lite_ws/install/decomp_ros_msgs/local/lib/python3.10/dist-packages/decomp_ros_msgs/decomp_ros_msgs_s__rosidl_typesupport_c.cpython-310-x86_64-linux-gnu.so
[1.053s] -- Up-to-date: /home/lorenzo/code/dynus_lite/dynus_lite_ws/install/decomp_ros_msgs/local/lib/python3.10/dist-packages/decomp_ros_msgs/msg
[1.054s] -- Up-to-date: /home/lorenzo/code/dynus_lite/dynus_lite_ws/install/decomp_ros_msgs/local/lib/python3.10/dist-packages/decomp_ros_msgs/msg/__init__.py
[1.058s] -- Up-to-date: /home/lorenzo/code/dynus_lite/dynus_lite_ws/install/decomp_ros_msgs/local/lib/python3.10/dist-packages/decomp_ros_msgs/msg/_ellipsoid.py
[1.058s] -- Up-to-date: /home/lorenzo/code/dynus_lite/dynus_lite_ws/install/decomp_ros_msgs/local/lib/python3.10/dist-packages/decomp_ros_msgs/msg/_polyhedron.py
[1.058s] -- Up-to-date: /home/lorenzo/code/dynus_lite/dynus_lite_ws/install/decomp_ros_msgs/local/lib/python3.10/dist-packages/decomp_ros_msgs/msg/_ellipsoid_array_s.c
[1.058s] -- Up-to-date: /home/lorenzo/code/dynus_lite/dynus_lite_ws/install/decomp_ros_msgs/local/lib/python3.10/dist-packages/decomp_ros_msgs/msg/_polyhedron_array_s.c
[1.058s] -- Up-to-date: /home/lorenzo/code/dynus_lite/dynus_lite_ws/install/decomp_ros_msgs/local/lib/python3.10/dist-packages/decomp_ros_msgs/msg/_ellipsoid_array.py
[1.059s] -- Up-to-date: /home/lorenzo/code/dynus_lite/dynus_lite_ws/install/decomp_ros_msgs/local/lib/python3.10/dist-packages/decomp_ros_msgs/msg/_ellipsoid_s.c
[1.059s] -- Up-to-date: /home/lorenzo/code/dynus_lite/dynus_lite_ws/install/decomp_ros_msgs/local/lib/python3.10/dist-packages/decomp_ros_msgs/msg/_polyhedron_array.py
[1.059s] -- Up-to-date: /home/lorenzo/code/dynus_lite/dynus_lite_ws/install/decomp_ros_msgs/local/lib/python3.10/dist-packages/decomp_ros_msgs/msg/_polyhedron_s.c
[1.059s] -- Up-to-date: /home/lorenzo/code/dynus_lite/dynus_lite_ws/install/decomp_ros_msgs/local/lib/python3.10/dist-packages/decomp_ros_msgs/_decomp_ros_msgs_s.ep.rosidl_typesupport_fastrtps_c.c
[1.059s] -- Up-to-date: /home/lorenzo/code/dynus_lite/dynus_lite_ws/install/decomp_ros_msgs/local/lib/python3.10/dist-packages/decomp_ros_msgs/decomp_ros_msgs_s__rosidl_typesupport_introspection_c.cpython-310-x86_64-linux-gnu.so
[1.110s] Listing '/home/lorenzo/code/dynus_lite/dynus_lite_ws/install/decomp_ros_msgs/local/lib/python3.10/dist-packages/decomp_ros_msgs'...
[1.110s] Listing '/home/lorenzo/code/dynus_lite/dynus_lite_ws/install/decomp_ros_msgs/local/lib/python3.10/dist-packages/decomp_ros_msgs/msg'...
[1.122s] -- Up-to-date: /home/lorenzo/code/dynus_lite/dynus_lite_ws/install/decomp_ros_msgs/local/lib/python3.10/dist-packages/decomp_ros_msgs/decomp_ros_msgs_s__rosidl_typesupport_fastrtps_c.cpython-310-x86_64-linux-gnu.so
[1.123s] -- Up-to-date: /home/lorenzo/code/dynus_lite/dynus_lite_ws/install/decomp_ros_msgs/local/lib/python3.10/dist-packages/decomp_ros_msgs/decomp_ros_msgs_s__rosidl_typesupport_introspection_c.cpython-310-x86_64-linux-gnu.so
[1.124s] -- Up-to-date: /home/lorenzo/code/dynus_lite/dynus_lite_ws/install/decomp_ros_msgs/local/lib/python3.10/dist-packages/decomp_ros_msgs/decomp_ros_msgs_s__rosidl_typesupport_c.cpython-310-x86_64-linux-gnu.so
[1.125s] -- Up-to-date: /home/lorenzo/code/dynus_lite/dynus_lite_ws/install/decomp_ros_msgs/lib/libdecomp_ros_msgs__rosidl_generator_py.so
[1.125s] -- Up-to-date: /home/lorenzo/code/dynus_lite/dynus_lite_ws/install/decomp_ros_msgs/share/decomp_ros_msgs/msg/Ellipsoid.idl
[1.126s] -- Up-to-date: /home/lorenzo/code/dynus_lite/dynus_lite_ws/install/decomp_ros_msgs/share/decomp_ros_msgs/msg/EllipsoidArray.idl
[1.127s] -- Up-to-date: /home/lorenzo/code/dynus_lite/dynus_lite_ws/install/decomp_ros_msgs/share/decomp_ros_msgs/msg/Polyhedron.idl
[1.127s] -- Up-to-date: /home/lorenzo/code/dynus_lite/dynus_lite_ws/install/decomp_ros_msgs/share/decomp_ros_msgs/msg/PolyhedronArray.idl
[1.128s] -- Up-to-date: /home/lorenzo/code/dynus_lite/dynus_lite_ws/install/decomp_ros_msgs/share/decomp_ros_msgs/msg/Ellipsoid.msg
[1.128s] -- Up-to-date: /home/lorenzo/code/dynus_lite/dynus_lite_ws/install/decomp_ros_msgs/share/decomp_ros_msgs/msg/EllipsoidArray.msg
[1.128s] -- Up-to-date: /home/lorenzo/code/dynus_lite/dynus_lite_ws/install/decomp_ros_msgs/share/decomp_ros_msgs/msg/Polyhedron.msg
[1.129s] -- Up-to-date: /home/lorenzo/code/dynus_lite/dynus_lite_ws/install/decomp_ros_msgs/share/decomp_ros_msgs/msg/PolyhedronArray.msg
[1.129s] -- Up-to-date: /home/lorenzo/code/dynus_lite/dynus_lite_ws/install/decomp_ros_msgs/share/ament_index/resource_index/package_run_dependencies/decomp_ros_msgs
[1.130s] -- Up-to-date: /home/lorenzo/code/dynus_lite/dynus_lite_ws/install/decomp_ros_msgs/share/ament_index/resource_index/parent_prefix_path/decomp_ros_msgs
[1.130s] -- Up-to-date: /home/lorenzo/code/dynus_lite/dynus_lite_ws/install/decomp_ros_msgs/share/decomp_ros_msgs/environment/ament_prefix_path.sh
[1.131s] -- Up-to-date: /home/lorenzo/code/dynus_lite/dynus_lite_ws/install/decomp_ros_msgs/share/decomp_ros_msgs/environment/ament_prefix_path.dsv
[1.131s] -- Up-to-date: /home/lorenzo/code/dynus_lite/dynus_lite_ws/install/decomp_ros_msgs/share/decomp_ros_msgs/environment/path.sh
[1.131s] -- Up-to-date: /home/lorenzo/code/dynus_lite/dynus_lite_ws/install/decomp_ros_msgs/share/decomp_ros_msgs/environment/path.dsv
[1.132s] -- Up-to-date: /home/lorenzo/code/dynus_lite/dynus_lite_ws/install/decomp_ros_msgs/share/decomp_ros_msgs/local_setup.bash
[1.132s] -- Up-to-date: /home/lorenzo/code/dynus_lite/dynus_lite_ws/install/decomp_ros_msgs/share/decomp_ros_msgs/local_setup.sh
[1.133s] -- Up-to-date: /home/lorenzo/code/dynus_lite/dynus_lite_ws/install/decomp_ros_msgs/share/decomp_ros_msgs/local_setup.zsh
[1.133s] -- Up-to-date: /home/lorenzo/code/dynus_lite/dynus_lite_ws/install/decomp_ros_msgs/share/decomp_ros_msgs/local_setup.dsv
[1.133s] -- Installing: /home/lorenzo/code/dynus_lite/dynus_lite_ws/install/decomp_ros_msgs/share/decomp_ros_msgs/package.dsv
[1.134s] -- Up-to-date: /home/lorenzo/code/dynus_lite/dynus_lite_ws/install/decomp_ros_msgs/share/ament_index/resource_index/packages/decomp_ros_msgs
[1.135s] -- Up-to-date: /home/lorenzo/code/dynus_lite/dynus_lite_ws/install/decomp_ros_msgs/share/decomp_ros_msgs/cmake/export_decomp_ros_msgs__rosidl_generator_cExport.cmake
[1.135s] -- Up-to-date: /home/lorenzo/code/dynus_lite/dynus_lite_ws/install/decomp_ros_msgs/share/decomp_ros_msgs/cmake/export_decomp_ros_msgs__rosidl_generator_cExport-noconfig.cmake
[1.136s] -- Up-to-date: /home/lorenzo/code/dynus_lite/dynus_lite_ws/install/decomp_ros_msgs/share/decomp_ros_msgs/cmake/export_decomp_ros_msgs__rosidl_typesupport_fastrtps_cExport.cmake
[1.136s] -- Up-to-date: /home/lorenzo/code/dynus_lite/dynus_lite_ws/install/decomp_ros_msgs/share/decomp_ros_msgs/cmake/export_decomp_ros_msgs__rosidl_typesupport_fastrtps_cExport-noconfig.cmake
[1.137s] -- Up-to-date: /home/lorenzo/code/dynus_lite/dynus_lite_ws/install/decomp_ros_msgs/share/decomp_ros_msgs/cmake/export_decomp_ros_msgs__rosidl_generator_cppExport.cmake
[1.137s] -- Up-to-date: /home/lorenzo/code/dynus_lite/dynus_lite_ws/install/decomp_ros_msgs/share/decomp_ros_msgs/cmake/export_decomp_ros_msgs__rosidl_typesupport_fastrtps_cppExport.cmake
[1.138s] -- Up-to-date: /home/lorenzo/code/dynus_lite/dynus_lite_ws/install/decomp_ros_msgs/share/decomp_ros_msgs/cmake/export_decomp_ros_msgs__rosidl_typesupport_fastrtps_cppExport-noconfig.cmake
[1.138s] -- Up-to-date: /home/lorenzo/code/dynus_lite/dynus_lite_ws/install/decomp_ros_msgs/share/decomp_ros_msgs/cmake/decomp_ros_msgs__rosidl_typesupport_introspection_cExport.cmake
[1.138s] -- Up-to-date: /home/lorenzo/code/dynus_lite/dynus_lite_ws/install/decomp_ros_msgs/share/decomp_ros_msgs/cmake/decomp_ros_msgs__rosidl_typesupport_introspection_cExport-noconfig.cmake
[1.139s] -- Up-to-date: /home/lorenzo/code/dynus_lite/dynus_lite_ws/install/decomp_ros_msgs/share/decomp_ros_msgs/cmake/decomp_ros_msgs__rosidl_typesupport_cExport.cmake
[1.139s] -- Up-to-date: /home/lorenzo/code/dynus_lite/dynus_lite_ws/install/decomp_ros_msgs/share/decomp_ros_msgs/cmake/decomp_ros_msgs__rosidl_typesupport_cExport-noconfig.cmake
[1.140s] -- Up-to-date: /home/lorenzo/code/dynus_lite/dynus_lite_ws/install/decomp_ros_msgs/share/decomp_ros_msgs/cmake/decomp_ros_msgs__rosidl_typesupport_introspection_cppExport.cmake
[1.140s] -- Up-to-date: /home/lorenzo/code/dynus_lite/dynus_lite_ws/install/decomp_ros_msgs/share/decomp_ros_msgs/cmake/decomp_ros_msgs__rosidl_typesupport_introspection_cppExport-noconfig.cmake
[1.141s] -- Up-to-date: /home/lorenzo/code/dynus_lite/dynus_lite_ws/install/decomp_ros_msgs/share/decomp_ros_msgs/cmake/decomp_ros_msgs__rosidl_typesupport_cppExport.cmake
[1.141s] -- Up-to-date: /home/lorenzo/code/dynus_lite/dynus_lite_ws/install/decomp_ros_msgs/share/decomp_ros_msgs/cmake/decomp_ros_msgs__rosidl_typesupport_cppExport-noconfig.cmake
[1.142s] -- Up-to-date: /home/lorenzo/code/dynus_lite/dynus_lite_ws/install/decomp_ros_msgs/share/decomp_ros_msgs/cmake/export_decomp_ros_msgs__rosidl_generator_pyExport.cmake
[1.142s] -- Up-to-date: /home/lorenzo/code/dynus_lite/dynus_lite_ws/install/decomp_ros_msgs/share/decomp_ros_msgs/cmake/export_decomp_ros_msgs__rosidl_generator_pyExport-noconfig.cmake
[1.143s] -- Up-to-date: /home/lorenzo/code/dynus_lite/dynus_lite_ws/install/decomp_ros_msgs/share/decomp_ros_msgs/cmake/rosidl_cmake-extras.cmake
[1.143s] -- Up-to-date: /home/lorenzo/code/dynus_lite/dynus_lite_ws/install/decomp_ros_msgs/share/decomp_ros_msgs/cmake/ament_cmake_export_dependencies-extras.cmake
[1.144s] -- Up-to-date: /home/lorenzo/code/dynus_lite/dynus_lite_ws/install/decomp_ros_msgs/share/decomp_ros_msgs/cmake/ament_cmake_export_include_directories-extras.cmake
[1.144s] -- Up-to-date: /home/lorenzo/code/dynus_lite/dynus_lite_ws/install/decomp_ros_msgs/share/decomp_ros_msgs/cmake/ament_cmake_export_libraries-extras.cmake
[1.144s] -- Up-to-date: /home/lorenzo/code/dynus_lite/dynus_lite_ws/install/decomp_ros_msgs/share/decomp_ros_msgs/cmake/ament_cmake_export_targets-extras.cmake
[1.145s] -- Up-to-date: /home/lorenzo/code/dynus_lite/dynus_lite_ws/install/decomp_ros_msgs/share/decomp_ros_msgs/cmake/rosidl_cmake_export_typesupport_targets-extras.cmake
[1.145s] -- Up-to-date: /home/lorenzo/code/dynus_lite/dynus_lite_ws/install/decomp_ros_msgs/share/decomp_ros_msgs/cmake/rosidl_cmake_export_typesupport_libraries-extras.cmake
[1.146s] -- Up-to-date: /home/lorenzo/code/dynus_lite/dynus_lite_ws/install/decomp_ros_msgs/share/decomp_ros_msgs/cmake/decomp_ros_msgsConfig.cmake
[1.146s] -- Up-to-date: /home/lorenzo/code/dynus_lite/dynus_lite_ws/install/decomp_ros_msgs/share/decomp_ros_msgs/cmake/decomp_ros_msgsConfig-version.cmake
[1.146s] -- Up-to-date: /home/lorenzo/code/dynus_lite/dynus_lite_ws/install/decomp_ros_msgs/share/decomp_ros_msgs/package.xml
[1.154s] Invoked command in '/home/lorenzo/code/dynus_lite/dynus_lite_ws/build/decomp_ros_msgs' returned '0': CMAKE_PREFIX_PATH=${CMAKE_PREFIX_PATH}:/opt/ros/humble /usr/bin/cmake --install /home/lorenzo/code/dynus_lite/dynus_lite_ws/build/decomp_ros_msgs
