-- The C compiler identification is GNU 11.4.0
-- The CXX compiler identification is GNU 12.3.0
-- Detecting C compiler ABI info
-- Detecting C compiler ABI info - done
-- Check for working C compiler: /usr/bin/cc - skipped
-- Detecting C compile features
-- Detecting C compile features - done
-- Detecting CXX compiler ABI info
-- Detecting CXX compiler ABI info - done
-- Check for working CXX compiler: /usr/bin/c++ - skipped
-- Detecting CXX compile features
-- Detecting CXX compile features - done
-- Found ament_cmake: 1.3.13 (/opt/ros/humble/share/ament_cmake/cmake)
-- Found Python3: /usr/bin/python3 (found version "3.10.12") found components: Interpreter 
-- Found rclcpp: 16.0.18 (/opt/ros/humble/share/rclcpp/cmake)
-- Found rosidl_generator_c: 3.1.8 (/opt/ros/humble/share/rosidl_generator_c/cmake)
-- Found rosidl_adapter: 3.1.8 (/opt/ros/humble/share/rosidl_adapter/cmake)
-- Found rosidl_generator_cpp: 3.1.8 (/opt/ros/humble/share/rosidl_generator_cpp/cmake)
-- Using all available rosidl_typesupport_c: rosidl_typesupport_fastrtps_c;rosidl_typesupport_introspection_c
-- Using all available rosidl_typesupport_cpp: rosidl_typesupport_fastrtps_cpp;rosidl_typesupport_introspection_cpp
-- Found rmw_implementation_cmake: 6.1.2 (/opt/ros/humble/share/rmw_implementation_cmake/cmake)
-- Found rmw_cyclonedds_cpp: 1.3.4 (/opt/ros/humble/share/rmw_cyclonedds_cpp/cmake)
-- Using RMW implementation 'rmw_cyclonedds_cpp' as default
-- Looking for pthread.h
-- Looking for pthread.h - found
-- Performing Test CMAKE_HAVE_LIBC_PTHREAD
-- Performing Test CMAKE_HAVE_LIBC_PTHREAD - Success
-- Found Threads: TRUE  
-- Found geometry_msgs: 4.9.1 (/opt/ros/humble/share/geometry_msgs/cmake)
-- Found snapstack_msgs2: 5.4.1 (/home/lorenzo/code/dynus_lite/dynus_lite_ws/install/snapstack_msgs2/share/snapstack_msgs2/cmake)
-- Configuring done
-- Generating done
-- Build files have been written to: /home/lorenzo/code/dynus_lite/dynus_lite_ws/build/trajectory_generator_ros2
[  7%] [32mBuilding CXX object CMakeFiles/trajectory_generator_ros2.dir/src/trajectory_generator_node.cpp.o[0m
[ 14%] [32m[1mLinking CXX executable trajectory_generator_ros2[0m
[ 14%] Built target trajectory_generator_ros2
[ 21%] [32mBuilding CXX object CMakeFiles/trajectory_generator_ros2_core.dir/src/TrajectoryGenerator.cpp.o[0m
[ 28%] [32mBuilding CXX object CMakeFiles/trajectory_generator_ros2_core.dir/src/trajectories/Bounce.cpp.o[0m
[ 35%] [32mBuilding CXX object CMakeFiles/trajectory_generator_ros2_core.dir/src/trajectories/M.cpp.o[0m
[ 42%] [32mBuilding CXX object CMakeFiles/trajectory_generator_ros2_core.dir/src/trajectories/I.cpp.o[0m
[ 50%] [32mBuilding CXX object CMakeFiles/trajectory_generator_ros2_core.dir/src/trajectories/Rectangle.cpp.o[0m
[ 57%] [32mBuilding CXX object CMakeFiles/trajectory_generator_ros2_core.dir/src/trajectories/Reciprocating.cpp.o[0m
[ 64%] [32mBuilding CXX object CMakeFiles/trajectory_generator_ros2_core.dir/src/trajectories/Square.cpp.o[0m
[ 71%] [32mBuilding CXX object CMakeFiles/trajectory_generator_ros2_core.dir/src/trajectories/Figure8.cpp.o[0m
[ 78%] [32mBuilding CXX object CMakeFiles/trajectory_generator_ros2_core.dir/src/trajectories/Line.cpp.o[0m
[ 85%] [32mBuilding CXX object CMakeFiles/trajectory_generator_ros2_core.dir/src/trajectories/T.cpp.o[0m
[ 92%] [32mBuilding CXX object CMakeFiles/trajectory_generator_ros2_core.dir/src/trajectories/Circle.cpp.o[0m
[100%] [32m[1mLinking CXX static library libtrajectory_generator_ros2_core.a[0m
[100%] Built target trajectory_generator_ros2_core
-- Install configuration: ""
-- Installing: /home/lorenzo/code/dynus_lite/dynus_lite_ws/install/trajectory_generator_ros2/lib/trajectory_generator_ros2/trajectory_generator_ros2
-- Set runtime path of "/home/lorenzo/code/dynus_lite/dynus_lite_ws/install/trajectory_generator_ros2/lib/trajectory_generator_ros2/trajectory_generator_ros2" to ""
-- Installing: /home/lorenzo/code/dynus_lite/dynus_lite_ws/install/trajectory_generator_ros2/include/trajectory_generator_ros2/
-- Installing: /home/lorenzo/code/dynus_lite/dynus_lite_ws/install/trajectory_generator_ros2/include/trajectory_generator_ros2//TrajectoryGenerator.hpp
-- Installing: /home/lorenzo/code/dynus_lite/dynus_lite_ws/install/trajectory_generator_ros2/include/trajectory_generator_ros2//trajectories
-- Installing: /home/lorenzo/code/dynus_lite/dynus_lite_ws/install/trajectory_generator_ros2/include/trajectory_generator_ros2//trajectories/Rectangle.hpp
-- Installing: /home/lorenzo/code/dynus_lite/dynus_lite_ws/install/trajectory_generator_ros2/include/trajectory_generator_ros2//trajectories/Bounce.hpp
-- Installing: /home/lorenzo/code/dynus_lite/dynus_lite_ws/install/trajectory_generator_ros2/include/trajectory_generator_ros2//trajectories/T.hpp
-- Installing: /home/lorenzo/code/dynus_lite/dynus_lite_ws/install/trajectory_generator_ros2/include/trajectory_generator_ros2//trajectories/I.hpp
-- Installing: /home/lorenzo/code/dynus_lite/dynus_lite_ws/install/trajectory_generator_ros2/include/trajectory_generator_ros2//trajectories/Square.hpp
-- Installing: /home/lorenzo/code/dynus_lite/dynus_lite_ws/install/trajectory_generator_ros2/include/trajectory_generator_ros2//trajectories/Reciprocating.hpp
-- Installing: /home/lorenzo/code/dynus_lite/dynus_lite_ws/install/trajectory_generator_ros2/include/trajectory_generator_ros2//trajectories/Boomerang.hpp
-- Installing: /home/lorenzo/code/dynus_lite/dynus_lite_ws/install/trajectory_generator_ros2/include/trajectory_generator_ros2//trajectories/Line.hpp
-- Installing: /home/lorenzo/code/dynus_lite/dynus_lite_ws/install/trajectory_generator_ros2/include/trajectory_generator_ros2//trajectories/Trajectory.hpp
-- Installing: /home/lorenzo/code/dynus_lite/dynus_lite_ws/install/trajectory_generator_ros2/include/trajectory_generator_ros2//trajectories/Figure8.hpp
-- Installing: /home/lorenzo/code/dynus_lite/dynus_lite_ws/install/trajectory_generator_ros2/include/trajectory_generator_ros2//trajectories/M.hpp
-- Installing: /home/lorenzo/code/dynus_lite/dynus_lite_ws/install/trajectory_generator_ros2/include/trajectory_generator_ros2//trajectories/Circle.hpp
-- Installing: /home/lorenzo/code/dynus_lite/dynus_lite_ws/install/trajectory_generator_ros2/share/trajectory_generator_ros2/launch
-- Installing: /home/lorenzo/code/dynus_lite/dynus_lite_ws/install/trajectory_generator_ros2/share/trajectory_generator_ros2/launch/onboard.launch
-- Installing: /home/lorenzo/code/dynus_lite/dynus_lite_ws/install/trajectory_generator_ros2/share/trajectory_generator_ros2/launch/base_station.launch
-- Installing: /home/lorenzo/code/dynus_lite/dynus_lite_ws/install/trajectory_generator_ros2/share/trajectory_generator_ros2/launch/onboard.launch.py
-- Installing: /home/lorenzo/code/dynus_lite/dynus_lite_ws/install/trajectory_generator_ros2/share/trajectory_generator_ros2/launch/base_station.launch.py
-- Installing: /home/lorenzo/code/dynus_lite/dynus_lite_ws/install/trajectory_generator_ros2/share/trajectory_generator_ros2/config
-- Installing: /home/lorenzo/code/dynus_lite/dynus_lite_ws/install/trajectory_generator_ros2/share/trajectory_generator_ros2/config/default.yaml
-- Installing: /home/lorenzo/code/dynus_lite/dynus_lite_ws/install/trajectory_generator_ros2/share/trajectory_generator_ros2/config/default.rviz
-- Installing: /home/lorenzo/code/dynus_lite/dynus_lite_ws/install/trajectory_generator_ros2/share/ament_index/resource_index/package_run_dependencies/trajectory_generator_ros2
-- Installing: /home/lorenzo/code/dynus_lite/dynus_lite_ws/install/trajectory_generator_ros2/share/ament_index/resource_index/parent_prefix_path/trajectory_generator_ros2
-- Installing: /home/lorenzo/code/dynus_lite/dynus_lite_ws/install/trajectory_generator_ros2/share/trajectory_generator_ros2/environment/ament_prefix_path.sh
-- Installing: /home/lorenzo/code/dynus_lite/dynus_lite_ws/install/trajectory_generator_ros2/share/trajectory_generator_ros2/environment/ament_prefix_path.dsv
-- Installing: /home/lorenzo/code/dynus_lite/dynus_lite_ws/install/trajectory_generator_ros2/share/trajectory_generator_ros2/environment/path.sh
-- Installing: /home/lorenzo/code/dynus_lite/dynus_lite_ws/install/trajectory_generator_ros2/share/trajectory_generator_ros2/environment/path.dsv
-- Installing: /home/lorenzo/code/dynus_lite/dynus_lite_ws/install/trajectory_generator_ros2/share/trajectory_generator_ros2/local_setup.bash
-- Installing: /home/lorenzo/code/dynus_lite/dynus_lite_ws/install/trajectory_generator_ros2/share/trajectory_generator_ros2/local_setup.sh
-- Installing: /home/lorenzo/code/dynus_lite/dynus_lite_ws/install/trajectory_generator_ros2/share/trajectory_generator_ros2/local_setup.zsh
-- Installing: /home/lorenzo/code/dynus_lite/dynus_lite_ws/install/trajectory_generator_ros2/share/trajectory_generator_ros2/local_setup.dsv
-- Installing: /home/lorenzo/code/dynus_lite/dynus_lite_ws/install/trajectory_generator_ros2/share/trajectory_generator_ros2/package.dsv
-- Installing: /home/lorenzo/code/dynus_lite/dynus_lite_ws/install/trajectory_generator_ros2/share/ament_index/resource_index/packages/trajectory_generator_ros2
-- Installing: /home/lorenzo/code/dynus_lite/dynus_lite_ws/install/trajectory_generator_ros2/share/trajectory_generator_ros2/cmake/export_packageExport.cmake
-- Installing: /home/lorenzo/code/dynus_lite/dynus_lite_ws/install/trajectory_generator_ros2/share/trajectory_generator_ros2/cmake/export_packageExport-noconfig.cmake
-- Installing: /home/lorenzo/code/dynus_lite/dynus_lite_ws/install/trajectory_generator_ros2/share/trajectory_generator_ros2/cmake/ament_cmake_export_targets-extras.cmake
-- Installing: /home/lorenzo/code/dynus_lite/dynus_lite_ws/install/trajectory_generator_ros2/share/trajectory_generator_ros2/cmake/ament_cmake_export_dependencies-extras.cmake
-- Installing: /home/lorenzo/code/dynus_lite/dynus_lite_ws/install/trajectory_generator_ros2/share/trajectory_generator_ros2/cmake/trajectory_generator_ros2Config.cmake
-- Installing: /home/lorenzo/code/dynus_lite/dynus_lite_ws/install/trajectory_generator_ros2/share/trajectory_generator_ros2/cmake/trajectory_generator_ros2Config-version.cmake
-- Installing: /home/lorenzo/code/dynus_lite/dynus_lite_ws/install/trajectory_generator_ros2/share/trajectory_generator_ros2/package.xml
