[0.027s] Invoking command in '/home/lorenzo/code/dynus_lite/dynus_lite_ws/build/livox_ros_driver2': CMAKE_PREFIX_PATH=${CMAKE_PREFIX_PATH}:/opt/ros/humble /usr/bin/cmake /home/lorenzo/code/dynus_lite/dynus_lite_ws/src/livox_ros_driver2 -DCMAKE_INSTALL_PREFIX=/home/lorenzo/code/dynus_lite/dynus_lite_ws/install/livox_ros_driver2
[0.044s] -- livox_ros_driver2 version: 1.0.0
[0.044s] -- Found ament_cmake_auto: 1.3.13 (/opt/ros/humble/share/ament_cmake_auto/cmake)
[0.551s] -- Using all available rosidl_typesupport_c: rosidl_typesupport_fastrtps_c;rosidl_typesupport_introspection_c
[0.558s] -- Found rosidl_adapter: 3.1.8 (/opt/ros/humble/share/rosidl_adapter/cmake)
[0.634s] -- Using all available rosidl_typesupport_cpp: rosidl_typesupport_fastrtps_cpp;rosidl_typesupport_introspection_cpp
[0.792s] -- Found rmw_implementation_cmake: 6.1.2 (/opt/ros/humble/share/rmw_implementation_cmake/cmake)
[0.795s] -- Found rmw_cyclonedds_cpp: 1.3.4 (/opt/ros/humble/share/rmw_cyclonedds_cpp/cmake)
[0.836s] -- Using RMW implementation 'rmw_cyclonedds_cpp' as default
[1.205s] -- Eigen found (include: /usr/include/eigen3, version: 3.4.0)
[1.280s] -- FLANN found (include: /usr/include, lib: /usr/lib/x86_64-linux-gnu/libflann_cpp.so)
[2.029s] -- OpenNI found (version: 1.5.4.0, include: /usr/include/ni, lib: /usr/lib/libOpenNI.so;libusb::libusb)
[2.045s] -- OpenNI2 found (version: 2.2.0.33, include: /usr/include/openni2, lib: /usr/lib/x86_64-linux-gnu/libOpenNI2.so;libusb::libusb)
[2.384s] -- Eigen found (include: /usr/include/eigen3, version: 3.4.0)
[2.396s] -- OpenNI found (version: 1.5.4.0, include: /usr/include/ni, lib: /usr/lib/libOpenNI.so;libusb::libusb)
[2.412s] -- OpenNI2 found (version: 2.2.0.33, include: /usr/include/openni2, lib: /usr/lib/x86_64-linux-gnu/libOpenNI2.so;libusb::libusb)
[2.749s] -- Found Qhull version 8.0.2
[3.127s] -- OpenNI found (version: 1.5.4.0, include: /usr/include/ni, lib: /usr/lib/libOpenNI.so;libusb::libusb)
[3.540s] [0m/usr/include/apr-1.0[0m
[3.540s] [0mapr-1[0m
[4.062s] -- Found ament_cmake_ros: 0.10.0 (/opt/ros/humble/share/ament_cmake_ros/cmake)
[4.641s] -- Using all available rosidl_typesupport_c: rosidl_typesupport_fastrtps_c;rosidl_typesupport_introspection_c
[5.772s] -- Using all available rosidl_typesupport_cpp: rosidl_typesupport_fastrtps_cpp;rosidl_typesupport_introspection_cpp
[5.941s] -- Found python_cmake_module: 0.10.0 (/opt/ros/humble/share/python_cmake_module/cmake)
[6.107s] -- Using PYTHON_EXECUTABLE: /usr/bin/python3
[6.107s] -- Using PYTHON_INCLUDE_DIRS: /usr/include/python3.10
[6.107s] -- Using PYTHON_LIBRARIES: /usr/lib/x86_64-linux-gnu/libpython3.10.so
[6.280s] -- Found ament_lint_auto: 0.12.15 (/opt/ros/humble/share/ament_lint_auto/cmake)
[6.303s] -- Added test 'copyright' to check source files copyright and LICENSE
[6.312s] -- Added test 'cppcheck' to perform static code analysis on C / C++ code
[6.315s] -- Configured cppcheck include dirs: /home/lorenzo/code/dynus_lite/dynus_lite_ws/src/livox_ros_driver2/3rdparty;/home/lorenzo/code/dynus_lite/dynus_lite_ws/src/livox_ros_driver2/src
[6.315s] -- Configured cppcheck exclude dirs and/or files: 
[6.325s] -- Added test 'cpplint' to check C / C++ code against the Google style
[6.325s] -- Configured cpplint exclude dirs and/or files: 
[6.325s] -- Added test 'flake8' to check Python code syntax and style conventions
[6.328s] -- Added test 'lint_cmake' to check CMake code style
[6.329s] -- Added test 'pep257' to check Python code against some of the docstring style conventions in PEP 257
[6.338s] -- Added test 'uncrustify' to check C / C++ code style
[6.339s] -- Configured uncrustify additional arguments: 
[6.340s] -- Added test 'xmllint' to check XML markup files
[6.344s] -- Configuring done
[6.507s] -- Generating done
[6.564s] -- Build files have been written to: /home/lorenzo/code/dynus_lite/dynus_lite_ws/build/livox_ros_driver2
[6.737s] Invoked command in '/home/lorenzo/code/dynus_lite/dynus_lite_ws/build/livox_ros_driver2' returned '0': CMAKE_PREFIX_PATH=${CMAKE_PREFIX_PATH}:/opt/ros/humble /usr/bin/cmake /home/lorenzo/code/dynus_lite/dynus_lite_ws/src/livox_ros_driver2 -DCMAKE_INSTALL_PREFIX=/home/lorenzo/code/dynus_lite/dynus_lite_ws/install/livox_ros_driver2
[6.738s] Invoking command in '/home/lorenzo/code/dynus_lite/dynus_lite_ws/build/livox_ros_driver2': CMAKE_PREFIX_PATH=${CMAKE_PREFIX_PATH}:/opt/ros/humble /usr/bin/cmake --build /home/lorenzo/code/dynus_lite/dynus_lite_ws/build/livox_ros_driver2 -- -j8 -l8
[10.089s] [35m[1mConsolidate compiler generated dependencies of target livox_interfaces2__rosidl_generator_c[0m
[10.089s] [35m[1mConsolidate compiler generated dependencies of target livox_ros_driver2_node[0m
[10.089s] [  1%] Built target livox_interfaces2__cpp
[10.089s] [  8%] Built target livox_interfaces2__rosidl_generator_c
[10.090s] [35m[1mConsolidate compiler generated dependencies of target livox_interfaces2__rosidl_typesupport_cpp[0m
[10.090s] [  8%] Built target ament_cmake_python_copy_livox_ros_driver2
[10.090s] [35m[1mConsolidate compiler generated dependencies of target livox_interfaces2__rosidl_typesupport_fastrtps_cpp[0m
[10.090s] [ 12%] Built target livox_ros_driver2_node
[10.090s] [35m[1mConsolidate compiler generated dependencies of target livox_interfaces2__rosidl_typesupport_introspection_cpp[0m
[10.090s] [35m[1mConsolidate compiler generated dependencies of target livox_interfaces2__rosidl_typesupport_introspection_c[0m
[10.091s] [ 19%] Built target livox_interfaces2__rosidl_typesupport_cpp
[10.091s] [35m[1mConsolidate compiler generated dependencies of target livox_interfaces2__rosidl_typesupport_fastrtps_c[0m
[10.094s] [ 26%] Built target livox_interfaces2__rosidl_typesupport_fastrtps_cpp
[10.094s] [ 33%] Built target livox_interfaces2__rosidl_typesupport_introspection_cpp
[10.104s] [35m[1mConsolidate compiler generated dependencies of target livox_interfaces2__rosidl_typesupport_c[0m
[10.104s] [ 40%] Built target livox_interfaces2__rosidl_typesupport_introspection_c
[10.104s] [35m[1mConsolidate compiler generated dependencies of target livox_ros_driver2[0m
[10.105s] [ 47%] Built target livox_interfaces2__rosidl_typesupport_fastrtps_c
[10.105s] [ 54%] Built target livox_interfaces2__rosidl_typesupport_c
[10.105s] [ 54%] Built target livox_interfaces2
[10.105s] [ 82%] Built target livox_ros_driver2
[10.105s] [ 84%] Built target livox_interfaces2__py
[10.105s] [35m[1mConsolidate compiler generated dependencies of target livox_interfaces2__rosidl_generator_py[0m
[10.106s] [ 89%] Built target livox_interfaces2__rosidl_generator_py
[10.106s] [35m[1mConsolidate compiler generated dependencies of target livox_ros_driver2__rosidl_typesupport_introspection_c__pyext[0m
[10.106s] [35m[1mConsolidate compiler generated dependencies of target livox_ros_driver2__rosidl_typesupport_c__pyext[0m
[10.106s] [35m[1mConsolidate compiler generated dependencies of target livox_ros_driver2__rosidl_typesupport_fastrtps_c__pyext[0m
[10.106s] [ 92%] Built target livox_ros_driver2__rosidl_typesupport_introspection_c__pyext
[10.106s] [ 96%] Built target livox_ros_driver2__rosidl_typesupport_c__pyext
[10.106s] [100%] Built target livox_ros_driver2__rosidl_typesupport_fastrtps_c__pyext
[10.110s] running egg_info
[10.110s] writing livox_ros_driver2.egg-info/PKG-INFO
[10.110s] writing dependency_links to livox_ros_driver2.egg-info/dependency_links.txt
[10.110s] writing top-level names to livox_ros_driver2.egg-info/top_level.txt
[10.110s] reading manifest file 'livox_ros_driver2.egg-info/SOURCES.txt'
[10.111s] writing manifest file 'livox_ros_driver2.egg-info/SOURCES.txt'
[10.111s] [100%] Built target ament_cmake_python_build_livox_ros_driver2_egg
[10.111s] Invoked command in '/home/lorenzo/code/dynus_lite/dynus_lite_ws/build/livox_ros_driver2' returned '0': CMAKE_PREFIX_PATH=${CMAKE_PREFIX_PATH}:/opt/ros/humble /usr/bin/cmake --build /home/lorenzo/code/dynus_lite/dynus_lite_ws/build/livox_ros_driver2 -- -j8 -l8
[10.115s] Invoking command in '/home/lorenzo/code/dynus_lite/dynus_lite_ws/build/livox_ros_driver2': CMAKE_PREFIX_PATH=${CMAKE_PREFIX_PATH}:/opt/ros/humble /usr/bin/cmake --install /home/lorenzo/code/dynus_lite/dynus_lite_ws/build/livox_ros_driver2
[11.690s] -- Install configuration: ""
[11.691s] -- Up-to-date: /home/lorenzo/code/dynus_lite/dynus_lite_ws/install/livox_ros_driver2/share/ament_index/resource_index/rosidl_interfaces/livox_ros_driver2
[11.691s] -- Up-to-date: /home/lorenzo/code/dynus_lite/dynus_lite_ws/install/livox_ros_driver2/include/livox_ros_driver2/livox_ros_driver2
[11.691s] -- Up-to-date: /home/lorenzo/code/dynus_lite/dynus_lite_ws/install/livox_ros_driver2/include/livox_ros_driver2/livox_ros_driver2/msg
[11.691s] -- Up-to-date: /home/lorenzo/code/dynus_lite/dynus_lite_ws/install/livox_ros_driver2/include/livox_ros_driver2/livox_ros_driver2/msg/custom_msg.h
[11.691s] -- Up-to-date: /home/lorenzo/code/dynus_lite/dynus_lite_ws/install/livox_ros_driver2/include/livox_ros_driver2/livox_ros_driver2/msg/detail
[11.691s] -- Up-to-date: /home/lorenzo/code/dynus_lite/dynus_lite_ws/install/livox_ros_driver2/include/livox_ros_driver2/livox_ros_driver2/msg/detail/custom_msg__functions.c
[11.691s] -- Up-to-date: /home/lorenzo/code/dynus_lite/dynus_lite_ws/install/livox_ros_driver2/include/livox_ros_driver2/livox_ros_driver2/msg/detail/custom_point__functions.c
[11.691s] -- Up-to-date: /home/lorenzo/code/dynus_lite/dynus_lite_ws/install/livox_ros_driver2/include/livox_ros_driver2/livox_ros_driver2/msg/detail/custom_point__type_support.h
[11.691s] -- Up-to-date: /home/lorenzo/code/dynus_lite/dynus_lite_ws/install/livox_ros_driver2/include/livox_ros_driver2/livox_ros_driver2/msg/detail/custom_msg__struct.h
[11.691s] -- Up-to-date: /home/lorenzo/code/dynus_lite/dynus_lite_ws/install/livox_ros_driver2/include/livox_ros_driver2/livox_ros_driver2/msg/detail/custom_point__functions.h
[11.691s] -- Up-to-date: /home/lorenzo/code/dynus_lite/dynus_lite_ws/install/livox_ros_driver2/include/livox_ros_driver2/livox_ros_driver2/msg/detail/custom_point__struct.h
[11.692s] -- Up-to-date: /home/lorenzo/code/dynus_lite/dynus_lite_ws/install/livox_ros_driver2/include/livox_ros_driver2/livox_ros_driver2/msg/detail/custom_msg__type_support.h
[11.692s] -- Up-to-date: /home/lorenzo/code/dynus_lite/dynus_lite_ws/install/livox_ros_driver2/include/livox_ros_driver2/livox_ros_driver2/msg/detail/custom_msg__functions.h
[11.692s] -- Up-to-date: /home/lorenzo/code/dynus_lite/dynus_lite_ws/install/livox_ros_driver2/include/livox_ros_driver2/livox_ros_driver2/msg/rosidl_generator_c__visibility_control.h
[11.692s] -- Up-to-date: /home/lorenzo/code/dynus_lite/dynus_lite_ws/install/livox_ros_driver2/include/livox_ros_driver2/livox_ros_driver2/msg/custom_point.h
[11.692s] -- Up-to-date: /home/lorenzo/code/dynus_lite/dynus_lite_ws/install/livox_ros_driver2/share/livox_ros_driver2/environment/library_path.sh
[11.692s] -- Installing: /home/lorenzo/code/dynus_lite/dynus_lite_ws/install/livox_ros_driver2/share/livox_ros_driver2/environment/library_path.dsv
[11.692s] -- Up-to-date: /home/lorenzo/code/dynus_lite/dynus_lite_ws/install/livox_ros_driver2/lib/liblivox_ros_driver2__rosidl_generator_c.so
[11.692s] -- Up-to-date: /home/lorenzo/code/dynus_lite/dynus_lite_ws/install/livox_ros_driver2/include/livox_ros_driver2/livox_ros_driver2
[11.692s] -- Up-to-date: /home/lorenzo/code/dynus_lite/dynus_lite_ws/install/livox_ros_driver2/include/livox_ros_driver2/livox_ros_driver2/msg
[11.692s] -- Up-to-date: /home/lorenzo/code/dynus_lite/dynus_lite_ws/install/livox_ros_driver2/include/livox_ros_driver2/livox_ros_driver2/msg/rosidl_typesupport_fastrtps_c__visibility_control.h
[11.692s] -- Up-to-date: /home/lorenzo/code/dynus_lite/dynus_lite_ws/install/livox_ros_driver2/include/livox_ros_driver2/livox_ros_driver2/msg/detail
[11.693s] -- Up-to-date: /home/lorenzo/code/dynus_lite/dynus_lite_ws/install/livox_ros_driver2/include/livox_ros_driver2/livox_ros_driver2/msg/detail/custom_point__rosidl_typesupport_fastrtps_c.h
[11.693s] -- Up-to-date: /home/lorenzo/code/dynus_lite/dynus_lite_ws/install/livox_ros_driver2/include/livox_ros_driver2/livox_ros_driver2/msg/detail/custom_msg__rosidl_typesupport_fastrtps_c.h
[11.693s] -- Up-to-date: /home/lorenzo/code/dynus_lite/dynus_lite_ws/install/livox_ros_driver2/lib/liblivox_ros_driver2__rosidl_typesupport_fastrtps_c.so
[11.693s] -- Up-to-date: /home/lorenzo/code/dynus_lite/dynus_lite_ws/install/livox_ros_driver2/include/livox_ros_driver2/livox_ros_driver2
[11.693s] -- Up-to-date: /home/lorenzo/code/dynus_lite/dynus_lite_ws/install/livox_ros_driver2/include/livox_ros_driver2/livox_ros_driver2/msg
[11.693s] -- Up-to-date: /home/lorenzo/code/dynus_lite/dynus_lite_ws/install/livox_ros_driver2/include/livox_ros_driver2/livox_ros_driver2/msg/detail
[11.693s] -- Up-to-date: /home/lorenzo/code/dynus_lite/dynus_lite_ws/install/livox_ros_driver2/include/livox_ros_driver2/livox_ros_driver2/msg/detail/custom_point__type_support.c
[11.693s] -- Up-to-date: /home/lorenzo/code/dynus_lite/dynus_lite_ws/install/livox_ros_driver2/include/livox_ros_driver2/livox_ros_driver2/msg/detail/custom_msg__type_support.c
[11.693s] -- Up-to-date: /home/lorenzo/code/dynus_lite/dynus_lite_ws/install/livox_ros_driver2/include/livox_ros_driver2/livox_ros_driver2/msg/detail/custom_point__rosidl_typesupport_introspection_c.h
[11.693s] -- Up-to-date: /home/lorenzo/code/dynus_lite/dynus_lite_ws/install/livox_ros_driver2/include/livox_ros_driver2/livox_ros_driver2/msg/detail/custom_msg__rosidl_typesupport_introspection_c.h
[11.693s] -- Up-to-date: /home/lorenzo/code/dynus_lite/dynus_lite_ws/install/livox_ros_driver2/include/livox_ros_driver2/livox_ros_driver2/msg/rosidl_typesupport_introspection_c__visibility_control.h
[11.705s] -- Up-to-date: /home/lorenzo/code/dynus_lite/dynus_lite_ws/install/livox_ros_driver2/lib/liblivox_ros_driver2__rosidl_typesupport_introspection_c.so
[11.705s] -- Up-to-date: /home/lorenzo/code/dynus_lite/dynus_lite_ws/install/livox_ros_driver2/lib/liblivox_ros_driver2__rosidl_typesupport_c.so
[11.705s] -- Up-to-date: /home/lorenzo/code/dynus_lite/dynus_lite_ws/install/livox_ros_driver2/include/livox_ros_driver2/livox_ros_driver2
[11.705s] -- Up-to-date: /home/lorenzo/code/dynus_lite/dynus_lite_ws/install/livox_ros_driver2/include/livox_ros_driver2/livox_ros_driver2/msg
[11.705s] -- Up-to-date: /home/lorenzo/code/dynus_lite/dynus_lite_ws/install/livox_ros_driver2/include/livox_ros_driver2/livox_ros_driver2/msg/detail
[11.706s] -- Up-to-date: /home/lorenzo/code/dynus_lite/dynus_lite_ws/install/livox_ros_driver2/include/livox_ros_driver2/livox_ros_driver2/msg/detail/custom_msg__builder.hpp
[11.706s] -- Up-to-date: /home/lorenzo/code/dynus_lite/dynus_lite_ws/install/livox_ros_driver2/include/livox_ros_driver2/livox_ros_driver2/msg/detail/custom_point__type_support.hpp
[11.706s] -- Up-to-date: /home/lorenzo/code/dynus_lite/dynus_lite_ws/install/livox_ros_driver2/include/livox_ros_driver2/livox_ros_driver2/msg/detail/custom_msg__traits.hpp
[11.706s] -- Up-to-date: /home/lorenzo/code/dynus_lite/dynus_lite_ws/install/livox_ros_driver2/include/livox_ros_driver2/livox_ros_driver2/msg/detail/custom_point__builder.hpp
[11.706s] -- Up-to-date: /home/lorenzo/code/dynus_lite/dynus_lite_ws/install/livox_ros_driver2/include/livox_ros_driver2/livox_ros_driver2/msg/detail/custom_msg__type_support.hpp
[11.706s] -- Up-to-date: /home/lorenzo/code/dynus_lite/dynus_lite_ws/install/livox_ros_driver2/include/livox_ros_driver2/livox_ros_driver2/msg/detail/custom_point__struct.hpp
[11.706s] -- Up-to-date: /home/lorenzo/code/dynus_lite/dynus_lite_ws/install/livox_ros_driver2/include/livox_ros_driver2/livox_ros_driver2/msg/detail/custom_msg__struct.hpp
[11.706s] -- Up-to-date: /home/lorenzo/code/dynus_lite/dynus_lite_ws/install/livox_ros_driver2/include/livox_ros_driver2/livox_ros_driver2/msg/detail/custom_point__traits.hpp
[11.706s] -- Up-to-date: /home/lorenzo/code/dynus_lite/dynus_lite_ws/install/livox_ros_driver2/include/livox_ros_driver2/livox_ros_driver2/msg/custom_point.hpp
[11.706s] -- Up-to-date: /home/lorenzo/code/dynus_lite/dynus_lite_ws/install/livox_ros_driver2/include/livox_ros_driver2/livox_ros_driver2/msg/rosidl_generator_cpp__visibility_control.hpp
[11.706s] -- Up-to-date: /home/lorenzo/code/dynus_lite/dynus_lite_ws/install/livox_ros_driver2/include/livox_ros_driver2/livox_ros_driver2/msg/custom_msg.hpp
[11.706s] -- Up-to-date: /home/lorenzo/code/dynus_lite/dynus_lite_ws/install/livox_ros_driver2/include/livox_ros_driver2/livox_ros_driver2
[11.707s] -- Up-to-date: /home/lorenzo/code/dynus_lite/dynus_lite_ws/install/livox_ros_driver2/include/livox_ros_driver2/livox_ros_driver2/msg
[11.707s] -- Up-to-date: /home/lorenzo/code/dynus_lite/dynus_lite_ws/install/livox_ros_driver2/include/livox_ros_driver2/livox_ros_driver2/msg/detail
[11.707s] -- Up-to-date: /home/lorenzo/code/dynus_lite/dynus_lite_ws/install/livox_ros_driver2/include/livox_ros_driver2/livox_ros_driver2/msg/detail/custom_msg__rosidl_typesupport_fastrtps_cpp.hpp
[11.707s] -- Up-to-date: /home/lorenzo/code/dynus_lite/dynus_lite_ws/install/livox_ros_driver2/include/livox_ros_driver2/livox_ros_driver2/msg/detail/dds_fastrtps
[11.707s] -- Up-to-date: /home/lorenzo/code/dynus_lite/dynus_lite_ws/install/livox_ros_driver2/include/livox_ros_driver2/livox_ros_driver2/msg/detail/custom_point__rosidl_typesupport_fastrtps_cpp.hpp
[11.707s] -- Up-to-date: /home/lorenzo/code/dynus_lite/dynus_lite_ws/install/livox_ros_driver2/include/livox_ros_driver2/livox_ros_driver2/msg/rosidl_typesupport_fastrtps_cpp__visibility_control.h
[11.707s] -- Up-to-date: /home/lorenzo/code/dynus_lite/dynus_lite_ws/install/livox_ros_driver2/lib/liblivox_ros_driver2__rosidl_typesupport_fastrtps_cpp.so
[11.707s] -- Up-to-date: /home/lorenzo/code/dynus_lite/dynus_lite_ws/install/livox_ros_driver2/include/livox_ros_driver2/livox_ros_driver2
[11.707s] -- Up-to-date: /home/lorenzo/code/dynus_lite/dynus_lite_ws/install/livox_ros_driver2/include/livox_ros_driver2/livox_ros_driver2/msg
[11.707s] -- Up-to-date: /home/lorenzo/code/dynus_lite/dynus_lite_ws/install/livox_ros_driver2/include/livox_ros_driver2/livox_ros_driver2/msg/detail
[11.707s] -- Up-to-date: /home/lorenzo/code/dynus_lite/dynus_lite_ws/install/livox_ros_driver2/include/livox_ros_driver2/livox_ros_driver2/msg/detail/custom_msg__rosidl_typesupport_introspection_cpp.hpp
[11.707s] -- Up-to-date: /home/lorenzo/code/dynus_lite/dynus_lite_ws/install/livox_ros_driver2/include/livox_ros_driver2/livox_ros_driver2/msg/detail/custom_point__rosidl_typesupport_introspection_cpp.hpp
[11.707s] -- Up-to-date: /home/lorenzo/code/dynus_lite/dynus_lite_ws/install/livox_ros_driver2/include/livox_ros_driver2/livox_ros_driver2/msg/detail/custom_msg__type_support.cpp
[11.708s] -- Up-to-date: /home/lorenzo/code/dynus_lite/dynus_lite_ws/install/livox_ros_driver2/include/livox_ros_driver2/livox_ros_driver2/msg/detail/custom_point__type_support.cpp
[11.708s] -- Up-to-date: /home/lorenzo/code/dynus_lite/dynus_lite_ws/install/livox_ros_driver2/lib/liblivox_ros_driver2__rosidl_typesupport_introspection_cpp.so
[11.708s] -- Up-to-date: /home/lorenzo/code/dynus_lite/dynus_lite_ws/install/livox_ros_driver2/lib/liblivox_ros_driver2__rosidl_typesupport_cpp.so
[11.708s] -- Up-to-date: /home/lorenzo/code/dynus_lite/dynus_lite_ws/install/livox_ros_driver2/share/livox_ros_driver2/environment/pythonpath.sh
[11.708s] -- Installing: /home/lorenzo/code/dynus_lite/dynus_lite_ws/install/livox_ros_driver2/share/livox_ros_driver2/environment/pythonpath.dsv
[11.708s] -- Up-to-date: /home/lorenzo/code/dynus_lite/dynus_lite_ws/install/livox_ros_driver2/local/lib/python3.10/dist-packages/livox_ros_driver2-1.0.0-py3.10.egg-info
[11.708s] -- Installing: /home/lorenzo/code/dynus_lite/dynus_lite_ws/install/livox_ros_driver2/local/lib/python3.10/dist-packages/livox_ros_driver2-1.0.0-py3.10.egg-info/top_level.txt
[11.708s] -- Installing: /home/lorenzo/code/dynus_lite/dynus_lite_ws/install/livox_ros_driver2/local/lib/python3.10/dist-packages/livox_ros_driver2-1.0.0-py3.10.egg-info/SOURCES.txt
[11.708s] -- Installing: /home/lorenzo/code/dynus_lite/dynus_lite_ws/install/livox_ros_driver2/local/lib/python3.10/dist-packages/livox_ros_driver2-1.0.0-py3.10.egg-info/dependency_links.txt
[11.708s] -- Installing: /home/lorenzo/code/dynus_lite/dynus_lite_ws/install/livox_ros_driver2/local/lib/python3.10/dist-packages/livox_ros_driver2-1.0.0-py3.10.egg-info/PKG-INFO
[11.732s] -- Up-to-date: /home/lorenzo/code/dynus_lite/dynus_lite_ws/install/livox_ros_driver2/local/lib/python3.10/dist-packages/livox_ros_driver2
[11.732s] -- Up-to-date: /home/lorenzo/code/dynus_lite/dynus_lite_ws/install/livox_ros_driver2/local/lib/python3.10/dist-packages/livox_ros_driver2/_livox_ros_driver2_s.ep.rosidl_typesupport_c.c
[11.732s] -- Up-to-date: /home/lorenzo/code/dynus_lite/dynus_lite_ws/install/livox_ros_driver2/local/lib/python3.10/dist-packages/livox_ros_driver2/livox_ros_driver2_s__rosidl_typesupport_introspection_c.cpython-310-x86_64-linux-gnu.so
[11.732s] -- Installing: /home/lorenzo/code/dynus_lite/dynus_lite_ws/install/livox_ros_driver2/local/lib/python3.10/dist-packages/livox_ros_driver2/__init__.py
[11.732s] -- Up-to-date: /home/lorenzo/code/dynus_lite/dynus_lite_ws/install/livox_ros_driver2/local/lib/python3.10/dist-packages/livox_ros_driver2/liblivox_interfaces2__rosidl_generator_py.so
[11.732s] -- Up-to-date: /home/lorenzo/code/dynus_lite/dynus_lite_ws/install/livox_ros_driver2/local/lib/python3.10/dist-packages/livox_ros_driver2/livox_ros_driver2_s__rosidl_typesupport_c.cpython-310-x86_64-linux-gnu.so
[11.732s] -- Up-to-date: /home/lorenzo/code/dynus_lite/dynus_lite_ws/install/livox_ros_driver2/local/lib/python3.10/dist-packages/livox_ros_driver2/_livox_ros_driver2_s.ep.rosidl_typesupport_introspection_c.c
[11.732s] -- Up-to-date: /home/lorenzo/code/dynus_lite/dynus_lite_ws/install/livox_ros_driver2/local/lib/python3.10/dist-packages/livox_ros_driver2/livox_ros_driver2_s__rosidl_typesupport_fastrtps_c.cpython-310-x86_64-linux-gnu.so
[11.733s] -- Up-to-date: /home/lorenzo/code/dynus_lite/dynus_lite_ws/install/livox_ros_driver2/local/lib/python3.10/dist-packages/livox_ros_driver2/msg
[11.733s] -- Up-to-date: /home/lorenzo/code/dynus_lite/dynus_lite_ws/install/livox_ros_driver2/local/lib/python3.10/dist-packages/livox_ros_driver2/msg/_custom_msg.py
[11.733s] -- Up-to-date: /home/lorenzo/code/dynus_lite/dynus_lite_ws/install/livox_ros_driver2/local/lib/python3.10/dist-packages/livox_ros_driver2/msg/__init__.py
[11.733s] -- Up-to-date: /home/lorenzo/code/dynus_lite/dynus_lite_ws/install/livox_ros_driver2/local/lib/python3.10/dist-packages/livox_ros_driver2/msg/_custom_msg_s.c
[11.733s] -- Up-to-date: /home/lorenzo/code/dynus_lite/dynus_lite_ws/install/livox_ros_driver2/local/lib/python3.10/dist-packages/livox_ros_driver2/msg/_custom_point.py
[11.733s] -- Up-to-date: /home/lorenzo/code/dynus_lite/dynus_lite_ws/install/livox_ros_driver2/local/lib/python3.10/dist-packages/livox_ros_driver2/msg/_custom_point_s.c
[11.733s] -- Up-to-date: /home/lorenzo/code/dynus_lite/dynus_lite_ws/install/livox_ros_driver2/local/lib/python3.10/dist-packages/livox_ros_driver2/_livox_ros_driver2_s.ep.rosidl_typesupport_fastrtps_c.c
[11.733s] Listing '/home/lorenzo/code/dynus_lite/dynus_lite_ws/install/livox_ros_driver2/local/lib/python3.10/dist-packages/livox_ros_driver2'...
[11.733s] Compiling '/home/lorenzo/code/dynus_lite/dynus_lite_ws/install/livox_ros_driver2/local/lib/python3.10/dist-packages/livox_ros_driver2/__init__.py'...
[11.733s] Listing '/home/lorenzo/code/dynus_lite/dynus_lite_ws/install/livox_ros_driver2/local/lib/python3.10/dist-packages/livox_ros_driver2/msg'...
[11.733s] -- Up-to-date: /home/lorenzo/code/dynus_lite/dynus_lite_ws/install/livox_ros_driver2/local/lib/python3.10/dist-packages/livox_ros_driver2/livox_ros_driver2_s__rosidl_typesupport_fastrtps_c.cpython-310-x86_64-linux-gnu.so
[11.734s] -- Up-to-date: /home/lorenzo/code/dynus_lite/dynus_lite_ws/install/livox_ros_driver2/local/lib/python3.10/dist-packages/livox_ros_driver2/livox_ros_driver2_s__rosidl_typesupport_introspection_c.cpython-310-x86_64-linux-gnu.so
[11.734s] -- Up-to-date: /home/lorenzo/code/dynus_lite/dynus_lite_ws/install/livox_ros_driver2/local/lib/python3.10/dist-packages/livox_ros_driver2/livox_ros_driver2_s__rosidl_typesupport_c.cpython-310-x86_64-linux-gnu.so
[11.734s] -- Up-to-date: /home/lorenzo/code/dynus_lite/dynus_lite_ws/install/livox_ros_driver2/lib/liblivox_interfaces2__rosidl_generator_py.so
[11.734s] -- Up-to-date: /home/lorenzo/code/dynus_lite/dynus_lite_ws/install/livox_ros_driver2/share/livox_ros_driver2/msg/CustomPoint.idl
[11.734s] -- Up-to-date: /home/lorenzo/code/dynus_lite/dynus_lite_ws/install/livox_ros_driver2/share/livox_ros_driver2/msg/CustomMsg.idl
[11.734s] -- Up-to-date: /home/lorenzo/code/dynus_lite/dynus_lite_ws/install/livox_ros_driver2/share/livox_ros_driver2/msg/CustomPoint.msg
[11.734s] -- Up-to-date: /home/lorenzo/code/dynus_lite/dynus_lite_ws/install/livox_ros_driver2/share/livox_ros_driver2/msg/CustomMsg.msg
[11.734s] -- Up-to-date: /home/lorenzo/code/dynus_lite/dynus_lite_ws/install/livox_ros_driver2/lib/livox_ros_driver2/livox_ros_driver2_node
[11.734s] -- Up-to-date: /home/lorenzo/code/dynus_lite/dynus_lite_ws/install/livox_ros_driver2/lib/liblivox_ros_driver2.so
[11.734s] -- Up-to-date: /home/lorenzo/code/dynus_lite/dynus_lite_ws/install/livox_ros_driver2/share/livox_ros_driver2/config
[11.734s] -- Up-to-date: /home/lorenzo/code/dynus_lite/dynus_lite_ws/install/livox_ros_driver2/share/livox_ros_driver2/config/mixed_HAP_MID360_config.json
[11.734s] -- Up-to-date: /home/lorenzo/code/dynus_lite/dynus_lite_ws/install/livox_ros_driver2/share/livox_ros_driver2/config/HAP_config.json
[11.735s] -- Up-to-date: /home/lorenzo/code/dynus_lite/dynus_lite_ws/install/livox_ros_driver2/share/livox_ros_driver2/config/display_point_cloud_ROS2.rviz
[11.735s] -- Up-to-date: /home/lorenzo/code/dynus_lite/dynus_lite_ws/install/livox_ros_driver2/share/livox_ros_driver2/config/MID360_config.json
[11.735s] -- Up-to-date: /home/lorenzo/code/dynus_lite/dynus_lite_ws/install/livox_ros_driver2/share/livox_ros_driver2/config/display_point_cloud_ROS1.rviz
[11.735s] -- Up-to-date: /home/lorenzo/code/dynus_lite/dynus_lite_ws/install/livox_ros_driver2/share/livox_ros_driver2/launch_ROS2
[11.735s] -- Up-to-date: /home/lorenzo/code/dynus_lite/dynus_lite_ws/install/livox_ros_driver2/share/livox_ros_driver2/launch_ROS2/msg_HAP_launch.py
[11.736s] -- Up-to-date: /home/lorenzo/code/dynus_lite/dynus_lite_ws/install/livox_ros_driver2/share/livox_ros_driver2/launch_ROS2/msg_MID360_launch.py
[11.736s] -- Up-to-date: /home/lorenzo/code/dynus_lite/dynus_lite_ws/install/livox_ros_driver2/share/livox_ros_driver2/launch_ROS2/rviz_MID360_launch.py
[11.736s] -- Up-to-date: /home/lorenzo/code/dynus_lite/dynus_lite_ws/install/livox_ros_driver2/share/livox_ros_driver2/launch_ROS2/run_MID360_launch.py
[11.736s] -- Up-to-date: /home/lorenzo/code/dynus_lite/dynus_lite_ws/install/livox_ros_driver2/share/livox_ros_driver2/launch_ROS2/rviz_mixed.py
[11.736s] -- Up-to-date: /home/lorenzo/code/dynus_lite/dynus_lite_ws/install/livox_ros_driver2/share/livox_ros_driver2/launch_ROS2/rviz_HAP_launch.py
[11.736s] -- Up-to-date: /home/lorenzo/code/dynus_lite/dynus_lite_ws/install/livox_ros_driver2/share/ament_index/resource_index/package_run_dependencies/livox_ros_driver2
[11.736s] -- Installing: /home/lorenzo/code/dynus_lite/dynus_lite_ws/install/livox_ros_driver2/share/ament_index/resource_index/parent_prefix_path/livox_ros_driver2
[11.736s] -- Up-to-date: /home/lorenzo/code/dynus_lite/dynus_lite_ws/install/livox_ros_driver2/share/livox_ros_driver2/environment/ament_prefix_path.sh
[11.739s] -- Installing: /home/lorenzo/code/dynus_lite/dynus_lite_ws/install/livox_ros_driver2/share/livox_ros_driver2/environment/ament_prefix_path.dsv
[11.739s] -- Up-to-date: /home/lorenzo/code/dynus_lite/dynus_lite_ws/install/livox_ros_driver2/share/livox_ros_driver2/environment/path.sh
[11.739s] -- Installing: /home/lorenzo/code/dynus_lite/dynus_lite_ws/install/livox_ros_driver2/share/livox_ros_driver2/environment/path.dsv
[11.739s] -- Up-to-date: /home/lorenzo/code/dynus_lite/dynus_lite_ws/install/livox_ros_driver2/share/livox_ros_driver2/local_setup.bash
[11.739s] -- Up-to-date: /home/lorenzo/code/dynus_lite/dynus_lite_ws/install/livox_ros_driver2/share/livox_ros_driver2/local_setup.sh
[11.739s] -- Up-to-date: /home/lorenzo/code/dynus_lite/dynus_lite_ws/install/livox_ros_driver2/share/livox_ros_driver2/local_setup.zsh
[11.739s] -- Installing: /home/lorenzo/code/dynus_lite/dynus_lite_ws/install/livox_ros_driver2/share/livox_ros_driver2/local_setup.dsv
[11.739s] -- Installing: /home/lorenzo/code/dynus_lite/dynus_lite_ws/install/livox_ros_driver2/share/livox_ros_driver2/package.dsv
[11.739s] -- Up-to-date: /home/lorenzo/code/dynus_lite/dynus_lite_ws/install/livox_ros_driver2/share/ament_index/resource_index/packages/livox_ros_driver2
[11.739s] -- Up-to-date: /home/lorenzo/code/dynus_lite/dynus_lite_ws/install/livox_ros_driver2/share/livox_ros_driver2/cmake/export_livox_interfaces2__rosidl_generator_cExport.cmake
[11.740s] -- Up-to-date: /home/lorenzo/code/dynus_lite/dynus_lite_ws/install/livox_ros_driver2/share/livox_ros_driver2/cmake/export_livox_interfaces2__rosidl_generator_cExport-noconfig.cmake
[11.740s] -- Up-to-date: /home/lorenzo/code/dynus_lite/dynus_lite_ws/install/livox_ros_driver2/share/livox_ros_driver2/cmake/export_livox_interfaces2__rosidl_typesupport_fastrtps_cExport.cmake
[11.740s] -- Up-to-date: /home/lorenzo/code/dynus_lite/dynus_lite_ws/install/livox_ros_driver2/share/livox_ros_driver2/cmake/export_livox_interfaces2__rosidl_typesupport_fastrtps_cExport-noconfig.cmake
[11.740s] -- Up-to-date: /home/lorenzo/code/dynus_lite/dynus_lite_ws/install/livox_ros_driver2/share/livox_ros_driver2/cmake/livox_interfaces2__rosidl_typesupport_introspection_cExport.cmake
[11.740s] -- Up-to-date: /home/lorenzo/code/dynus_lite/dynus_lite_ws/install/livox_ros_driver2/share/livox_ros_driver2/cmake/livox_interfaces2__rosidl_typesupport_introspection_cExport-noconfig.cmake
[11.740s] -- Up-to-date: /home/lorenzo/code/dynus_lite/dynus_lite_ws/install/livox_ros_driver2/share/livox_ros_driver2/cmake/livox_interfaces2__rosidl_typesupport_cExport.cmake
[11.740s] -- Up-to-date: /home/lorenzo/code/dynus_lite/dynus_lite_ws/install/livox_ros_driver2/share/livox_ros_driver2/cmake/livox_interfaces2__rosidl_typesupport_cExport-noconfig.cmake
[11.740s] -- Up-to-date: /home/lorenzo/code/dynus_lite/dynus_lite_ws/install/livox_ros_driver2/share/livox_ros_driver2/cmake/export_livox_interfaces2__rosidl_generator_cppExport.cmake
[11.740s] -- Up-to-date: /home/lorenzo/code/dynus_lite/dynus_lite_ws/install/livox_ros_driver2/share/livox_ros_driver2/cmake/export_livox_interfaces2__rosidl_typesupport_fastrtps_cppExport.cmake
[11.740s] -- Up-to-date: /home/lorenzo/code/dynus_lite/dynus_lite_ws/install/livox_ros_driver2/share/livox_ros_driver2/cmake/export_livox_interfaces2__rosidl_typesupport_fastrtps_cppExport-noconfig.cmake
[11.740s] -- Up-to-date: /home/lorenzo/code/dynus_lite/dynus_lite_ws/install/livox_ros_driver2/share/livox_ros_driver2/cmake/livox_interfaces2__rosidl_typesupport_introspection_cppExport.cmake
[11.741s] -- Up-to-date: /home/lorenzo/code/dynus_lite/dynus_lite_ws/install/livox_ros_driver2/share/livox_ros_driver2/cmake/livox_interfaces2__rosidl_typesupport_introspection_cppExport-noconfig.cmake
[11.741s] -- Up-to-date: /home/lorenzo/code/dynus_lite/dynus_lite_ws/install/livox_ros_driver2/share/livox_ros_driver2/cmake/livox_interfaces2__rosidl_typesupport_cppExport.cmake
[11.741s] -- Up-to-date: /home/lorenzo/code/dynus_lite/dynus_lite_ws/install/livox_ros_driver2/share/livox_ros_driver2/cmake/livox_interfaces2__rosidl_typesupport_cppExport-noconfig.cmake
[11.741s] -- Up-to-date: /home/lorenzo/code/dynus_lite/dynus_lite_ws/install/livox_ros_driver2/share/livox_ros_driver2/cmake/export_livox_interfaces2__rosidl_generator_pyExport.cmake
[11.741s] -- Up-to-date: /home/lorenzo/code/dynus_lite/dynus_lite_ws/install/livox_ros_driver2/share/livox_ros_driver2/cmake/export_livox_interfaces2__rosidl_generator_pyExport-noconfig.cmake
[11.741s] -- Up-to-date: /home/lorenzo/code/dynus_lite/dynus_lite_ws/install/livox_ros_driver2/share/ament_index/resource_index/rclcpp_components/livox_ros_driver2
[11.741s] -- Up-to-date: /home/lorenzo/code/dynus_lite/dynus_lite_ws/install/livox_ros_driver2/share/livox_ros_driver2/cmake/rosidl_cmake-extras.cmake
[11.741s] -- Up-to-date: /home/lorenzo/code/dynus_lite/dynus_lite_ws/install/livox_ros_driver2/share/livox_ros_driver2/cmake/ament_cmake_export_dependencies-extras.cmake
[11.741s] -- Up-to-date: /home/lorenzo/code/dynus_lite/dynus_lite_ws/install/livox_ros_driver2/share/livox_ros_driver2/cmake/ament_cmake_export_include_directories-extras.cmake
[11.741s] -- Up-to-date: /home/lorenzo/code/dynus_lite/dynus_lite_ws/install/livox_ros_driver2/share/livox_ros_driver2/cmake/ament_cmake_export_libraries-extras.cmake
[11.741s] -- Up-to-date: /home/lorenzo/code/dynus_lite/dynus_lite_ws/install/livox_ros_driver2/share/livox_ros_driver2/cmake/ament_cmake_export_targets-extras.cmake
[11.741s] -- Up-to-date: /home/lorenzo/code/dynus_lite/dynus_lite_ws/install/livox_ros_driver2/share/livox_ros_driver2/cmake/rosidl_cmake_export_typesupport_targets-extras.cmake
[11.742s] -- Up-to-date: /home/lorenzo/code/dynus_lite/dynus_lite_ws/install/livox_ros_driver2/share/livox_ros_driver2/cmake/rosidl_cmake_export_typesupport_libraries-extras.cmake
[11.742s] -- Up-to-date: /home/lorenzo/code/dynus_lite/dynus_lite_ws/install/livox_ros_driver2/share/livox_ros_driver2/cmake/livox_ros_driver2Config.cmake
[11.742s] -- Up-to-date: /home/lorenzo/code/dynus_lite/dynus_lite_ws/install/livox_ros_driver2/share/livox_ros_driver2/cmake/livox_ros_driver2Config-version.cmake
[11.742s] -- Up-to-date: /home/lorenzo/code/dynus_lite/dynus_lite_ws/install/livox_ros_driver2/share/livox_ros_driver2/package.xml
[11.775s] Invoked command in '/home/lorenzo/code/dynus_lite/dynus_lite_ws/build/livox_ros_driver2' returned '0': CMAKE_PREFIX_PATH=${CMAKE_PREFIX_PATH}:/opt/ros/humble /usr/bin/cmake --install /home/lorenzo/code/dynus_lite/dynus_lite_ws/build/livox_ros_driver2
