/home/lorenzo/code/dynus_lite/dynus_lite_ws/install/behavior_selector2/lib/python3.10/site-packages/behavior_selector2/__init__.py
/home/lorenzo/code/dynus_lite/dynus_lite_ws/install/behavior_selector2/lib/python3.10/site-packages/behavior_selector2/rqt_pkg.py
/home/lorenzo/code/dynus_lite/dynus_lite_ws/install/behavior_selector2/lib/python3.10/site-packages/behavior_selector2/behavior_selector_node.py
/home/lorenzo/code/dynus_lite/dynus_lite_ws/install/behavior_selector2/lib/python3.10/site-packages/behavior_selector2/button_module.py
/home/lorenzo/code/dynus_lite/dynus_lite_ws/install/behavior_selector2/lib/python3.10/site-packages/behavior_selector2/__pycache__/__init__.cpython-310.pyc
/home/lorenzo/code/dynus_lite/dynus_lite_ws/install/behavior_selector2/lib/python3.10/site-packages/behavior_selector2/__pycache__/rqt_pkg.cpython-310.pyc
/home/lorenzo/code/dynus_lite/dynus_lite_ws/install/behavior_selector2/lib/python3.10/site-packages/behavior_selector2/__pycache__/behavior_selector_node.cpython-310.pyc
/home/lorenzo/code/dynus_lite/dynus_lite_ws/install/behavior_selector2/lib/python3.10/site-packages/behavior_selector2/__pycache__/button_module.cpython-310.pyc
/home/lorenzo/code/dynus_lite/dynus_lite_ws/install/behavior_selector2/share/ament_index/resource_index/packages/behavior_selector2
/home/lorenzo/code/dynus_lite/dynus_lite_ws/install/behavior_selector2/share/behavior_selector2/package.xml
/home/lorenzo/code/dynus_lite/dynus_lite_ws/install/behavior_selector2/share/behavior_selector2/MissionModePlugin.ui
/home/lorenzo/code/dynus_lite/dynus_lite_ws/install/behavior_selector2/share/behavior_selector2/behavior_selector2
/home/lorenzo/code/dynus_lite/dynus_lite_ws/install/behavior_selector2/share/behavior_selector2/plugin.xml
/home/lorenzo/code/dynus_lite/dynus_lite_ws/install/behavior_selector2/lib/behavior_selector2/__init__.py
/home/lorenzo/code/dynus_lite/dynus_lite_ws/install/behavior_selector2/lib/behavior_selector2/rqt_pkg.py
/home/lorenzo/code/dynus_lite/dynus_lite_ws/install/behavior_selector2/lib/behavior_selector2/behavior_selector_node.py
/home/lorenzo/code/dynus_lite/dynus_lite_ws/install/behavior_selector2/lib/behavior_selector2/button_module.py
/home/lorenzo/code/dynus_lite/dynus_lite_ws/install/behavior_selector2/share/behavior_selector2/cfg/default.perspective
/home/lorenzo/code/dynus_lite/dynus_lite_ws/install/behavior_selector2/share/behavior_selector2/launch/gui.launch.py
/home/lorenzo/code/dynus_lite/dynus_lite_ws/install/behavior_selector2/share/behavior_selector2/srv/MissionModeChange.srv
/home/lorenzo/code/dynus_lite/dynus_lite_ws/install/behavior_selector2/lib/python3.10/site-packages/behavior_selector2-0.0.0-py3.10.egg-info/requires.txt
/home/lorenzo/code/dynus_lite/dynus_lite_ws/install/behavior_selector2/lib/python3.10/site-packages/behavior_selector2-0.0.0-py3.10.egg-info/top_level.txt
/home/lorenzo/code/dynus_lite/dynus_lite_ws/install/behavior_selector2/lib/python3.10/site-packages/behavior_selector2-0.0.0-py3.10.egg-info/SOURCES.txt
/home/lorenzo/code/dynus_lite/dynus_lite_ws/install/behavior_selector2/lib/python3.10/site-packages/behavior_selector2-0.0.0-py3.10.egg-info/entry_points.txt
/home/lorenzo/code/dynus_lite/dynus_lite_ws/install/behavior_selector2/lib/python3.10/site-packages/behavior_selector2-0.0.0-py3.10.egg-info/dependency_links.txt
/home/lorenzo/code/dynus_lite/dynus_lite_ws/install/behavior_selector2/lib/python3.10/site-packages/behavior_selector2-0.0.0-py3.10.egg-info/zip-safe
/home/lorenzo/code/dynus_lite/dynus_lite_ws/install/behavior_selector2/lib/python3.10/site-packages/behavior_selector2-0.0.0-py3.10.egg-info/PKG-INFO
/home/lorenzo/code/dynus_lite/dynus_lite_ws/install/behavior_selector2/lib/behavior_selector2/behavior_selector_node
/home/lorenzo/code/dynus_lite/dynus_lite_ws/install/behavior_selector2/lib/behavior_selector2/button_module
