[0.029s] Invoking command in '/home/lorenzo/code/dynus_lite/dynus_lite_ws/build/octomap_server': CMAKE_PREFIX_PATH=${CMAKE_PREFIX_PATH}:/opt/ros/humble /usr/bin/cmake /home/lorenzo/code/dynus_lite/dynus_lite_ws/src/octomap_mapping/octomap_server -DCMAKE_INSTALL_PREFIX=/home/lorenzo/code/dynus_lite/dynus_lite_ws/install/octomap_server
[0.814s] -- The C compiler identification is GNU 11.4.0
[0.814s] -- The CXX compiler identification is GNU 12.3.0
[0.814s] -- Detecting C compiler ABI info
[0.814s] -- Detecting C compiler ABI info - done
[0.815s] -- Check for working C compiler: /usr/bin/cc - skipped
[0.815s] -- Detecting C compile features
[0.815s] -- Detecting C compile features - done
[0.815s] -- Detecting CXX compiler ABI info
[0.815s] -- Detecting CXX compiler ABI info - done
[0.815s] -- Check for working CXX compiler: /usr/bin/c++ - skipped
[0.816s] -- Detecting CXX compile features
[0.816s] -- Detecting CXX compile features - done
[0.816s] -- Checking for module 'eigen3'
[0.816s] --   Found eigen3, version 3.4.0
[0.816s] -- Found Eigen: /usr/include/eigen3 (Required is at least version "3.1") 
[0.816s] -- Eigen found (include: /usr/include/eigen3, version: 3.4.0)
[0.817s] -- Found Boost: /usr/lib/x86_64-linux-gnu/cmake/Boost-1.74.0/BoostConfig.cmake (found suitable version "1.74.0", minimum required is "1.65.0") found components: system filesystem date_time iostreams serialization 
[0.845s] -- Checking for module 'flann'
[0.862s] --   Found flann, version 1.9.1
[0.933s] -- Found FLANN: /usr/lib/x86_64-linux-gnu/libflann_cpp.so  
[0.933s] -- FLANN found (include: /usr/include, lib: /usr/lib/x86_64-linux-gnu/libflann_cpp.so)
[1.025s] -- Looking for pthread.h
[1.156s] -- Looking for pthread.h - found
[1.156s] -- Performing Test CMAKE_HAVE_LIBC_PTHREAD
[1.309s] -- Performing Test CMAKE_HAVE_LIBC_PTHREAD - Success
[1.312s] -- Found Threads: TRUE  
[1.318s] -- Found GLEW: /usr/lib/x86_64-linux-gnu/libGLEW.so  
[1.332s] -- Found OpenGL: /usr/lib/x86_64-linux-gnu/libOpenGL.so  found components: OpenGL GLX 
[1.636s] -- Found MPI_C: /usr/lib/x86_64-linux-gnu/libmpi.so (found version "3.1") 
[1.637s] -- Found MPI: TRUE (found version "3.1") found components: C 
[1.642s] -- Found JsonCpp: /usr/lib/x86_64-linux-gnu/libjsoncpp.so (found suitable version "1.9.5", minimum required is "0.7.0") 
[1.666s] -- Found ZLIB: /usr/lib/x86_64-linux-gnu/libz.so (found version "1.2.11") 
[1.698s] -- Found PNG: /usr/lib/x86_64-linux-gnu/libpng.so (found version "1.6.37") 
[1.720s] -- Found Eigen3: /usr/include/eigen3 (found version "3.4.0") 
[1.915s] -- Found X11: /usr/include   
[1.917s] -- Looking for XOpenDisplay in /usr/lib/x86_64-linux-gnu/libX11.so;/usr/lib/x86_64-linux-gnu/libXext.so
[2.033s] -- Looking for XOpenDisplay in /usr/lib/x86_64-linux-gnu/libX11.so;/usr/lib/x86_64-linux-gnu/libXext.so - found
[2.033s] -- Looking for gethostbyname
[2.170s] -- Looking for gethostbyname - found
[2.170s] -- Looking for connect
[2.295s] -- Looking for connect - found
[2.295s] -- Looking for remove
[2.431s] -- Looking for remove - found
[2.431s] -- Looking for shmat
[2.553s] -- Looking for shmat - found
[2.554s] -- Looking for IceConnectionNumber in ICE
[2.679s] -- Looking for IceConnectionNumber in ICE - found
[2.840s] -- Found EXPAT: /usr/lib/x86_64-linux-gnu/libexpat.so (found version "2.4.7") 
[2.844s] -- Found double-conversion: /usr/lib/x86_64-linux-gnu/libdouble-conversion.so  
[2.849s] -- Found LZ4: /usr/lib/x86_64-linux-gnu/liblz4.so (found version "1.9.3") 
[2.853s] -- Found LZMA: /usr/lib/x86_64-linux-gnu/liblzma.so (found version "5.2.5") 
[2.885s] -- Found JPEG: /usr/lib/x86_64-linux-gnu/libjpeg.so (found version "80") 
[2.896s] -- Found TIFF: /usr/lib/x86_64-linux-gnu/libtiff.so (found version "4.3.0")  
[2.907s] -- Found Freetype: /usr/lib/x86_64-linux-gnu/libfreetype.so (found version "2.11.1") 
[2.921s] -- Found utf8cpp: /usr/include/utf8cpp  
[3.061s] -- Checking for module 'libusb-1.0'
[3.079s] --   Found libusb-1.0, version 1.0.25
[3.147s] -- Found libusb: /usr/lib/x86_64-linux-gnu/libusb-1.0.so  
[3.150s] -- Found OpenNI: /usr/lib/libOpenNI.so;libusb::libusb (found version "1.5.4.0") 
[3.150s] -- OpenNI found (version: 1.5.4.0, include: /usr/include/ni, lib: /usr/lib/libOpenNI.so;libusb::libusb)
[3.253s] -- Found OpenNI2: /usr/lib/x86_64-linux-gnu/libOpenNI2.so;libusb::libusb (found version "2.2.0.33") 
[3.253s] -- OpenNI2 found (version: 2.2.0.33, include: /usr/include/openni2, lib: /usr/lib/x86_64-linux-gnu/libOpenNI2.so;libusb::libusb)
[3.253s] [0m** WARNING ** io features related to pcap will be disabled[0m
[3.543s] -- Eigen found (include: /usr/include/eigen3, version: 3.4.0)
[3.553s] -- OpenNI found (version: 1.5.4.0, include: /usr/include/ni, lib: /usr/lib/libOpenNI.so;libusb::libusb)
[3.561s] -- OpenNI2 found (version: 2.2.0.33, include: /usr/include/openni2, lib: /usr/lib/x86_64-linux-gnu/libOpenNI2.so;libusb::libusb)
[3.822s] -- Found Qhull version 8.0.2
[4.128s] -- OpenNI found (version: 1.5.4.0, include: /usr/include/ni, lib: /usr/lib/libOpenNI.so;libusb::libusb)
[4.467s] -- looking for PCL_COMMON
[4.467s] -- Found PCL_COMMON: /usr/lib/x86_64-linux-gnu/libpcl_common.so  
[4.467s] -- looking for PCL_KDTREE
[4.472s] -- Found PCL_KDTREE: /usr/lib/x86_64-linux-gnu/libpcl_kdtree.so  
[4.472s] -- looking for PCL_OCTREE
[4.472s] -- Found PCL_OCTREE: /usr/lib/x86_64-linux-gnu/libpcl_octree.so  
[4.472s] -- looking for PCL_SEARCH
[4.477s] -- Found PCL_SEARCH: /usr/lib/x86_64-linux-gnu/libpcl_search.so  
[4.477s] -- looking for PCL_SAMPLE_CONSENSUS
[4.478s] -- Found PCL_SAMPLE_CONSENSUS: /usr/lib/x86_64-linux-gnu/libpcl_sample_consensus.so  
[4.478s] -- looking for PCL_FILTERS
[4.480s] -- Found PCL_FILTERS: /usr/lib/x86_64-linux-gnu/libpcl_filters.so  
[4.481s] -- looking for PCL_2D
[4.482s] -- Found PCL_2D: /usr/include/pcl-1.12  
[4.482s] -- looking for PCL_GEOMETRY
[4.482s] -- Found PCL_GEOMETRY: /usr/include/pcl-1.12  
[4.482s] -- looking for PCL_IO
[4.483s] -- Found PCL_IO: /usr/lib/x86_64-linux-gnu/libpcl_io.so  
[4.484s] -- looking for PCL_FEATURES
[4.485s] -- Found PCL_FEATURES: /usr/lib/x86_64-linux-gnu/libpcl_features.so  
[4.486s] -- looking for PCL_ML
[4.487s] -- Found PCL_ML: /usr/lib/x86_64-linux-gnu/libpcl_ml.so  
[4.488s] -- looking for PCL_SEGMENTATION
[4.489s] -- Found PCL_SEGMENTATION: /usr/lib/x86_64-linux-gnu/libpcl_segmentation.so  
[4.494s] -- looking for PCL_VISUALIZATION
[4.494s] -- Found PCL_VISUALIZATION: /usr/lib/x86_64-linux-gnu/libpcl_visualization.so  
[4.494s] -- looking for PCL_SURFACE
[4.495s] -- Found PCL_SURFACE: /usr/lib/x86_64-linux-gnu/libpcl_surface.so  
[4.495s] -- looking for PCL_REGISTRATION
[4.497s] -- Found PCL_REGISTRATION: /usr/lib/x86_64-linux-gnu/libpcl_registration.so  
[4.497s] -- looking for PCL_KEYPOINTS
[4.501s] -- Found PCL_KEYPOINTS: /usr/lib/x86_64-linux-gnu/libpcl_keypoints.so  
[4.501s] -- looking for PCL_TRACKING
[4.501s] -- Found PCL_TRACKING: /usr/lib/x86_64-linux-gnu/libpcl_tracking.so  
[4.501s] -- looking for PCL_RECOGNITION
[4.503s] -- Found PCL_RECOGNITION: /usr/lib/x86_64-linux-gnu/libpcl_recognition.so  
[4.504s] -- looking for PCL_STEREO
[4.506s] -- Found PCL_STEREO: /usr/lib/x86_64-linux-gnu/libpcl_stereo.so  
[4.506s] -- looking for PCL_APPS
[4.507s] -- Found PCL_APPS: /usr/lib/x86_64-linux-gnu/libpcl_apps.so  
[4.508s] -- looking for PCL_IN_HAND_SCANNER
[4.511s] -- Found PCL_IN_HAND_SCANNER: /usr/include/pcl-1.12  
[4.511s] -- looking for PCL_MODELER
[4.511s] -- Found PCL_MODELER: /usr/include/pcl-1.12  
[4.511s] -- looking for PCL_POINT_CLOUD_EDITOR
[4.511s] -- Found PCL_POINT_CLOUD_EDITOR: /usr/include/pcl-1.12  
[4.511s] -- looking for PCL_OUTOFCORE
[4.515s] -- Found PCL_OUTOFCORE: /usr/lib/x86_64-linux-gnu/libpcl_outofcore.so  
[4.515s] -- looking for PCL_PEOPLE
[4.515s] -- Found PCL_PEOPLE: /usr/lib/x86_64-linux-gnu/libpcl_people.so  
[4.518s] -- Found PCL: pcl_common;pcl_kdtree;pcl_octree;pcl_search;pcl_sample_consensus;pcl_filters;pcl_io;pcl_features;pcl_ml;pcl_segmentation;pcl_visualization;pcl_surface;pcl_registration;pcl_keypoints;pcl_tracking;pcl_recognition;pcl_stereo;pcl_apps;pcl_outofcore;pcl_people;Boost::system;Boost::filesystem;Boost::date_time;Boost::iostreams;Boost::serialization;/usr/lib/libOpenNI.so;libusb::libusb;/usr/lib/x86_64-linux-gnu/libOpenNI2.so;libusb::libusb;VTK::ChartsCore;VTK::CommonColor;VTK::CommonComputationalGeometry;VTK::CommonCore;VTK::CommonDataModel;VTK::CommonExecutionModel;VTK::CommonMath;VTK::CommonMisc;VTK::CommonTransforms;VTK::FiltersCore;VTK::FiltersExtraction;VTK::FiltersGeneral;VTK::FiltersGeometry;VTK::FiltersModeling;VTK::FiltersSources;VTK::ImagingCore;VTK::ImagingSources;VTK::InteractionImage;VTK::InteractionStyle;VTK::InteractionWidgets;VTK::IOCore;VTK::IOGeometry;VTK::IOImage;VTK::IOLegacy;VTK::IOPLY;VTK::RenderingAnnotation;VTK::RenderingCore;VTK::RenderingContext2D;VTK::RenderingLOD;VTK::RenderingFreeType;VTK::ViewsCore;VTK::ViewsContext2D;VTK::RenderingOpenGL2;VTK::GUISupportQt;FLANN::FLANN;QHULL::QHULL  
[4.522s] -- Found ament_cmake_auto: 1.3.13 (/opt/ros/humble/share/ament_cmake_auto/cmake)
[5.019s] -- Found Python3: /usr/bin/python3 (found version "3.10.12") found components: Interpreter 
[5.822s] -- Found rosidl_generator_c: 3.1.8 (/opt/ros/humble/share/rosidl_generator_c/cmake)
[5.841s] -- Found rosidl_adapter: 3.1.8 (/opt/ros/humble/share/rosidl_adapter/cmake)
[5.869s] -- Found rosidl_generator_cpp: 3.1.8 (/opt/ros/humble/share/rosidl_generator_cpp/cmake)
[5.906s] -- Using all available rosidl_typesupport_c: rosidl_typesupport_fastrtps_c;rosidl_typesupport_introspection_c
[5.967s] -- Using all available rosidl_typesupport_cpp: rosidl_typesupport_fastrtps_cpp;rosidl_typesupport_introspection_cpp
[6.375s] -- Found rmw_implementation_cmake: 6.1.2 (/opt/ros/humble/share/rmw_implementation_cmake/cmake)
[6.389s] -- Found rmw_cyclonedds_cpp: 1.3.4 (/opt/ros/humble/share/rmw_cyclonedds_cpp/cmake)
[6.521s] -- Using RMW implementation 'rmw_cyclonedds_cpp' as default
[7.342s] -- Found eigen3_cmake_module: 0.1.1 (/opt/ros/humble/share/eigen3_cmake_module/cmake)
[7.342s] -- Found Eigen3: TRUE (found version "3.4.0") 
[7.342s] -- Ensuring Eigen3 include directory is part of orocos-kdl CMake target
[8.568s] -- Found ament_lint_auto: 0.12.15 (/opt/ros/humble/share/ament_lint_auto/cmake)
[8.718s] [0mIn this package, headers install destination is set to `include` by ament_auto_package. It is recommended to install `include/octomap_server` instead and will be the default behavior of ament_auto_package from ROS 2 Kilted Kaiju. On distributions before Kilted, ament_auto_package behaves the same way when you use USE_SCOPED_HEADER_INSTALL_DIR option.[0m
[8.741s] -- Added test 'copyright' to check source files copyright and LICENSE
[8.756s] -- Added test 'cppcheck' to perform static code analysis on C / C++ code
[8.772s] -- Configured cppcheck include dirs: /home/lorenzo/code/dynus_lite/dynus_lite_ws/src/octomap_mapping/octomap_server/include
[8.773s] -- Configured cppcheck exclude dirs and/or files: 
[8.781s] -- Added test 'cpplint' to check C / C++ code against the Google style
[8.782s] -- Configured cpplint exclude dirs and/or files: 
[8.790s] -- Added test 'flake8' to check Python code syntax and style conventions
[8.790s] -- Added test 'lint_cmake' to check CMake code style
[8.794s] -- Added test 'pep257' to check Python code against some of the docstring style conventions in PEP 257
[8.801s] -- Added test 'uncrustify' to check C / C++ code style
[8.804s] -- Configured uncrustify additional arguments: 
[8.806s] -- Added test 'xmllint' to check XML markup files
[8.820s] -- Configuring done
[9.892s] -- Generating done
[10.041s] -- Build files have been written to: /home/lorenzo/code/dynus_lite/dynus_lite_ws/build/octomap_server
[10.123s] Invoked command in '/home/lorenzo/code/dynus_lite/dynus_lite_ws/build/octomap_server' returned '0': CMAKE_PREFIX_PATH=${CMAKE_PREFIX_PATH}:/opt/ros/humble /usr/bin/cmake /home/lorenzo/code/dynus_lite/dynus_lite_ws/src/octomap_mapping/octomap_server -DCMAKE_INSTALL_PREFIX=/home/lorenzo/code/dynus_lite/dynus_lite_ws/install/octomap_server
[10.124s] Invoking command in '/home/lorenzo/code/dynus_lite/dynus_lite_ws/build/octomap_server': CMAKE_PREFIX_PATH=${CMAKE_PREFIX_PATH}:/opt/ros/humble /usr/bin/cmake --build /home/lorenzo/code/dynus_lite/dynus_lite_ws/build/octomap_server -- -j8 -l8
[11.756s] [  3%] [32mBuilding CXX object CMakeFiles/octomap_server_static_node.dir/rclcpp_components/node_main_octomap_server_static_node.cpp.o[0m
[11.757s] [  7%] [32mBuilding CXX object CMakeFiles/octomap_server_node.dir/rclcpp_components/node_main_octomap_server_node.cpp.o[0m
[11.757s] [ 11%] [32mBuilding CXX object CMakeFiles/octomap_server_static.dir/src/octomap_server_static.cpp.o[0m
[11.757s] [ 15%] [32mBuilding CXX object CMakeFiles/octomap_server_multilayer_node.dir/rclcpp_components/node_main_octomap_server_multilayer_node.cpp.o[0m
[11.757s] [ 19%] [32mBuilding CXX object CMakeFiles/tracking_octomap_server_node.dir/rclcpp_components/node_main_tracking_octomap_server_node.cpp.o[0m
[11.757s] [ 23%] [32mBuilding CXX object CMakeFiles/octomap_saver_node.dir/rclcpp_components/node_main_octomap_saver_node.cpp.o[0m
[11.757s] [ 26%] [32mBuilding CXX object CMakeFiles/color_octomap_server_node.dir/rclcpp_components/node_main_color_octomap_server_node.cpp.o[0m
[23.155s] [ 30%] [32m[1mLinking CXX executable tracking_octomap_server_node[0m
[23.548s] [ 30%] Built target tracking_octomap_server_node
[24.967s] [ 34%] [32m[1mLinking CXX executable color_octomap_server_node[0m
[25.153s] [ 38%] [32m[1mLinking CXX executable octomap_server_static_node[0m
[25.329s] [ 38%] Built target color_octomap_server_node
[25.788s] [ 38%] Built target octomap_server_static_node
[25.860s] [ 42%] [32m[1mLinking CXX executable octomap_server_node[0m
[26.126s] [ 46%] [32m[1mLinking CXX executable octomap_saver_node[0m
[26.292s] [ 46%] Built target octomap_server_node
[26.331s] [ 50%] [32m[1mLinking CXX executable octomap_server_multilayer_node[0m
[26.566s] [ 50%] Built target octomap_saver_node
[26.628s] [ 50%] Built target octomap_server_multilayer_node
[28.525s] [ 53%] [32m[1mLinking CXX shared library liboctomap_server_static.so[0m
[29.621s] [ 53%] Built target octomap_server_static
[29.655s] [ 57%] [32mBuilding CXX object CMakeFiles/octomap_server.dir/src/octomap_server.cpp.o[0m
[72.250s] [ 61%] [32m[1mLinking CXX shared library liboctomap_server.so[0m
[76.376s] [ 61%] Built target octomap_server
[76.417s] [ 65%] [32mBuilding CXX object CMakeFiles/octomap_server_multilayer.dir/src/octomap_server.cpp.o[0m
[114.355s] [ 69%] [32mBuilding CXX object CMakeFiles/octomap_server_multilayer.dir/src/octomap_server_multilayer.cpp.o[0m
[134.309s] [ 73%] [32m[1mLinking CXX shared library liboctomap_server_multilayer.so[0m
[137.545s] [ 73%] Built target octomap_server_multilayer
[137.637s] [ 76%] [32mBuilding CXX object CMakeFiles/tracking_octomap_server.dir/src/octomap_server.cpp.o[0m
[137.640s] [ 80%] [32mBuilding CXX object CMakeFiles/tracking_octomap_server.dir/src/tracking_octomap_server.cpp.o[0m
[182.199s] [ 84%] [32m[1mLinking CXX shared library libtracking_octomap_server.so[0m
[188.394s] [ 84%] Built target tracking_octomap_server
[188.486s] [ 88%] [32mBuilding CXX object CMakeFiles/color_octomap_server.dir/src/octomap_server.cpp.o[0m
[230.008s] [ 92%] [32m[1mLinking CXX shared library libcolor_octomap_server.so[0m
[235.200s] [ 92%] Built target color_octomap_server
[235.305s] [ 96%] [32mBuilding CXX object CMakeFiles/octomap_saver.dir/src/octomap_saver.cpp.o[0m
[248.241s] [100%] [32m[1mLinking CXX shared library liboctomap_saver.so[0m
[249.521s] [100%] Built target octomap_saver
[249.546s] Invoked command in '/home/lorenzo/code/dynus_lite/dynus_lite_ws/build/octomap_server' returned '0': CMAKE_PREFIX_PATH=${CMAKE_PREFIX_PATH}:/opt/ros/humble /usr/bin/cmake --build /home/lorenzo/code/dynus_lite/dynus_lite_ws/build/octomap_server -- -j8 -l8
[249.551s] Invoking command in '/home/lorenzo/code/dynus_lite/dynus_lite_ws/build/octomap_server': CMAKE_PREFIX_PATH=${CMAKE_PREFIX_PATH}:/opt/ros/humble /usr/bin/cmake --install /home/lorenzo/code/dynus_lite/dynus_lite_ws/build/octomap_server
[249.565s] -- Install configuration: ""
[249.567s] -- Installing: /home/lorenzo/code/dynus_lite/dynus_lite_ws/install/octomap_server/lib/octomap_server/octomap_server_static_node
[249.569s] -- Set runtime path of "/home/lorenzo/code/dynus_lite/dynus_lite_ws/install/octomap_server/lib/octomap_server/octomap_server_static_node" to ""
[249.569s] -- Installing: /home/lorenzo/code/dynus_lite/dynus_lite_ws/install/octomap_server/lib/octomap_server/octomap_server_node
[249.570s] -- Set runtime path of "/home/lorenzo/code/dynus_lite/dynus_lite_ws/install/octomap_server/lib/octomap_server/octomap_server_node" to ""
[249.570s] -- Installing: /home/lorenzo/code/dynus_lite/dynus_lite_ws/install/octomap_server/lib/octomap_server/octomap_server_multilayer_node
[249.572s] -- Set runtime path of "/home/lorenzo/code/dynus_lite/dynus_lite_ws/install/octomap_server/lib/octomap_server/octomap_server_multilayer_node" to ""
[249.572s] -- Installing: /home/lorenzo/code/dynus_lite/dynus_lite_ws/install/octomap_server/lib/octomap_server/tracking_octomap_server_node
[249.573s] -- Set runtime path of "/home/lorenzo/code/dynus_lite/dynus_lite_ws/install/octomap_server/lib/octomap_server/tracking_octomap_server_node" to ""
[249.573s] -- Installing: /home/lorenzo/code/dynus_lite/dynus_lite_ws/install/octomap_server/lib/octomap_server/color_octomap_server_node
[249.574s] -- Set runtime path of "/home/lorenzo/code/dynus_lite/dynus_lite_ws/install/octomap_server/lib/octomap_server/color_octomap_server_node" to ""
[249.574s] -- Installing: /home/lorenzo/code/dynus_lite/dynus_lite_ws/install/octomap_server/lib/octomap_server/octomap_saver_node
[249.576s] -- Set runtime path of "/home/lorenzo/code/dynus_lite/dynus_lite_ws/install/octomap_server/lib/octomap_server/octomap_saver_node" to ""
[249.576s] -- Installing: /home/lorenzo/code/dynus_lite/dynus_lite_ws/install/octomap_server/include
[249.576s] -- Installing: /home/lorenzo/code/dynus_lite/dynus_lite_ws/install/octomap_server/include/octomap_server
[249.576s] -- Installing: /home/lorenzo/code/dynus_lite/dynus_lite_ws/install/octomap_server/include/octomap_server/TimedOcTreeNode.h
[249.576s] -- Installing: /home/lorenzo/code/dynus_lite/dynus_lite_ws/install/octomap_server/include/octomap_server/octomap_server.hpp
[249.576s] -- Installing: /home/lorenzo/code/dynus_lite/dynus_lite_ws/install/octomap_server/include/octomap_server/octomap_server_static.hpp
[249.577s] -- Installing: /home/lorenzo/code/dynus_lite/dynus_lite_ws/install/octomap_server/include/octomap_server/octomap_server_multilayer.hpp
[249.577s] -- Installing: /home/lorenzo/code/dynus_lite/dynus_lite_ws/install/octomap_server/include/octomap_server/TimedOcTree.h
[249.577s] -- Installing: /home/lorenzo/code/dynus_lite/dynus_lite_ws/install/octomap_server/include/octomap_server/tracking_octomap_server.hpp
[249.577s] -- Installing: /home/lorenzo/code/dynus_lite/dynus_lite_ws/install/octomap_server/share/octomap_server/environment/library_path.sh
[249.578s] -- Installing: /home/lorenzo/code/dynus_lite/dynus_lite_ws/install/octomap_server/share/octomap_server/environment/library_path.dsv
[249.578s] -- Installing: /home/lorenzo/code/dynus_lite/dynus_lite_ws/install/octomap_server/lib/liboctomap_server_static.so
[249.583s] -- Set runtime path of "/home/lorenzo/code/dynus_lite/dynus_lite_ws/install/octomap_server/lib/liboctomap_server_static.so" to ""
[249.583s] -- Installing: /home/lorenzo/code/dynus_lite/dynus_lite_ws/install/octomap_server/lib/liboctomap_server.so
[249.596s] -- Set runtime path of "/home/lorenzo/code/dynus_lite/dynus_lite_ws/install/octomap_server/lib/liboctomap_server.so" to ""
[249.596s] -- Installing: /home/lorenzo/code/dynus_lite/dynus_lite_ws/install/octomap_server/lib/liboctomap_server_multilayer.so
[249.610s] -- Set runtime path of "/home/lorenzo/code/dynus_lite/dynus_lite_ws/install/octomap_server/lib/liboctomap_server_multilayer.so" to ""
[249.610s] -- Installing: /home/lorenzo/code/dynus_lite/dynus_lite_ws/install/octomap_server/lib/libtracking_octomap_server.so
[249.624s] -- Set runtime path of "/home/lorenzo/code/dynus_lite/dynus_lite_ws/install/octomap_server/lib/libtracking_octomap_server.so" to ""
[249.624s] -- Installing: /home/lorenzo/code/dynus_lite/dynus_lite_ws/install/octomap_server/lib/libcolor_octomap_server.so
[249.637s] -- Set runtime path of "/home/lorenzo/code/dynus_lite/dynus_lite_ws/install/octomap_server/lib/libcolor_octomap_server.so" to ""
[249.637s] -- Installing: /home/lorenzo/code/dynus_lite/dynus_lite_ws/install/octomap_server/lib/liboctomap_saver.so
[249.639s] -- Set runtime path of "/home/lorenzo/code/dynus_lite/dynus_lite_ws/install/octomap_server/lib/liboctomap_saver.so" to ""
[249.639s] -- Installing: /home/lorenzo/code/dynus_lite/dynus_lite_ws/install/octomap_server/share/octomap_server/launch
[249.639s] -- Installing: /home/lorenzo/code/dynus_lite/dynus_lite_ws/install/octomap_server/share/octomap_server/launch/octomap_mapping.launch.xml
[249.639s] -- Installing: /home/lorenzo/code/dynus_lite/dynus_lite_ws/install/octomap_server/share/octomap_server/launch/octomap_tracking_server.launch.xml
[249.639s] -- Installing: /home/lorenzo/code/dynus_lite/dynus_lite_ws/install/octomap_server/share/octomap_server/launch/octomap_tracking_client.launch.xml
[249.640s] -- Installing: /home/lorenzo/code/dynus_lite/dynus_lite_ws/install/octomap_server/share/octomap_server/params
[249.640s] -- Installing: /home/lorenzo/code/dynus_lite/dynus_lite_ws/install/octomap_server/share/octomap_server/params/default.yaml
[249.640s] -- Installing: /home/lorenzo/code/dynus_lite/dynus_lite_ws/install/octomap_server/share/ament_index/resource_index/package_run_dependencies/octomap_server
[249.641s] -- Installing: /home/lorenzo/code/dynus_lite/dynus_lite_ws/install/octomap_server/share/ament_index/resource_index/parent_prefix_path/octomap_server
[249.641s] -- Installing: /home/lorenzo/code/dynus_lite/dynus_lite_ws/install/octomap_server/share/octomap_server/environment/ament_prefix_path.sh
[249.641s] -- Installing: /home/lorenzo/code/dynus_lite/dynus_lite_ws/install/octomap_server/share/octomap_server/environment/ament_prefix_path.dsv
[249.642s] -- Installing: /home/lorenzo/code/dynus_lite/dynus_lite_ws/install/octomap_server/share/octomap_server/environment/path.sh
[249.642s] -- Installing: /home/lorenzo/code/dynus_lite/dynus_lite_ws/install/octomap_server/share/octomap_server/environment/path.dsv
[249.642s] -- Installing: /home/lorenzo/code/dynus_lite/dynus_lite_ws/install/octomap_server/share/octomap_server/local_setup.bash
[249.643s] -- Installing: /home/lorenzo/code/dynus_lite/dynus_lite_ws/install/octomap_server/share/octomap_server/local_setup.sh
[249.643s] -- Installing: /home/lorenzo/code/dynus_lite/dynus_lite_ws/install/octomap_server/share/octomap_server/local_setup.zsh
[249.643s] -- Installing: /home/lorenzo/code/dynus_lite/dynus_lite_ws/install/octomap_server/share/octomap_server/local_setup.dsv
[249.644s] -- Installing: /home/lorenzo/code/dynus_lite/dynus_lite_ws/install/octomap_server/share/octomap_server/package.dsv
[249.644s] -- Installing: /home/lorenzo/code/dynus_lite/dynus_lite_ws/install/octomap_server/share/ament_index/resource_index/packages/octomap_server
[249.644s] -- Installing: /home/lorenzo/code/dynus_lite/dynus_lite_ws/install/octomap_server/share/ament_index/resource_index/rclcpp_components/octomap_server
[249.645s] -- Installing: /home/lorenzo/code/dynus_lite/dynus_lite_ws/install/octomap_server/share/octomap_server/cmake/ament_cmake_export_dependencies-extras.cmake
[249.645s] -- Installing: /home/lorenzo/code/dynus_lite/dynus_lite_ws/install/octomap_server/share/octomap_server/cmake/ament_cmake_export_include_directories-extras.cmake
[249.645s] -- Installing: /home/lorenzo/code/dynus_lite/dynus_lite_ws/install/octomap_server/share/octomap_server/cmake/ament_cmake_export_libraries-extras.cmake
[249.645s] -- Installing: /home/lorenzo/code/dynus_lite/dynus_lite_ws/install/octomap_server/share/octomap_server/cmake/octomap_serverConfig.cmake
[249.646s] -- Installing: /home/lorenzo/code/dynus_lite/dynus_lite_ws/install/octomap_server/share/octomap_server/cmake/octomap_serverConfig-version.cmake
[249.646s] -- Installing: /home/lorenzo/code/dynus_lite/dynus_lite_ws/install/octomap_server/share/octomap_server/package.xml
[249.646s] -- Installing: /home/lorenzo/code/dynus_lite/dynus_lite_ws/install/octomap_server/lib/octomap_server/octomap_eraser_cli.py
[249.651s] Invoked command in '/home/lorenzo/code/dynus_lite/dynus_lite_ws/build/octomap_server' returned '0': CMAKE_PREFIX_PATH=${CMAKE_PREFIX_PATH}:/opt/ros/humble /usr/bin/cmake --install /home/lorenzo/code/dynus_lite/dynus_lite_ws/build/octomap_server
