-- The C compiler identification is GNU 11.4.0
-- The CXX compiler identification is GNU 12.3.0
-- Detecting C compiler ABI info
-- Detecting C compiler ABI info - done
-- Check for working C compiler: /usr/bin/cc - skipped
-- Detecting C compile features
-- Detecting C compile features - done
-- Detecting CXX compiler ABI info
-- Detecting CXX compiler ABI info - done
-- Check for working CXX compiler: /usr/bin/c++ - skipped
-- Detecting CXX compile features
-- Detecting CXX compile features - done
-- Found ament_cmake: 1.3.13 (/opt/ros/humble/share/ament_cmake/cmake)
-- Found Python3: /usr/bin/python3 (found version "3.10.12") found components: Interpreter 
-- Configuring done
-- Generating done
-- Build files have been written to: /home/lorenzo/code/dynus_lite/dynus_lite_ws/build/gazebo_ros_pkgs
-- Install configuration: ""
-- Installing: /home/lorenzo/code/dynus_lite/dynus_lite_ws/install/gazebo_ros_pkgs/share/ament_index/resource_index/package_run_dependencies/gazebo_ros_pkgs
-- Installing: /home/lorenzo/code/dynus_lite/dynus_lite_ws/install/gazebo_ros_pkgs/share/ament_index/resource_index/parent_prefix_path/gazebo_ros_pkgs
-- Installing: /home/lorenzo/code/dynus_lite/dynus_lite_ws/install/gazebo_ros_pkgs/share/gazebo_ros_pkgs/environment/ament_prefix_path.sh
-- Installing: /home/lorenzo/code/dynus_lite/dynus_lite_ws/install/gazebo_ros_pkgs/share/gazebo_ros_pkgs/environment/ament_prefix_path.dsv
-- Installing: /home/lorenzo/code/dynus_lite/dynus_lite_ws/install/gazebo_ros_pkgs/share/gazebo_ros_pkgs/environment/path.sh
-- Installing: /home/lorenzo/code/dynus_lite/dynus_lite_ws/install/gazebo_ros_pkgs/share/gazebo_ros_pkgs/environment/path.dsv
-- Installing: /home/lorenzo/code/dynus_lite/dynus_lite_ws/install/gazebo_ros_pkgs/share/gazebo_ros_pkgs/local_setup.bash
-- Installing: /home/lorenzo/code/dynus_lite/dynus_lite_ws/install/gazebo_ros_pkgs/share/gazebo_ros_pkgs/local_setup.sh
-- Installing: /home/lorenzo/code/dynus_lite/dynus_lite_ws/install/gazebo_ros_pkgs/share/gazebo_ros_pkgs/local_setup.zsh
-- Installing: /home/lorenzo/code/dynus_lite/dynus_lite_ws/install/gazebo_ros_pkgs/share/gazebo_ros_pkgs/local_setup.dsv
-- Installing: /home/lorenzo/code/dynus_lite/dynus_lite_ws/install/gazebo_ros_pkgs/share/gazebo_ros_pkgs/package.dsv
-- Installing: /home/lorenzo/code/dynus_lite/dynus_lite_ws/install/gazebo_ros_pkgs/share/ament_index/resource_index/packages/gazebo_ros_pkgs
-- Installing: /home/lorenzo/code/dynus_lite/dynus_lite_ws/install/gazebo_ros_pkgs/share/gazebo_ros_pkgs/cmake/gazebo_ros_pkgsConfig.cmake
-- Installing: /home/lorenzo/code/dynus_lite/dynus_lite_ws/install/gazebo_ros_pkgs/share/gazebo_ros_pkgs/cmake/gazebo_ros_pkgsConfig-version.cmake
-- Installing: /home/lorenzo/code/dynus_lite/dynus_lite_ws/install/gazebo_ros_pkgs/share/gazebo_ros_pkgs/package.xml
