-- The C compiler identification is GNU 11.4.0
-- The CXX compiler identification is GNU 12.3.0
-- Detecting C compiler ABI info
-- Detecting C compiler ABI info - done
-- Check for working C compiler: /usr/bin/cc - skipped
-- Detecting C compile features
-- Detecting C compile features - done
-- Detecting CXX compiler ABI info
-- Detecting CXX compiler ABI info - done
-- Check for working CXX compiler: /usr/bin/c++ - skipped
-- Detecting CXX compile features
-- Detecting CXX compile features - done
-- Configuring done
-- Generating done
-- Build files have been written to: /home/lorenzo/code/dynus_lite/dynus_lite_ws/build/decomp_util
[ 12%] [32mBuilding CXX object CMakeFiles/test_seed_decomp.dir/test/test_seed_decomp.cpp.o[0m
[ 25%] [32m[1mLinking CXX executable test_seed_decomp[0m
[ 25%] Built target test_seed_decomp
[ 37%] [32mBuilding CXX object CMakeFiles/test_iterative_decomp.dir/test/test_iterative_decomp.cpp.o[0m
[ 50%] [32m[1mLinking CXX executable test_iterative_decomp[0m
[ 50%] Built target test_iterative_decomp
[ 62%] [32mBuilding CXX object CMakeFiles/test_ellipsoid_decomp.dir/test/test_ellipsoid_decomp.cpp.o[0m
[ 75%] [32m[1mLinking CXX executable test_ellipsoid_decomp[0m
[ 75%] Built target test_ellipsoid_decomp
[ 87%] [32mBuilding CXX object CMakeFiles/test_line_segment.dir/test/test_line_segment.cpp.o[0m
[100%] [32m[1mLinking CXX executable test_line_segment[0m
[100%] Built target test_line_segment
-- Install configuration: "RelWithDebInfo"
-- Installing: /home/lorenzo/code/dynus_lite/dynus_lite_ws/install/decomp_util/share/decomp_util/cmake/decomp_utilConfig.cmake
-- Installing: /home/lorenzo/code/dynus_lite/dynus_lite_ws/install/decomp_util/share/decomp_util/cmake/decomp_utilConfigVersion.cmake
-- Installing: /home/lorenzo/code/dynus_lite/dynus_lite_ws/install/decomp_util/include/decomp_basis
-- Installing: /home/lorenzo/code/dynus_lite/dynus_lite_ws/install/decomp_util/include/decomp_basis/data_utils.h
-- Installing: /home/lorenzo/code/dynus_lite/dynus_lite_ws/install/decomp_util/include/decomp_basis/data_type.h
-- Installing: /home/lorenzo/code/dynus_lite/dynus_lite_ws/install/decomp_util/include/decomp_geometry
-- Installing: /home/lorenzo/code/dynus_lite/dynus_lite_ws/install/decomp_util/include/decomp_geometry/geometric_utils.h
-- Installing: /home/lorenzo/code/dynus_lite/dynus_lite_ws/install/decomp_util/include/decomp_geometry/ellipsoid.h
-- Installing: /home/lorenzo/code/dynus_lite/dynus_lite_ws/install/decomp_util/include/decomp_geometry/polyhedron.h
-- Installing: /home/lorenzo/code/dynus_lite/dynus_lite_ws/install/decomp_util/include/decomp_util
-- Installing: /home/lorenzo/code/dynus_lite/dynus_lite_ws/install/decomp_util/include/decomp_util/line_segment.h
-- Installing: /home/lorenzo/code/dynus_lite/dynus_lite_ws/install/decomp_util/include/decomp_util/seed_decomp.h
-- Installing: /home/lorenzo/code/dynus_lite/dynus_lite_ws/install/decomp_util/include/decomp_util/iterative_decomp.h
-- Installing: /home/lorenzo/code/dynus_lite/dynus_lite_ws/install/decomp_util/include/decomp_util/ellipsoid_decomp.h
-- Installing: /home/lorenzo/code/dynus_lite/dynus_lite_ws/install/decomp_util/include/decomp_util/decomp_base.h
