[35m[1mConsolidate compiler generated dependencies of target snapstack_msgs2__rosidl_generator_c[0m
[  0%] Built target snapstack_msgs2__cpp
[ 12%] Built target snapstack_msgs2__rosidl_generator_c
[35m[1mConsolidate compiler generated dependencies of target snapstack_msgs2__rosidl_typesupport_cpp[0m
[ 12%] Built target ament_cmake_python_copy_snapstack_msgs2
[35m[1mConsolidate compiler generated dependencies of target snapstack_msgs2__rosidl_typesupport_introspection_cpp[0m
[ 24%] Built target snapstack_msgs2__rosidl_typesupport_cpp
[35m[1mConsolidate compiler generated dependencies of target snapstack_msgs2__rosidl_typesupport_c[0m
[ 36%] Built target snapstack_msgs2__rosidl_typesupport_introspection_cpp
[ 48%] Built target snapstack_msgs2__rosidl_typesupport_c
[35m[1mConsolidate compiler generated dependencies of target snapstack_msgs2__rosidl_typesupport_introspection_c[0m
[35m[1mConsolidate compiler generated dependencies of target snapstack_msgs2__rosidl_typesupport_fastrtps_c[0m
[ 60%] Built target snapstack_msgs2__rosidl_typesupport_introspection_c
[ 72%] Built target snapstack_msgs2__rosidl_typesupport_fastrtps_c
[35m[1mConsolidate compiler generated dependencies of target snapstack_msgs2__rosidl_typesupport_fastrtps_cpp[0m
[ 83%] Built target snapstack_msgs2__rosidl_typesupport_fastrtps_cpp
[ 83%] Built target snapstack_msgs2
[ 84%] Built target snapstack_msgs2__py
[35m[1mConsolidate compiler generated dependencies of target snapstack_msgs2__rosidl_generator_py[0m
[ 95%] Built target snapstack_msgs2__rosidl_generator_py
[35m[1mConsolidate compiler generated dependencies of target snapstack_msgs2__rosidl_typesupport_introspection_c__pyext[0m
[35m[1mConsolidate compiler generated dependencies of target snapstack_msgs2__rosidl_typesupport_fastrtps_c__pyext[0m
[ 97%] Built target snapstack_msgs2__rosidl_typesupport_introspection_c__pyext
[ 99%] Built target snapstack_msgs2__rosidl_typesupport_fastrtps_c__pyext
[35m[1mConsolidate compiler generated dependencies of target snapstack_msgs2__rosidl_typesupport_c__pyext[0m
[100%] Built target snapstack_msgs2__rosidl_typesupport_c__pyext
running egg_info
writing snapstack_msgs2.egg-info/PKG-INFO
writing dependency_links to snapstack_msgs2.egg-info/dependency_links.txt
writing top-level names to snapstack_msgs2.egg-info/top_level.txt
reading manifest file 'snapstack_msgs2.egg-info/SOURCES.txt'
writing manifest file 'snapstack_msgs2.egg-info/SOURCES.txt'
[100%] Built target ament_cmake_python_build_snapstack_msgs2_egg
-- Install configuration: ""
-- Up-to-date: /home/lorenzo/code/dynus_lite/dynus_lite_ws/install/snapstack_msgs2/share/ament_index/resource_index/rosidl_interfaces/snapstack_msgs2
-- Up-to-date: /home/lorenzo/code/dynus_lite/dynus_lite_ws/install/snapstack_msgs2/include/snapstack_msgs2/snapstack_msgs2
-- Up-to-date: /home/lorenzo/code/dynus_lite/dynus_lite_ws/install/snapstack_msgs2/include/snapstack_msgs2/snapstack_msgs2/msg
-- Up-to-date: /home/lorenzo/code/dynus_lite/dynus_lite_ws/install/snapstack_msgs2/include/snapstack_msgs2/snapstack_msgs2/msg/time_filter.h
-- Up-to-date: /home/lorenzo/code/dynus_lite/dynus_lite_ws/install/snapstack_msgs2/include/snapstack_msgs2/snapstack_msgs2/msg/motors.h
-- Up-to-date: /home/lorenzo/code/dynus_lite/dynus_lite_ws/install/snapstack_msgs2/include/snapstack_msgs2/snapstack_msgs2/msg/detail
-- Up-to-date: /home/lorenzo/code/dynus_lite/dynus_lite_ws/install/snapstack_msgs2/include/snapstack_msgs2/snapstack_msgs2/msg/detail/motors__functions.h
-- Up-to-date: /home/lorenzo/code/dynus_lite/dynus_lite_ws/install/snapstack_msgs2/include/snapstack_msgs2/snapstack_msgs2/msg/detail/state__struct.h
-- Up-to-date: /home/lorenzo/code/dynus_lite/dynus_lite_ws/install/snapstack_msgs2/include/snapstack_msgs2/snapstack_msgs2/msg/detail/smc_data__functions.c
-- Up-to-date: /home/lorenzo/code/dynus_lite/dynus_lite_ws/install/snapstack_msgs2/include/snapstack_msgs2/snapstack_msgs2/msg/detail/smc_data__functions.h
-- Up-to-date: /home/lorenzo/code/dynus_lite/dynus_lite_ws/install/snapstack_msgs2/include/snapstack_msgs2/snapstack_msgs2/msg/detail/quad_flight_mode__struct.h
-- Up-to-date: /home/lorenzo/code/dynus_lite/dynus_lite_ws/install/snapstack_msgs2/include/snapstack_msgs2/snapstack_msgs2/msg/detail/smc_data__type_support.h
-- Up-to-date: /home/lorenzo/code/dynus_lite/dynus_lite_ws/install/snapstack_msgs2/include/snapstack_msgs2/snapstack_msgs2/msg/detail/imu__type_support.h
-- Up-to-date: /home/lorenzo/code/dynus_lite/dynus_lite_ws/install/snapstack_msgs2/include/snapstack_msgs2/snapstack_msgs2/msg/detail/attitude_command__struct.h
-- Up-to-date: /home/lorenzo/code/dynus_lite/dynus_lite_ws/install/snapstack_msgs2/include/snapstack_msgs2/snapstack_msgs2/msg/detail/imu__functions.h
-- Up-to-date: /home/lorenzo/code/dynus_lite/dynus_lite_ws/install/snapstack_msgs2/include/snapstack_msgs2/snapstack_msgs2/msg/detail/quad_flight_mode__type_support.h
-- Up-to-date: /home/lorenzo/code/dynus_lite/dynus_lite_ws/install/snapstack_msgs2/include/snapstack_msgs2/snapstack_msgs2/msg/detail/quad_flight_mode__functions.c
-- Up-to-date: /home/lorenzo/code/dynus_lite/dynus_lite_ws/install/snapstack_msgs2/include/snapstack_msgs2/snapstack_msgs2/msg/detail/attitude_command__type_support.h
-- Up-to-date: /home/lorenzo/code/dynus_lite/dynus_lite_ws/install/snapstack_msgs2/include/snapstack_msgs2/snapstack_msgs2/msg/detail/comm_age__struct.h
-- Up-to-date: /home/lorenzo/code/dynus_lite/dynus_lite_ws/install/snapstack_msgs2/include/snapstack_msgs2/snapstack_msgs2/msg/detail/state__functions.h
-- Up-to-date: /home/lorenzo/code/dynus_lite/dynus_lite_ws/install/snapstack_msgs2/include/snapstack_msgs2/snapstack_msgs2/msg/detail/vio_filter_state__struct.h
-- Up-to-date: /home/lorenzo/code/dynus_lite/dynus_lite_ws/install/snapstack_msgs2/include/snapstack_msgs2/snapstack_msgs2/msg/detail/imu__functions.c
-- Up-to-date: /home/lorenzo/code/dynus_lite/dynus_lite_ws/install/snapstack_msgs2/include/snapstack_msgs2/snapstack_msgs2/msg/detail/control_log__functions.c
-- Up-to-date: /home/lorenzo/code/dynus_lite/dynus_lite_ws/install/snapstack_msgs2/include/snapstack_msgs2/snapstack_msgs2/msg/detail/motors__functions.c
-- Up-to-date: /home/lorenzo/code/dynus_lite/dynus_lite_ws/install/snapstack_msgs2/include/snapstack_msgs2/snapstack_msgs2/msg/detail/control_log__struct.h
-- Up-to-date: /home/lorenzo/code/dynus_lite/dynus_lite_ws/install/snapstack_msgs2/include/snapstack_msgs2/snapstack_msgs2/msg/detail/goal__type_support.h
-- Up-to-date: /home/lorenzo/code/dynus_lite/dynus_lite_ws/install/snapstack_msgs2/include/snapstack_msgs2/snapstack_msgs2/msg/detail/goal__functions.c
-- Up-to-date: /home/lorenzo/code/dynus_lite/dynus_lite_ws/install/snapstack_msgs2/include/snapstack_msgs2/snapstack_msgs2/msg/detail/state__functions.c
-- Up-to-date: /home/lorenzo/code/dynus_lite/dynus_lite_ws/install/snapstack_msgs2/include/snapstack_msgs2/snapstack_msgs2/msg/detail/control_log__type_support.h
-- Up-to-date: /home/lorenzo/code/dynus_lite/dynus_lite_ws/install/snapstack_msgs2/include/snapstack_msgs2/snapstack_msgs2/msg/detail/attitude_command__functions.h
-- Up-to-date: /home/lorenzo/code/dynus_lite/dynus_lite_ws/install/snapstack_msgs2/include/snapstack_msgs2/snapstack_msgs2/msg/detail/goal__functions.h
-- Up-to-date: /home/lorenzo/code/dynus_lite/dynus_lite_ws/install/snapstack_msgs2/include/snapstack_msgs2/snapstack_msgs2/msg/detail/control_log__functions.h
-- Up-to-date: /home/lorenzo/code/dynus_lite/dynus_lite_ws/install/snapstack_msgs2/include/snapstack_msgs2/snapstack_msgs2/msg/detail/imu__struct.h
-- Up-to-date: /home/lorenzo/code/dynus_lite/dynus_lite_ws/install/snapstack_msgs2/include/snapstack_msgs2/snapstack_msgs2/msg/detail/vio_filter_state__type_support.h
-- Up-to-date: /home/lorenzo/code/dynus_lite/dynus_lite_ws/install/snapstack_msgs2/include/snapstack_msgs2/snapstack_msgs2/msg/detail/comm_age__functions.c
-- Up-to-date: /home/lorenzo/code/dynus_lite/dynus_lite_ws/install/snapstack_msgs2/include/snapstack_msgs2/snapstack_msgs2/msg/detail/comm_age__type_support.h
-- Up-to-date: /home/lorenzo/code/dynus_lite/dynus_lite_ws/install/snapstack_msgs2/include/snapstack_msgs2/snapstack_msgs2/msg/detail/goal__struct.h
-- Up-to-date: /home/lorenzo/code/dynus_lite/dynus_lite_ws/install/snapstack_msgs2/include/snapstack_msgs2/snapstack_msgs2/msg/detail/attitude_command__functions.c
-- Up-to-date: /home/lorenzo/code/dynus_lite/dynus_lite_ws/install/snapstack_msgs2/include/snapstack_msgs2/snapstack_msgs2/msg/detail/comm_age__functions.h
-- Up-to-date: /home/lorenzo/code/dynus_lite/dynus_lite_ws/install/snapstack_msgs2/include/snapstack_msgs2/snapstack_msgs2/msg/detail/motors__type_support.h
-- Up-to-date: /home/lorenzo/code/dynus_lite/dynus_lite_ws/install/snapstack_msgs2/include/snapstack_msgs2/snapstack_msgs2/msg/detail/quad_flight_mode__functions.h
-- Up-to-date: /home/lorenzo/code/dynus_lite/dynus_lite_ws/install/snapstack_msgs2/include/snapstack_msgs2/snapstack_msgs2/msg/detail/time_filter__struct.h
-- Up-to-date: /home/lorenzo/code/dynus_lite/dynus_lite_ws/install/snapstack_msgs2/include/snapstack_msgs2/snapstack_msgs2/msg/detail/time_filter__functions.h
-- Up-to-date: /home/lorenzo/code/dynus_lite/dynus_lite_ws/install/snapstack_msgs2/include/snapstack_msgs2/snapstack_msgs2/msg/detail/smc_data__struct.h
-- Up-to-date: /home/lorenzo/code/dynus_lite/dynus_lite_ws/install/snapstack_msgs2/include/snapstack_msgs2/snapstack_msgs2/msg/detail/vio_filter_state__functions.c
-- Up-to-date: /home/lorenzo/code/dynus_lite/dynus_lite_ws/install/snapstack_msgs2/include/snapstack_msgs2/snapstack_msgs2/msg/detail/time_filter__type_support.h
-- Up-to-date: /home/lorenzo/code/dynus_lite/dynus_lite_ws/install/snapstack_msgs2/include/snapstack_msgs2/snapstack_msgs2/msg/detail/time_filter__functions.c
-- Up-to-date: /home/lorenzo/code/dynus_lite/dynus_lite_ws/install/snapstack_msgs2/include/snapstack_msgs2/snapstack_msgs2/msg/detail/motors__struct.h
-- Up-to-date: /home/lorenzo/code/dynus_lite/dynus_lite_ws/install/snapstack_msgs2/include/snapstack_msgs2/snapstack_msgs2/msg/detail/state__type_support.h
-- Up-to-date: /home/lorenzo/code/dynus_lite/dynus_lite_ws/install/snapstack_msgs2/include/snapstack_msgs2/snapstack_msgs2/msg/detail/vio_filter_state__functions.h
-- Up-to-date: /home/lorenzo/code/dynus_lite/dynus_lite_ws/install/snapstack_msgs2/include/snapstack_msgs2/snapstack_msgs2/msg/rosidl_generator_c__visibility_control.h
-- Up-to-date: /home/lorenzo/code/dynus_lite/dynus_lite_ws/install/snapstack_msgs2/include/snapstack_msgs2/snapstack_msgs2/msg/imu.h
-- Up-to-date: /home/lorenzo/code/dynus_lite/dynus_lite_ws/install/snapstack_msgs2/include/snapstack_msgs2/snapstack_msgs2/msg/attitude_command.h
-- Up-to-date: /home/lorenzo/code/dynus_lite/dynus_lite_ws/install/snapstack_msgs2/include/snapstack_msgs2/snapstack_msgs2/msg/goal.h
-- Up-to-date: /home/lorenzo/code/dynus_lite/dynus_lite_ws/install/snapstack_msgs2/include/snapstack_msgs2/snapstack_msgs2/msg/vio_filter_state.h
-- Up-to-date: /home/lorenzo/code/dynus_lite/dynus_lite_ws/install/snapstack_msgs2/include/snapstack_msgs2/snapstack_msgs2/msg/smc_data.h
-- Up-to-date: /home/lorenzo/code/dynus_lite/dynus_lite_ws/install/snapstack_msgs2/include/snapstack_msgs2/snapstack_msgs2/msg/state.h
-- Up-to-date: /home/lorenzo/code/dynus_lite/dynus_lite_ws/install/snapstack_msgs2/include/snapstack_msgs2/snapstack_msgs2/msg/comm_age.h
-- Up-to-date: /home/lorenzo/code/dynus_lite/dynus_lite_ws/install/snapstack_msgs2/include/snapstack_msgs2/snapstack_msgs2/msg/quad_flight_mode.h
-- Up-to-date: /home/lorenzo/code/dynus_lite/dynus_lite_ws/install/snapstack_msgs2/include/snapstack_msgs2/snapstack_msgs2/msg/control_log.h
-- Up-to-date: /home/lorenzo/code/dynus_lite/dynus_lite_ws/install/snapstack_msgs2/share/snapstack_msgs2/environment/library_path.sh
-- Up-to-date: /home/lorenzo/code/dynus_lite/dynus_lite_ws/install/snapstack_msgs2/share/snapstack_msgs2/environment/library_path.dsv
-- Up-to-date: /home/lorenzo/code/dynus_lite/dynus_lite_ws/install/snapstack_msgs2/lib/libsnapstack_msgs2__rosidl_generator_c.so
-- Up-to-date: /home/lorenzo/code/dynus_lite/dynus_lite_ws/install/snapstack_msgs2/include/snapstack_msgs2/snapstack_msgs2
-- Up-to-date: /home/lorenzo/code/dynus_lite/dynus_lite_ws/install/snapstack_msgs2/include/snapstack_msgs2/snapstack_msgs2/msg
-- Up-to-date: /home/lorenzo/code/dynus_lite/dynus_lite_ws/install/snapstack_msgs2/include/snapstack_msgs2/snapstack_msgs2/msg/rosidl_typesupport_fastrtps_c__visibility_control.h
-- Up-to-date: /home/lorenzo/code/dynus_lite/dynus_lite_ws/install/snapstack_msgs2/include/snapstack_msgs2/snapstack_msgs2/msg/detail
-- Up-to-date: /home/lorenzo/code/dynus_lite/dynus_lite_ws/install/snapstack_msgs2/include/snapstack_msgs2/snapstack_msgs2/msg/detail/motors__rosidl_typesupport_fastrtps_c.h
-- Up-to-date: /home/lorenzo/code/dynus_lite/dynus_lite_ws/install/snapstack_msgs2/include/snapstack_msgs2/snapstack_msgs2/msg/detail/comm_age__rosidl_typesupport_fastrtps_c.h
-- Up-to-date: /home/lorenzo/code/dynus_lite/dynus_lite_ws/install/snapstack_msgs2/include/snapstack_msgs2/snapstack_msgs2/msg/detail/imu__rosidl_typesupport_fastrtps_c.h
-- Up-to-date: /home/lorenzo/code/dynus_lite/dynus_lite_ws/install/snapstack_msgs2/include/snapstack_msgs2/snapstack_msgs2/msg/detail/smc_data__rosidl_typesupport_fastrtps_c.h
-- Up-to-date: /home/lorenzo/code/dynus_lite/dynus_lite_ws/install/snapstack_msgs2/include/snapstack_msgs2/snapstack_msgs2/msg/detail/time_filter__rosidl_typesupport_fastrtps_c.h
-- Up-to-date: /home/lorenzo/code/dynus_lite/dynus_lite_ws/install/snapstack_msgs2/include/snapstack_msgs2/snapstack_msgs2/msg/detail/vio_filter_state__rosidl_typesupport_fastrtps_c.h
-- Up-to-date: /home/lorenzo/code/dynus_lite/dynus_lite_ws/install/snapstack_msgs2/include/snapstack_msgs2/snapstack_msgs2/msg/detail/attitude_command__rosidl_typesupport_fastrtps_c.h
-- Up-to-date: /home/lorenzo/code/dynus_lite/dynus_lite_ws/install/snapstack_msgs2/include/snapstack_msgs2/snapstack_msgs2/msg/detail/control_log__rosidl_typesupport_fastrtps_c.h
-- Up-to-date: /home/lorenzo/code/dynus_lite/dynus_lite_ws/install/snapstack_msgs2/include/snapstack_msgs2/snapstack_msgs2/msg/detail/goal__rosidl_typesupport_fastrtps_c.h
-- Up-to-date: /home/lorenzo/code/dynus_lite/dynus_lite_ws/install/snapstack_msgs2/include/snapstack_msgs2/snapstack_msgs2/msg/detail/quad_flight_mode__rosidl_typesupport_fastrtps_c.h
-- Up-to-date: /home/lorenzo/code/dynus_lite/dynus_lite_ws/install/snapstack_msgs2/include/snapstack_msgs2/snapstack_msgs2/msg/detail/state__rosidl_typesupport_fastrtps_c.h
-- Up-to-date: /home/lorenzo/code/dynus_lite/dynus_lite_ws/install/snapstack_msgs2/lib/libsnapstack_msgs2__rosidl_typesupport_fastrtps_c.so
-- Up-to-date: /home/lorenzo/code/dynus_lite/dynus_lite_ws/install/snapstack_msgs2/include/snapstack_msgs2/snapstack_msgs2
-- Up-to-date: /home/lorenzo/code/dynus_lite/dynus_lite_ws/install/snapstack_msgs2/include/snapstack_msgs2/snapstack_msgs2/msg
-- Up-to-date: /home/lorenzo/code/dynus_lite/dynus_lite_ws/install/snapstack_msgs2/include/snapstack_msgs2/snapstack_msgs2/msg/detail
-- Up-to-date: /home/lorenzo/code/dynus_lite/dynus_lite_ws/install/snapstack_msgs2/include/snapstack_msgs2/snapstack_msgs2/msg/detail/attitude_command__rosidl_typesupport_introspection_c.h
-- Up-to-date: /home/lorenzo/code/dynus_lite/dynus_lite_ws/install/snapstack_msgs2/include/snapstack_msgs2/snapstack_msgs2/msg/detail/control_log__type_support.c
-- Up-to-date: /home/lorenzo/code/dynus_lite/dynus_lite_ws/install/snapstack_msgs2/include/snapstack_msgs2/snapstack_msgs2/msg/detail/comm_age__rosidl_typesupport_introspection_c.h
-- Up-to-date: /home/lorenzo/code/dynus_lite/dynus_lite_ws/install/snapstack_msgs2/include/snapstack_msgs2/snapstack_msgs2/msg/detail/imu__type_support.c
-- Up-to-date: /home/lorenzo/code/dynus_lite/dynus_lite_ws/install/snapstack_msgs2/include/snapstack_msgs2/snapstack_msgs2/msg/detail/quad_flight_mode__type_support.c
-- Up-to-date: /home/lorenzo/code/dynus_lite/dynus_lite_ws/install/snapstack_msgs2/include/snapstack_msgs2/snapstack_msgs2/msg/detail/comm_age__type_support.c
-- Up-to-date: /home/lorenzo/code/dynus_lite/dynus_lite_ws/install/snapstack_msgs2/include/snapstack_msgs2/snapstack_msgs2/msg/detail/control_log__rosidl_typesupport_introspection_c.h
-- Up-to-date: /home/lorenzo/code/dynus_lite/dynus_lite_ws/install/snapstack_msgs2/include/snapstack_msgs2/snapstack_msgs2/msg/detail/smc_data__type_support.c
-- Up-to-date: /home/lorenzo/code/dynus_lite/dynus_lite_ws/install/snapstack_msgs2/include/snapstack_msgs2/snapstack_msgs2/msg/detail/vio_filter_state__type_support.c
-- Up-to-date: /home/lorenzo/code/dynus_lite/dynus_lite_ws/install/snapstack_msgs2/include/snapstack_msgs2/snapstack_msgs2/msg/detail/imu__rosidl_typesupport_introspection_c.h
-- Up-to-date: /home/lorenzo/code/dynus_lite/dynus_lite_ws/install/snapstack_msgs2/include/snapstack_msgs2/snapstack_msgs2/msg/detail/state__rosidl_typesupport_introspection_c.h
-- Up-to-date: /home/lorenzo/code/dynus_lite/dynus_lite_ws/install/snapstack_msgs2/include/snapstack_msgs2/snapstack_msgs2/msg/detail/vio_filter_state__rosidl_typesupport_introspection_c.h
-- Up-to-date: /home/lorenzo/code/dynus_lite/dynus_lite_ws/install/snapstack_msgs2/include/snapstack_msgs2/snapstack_msgs2/msg/detail/smc_data__rosidl_typesupport_introspection_c.h
-- Up-to-date: /home/lorenzo/code/dynus_lite/dynus_lite_ws/install/snapstack_msgs2/include/snapstack_msgs2/snapstack_msgs2/msg/detail/goal__rosidl_typesupport_introspection_c.h
-- Up-to-date: /home/lorenzo/code/dynus_lite/dynus_lite_ws/install/snapstack_msgs2/include/snapstack_msgs2/snapstack_msgs2/msg/detail/quad_flight_mode__rosidl_typesupport_introspection_c.h
-- Up-to-date: /home/lorenzo/code/dynus_lite/dynus_lite_ws/install/snapstack_msgs2/include/snapstack_msgs2/snapstack_msgs2/msg/detail/time_filter__rosidl_typesupport_introspection_c.h
-- Up-to-date: /home/lorenzo/code/dynus_lite/dynus_lite_ws/install/snapstack_msgs2/include/snapstack_msgs2/snapstack_msgs2/msg/detail/goal__type_support.c
-- Up-to-date: /home/lorenzo/code/dynus_lite/dynus_lite_ws/install/snapstack_msgs2/include/snapstack_msgs2/snapstack_msgs2/msg/detail/state__type_support.c
-- Up-to-date: /home/lorenzo/code/dynus_lite/dynus_lite_ws/install/snapstack_msgs2/include/snapstack_msgs2/snapstack_msgs2/msg/detail/time_filter__type_support.c
-- Up-to-date: /home/lorenzo/code/dynus_lite/dynus_lite_ws/install/snapstack_msgs2/include/snapstack_msgs2/snapstack_msgs2/msg/detail/attitude_command__type_support.c
-- Up-to-date: /home/lorenzo/code/dynus_lite/dynus_lite_ws/install/snapstack_msgs2/include/snapstack_msgs2/snapstack_msgs2/msg/detail/motors__type_support.c
-- Up-to-date: /home/lorenzo/code/dynus_lite/dynus_lite_ws/install/snapstack_msgs2/include/snapstack_msgs2/snapstack_msgs2/msg/detail/motors__rosidl_typesupport_introspection_c.h
-- Up-to-date: /home/lorenzo/code/dynus_lite/dynus_lite_ws/install/snapstack_msgs2/include/snapstack_msgs2/snapstack_msgs2/msg/rosidl_typesupport_introspection_c__visibility_control.h
-- Up-to-date: /home/lorenzo/code/dynus_lite/dynus_lite_ws/install/snapstack_msgs2/lib/libsnapstack_msgs2__rosidl_typesupport_introspection_c.so
-- Up-to-date: /home/lorenzo/code/dynus_lite/dynus_lite_ws/install/snapstack_msgs2/lib/libsnapstack_msgs2__rosidl_typesupport_c.so
-- Up-to-date: /home/lorenzo/code/dynus_lite/dynus_lite_ws/install/snapstack_msgs2/include/snapstack_msgs2/snapstack_msgs2
-- Up-to-date: /home/lorenzo/code/dynus_lite/dynus_lite_ws/install/snapstack_msgs2/include/snapstack_msgs2/snapstack_msgs2/msg
-- Up-to-date: /home/lorenzo/code/dynus_lite/dynus_lite_ws/install/snapstack_msgs2/include/snapstack_msgs2/snapstack_msgs2/msg/goal.hpp
-- Up-to-date: /home/lorenzo/code/dynus_lite/dynus_lite_ws/install/snapstack_msgs2/include/snapstack_msgs2/snapstack_msgs2/msg/attitude_command.hpp
-- Up-to-date: /home/lorenzo/code/dynus_lite/dynus_lite_ws/install/snapstack_msgs2/include/snapstack_msgs2/snapstack_msgs2/msg/detail
-- Up-to-date: /home/lorenzo/code/dynus_lite/dynus_lite_ws/install/snapstack_msgs2/include/snapstack_msgs2/snapstack_msgs2/msg/detail/comm_age__type_support.hpp
-- Up-to-date: /home/lorenzo/code/dynus_lite/dynus_lite_ws/install/snapstack_msgs2/include/snapstack_msgs2/snapstack_msgs2/msg/detail/imu__traits.hpp
-- Up-to-date: /home/lorenzo/code/dynus_lite/dynus_lite_ws/install/snapstack_msgs2/include/snapstack_msgs2/snapstack_msgs2/msg/detail/quad_flight_mode__builder.hpp
-- Up-to-date: /home/lorenzo/code/dynus_lite/dynus_lite_ws/install/snapstack_msgs2/include/snapstack_msgs2/snapstack_msgs2/msg/detail/comm_age__builder.hpp
-- Up-to-date: /home/lorenzo/code/dynus_lite/dynus_lite_ws/install/snapstack_msgs2/include/snapstack_msgs2/snapstack_msgs2/msg/detail/goal__type_support.hpp
-- Up-to-date: /home/lorenzo/code/dynus_lite/dynus_lite_ws/install/snapstack_msgs2/include/snapstack_msgs2/snapstack_msgs2/msg/detail/quad_flight_mode__struct.hpp
-- Up-to-date: /home/lorenzo/code/dynus_lite/dynus_lite_ws/install/snapstack_msgs2/include/snapstack_msgs2/snapstack_msgs2/msg/detail/goal__traits.hpp
-- Up-to-date: /home/lorenzo/code/dynus_lite/dynus_lite_ws/install/snapstack_msgs2/include/snapstack_msgs2/snapstack_msgs2/msg/detail/motors__traits.hpp
-- Up-to-date: /home/lorenzo/code/dynus_lite/dynus_lite_ws/install/snapstack_msgs2/include/snapstack_msgs2/snapstack_msgs2/msg/detail/comm_age__traits.hpp
-- Up-to-date: /home/lorenzo/code/dynus_lite/dynus_lite_ws/install/snapstack_msgs2/include/snapstack_msgs2/snapstack_msgs2/msg/detail/smc_data__traits.hpp
-- Up-to-date: /home/lorenzo/code/dynus_lite/dynus_lite_ws/install/snapstack_msgs2/include/snapstack_msgs2/snapstack_msgs2/msg/detail/state__type_support.hpp
-- Up-to-date: /home/lorenzo/code/dynus_lite/dynus_lite_ws/install/snapstack_msgs2/include/snapstack_msgs2/snapstack_msgs2/msg/detail/attitude_command__type_support.hpp
-- Up-to-date: /home/lorenzo/code/dynus_lite/dynus_lite_ws/install/snapstack_msgs2/include/snapstack_msgs2/snapstack_msgs2/msg/detail/vio_filter_state__type_support.hpp
-- Up-to-date: /home/lorenzo/code/dynus_lite/dynus_lite_ws/install/snapstack_msgs2/include/snapstack_msgs2/snapstack_msgs2/msg/detail/motors__builder.hpp
-- Up-to-date: /home/lorenzo/code/dynus_lite/dynus_lite_ws/install/snapstack_msgs2/include/snapstack_msgs2/snapstack_msgs2/msg/detail/attitude_command__traits.hpp
-- Up-to-date: /home/lorenzo/code/dynus_lite/dynus_lite_ws/install/snapstack_msgs2/include/snapstack_msgs2/snapstack_msgs2/msg/detail/control_log__traits.hpp
-- Up-to-date: /home/lorenzo/code/dynus_lite/dynus_lite_ws/install/snapstack_msgs2/include/snapstack_msgs2/snapstack_msgs2/msg/detail/imu__builder.hpp
-- Up-to-date: /home/lorenzo/code/dynus_lite/dynus_lite_ws/install/snapstack_msgs2/include/snapstack_msgs2/snapstack_msgs2/msg/detail/quad_flight_mode__type_support.hpp
-- Up-to-date: /home/lorenzo/code/dynus_lite/dynus_lite_ws/install/snapstack_msgs2/include/snapstack_msgs2/snapstack_msgs2/msg/detail/motors__struct.hpp
-- Up-to-date: /home/lorenzo/code/dynus_lite/dynus_lite_ws/install/snapstack_msgs2/include/snapstack_msgs2/snapstack_msgs2/msg/detail/comm_age__struct.hpp
-- Up-to-date: /home/lorenzo/code/dynus_lite/dynus_lite_ws/install/snapstack_msgs2/include/snapstack_msgs2/snapstack_msgs2/msg/detail/motors__type_support.hpp
-- Up-to-date: /home/lorenzo/code/dynus_lite/dynus_lite_ws/install/snapstack_msgs2/include/snapstack_msgs2/snapstack_msgs2/msg/detail/time_filter__builder.hpp
-- Up-to-date: /home/lorenzo/code/dynus_lite/dynus_lite_ws/install/snapstack_msgs2/include/snapstack_msgs2/snapstack_msgs2/msg/detail/attitude_command__struct.hpp
-- Up-to-date: /home/lorenzo/code/dynus_lite/dynus_lite_ws/install/snapstack_msgs2/include/snapstack_msgs2/snapstack_msgs2/msg/detail/vio_filter_state__traits.hpp
-- Up-to-date: /home/lorenzo/code/dynus_lite/dynus_lite_ws/install/snapstack_msgs2/include/snapstack_msgs2/snapstack_msgs2/msg/detail/state__traits.hpp
-- Up-to-date: /home/lorenzo/code/dynus_lite/dynus_lite_ws/install/snapstack_msgs2/include/snapstack_msgs2/snapstack_msgs2/msg/detail/quad_flight_mode__traits.hpp
-- Up-to-date: /home/lorenzo/code/dynus_lite/dynus_lite_ws/install/snapstack_msgs2/include/snapstack_msgs2/snapstack_msgs2/msg/detail/imu__struct.hpp
-- Up-to-date: /home/lorenzo/code/dynus_lite/dynus_lite_ws/install/snapstack_msgs2/include/snapstack_msgs2/snapstack_msgs2/msg/detail/smc_data__struct.hpp
-- Up-to-date: /home/lorenzo/code/dynus_lite/dynus_lite_ws/install/snapstack_msgs2/include/snapstack_msgs2/snapstack_msgs2/msg/detail/attitude_command__builder.hpp
-- Up-to-date: /home/lorenzo/code/dynus_lite/dynus_lite_ws/install/snapstack_msgs2/include/snapstack_msgs2/snapstack_msgs2/msg/detail/control_log__struct.hpp
-- Up-to-date: /home/lorenzo/code/dynus_lite/dynus_lite_ws/install/snapstack_msgs2/include/snapstack_msgs2/snapstack_msgs2/msg/detail/control_log__builder.hpp
-- Up-to-date: /home/lorenzo/code/dynus_lite/dynus_lite_ws/install/snapstack_msgs2/include/snapstack_msgs2/snapstack_msgs2/msg/detail/state__struct.hpp
-- Up-to-date: /home/lorenzo/code/dynus_lite/dynus_lite_ws/install/snapstack_msgs2/include/snapstack_msgs2/snapstack_msgs2/msg/detail/time_filter__traits.hpp
-- Up-to-date: /home/lorenzo/code/dynus_lite/dynus_lite_ws/install/snapstack_msgs2/include/snapstack_msgs2/snapstack_msgs2/msg/detail/time_filter__struct.hpp
-- Up-to-date: /home/lorenzo/code/dynus_lite/dynus_lite_ws/install/snapstack_msgs2/include/snapstack_msgs2/snapstack_msgs2/msg/detail/control_log__type_support.hpp
-- Up-to-date: /home/lorenzo/code/dynus_lite/dynus_lite_ws/install/snapstack_msgs2/include/snapstack_msgs2/snapstack_msgs2/msg/detail/goal__struct.hpp
-- Up-to-date: /home/lorenzo/code/dynus_lite/dynus_lite_ws/install/snapstack_msgs2/include/snapstack_msgs2/snapstack_msgs2/msg/detail/vio_filter_state__builder.hpp
-- Up-to-date: /home/lorenzo/code/dynus_lite/dynus_lite_ws/install/snapstack_msgs2/include/snapstack_msgs2/snapstack_msgs2/msg/detail/vio_filter_state__struct.hpp
-- Up-to-date: /home/lorenzo/code/dynus_lite/dynus_lite_ws/install/snapstack_msgs2/include/snapstack_msgs2/snapstack_msgs2/msg/detail/time_filter__type_support.hpp
-- Up-to-date: /home/lorenzo/code/dynus_lite/dynus_lite_ws/install/snapstack_msgs2/include/snapstack_msgs2/snapstack_msgs2/msg/detail/smc_data__builder.hpp
-- Up-to-date: /home/lorenzo/code/dynus_lite/dynus_lite_ws/install/snapstack_msgs2/include/snapstack_msgs2/snapstack_msgs2/msg/detail/imu__type_support.hpp
-- Up-to-date: /home/lorenzo/code/dynus_lite/dynus_lite_ws/install/snapstack_msgs2/include/snapstack_msgs2/snapstack_msgs2/msg/detail/goal__builder.hpp
-- Up-to-date: /home/lorenzo/code/dynus_lite/dynus_lite_ws/install/snapstack_msgs2/include/snapstack_msgs2/snapstack_msgs2/msg/detail/state__builder.hpp
-- Up-to-date: /home/lorenzo/code/dynus_lite/dynus_lite_ws/install/snapstack_msgs2/include/snapstack_msgs2/snapstack_msgs2/msg/detail/smc_data__type_support.hpp
-- Up-to-date: /home/lorenzo/code/dynus_lite/dynus_lite_ws/install/snapstack_msgs2/include/snapstack_msgs2/snapstack_msgs2/msg/quad_flight_mode.hpp
-- Up-to-date: /home/lorenzo/code/dynus_lite/dynus_lite_ws/install/snapstack_msgs2/include/snapstack_msgs2/snapstack_msgs2/msg/comm_age.hpp
-- Up-to-date: /home/lorenzo/code/dynus_lite/dynus_lite_ws/install/snapstack_msgs2/include/snapstack_msgs2/snapstack_msgs2/msg/vio_filter_state.hpp
-- Up-to-date: /home/lorenzo/code/dynus_lite/dynus_lite_ws/install/snapstack_msgs2/include/snapstack_msgs2/snapstack_msgs2/msg/rosidl_generator_cpp__visibility_control.hpp
-- Up-to-date: /home/lorenzo/code/dynus_lite/dynus_lite_ws/install/snapstack_msgs2/include/snapstack_msgs2/snapstack_msgs2/msg/smc_data.hpp
-- Up-to-date: /home/lorenzo/code/dynus_lite/dynus_lite_ws/install/snapstack_msgs2/include/snapstack_msgs2/snapstack_msgs2/msg/state.hpp
-- Up-to-date: /home/lorenzo/code/dynus_lite/dynus_lite_ws/install/snapstack_msgs2/include/snapstack_msgs2/snapstack_msgs2/msg/imu.hpp
-- Up-to-date: /home/lorenzo/code/dynus_lite/dynus_lite_ws/install/snapstack_msgs2/include/snapstack_msgs2/snapstack_msgs2/msg/motors.hpp
-- Up-to-date: /home/lorenzo/code/dynus_lite/dynus_lite_ws/install/snapstack_msgs2/include/snapstack_msgs2/snapstack_msgs2/msg/time_filter.hpp
-- Up-to-date: /home/lorenzo/code/dynus_lite/dynus_lite_ws/install/snapstack_msgs2/include/snapstack_msgs2/snapstack_msgs2/msg/control_log.hpp
-- Up-to-date: /home/lorenzo/code/dynus_lite/dynus_lite_ws/install/snapstack_msgs2/include/snapstack_msgs2/snapstack_msgs2
-- Up-to-date: /home/lorenzo/code/dynus_lite/dynus_lite_ws/install/snapstack_msgs2/include/snapstack_msgs2/snapstack_msgs2/msg
-- Up-to-date: /home/lorenzo/code/dynus_lite/dynus_lite_ws/install/snapstack_msgs2/include/snapstack_msgs2/snapstack_msgs2/msg/detail
-- Up-to-date: /home/lorenzo/code/dynus_lite/dynus_lite_ws/install/snapstack_msgs2/include/snapstack_msgs2/snapstack_msgs2/msg/detail/comm_age__rosidl_typesupport_fastrtps_cpp.hpp
-- Up-to-date: /home/lorenzo/code/dynus_lite/dynus_lite_ws/install/snapstack_msgs2/include/snapstack_msgs2/snapstack_msgs2/msg/detail/quad_flight_mode__rosidl_typesupport_fastrtps_cpp.hpp
-- Up-to-date: /home/lorenzo/code/dynus_lite/dynus_lite_ws/install/snapstack_msgs2/include/snapstack_msgs2/snapstack_msgs2/msg/detail/state__rosidl_typesupport_fastrtps_cpp.hpp
-- Up-to-date: /home/lorenzo/code/dynus_lite/dynus_lite_ws/install/snapstack_msgs2/include/snapstack_msgs2/snapstack_msgs2/msg/detail/vio_filter_state__rosidl_typesupport_fastrtps_cpp.hpp
-- Up-to-date: /home/lorenzo/code/dynus_lite/dynus_lite_ws/install/snapstack_msgs2/include/snapstack_msgs2/snapstack_msgs2/msg/detail/goal__rosidl_typesupport_fastrtps_cpp.hpp
-- Up-to-date: /home/lorenzo/code/dynus_lite/dynus_lite_ws/install/snapstack_msgs2/include/snapstack_msgs2/snapstack_msgs2/msg/detail/dds_fastrtps
-- Up-to-date: /home/lorenzo/code/dynus_lite/dynus_lite_ws/install/snapstack_msgs2/include/snapstack_msgs2/snapstack_msgs2/msg/detail/imu__rosidl_typesupport_fastrtps_cpp.hpp
-- Up-to-date: /home/lorenzo/code/dynus_lite/dynus_lite_ws/install/snapstack_msgs2/include/snapstack_msgs2/snapstack_msgs2/msg/detail/smc_data__rosidl_typesupport_fastrtps_cpp.hpp
-- Up-to-date: /home/lorenzo/code/dynus_lite/dynus_lite_ws/install/snapstack_msgs2/include/snapstack_msgs2/snapstack_msgs2/msg/detail/time_filter__rosidl_typesupport_fastrtps_cpp.hpp
-- Up-to-date: /home/lorenzo/code/dynus_lite/dynus_lite_ws/install/snapstack_msgs2/include/snapstack_msgs2/snapstack_msgs2/msg/detail/control_log__rosidl_typesupport_fastrtps_cpp.hpp
-- Up-to-date: /home/lorenzo/code/dynus_lite/dynus_lite_ws/install/snapstack_msgs2/include/snapstack_msgs2/snapstack_msgs2/msg/detail/motors__rosidl_typesupport_fastrtps_cpp.hpp
-- Up-to-date: /home/lorenzo/code/dynus_lite/dynus_lite_ws/install/snapstack_msgs2/include/snapstack_msgs2/snapstack_msgs2/msg/detail/attitude_command__rosidl_typesupport_fastrtps_cpp.hpp
-- Up-to-date: /home/lorenzo/code/dynus_lite/dynus_lite_ws/install/snapstack_msgs2/include/snapstack_msgs2/snapstack_msgs2/msg/rosidl_typesupport_fastrtps_cpp__visibility_control.h
-- Up-to-date: /home/lorenzo/code/dynus_lite/dynus_lite_ws/install/snapstack_msgs2/lib/libsnapstack_msgs2__rosidl_typesupport_fastrtps_cpp.so
-- Up-to-date: /home/lorenzo/code/dynus_lite/dynus_lite_ws/install/snapstack_msgs2/include/snapstack_msgs2/snapstack_msgs2
-- Up-to-date: /home/lorenzo/code/dynus_lite/dynus_lite_ws/install/snapstack_msgs2/include/snapstack_msgs2/snapstack_msgs2/msg
-- Up-to-date: /home/lorenzo/code/dynus_lite/dynus_lite_ws/install/snapstack_msgs2/include/snapstack_msgs2/snapstack_msgs2/msg/detail
-- Up-to-date: /home/lorenzo/code/dynus_lite/dynus_lite_ws/install/snapstack_msgs2/include/snapstack_msgs2/snapstack_msgs2/msg/detail/time_filter__rosidl_typesupport_introspection_cpp.hpp
-- Up-to-date: /home/lorenzo/code/dynus_lite/dynus_lite_ws/install/snapstack_msgs2/include/snapstack_msgs2/snapstack_msgs2/msg/detail/motors__rosidl_typesupport_introspection_cpp.hpp
-- Up-to-date: /home/lorenzo/code/dynus_lite/dynus_lite_ws/install/snapstack_msgs2/include/snapstack_msgs2/snapstack_msgs2/msg/detail/state__rosidl_typesupport_introspection_cpp.hpp
-- Up-to-date: /home/lorenzo/code/dynus_lite/dynus_lite_ws/install/snapstack_msgs2/include/snapstack_msgs2/snapstack_msgs2/msg/detail/goal__type_support.cpp
-- Up-to-date: /home/lorenzo/code/dynus_lite/dynus_lite_ws/install/snapstack_msgs2/include/snapstack_msgs2/snapstack_msgs2/msg/detail/control_log__type_support.cpp
-- Up-to-date: /home/lorenzo/code/dynus_lite/dynus_lite_ws/install/snapstack_msgs2/include/snapstack_msgs2/snapstack_msgs2/msg/detail/state__type_support.cpp
-- Up-to-date: /home/lorenzo/code/dynus_lite/dynus_lite_ws/install/snapstack_msgs2/include/snapstack_msgs2/snapstack_msgs2/msg/detail/control_log__rosidl_typesupport_introspection_cpp.hpp
-- Up-to-date: /home/lorenzo/code/dynus_lite/dynus_lite_ws/install/snapstack_msgs2/include/snapstack_msgs2/snapstack_msgs2/msg/detail/vio_filter_state__type_support.cpp
-- Up-to-date: /home/lorenzo/code/dynus_lite/dynus_lite_ws/install/snapstack_msgs2/include/snapstack_msgs2/snapstack_msgs2/msg/detail/goal__rosidl_typesupport_introspection_cpp.hpp
-- Up-to-date: /home/lorenzo/code/dynus_lite/dynus_lite_ws/install/snapstack_msgs2/include/snapstack_msgs2/snapstack_msgs2/msg/detail/smc_data__type_support.cpp
-- Up-to-date: /home/lorenzo/code/dynus_lite/dynus_lite_ws/install/snapstack_msgs2/include/snapstack_msgs2/snapstack_msgs2/msg/detail/quad_flight_mode__type_support.cpp
-- Up-to-date: /home/lorenzo/code/dynus_lite/dynus_lite_ws/install/snapstack_msgs2/include/snapstack_msgs2/snapstack_msgs2/msg/detail/attitude_command__rosidl_typesupport_introspection_cpp.hpp
-- Up-to-date: /home/lorenzo/code/dynus_lite/dynus_lite_ws/install/snapstack_msgs2/include/snapstack_msgs2/snapstack_msgs2/msg/detail/vio_filter_state__rosidl_typesupport_introspection_cpp.hpp
-- Up-to-date: /home/lorenzo/code/dynus_lite/dynus_lite_ws/install/snapstack_msgs2/include/snapstack_msgs2/snapstack_msgs2/msg/detail/imu__rosidl_typesupport_introspection_cpp.hpp
-- Up-to-date: /home/lorenzo/code/dynus_lite/dynus_lite_ws/install/snapstack_msgs2/include/snapstack_msgs2/snapstack_msgs2/msg/detail/time_filter__type_support.cpp
-- Up-to-date: /home/lorenzo/code/dynus_lite/dynus_lite_ws/install/snapstack_msgs2/include/snapstack_msgs2/snapstack_msgs2/msg/detail/comm_age__rosidl_typesupport_introspection_cpp.hpp
-- Up-to-date: /home/lorenzo/code/dynus_lite/dynus_lite_ws/install/snapstack_msgs2/include/snapstack_msgs2/snapstack_msgs2/msg/detail/smc_data__rosidl_typesupport_introspection_cpp.hpp
-- Up-to-date: /home/lorenzo/code/dynus_lite/dynus_lite_ws/install/snapstack_msgs2/include/snapstack_msgs2/snapstack_msgs2/msg/detail/quad_flight_mode__rosidl_typesupport_introspection_cpp.hpp
-- Up-to-date: /home/lorenzo/code/dynus_lite/dynus_lite_ws/install/snapstack_msgs2/include/snapstack_msgs2/snapstack_msgs2/msg/detail/imu__type_support.cpp
-- Up-to-date: /home/lorenzo/code/dynus_lite/dynus_lite_ws/install/snapstack_msgs2/include/snapstack_msgs2/snapstack_msgs2/msg/detail/attitude_command__type_support.cpp
-- Up-to-date: /home/lorenzo/code/dynus_lite/dynus_lite_ws/install/snapstack_msgs2/include/snapstack_msgs2/snapstack_msgs2/msg/detail/comm_age__type_support.cpp
-- Up-to-date: /home/lorenzo/code/dynus_lite/dynus_lite_ws/install/snapstack_msgs2/include/snapstack_msgs2/snapstack_msgs2/msg/detail/motors__type_support.cpp
-- Up-to-date: /home/lorenzo/code/dynus_lite/dynus_lite_ws/install/snapstack_msgs2/lib/libsnapstack_msgs2__rosidl_typesupport_introspection_cpp.so
-- Up-to-date: /home/lorenzo/code/dynus_lite/dynus_lite_ws/install/snapstack_msgs2/lib/libsnapstack_msgs2__rosidl_typesupport_cpp.so
-- Up-to-date: /home/lorenzo/code/dynus_lite/dynus_lite_ws/install/snapstack_msgs2/share/snapstack_msgs2/environment/pythonpath.sh
-- Up-to-date: /home/lorenzo/code/dynus_lite/dynus_lite_ws/install/snapstack_msgs2/share/snapstack_msgs2/environment/pythonpath.dsv
-- Up-to-date: /home/lorenzo/code/dynus_lite/dynus_lite_ws/install/snapstack_msgs2/local/lib/python3.10/dist-packages/snapstack_msgs2-5.4.1-py3.10.egg-info
-- Installing: /home/lorenzo/code/dynus_lite/dynus_lite_ws/install/snapstack_msgs2/local/lib/python3.10/dist-packages/snapstack_msgs2-5.4.1-py3.10.egg-info/top_level.txt
-- Installing: /home/lorenzo/code/dynus_lite/dynus_lite_ws/install/snapstack_msgs2/local/lib/python3.10/dist-packages/snapstack_msgs2-5.4.1-py3.10.egg-info/SOURCES.txt
-- Installing: /home/lorenzo/code/dynus_lite/dynus_lite_ws/install/snapstack_msgs2/local/lib/python3.10/dist-packages/snapstack_msgs2-5.4.1-py3.10.egg-info/dependency_links.txt
-- Installing: /home/lorenzo/code/dynus_lite/dynus_lite_ws/install/snapstack_msgs2/local/lib/python3.10/dist-packages/snapstack_msgs2-5.4.1-py3.10.egg-info/PKG-INFO
-- Up-to-date: /home/lorenzo/code/dynus_lite/dynus_lite_ws/install/snapstack_msgs2/local/lib/python3.10/dist-packages/snapstack_msgs2
-- Up-to-date: /home/lorenzo/code/dynus_lite/dynus_lite_ws/install/snapstack_msgs2/local/lib/python3.10/dist-packages/snapstack_msgs2/snapstack_msgs2_s__rosidl_typesupport_c.cpython-310-x86_64-linux-gnu.so
-- Up-to-date: /home/lorenzo/code/dynus_lite/dynus_lite_ws/install/snapstack_msgs2/local/lib/python3.10/dist-packages/snapstack_msgs2/_snapstack_msgs2_s.ep.rosidl_typesupport_c.c
-- Up-to-date: /home/lorenzo/code/dynus_lite/dynus_lite_ws/install/snapstack_msgs2/local/lib/python3.10/dist-packages/snapstack_msgs2/__init__.py
-- Up-to-date: /home/lorenzo/code/dynus_lite/dynus_lite_ws/install/snapstack_msgs2/local/lib/python3.10/dist-packages/snapstack_msgs2/libsnapstack_msgs2__rosidl_generator_py.so
-- Up-to-date: /home/lorenzo/code/dynus_lite/dynus_lite_ws/install/snapstack_msgs2/local/lib/python3.10/dist-packages/snapstack_msgs2/_snapstack_msgs2_s.ep.rosidl_typesupport_introspection_c.c
-- Up-to-date: /home/lorenzo/code/dynus_lite/dynus_lite_ws/install/snapstack_msgs2/local/lib/python3.10/dist-packages/snapstack_msgs2/snapstack_msgs2_s__rosidl_typesupport_fastrtps_c.cpython-310-x86_64-linux-gnu.so
-- Up-to-date: /home/lorenzo/code/dynus_lite/dynus_lite_ws/install/snapstack_msgs2/local/lib/python3.10/dist-packages/snapstack_msgs2/_snapstack_msgs2_s.ep.rosidl_typesupport_fastrtps_c.c
-- Up-to-date: /home/lorenzo/code/dynus_lite/dynus_lite_ws/install/snapstack_msgs2/local/lib/python3.10/dist-packages/snapstack_msgs2/snapstack_msgs2_s__rosidl_typesupport_introspection_c.cpython-310-x86_64-linux-gnu.so
-- Up-to-date: /home/lorenzo/code/dynus_lite/dynus_lite_ws/install/snapstack_msgs2/local/lib/python3.10/dist-packages/snapstack_msgs2/msg
-- Up-to-date: /home/lorenzo/code/dynus_lite/dynus_lite_ws/install/snapstack_msgs2/local/lib/python3.10/dist-packages/snapstack_msgs2/msg/_motors_s.c
-- Up-to-date: /home/lorenzo/code/dynus_lite/dynus_lite_ws/install/snapstack_msgs2/local/lib/python3.10/dist-packages/snapstack_msgs2/msg/__init__.py
-- Up-to-date: /home/lorenzo/code/dynus_lite/dynus_lite_ws/install/snapstack_msgs2/local/lib/python3.10/dist-packages/snapstack_msgs2/msg/_comm_age_s.c
-- Up-to-date: /home/lorenzo/code/dynus_lite/dynus_lite_ws/install/snapstack_msgs2/local/lib/python3.10/dist-packages/snapstack_msgs2/msg/_quad_flight_mode.py
-- Up-to-date: /home/lorenzo/code/dynus_lite/dynus_lite_ws/install/snapstack_msgs2/local/lib/python3.10/dist-packages/snapstack_msgs2/msg/_imu.py
-- Up-to-date: /home/lorenzo/code/dynus_lite/dynus_lite_ws/install/snapstack_msgs2/local/lib/python3.10/dist-packages/snapstack_msgs2/msg/_state_s.c
-- Up-to-date: /home/lorenzo/code/dynus_lite/dynus_lite_ws/install/snapstack_msgs2/local/lib/python3.10/dist-packages/snapstack_msgs2/msg/_time_filter_s.c
-- Up-to-date: /home/lorenzo/code/dynus_lite/dynus_lite_ws/install/snapstack_msgs2/local/lib/python3.10/dist-packages/snapstack_msgs2/msg/_quad_flight_mode_s.c
-- Up-to-date: /home/lorenzo/code/dynus_lite/dynus_lite_ws/install/snapstack_msgs2/local/lib/python3.10/dist-packages/snapstack_msgs2/msg/_smc_data_s.c
-- Up-to-date: /home/lorenzo/code/dynus_lite/dynus_lite_ws/install/snapstack_msgs2/local/lib/python3.10/dist-packages/snapstack_msgs2/msg/_attitude_command_s.c
-- Up-to-date: /home/lorenzo/code/dynus_lite/dynus_lite_ws/install/snapstack_msgs2/local/lib/python3.10/dist-packages/snapstack_msgs2/msg/_goal.py
-- Up-to-date: /home/lorenzo/code/dynus_lite/dynus_lite_ws/install/snapstack_msgs2/local/lib/python3.10/dist-packages/snapstack_msgs2/msg/_attitude_command.py
-- Up-to-date: /home/lorenzo/code/dynus_lite/dynus_lite_ws/install/snapstack_msgs2/local/lib/python3.10/dist-packages/snapstack_msgs2/msg/_state.py
-- Up-to-date: /home/lorenzo/code/dynus_lite/dynus_lite_ws/install/snapstack_msgs2/local/lib/python3.10/dist-packages/snapstack_msgs2/msg/_control_log_s.c
-- Up-to-date: /home/lorenzo/code/dynus_lite/dynus_lite_ws/install/snapstack_msgs2/local/lib/python3.10/dist-packages/snapstack_msgs2/msg/_smc_data.py
-- Up-to-date: /home/lorenzo/code/dynus_lite/dynus_lite_ws/install/snapstack_msgs2/local/lib/python3.10/dist-packages/snapstack_msgs2/msg/_time_filter.py
-- Up-to-date: /home/lorenzo/code/dynus_lite/dynus_lite_ws/install/snapstack_msgs2/local/lib/python3.10/dist-packages/snapstack_msgs2/msg/_motors.py
-- Up-to-date: /home/lorenzo/code/dynus_lite/dynus_lite_ws/install/snapstack_msgs2/local/lib/python3.10/dist-packages/snapstack_msgs2/msg/_vio_filter_state.py
-- Up-to-date: /home/lorenzo/code/dynus_lite/dynus_lite_ws/install/snapstack_msgs2/local/lib/python3.10/dist-packages/snapstack_msgs2/msg/_imu_s.c
-- Up-to-date: /home/lorenzo/code/dynus_lite/dynus_lite_ws/install/snapstack_msgs2/local/lib/python3.10/dist-packages/snapstack_msgs2/msg/_vio_filter_state_s.c
-- Up-to-date: /home/lorenzo/code/dynus_lite/dynus_lite_ws/install/snapstack_msgs2/local/lib/python3.10/dist-packages/snapstack_msgs2/msg/_comm_age.py
-- Up-to-date: /home/lorenzo/code/dynus_lite/dynus_lite_ws/install/snapstack_msgs2/local/lib/python3.10/dist-packages/snapstack_msgs2/msg/_goal_s.c
-- Up-to-date: /home/lorenzo/code/dynus_lite/dynus_lite_ws/install/snapstack_msgs2/local/lib/python3.10/dist-packages/snapstack_msgs2/msg/_control_log.py
Listing '/home/lorenzo/code/dynus_lite/dynus_lite_ws/install/snapstack_msgs2/local/lib/python3.10/dist-packages/snapstack_msgs2'...
Listing '/home/lorenzo/code/dynus_lite/dynus_lite_ws/install/snapstack_msgs2/local/lib/python3.10/dist-packages/snapstack_msgs2/msg'...
-- Up-to-date: /home/lorenzo/code/dynus_lite/dynus_lite_ws/install/snapstack_msgs2/local/lib/python3.10/dist-packages/snapstack_msgs2/snapstack_msgs2_s__rosidl_typesupport_fastrtps_c.cpython-310-x86_64-linux-gnu.so
-- Up-to-date: /home/lorenzo/code/dynus_lite/dynus_lite_ws/install/snapstack_msgs2/local/lib/python3.10/dist-packages/snapstack_msgs2/snapstack_msgs2_s__rosidl_typesupport_introspection_c.cpython-310-x86_64-linux-gnu.so
-- Up-to-date: /home/lorenzo/code/dynus_lite/dynus_lite_ws/install/snapstack_msgs2/local/lib/python3.10/dist-packages/snapstack_msgs2/snapstack_msgs2_s__rosidl_typesupport_c.cpython-310-x86_64-linux-gnu.so
-- Up-to-date: /home/lorenzo/code/dynus_lite/dynus_lite_ws/install/snapstack_msgs2/lib/libsnapstack_msgs2__rosidl_generator_py.so
-- Up-to-date: /home/lorenzo/code/dynus_lite/dynus_lite_ws/install/snapstack_msgs2/share/snapstack_msgs2/msg/ControlLog.idl
-- Up-to-date: /home/lorenzo/code/dynus_lite/dynus_lite_ws/install/snapstack_msgs2/share/snapstack_msgs2/msg/AttitudeCommand.idl
-- Up-to-date: /home/lorenzo/code/dynus_lite/dynus_lite_ws/install/snapstack_msgs2/share/snapstack_msgs2/msg/Goal.idl
-- Up-to-date: /home/lorenzo/code/dynus_lite/dynus_lite_ws/install/snapstack_msgs2/share/snapstack_msgs2/msg/QuadFlightMode.idl
-- Up-to-date: /home/lorenzo/code/dynus_lite/dynus_lite_ws/install/snapstack_msgs2/share/snapstack_msgs2/msg/State.idl
-- Up-to-date: /home/lorenzo/code/dynus_lite/dynus_lite_ws/install/snapstack_msgs2/share/snapstack_msgs2/msg/CommAge.idl
-- Up-to-date: /home/lorenzo/code/dynus_lite/dynus_lite_ws/install/snapstack_msgs2/share/snapstack_msgs2/msg/IMU.idl
-- Up-to-date: /home/lorenzo/code/dynus_lite/dynus_lite_ws/install/snapstack_msgs2/share/snapstack_msgs2/msg/SMCData.idl
-- Up-to-date: /home/lorenzo/code/dynus_lite/dynus_lite_ws/install/snapstack_msgs2/share/snapstack_msgs2/msg/Motors.idl
-- Up-to-date: /home/lorenzo/code/dynus_lite/dynus_lite_ws/install/snapstack_msgs2/share/snapstack_msgs2/msg/VioFilterState.idl
-- Up-to-date: /home/lorenzo/code/dynus_lite/dynus_lite_ws/install/snapstack_msgs2/share/snapstack_msgs2/msg/TimeFilter.idl
-- Up-to-date: /home/lorenzo/code/dynus_lite/dynus_lite_ws/install/snapstack_msgs2/share/snapstack_msgs2/msg/ControlLog.msg
-- Up-to-date: /home/lorenzo/code/dynus_lite/dynus_lite_ws/install/snapstack_msgs2/share/snapstack_msgs2/msg/AttitudeCommand.msg
-- Up-to-date: /home/lorenzo/code/dynus_lite/dynus_lite_ws/install/snapstack_msgs2/share/snapstack_msgs2/msg/Goal.msg
-- Up-to-date: /home/lorenzo/code/dynus_lite/dynus_lite_ws/install/snapstack_msgs2/share/snapstack_msgs2/msg/QuadFlightMode.msg
-- Up-to-date: /home/lorenzo/code/dynus_lite/dynus_lite_ws/install/snapstack_msgs2/share/snapstack_msgs2/msg/State.msg
-- Up-to-date: /home/lorenzo/code/dynus_lite/dynus_lite_ws/install/snapstack_msgs2/share/snapstack_msgs2/msg/CommAge.msg
-- Up-to-date: /home/lorenzo/code/dynus_lite/dynus_lite_ws/install/snapstack_msgs2/share/snapstack_msgs2/msg/IMU.msg
-- Up-to-date: /home/lorenzo/code/dynus_lite/dynus_lite_ws/install/snapstack_msgs2/share/snapstack_msgs2/msg/SMCData.msg
-- Up-to-date: /home/lorenzo/code/dynus_lite/dynus_lite_ws/install/snapstack_msgs2/share/snapstack_msgs2/msg/Motors.msg
-- Up-to-date: /home/lorenzo/code/dynus_lite/dynus_lite_ws/install/snapstack_msgs2/share/snapstack_msgs2/msg/VioFilterState.msg
-- Up-to-date: /home/lorenzo/code/dynus_lite/dynus_lite_ws/install/snapstack_msgs2/share/snapstack_msgs2/msg/TimeFilter.msg
-- Up-to-date: /home/lorenzo/code/dynus_lite/dynus_lite_ws/install/snapstack_msgs2/share/ament_index/resource_index/package_run_dependencies/snapstack_msgs2
-- Up-to-date: /home/lorenzo/code/dynus_lite/dynus_lite_ws/install/snapstack_msgs2/share/ament_index/resource_index/parent_prefix_path/snapstack_msgs2
-- Up-to-date: /home/lorenzo/code/dynus_lite/dynus_lite_ws/install/snapstack_msgs2/share/snapstack_msgs2/environment/ament_prefix_path.sh
-- Up-to-date: /home/lorenzo/code/dynus_lite/dynus_lite_ws/install/snapstack_msgs2/share/snapstack_msgs2/environment/ament_prefix_path.dsv
-- Up-to-date: /home/lorenzo/code/dynus_lite/dynus_lite_ws/install/snapstack_msgs2/share/snapstack_msgs2/environment/path.sh
-- Up-to-date: /home/lorenzo/code/dynus_lite/dynus_lite_ws/install/snapstack_msgs2/share/snapstack_msgs2/environment/path.dsv
-- Up-to-date: /home/lorenzo/code/dynus_lite/dynus_lite_ws/install/snapstack_msgs2/share/snapstack_msgs2/local_setup.bash
-- Up-to-date: /home/lorenzo/code/dynus_lite/dynus_lite_ws/install/snapstack_msgs2/share/snapstack_msgs2/local_setup.sh
-- Up-to-date: /home/lorenzo/code/dynus_lite/dynus_lite_ws/install/snapstack_msgs2/share/snapstack_msgs2/local_setup.zsh
-- Up-to-date: /home/lorenzo/code/dynus_lite/dynus_lite_ws/install/snapstack_msgs2/share/snapstack_msgs2/local_setup.dsv
-- Installing: /home/lorenzo/code/dynus_lite/dynus_lite_ws/install/snapstack_msgs2/share/snapstack_msgs2/package.dsv
-- Up-to-date: /home/lorenzo/code/dynus_lite/dynus_lite_ws/install/snapstack_msgs2/share/ament_index/resource_index/packages/snapstack_msgs2
-- Up-to-date: /home/lorenzo/code/dynus_lite/dynus_lite_ws/install/snapstack_msgs2/share/snapstack_msgs2/cmake/export_snapstack_msgs2__rosidl_generator_cExport.cmake
-- Up-to-date: /home/lorenzo/code/dynus_lite/dynus_lite_ws/install/snapstack_msgs2/share/snapstack_msgs2/cmake/export_snapstack_msgs2__rosidl_generator_cExport-noconfig.cmake
-- Up-to-date: /home/lorenzo/code/dynus_lite/dynus_lite_ws/install/snapstack_msgs2/share/snapstack_msgs2/cmake/export_snapstack_msgs2__rosidl_typesupport_fastrtps_cExport.cmake
-- Up-to-date: /home/lorenzo/code/dynus_lite/dynus_lite_ws/install/snapstack_msgs2/share/snapstack_msgs2/cmake/export_snapstack_msgs2__rosidl_typesupport_fastrtps_cExport-noconfig.cmake
-- Up-to-date: /home/lorenzo/code/dynus_lite/dynus_lite_ws/install/snapstack_msgs2/share/snapstack_msgs2/cmake/snapstack_msgs2__rosidl_typesupport_introspection_cExport.cmake
-- Up-to-date: /home/lorenzo/code/dynus_lite/dynus_lite_ws/install/snapstack_msgs2/share/snapstack_msgs2/cmake/snapstack_msgs2__rosidl_typesupport_introspection_cExport-noconfig.cmake
-- Up-to-date: /home/lorenzo/code/dynus_lite/dynus_lite_ws/install/snapstack_msgs2/share/snapstack_msgs2/cmake/snapstack_msgs2__rosidl_typesupport_cExport.cmake
-- Up-to-date: /home/lorenzo/code/dynus_lite/dynus_lite_ws/install/snapstack_msgs2/share/snapstack_msgs2/cmake/snapstack_msgs2__rosidl_typesupport_cExport-noconfig.cmake
-- Up-to-date: /home/lorenzo/code/dynus_lite/dynus_lite_ws/install/snapstack_msgs2/share/snapstack_msgs2/cmake/export_snapstack_msgs2__rosidl_generator_cppExport.cmake
-- Up-to-date: /home/lorenzo/code/dynus_lite/dynus_lite_ws/install/snapstack_msgs2/share/snapstack_msgs2/cmake/export_snapstack_msgs2__rosidl_typesupport_fastrtps_cppExport.cmake
-- Up-to-date: /home/lorenzo/code/dynus_lite/dynus_lite_ws/install/snapstack_msgs2/share/snapstack_msgs2/cmake/export_snapstack_msgs2__rosidl_typesupport_fastrtps_cppExport-noconfig.cmake
-- Up-to-date: /home/lorenzo/code/dynus_lite/dynus_lite_ws/install/snapstack_msgs2/share/snapstack_msgs2/cmake/snapstack_msgs2__rosidl_typesupport_introspection_cppExport.cmake
-- Up-to-date: /home/lorenzo/code/dynus_lite/dynus_lite_ws/install/snapstack_msgs2/share/snapstack_msgs2/cmake/snapstack_msgs2__rosidl_typesupport_introspection_cppExport-noconfig.cmake
-- Up-to-date: /home/lorenzo/code/dynus_lite/dynus_lite_ws/install/snapstack_msgs2/share/snapstack_msgs2/cmake/snapstack_msgs2__rosidl_typesupport_cppExport.cmake
-- Up-to-date: /home/lorenzo/code/dynus_lite/dynus_lite_ws/install/snapstack_msgs2/share/snapstack_msgs2/cmake/snapstack_msgs2__rosidl_typesupport_cppExport-noconfig.cmake
-- Up-to-date: /home/lorenzo/code/dynus_lite/dynus_lite_ws/install/snapstack_msgs2/share/snapstack_msgs2/cmake/export_snapstack_msgs2__rosidl_generator_pyExport.cmake
-- Up-to-date: /home/lorenzo/code/dynus_lite/dynus_lite_ws/install/snapstack_msgs2/share/snapstack_msgs2/cmake/export_snapstack_msgs2__rosidl_generator_pyExport-noconfig.cmake
-- Up-to-date: /home/lorenzo/code/dynus_lite/dynus_lite_ws/install/snapstack_msgs2/share/snapstack_msgs2/cmake/rosidl_cmake-extras.cmake
-- Up-to-date: /home/lorenzo/code/dynus_lite/dynus_lite_ws/install/snapstack_msgs2/share/snapstack_msgs2/cmake/ament_cmake_export_dependencies-extras.cmake
-- Up-to-date: /home/lorenzo/code/dynus_lite/dynus_lite_ws/install/snapstack_msgs2/share/snapstack_msgs2/cmake/ament_cmake_export_include_directories-extras.cmake
-- Up-to-date: /home/lorenzo/code/dynus_lite/dynus_lite_ws/install/snapstack_msgs2/share/snapstack_msgs2/cmake/ament_cmake_export_libraries-extras.cmake
-- Up-to-date: /home/lorenzo/code/dynus_lite/dynus_lite_ws/install/snapstack_msgs2/share/snapstack_msgs2/cmake/ament_cmake_export_targets-extras.cmake
-- Up-to-date: /home/lorenzo/code/dynus_lite/dynus_lite_ws/install/snapstack_msgs2/share/snapstack_msgs2/cmake/rosidl_cmake_export_typesupport_targets-extras.cmake
-- Up-to-date: /home/lorenzo/code/dynus_lite/dynus_lite_ws/install/snapstack_msgs2/share/snapstack_msgs2/cmake/rosidl_cmake_export_typesupport_libraries-extras.cmake
-- Up-to-date: /home/lorenzo/code/dynus_lite/dynus_lite_ws/install/snapstack_msgs2/share/snapstack_msgs2/cmake/snapstack_msgs2Config.cmake
-- Up-to-date: /home/lorenzo/code/dynus_lite/dynus_lite_ws/install/snapstack_msgs2/share/snapstack_msgs2/cmake/snapstack_msgs2Config-version.cmake
-- Up-to-date: /home/lorenzo/code/dynus_lite/dynus_lite_ws/install/snapstack_msgs2/share/snapstack_msgs2/package.xml
