[0.001s] Invoking command in '/home/lorenzo/code/dynus_lite/dynus_lite_ws/build/snapstack_msgs2': CMAKE_PREFIX_PATH=${CMAKE_PREFIX_PATH}:/opt/ros/humble /usr/bin/cmake --build /home/lorenzo/code/dynus_lite/dynus_lite_ws/build/snapstack_msgs2 -- -j8 -l8
[1.620s] [35m[1mConsolidate compiler generated dependencies of target snapstack_msgs2__rosidl_generator_c[0m
[1.620s] [  0%] Built target snapstack_msgs2__cpp
[1.620s] [ 12%] Built target snapstack_msgs2__rosidl_generator_c
[1.620s] [35m[1mConsolidate compiler generated dependencies of target snapstack_msgs2__rosidl_typesupport_cpp[0m
[1.621s] [ 12%] Built target ament_cmake_python_copy_snapstack_msgs2
[1.621s] [35m[1mConsolidate compiler generated dependencies of target snapstack_msgs2__rosidl_typesupport_introspection_cpp[0m
[1.621s] [ 24%] Built target snapstack_msgs2__rosidl_typesupport_cpp
[1.621s] [35m[1mConsolidate compiler generated dependencies of target snapstack_msgs2__rosidl_typesupport_c[0m
[1.621s] [ 36%] Built target snapstack_msgs2__rosidl_typesupport_introspection_cpp
[1.621s] [ 48%] Built target snapstack_msgs2__rosidl_typesupport_c
[1.621s] [35m[1mConsolidate compiler generated dependencies of target snapstack_msgs2__rosidl_typesupport_introspection_c[0m
[1.621s] [35m[1mConsolidate compiler generated dependencies of target snapstack_msgs2__rosidl_typesupport_fastrtps_c[0m
[1.621s] [ 60%] Built target snapstack_msgs2__rosidl_typesupport_introspection_c
[1.621s] [ 72%] Built target snapstack_msgs2__rosidl_typesupport_fastrtps_c
[1.621s] [35m[1mConsolidate compiler generated dependencies of target snapstack_msgs2__rosidl_typesupport_fastrtps_cpp[0m
[1.622s] [ 83%] Built target snapstack_msgs2__rosidl_typesupport_fastrtps_cpp
[1.622s] [ 83%] Built target snapstack_msgs2
[1.622s] [ 84%] Built target snapstack_msgs2__py
[1.622s] [35m[1mConsolidate compiler generated dependencies of target snapstack_msgs2__rosidl_generator_py[0m
[1.622s] [ 95%] Built target snapstack_msgs2__rosidl_generator_py
[1.622s] [35m[1mConsolidate compiler generated dependencies of target snapstack_msgs2__rosidl_typesupport_introspection_c__pyext[0m
[1.622s] [35m[1mConsolidate compiler generated dependencies of target snapstack_msgs2__rosidl_typesupport_fastrtps_c__pyext[0m
[1.622s] [ 97%] Built target snapstack_msgs2__rosidl_typesupport_introspection_c__pyext
[1.622s] [ 99%] Built target snapstack_msgs2__rosidl_typesupport_fastrtps_c__pyext
[1.622s] [35m[1mConsolidate compiler generated dependencies of target snapstack_msgs2__rosidl_typesupport_c__pyext[0m
[1.622s] [100%] Built target snapstack_msgs2__rosidl_typesupport_c__pyext
[1.936s] running egg_info
[1.943s] writing snapstack_msgs2.egg-info/PKG-INFO
[1.943s] writing dependency_links to snapstack_msgs2.egg-info/dependency_links.txt
[1.950s] writing top-level names to snapstack_msgs2.egg-info/top_level.txt
[1.971s] reading manifest file 'snapstack_msgs2.egg-info/SOURCES.txt'
[1.975s] writing manifest file 'snapstack_msgs2.egg-info/SOURCES.txt'
[2.157s] [100%] Built target ament_cmake_python_build_snapstack_msgs2_egg
[2.203s] Invoked command in '/home/lorenzo/code/dynus_lite/dynus_lite_ws/build/snapstack_msgs2' returned '0': CMAKE_PREFIX_PATH=${CMAKE_PREFIX_PATH}:/opt/ros/humble /usr/bin/cmake --build /home/lorenzo/code/dynus_lite/dynus_lite_ws/build/snapstack_msgs2 -- -j8 -l8
[2.204s] Invoking command in '/home/lorenzo/code/dynus_lite/dynus_lite_ws/build/snapstack_msgs2': CMAKE_PREFIX_PATH=${CMAKE_PREFIX_PATH}:/opt/ros/humble /usr/bin/cmake --install /home/lorenzo/code/dynus_lite/dynus_lite_ws/build/snapstack_msgs2
[4.953s] -- Install configuration: ""
[4.953s] -- Up-to-date: /home/lorenzo/code/dynus_lite/dynus_lite_ws/install/snapstack_msgs2/share/ament_index/resource_index/rosidl_interfaces/snapstack_msgs2
[4.953s] -- Up-to-date: /home/lorenzo/code/dynus_lite/dynus_lite_ws/install/snapstack_msgs2/include/snapstack_msgs2/snapstack_msgs2
[4.953s] -- Up-to-date: /home/lorenzo/code/dynus_lite/dynus_lite_ws/install/snapstack_msgs2/include/snapstack_msgs2/snapstack_msgs2/msg
[4.953s] -- Up-to-date: /home/lorenzo/code/dynus_lite/dynus_lite_ws/install/snapstack_msgs2/include/snapstack_msgs2/snapstack_msgs2/msg/time_filter.h
[4.953s] -- Up-to-date: /home/lorenzo/code/dynus_lite/dynus_lite_ws/install/snapstack_msgs2/include/snapstack_msgs2/snapstack_msgs2/msg/motors.h
[4.953s] -- Up-to-date: /home/lorenzo/code/dynus_lite/dynus_lite_ws/install/snapstack_msgs2/include/snapstack_msgs2/snapstack_msgs2/msg/detail
[4.953s] -- Up-to-date: /home/lorenzo/code/dynus_lite/dynus_lite_ws/install/snapstack_msgs2/include/snapstack_msgs2/snapstack_msgs2/msg/detail/motors__functions.h
[4.953s] -- Up-to-date: /home/lorenzo/code/dynus_lite/dynus_lite_ws/install/snapstack_msgs2/include/snapstack_msgs2/snapstack_msgs2/msg/detail/state__struct.h
[4.953s] -- Up-to-date: /home/lorenzo/code/dynus_lite/dynus_lite_ws/install/snapstack_msgs2/include/snapstack_msgs2/snapstack_msgs2/msg/detail/smc_data__functions.c
[4.954s] -- Up-to-date: /home/lorenzo/code/dynus_lite/dynus_lite_ws/install/snapstack_msgs2/include/snapstack_msgs2/snapstack_msgs2/msg/detail/smc_data__functions.h
[4.957s] -- Up-to-date: /home/lorenzo/code/dynus_lite/dynus_lite_ws/install/snapstack_msgs2/include/snapstack_msgs2/snapstack_msgs2/msg/detail/quad_flight_mode__struct.h
[4.957s] -- Up-to-date: /home/lorenzo/code/dynus_lite/dynus_lite_ws/install/snapstack_msgs2/include/snapstack_msgs2/snapstack_msgs2/msg/detail/smc_data__type_support.h
[4.957s] -- Up-to-date: /home/lorenzo/code/dynus_lite/dynus_lite_ws/install/snapstack_msgs2/include/snapstack_msgs2/snapstack_msgs2/msg/detail/imu__type_support.h
[4.957s] -- Up-to-date: /home/lorenzo/code/dynus_lite/dynus_lite_ws/install/snapstack_msgs2/include/snapstack_msgs2/snapstack_msgs2/msg/detail/attitude_command__struct.h
[4.957s] -- Up-to-date: /home/lorenzo/code/dynus_lite/dynus_lite_ws/install/snapstack_msgs2/include/snapstack_msgs2/snapstack_msgs2/msg/detail/imu__functions.h
[4.957s] -- Up-to-date: /home/lorenzo/code/dynus_lite/dynus_lite_ws/install/snapstack_msgs2/include/snapstack_msgs2/snapstack_msgs2/msg/detail/quad_flight_mode__type_support.h
[4.957s] -- Up-to-date: /home/lorenzo/code/dynus_lite/dynus_lite_ws/install/snapstack_msgs2/include/snapstack_msgs2/snapstack_msgs2/msg/detail/quad_flight_mode__functions.c
[4.957s] -- Up-to-date: /home/lorenzo/code/dynus_lite/dynus_lite_ws/install/snapstack_msgs2/include/snapstack_msgs2/snapstack_msgs2/msg/detail/attitude_command__type_support.h
[4.958s] -- Up-to-date: /home/lorenzo/code/dynus_lite/dynus_lite_ws/install/snapstack_msgs2/include/snapstack_msgs2/snapstack_msgs2/msg/detail/comm_age__struct.h
[4.958s] -- Up-to-date: /home/lorenzo/code/dynus_lite/dynus_lite_ws/install/snapstack_msgs2/include/snapstack_msgs2/snapstack_msgs2/msg/detail/state__functions.h
[4.958s] -- Up-to-date: /home/lorenzo/code/dynus_lite/dynus_lite_ws/install/snapstack_msgs2/include/snapstack_msgs2/snapstack_msgs2/msg/detail/vio_filter_state__struct.h
[4.958s] -- Up-to-date: /home/lorenzo/code/dynus_lite/dynus_lite_ws/install/snapstack_msgs2/include/snapstack_msgs2/snapstack_msgs2/msg/detail/imu__functions.c
[4.958s] -- Up-to-date: /home/lorenzo/code/dynus_lite/dynus_lite_ws/install/snapstack_msgs2/include/snapstack_msgs2/snapstack_msgs2/msg/detail/control_log__functions.c
[4.958s] -- Up-to-date: /home/lorenzo/code/dynus_lite/dynus_lite_ws/install/snapstack_msgs2/include/snapstack_msgs2/snapstack_msgs2/msg/detail/motors__functions.c
[4.958s] -- Up-to-date: /home/lorenzo/code/dynus_lite/dynus_lite_ws/install/snapstack_msgs2/include/snapstack_msgs2/snapstack_msgs2/msg/detail/control_log__struct.h
[4.958s] -- Up-to-date: /home/lorenzo/code/dynus_lite/dynus_lite_ws/install/snapstack_msgs2/include/snapstack_msgs2/snapstack_msgs2/msg/detail/goal__type_support.h
[4.958s] -- Up-to-date: /home/lorenzo/code/dynus_lite/dynus_lite_ws/install/snapstack_msgs2/include/snapstack_msgs2/snapstack_msgs2/msg/detail/goal__functions.c
[4.958s] -- Up-to-date: /home/lorenzo/code/dynus_lite/dynus_lite_ws/install/snapstack_msgs2/include/snapstack_msgs2/snapstack_msgs2/msg/detail/state__functions.c
[4.959s] -- Up-to-date: /home/lorenzo/code/dynus_lite/dynus_lite_ws/install/snapstack_msgs2/include/snapstack_msgs2/snapstack_msgs2/msg/detail/control_log__type_support.h
[4.959s] -- Up-to-date: /home/lorenzo/code/dynus_lite/dynus_lite_ws/install/snapstack_msgs2/include/snapstack_msgs2/snapstack_msgs2/msg/detail/attitude_command__functions.h
[4.959s] -- Up-to-date: /home/lorenzo/code/dynus_lite/dynus_lite_ws/install/snapstack_msgs2/include/snapstack_msgs2/snapstack_msgs2/msg/detail/goal__functions.h
[4.959s] -- Up-to-date: /home/lorenzo/code/dynus_lite/dynus_lite_ws/install/snapstack_msgs2/include/snapstack_msgs2/snapstack_msgs2/msg/detail/control_log__functions.h
[4.959s] -- Up-to-date: /home/lorenzo/code/dynus_lite/dynus_lite_ws/install/snapstack_msgs2/include/snapstack_msgs2/snapstack_msgs2/msg/detail/imu__struct.h
[4.959s] -- Up-to-date: /home/lorenzo/code/dynus_lite/dynus_lite_ws/install/snapstack_msgs2/include/snapstack_msgs2/snapstack_msgs2/msg/detail/vio_filter_state__type_support.h
[4.959s] -- Up-to-date: /home/lorenzo/code/dynus_lite/dynus_lite_ws/install/snapstack_msgs2/include/snapstack_msgs2/snapstack_msgs2/msg/detail/comm_age__functions.c
[4.959s] -- Up-to-date: /home/lorenzo/code/dynus_lite/dynus_lite_ws/install/snapstack_msgs2/include/snapstack_msgs2/snapstack_msgs2/msg/detail/comm_age__type_support.h
[4.959s] -- Up-to-date: /home/lorenzo/code/dynus_lite/dynus_lite_ws/install/snapstack_msgs2/include/snapstack_msgs2/snapstack_msgs2/msg/detail/goal__struct.h
[4.959s] -- Up-to-date: /home/lorenzo/code/dynus_lite/dynus_lite_ws/install/snapstack_msgs2/include/snapstack_msgs2/snapstack_msgs2/msg/detail/attitude_command__functions.c
[4.960s] -- Up-to-date: /home/lorenzo/code/dynus_lite/dynus_lite_ws/install/snapstack_msgs2/include/snapstack_msgs2/snapstack_msgs2/msg/detail/comm_age__functions.h
[4.988s] -- Up-to-date: /home/lorenzo/code/dynus_lite/dynus_lite_ws/install/snapstack_msgs2/include/snapstack_msgs2/snapstack_msgs2/msg/detail/motors__type_support.h
[4.988s] -- Up-to-date: /home/lorenzo/code/dynus_lite/dynus_lite_ws/install/snapstack_msgs2/include/snapstack_msgs2/snapstack_msgs2/msg/detail/quad_flight_mode__functions.h
[4.988s] -- Up-to-date: /home/lorenzo/code/dynus_lite/dynus_lite_ws/install/snapstack_msgs2/include/snapstack_msgs2/snapstack_msgs2/msg/detail/time_filter__struct.h
[4.988s] -- Up-to-date: /home/lorenzo/code/dynus_lite/dynus_lite_ws/install/snapstack_msgs2/include/snapstack_msgs2/snapstack_msgs2/msg/detail/time_filter__functions.h
[4.988s] -- Up-to-date: /home/lorenzo/code/dynus_lite/dynus_lite_ws/install/snapstack_msgs2/include/snapstack_msgs2/snapstack_msgs2/msg/detail/smc_data__struct.h
[4.989s] -- Up-to-date: /home/lorenzo/code/dynus_lite/dynus_lite_ws/install/snapstack_msgs2/include/snapstack_msgs2/snapstack_msgs2/msg/detail/vio_filter_state__functions.c
[4.989s] -- Up-to-date: /home/lorenzo/code/dynus_lite/dynus_lite_ws/install/snapstack_msgs2/include/snapstack_msgs2/snapstack_msgs2/msg/detail/time_filter__type_support.h
[4.989s] -- Up-to-date: /home/lorenzo/code/dynus_lite/dynus_lite_ws/install/snapstack_msgs2/include/snapstack_msgs2/snapstack_msgs2/msg/detail/time_filter__functions.c
[4.989s] -- Up-to-date: /home/lorenzo/code/dynus_lite/dynus_lite_ws/install/snapstack_msgs2/include/snapstack_msgs2/snapstack_msgs2/msg/detail/motors__struct.h
[4.989s] -- Up-to-date: /home/lorenzo/code/dynus_lite/dynus_lite_ws/install/snapstack_msgs2/include/snapstack_msgs2/snapstack_msgs2/msg/detail/state__type_support.h
[4.989s] -- Up-to-date: /home/lorenzo/code/dynus_lite/dynus_lite_ws/install/snapstack_msgs2/include/snapstack_msgs2/snapstack_msgs2/msg/detail/vio_filter_state__functions.h
[4.989s] -- Up-to-date: /home/lorenzo/code/dynus_lite/dynus_lite_ws/install/snapstack_msgs2/include/snapstack_msgs2/snapstack_msgs2/msg/rosidl_generator_c__visibility_control.h
[4.989s] -- Up-to-date: /home/lorenzo/code/dynus_lite/dynus_lite_ws/install/snapstack_msgs2/include/snapstack_msgs2/snapstack_msgs2/msg/imu.h
[4.989s] -- Up-to-date: /home/lorenzo/code/dynus_lite/dynus_lite_ws/install/snapstack_msgs2/include/snapstack_msgs2/snapstack_msgs2/msg/attitude_command.h
[4.989s] -- Up-to-date: /home/lorenzo/code/dynus_lite/dynus_lite_ws/install/snapstack_msgs2/include/snapstack_msgs2/snapstack_msgs2/msg/goal.h
[4.989s] -- Up-to-date: /home/lorenzo/code/dynus_lite/dynus_lite_ws/install/snapstack_msgs2/include/snapstack_msgs2/snapstack_msgs2/msg/vio_filter_state.h
[4.990s] -- Up-to-date: /home/lorenzo/code/dynus_lite/dynus_lite_ws/install/snapstack_msgs2/include/snapstack_msgs2/snapstack_msgs2/msg/smc_data.h
[4.990s] -- Up-to-date: /home/lorenzo/code/dynus_lite/dynus_lite_ws/install/snapstack_msgs2/include/snapstack_msgs2/snapstack_msgs2/msg/state.h
[4.990s] -- Up-to-date: /home/lorenzo/code/dynus_lite/dynus_lite_ws/install/snapstack_msgs2/include/snapstack_msgs2/snapstack_msgs2/msg/comm_age.h
[4.990s] -- Up-to-date: /home/lorenzo/code/dynus_lite/dynus_lite_ws/install/snapstack_msgs2/include/snapstack_msgs2/snapstack_msgs2/msg/quad_flight_mode.h
[4.990s] -- Up-to-date: /home/lorenzo/code/dynus_lite/dynus_lite_ws/install/snapstack_msgs2/include/snapstack_msgs2/snapstack_msgs2/msg/control_log.h
[4.990s] -- Up-to-date: /home/lorenzo/code/dynus_lite/dynus_lite_ws/install/snapstack_msgs2/share/snapstack_msgs2/environment/library_path.sh
[4.990s] -- Up-to-date: /home/lorenzo/code/dynus_lite/dynus_lite_ws/install/snapstack_msgs2/share/snapstack_msgs2/environment/library_path.dsv
[4.990s] -- Up-to-date: /home/lorenzo/code/dynus_lite/dynus_lite_ws/install/snapstack_msgs2/lib/libsnapstack_msgs2__rosidl_generator_c.so
[4.990s] -- Up-to-date: /home/lorenzo/code/dynus_lite/dynus_lite_ws/install/snapstack_msgs2/include/snapstack_msgs2/snapstack_msgs2
[4.990s] -- Up-to-date: /home/lorenzo/code/dynus_lite/dynus_lite_ws/install/snapstack_msgs2/include/snapstack_msgs2/snapstack_msgs2/msg
[4.990s] -- Up-to-date: /home/lorenzo/code/dynus_lite/dynus_lite_ws/install/snapstack_msgs2/include/snapstack_msgs2/snapstack_msgs2/msg/rosidl_typesupport_fastrtps_c__visibility_control.h
[4.991s] -- Up-to-date: /home/lorenzo/code/dynus_lite/dynus_lite_ws/install/snapstack_msgs2/include/snapstack_msgs2/snapstack_msgs2/msg/detail
[4.996s] -- Up-to-date: /home/lorenzo/code/dynus_lite/dynus_lite_ws/install/snapstack_msgs2/include/snapstack_msgs2/snapstack_msgs2/msg/detail/motors__rosidl_typesupport_fastrtps_c.h
[4.996s] -- Up-to-date: /home/lorenzo/code/dynus_lite/dynus_lite_ws/install/snapstack_msgs2/include/snapstack_msgs2/snapstack_msgs2/msg/detail/comm_age__rosidl_typesupport_fastrtps_c.h
[4.996s] -- Up-to-date: /home/lorenzo/code/dynus_lite/dynus_lite_ws/install/snapstack_msgs2/include/snapstack_msgs2/snapstack_msgs2/msg/detail/imu__rosidl_typesupport_fastrtps_c.h
[4.996s] -- Up-to-date: /home/lorenzo/code/dynus_lite/dynus_lite_ws/install/snapstack_msgs2/include/snapstack_msgs2/snapstack_msgs2/msg/detail/smc_data__rosidl_typesupport_fastrtps_c.h
[4.996s] -- Up-to-date: /home/lorenzo/code/dynus_lite/dynus_lite_ws/install/snapstack_msgs2/include/snapstack_msgs2/snapstack_msgs2/msg/detail/time_filter__rosidl_typesupport_fastrtps_c.h
[4.996s] -- Up-to-date: /home/lorenzo/code/dynus_lite/dynus_lite_ws/install/snapstack_msgs2/include/snapstack_msgs2/snapstack_msgs2/msg/detail/vio_filter_state__rosidl_typesupport_fastrtps_c.h
[4.996s] -- Up-to-date: /home/lorenzo/code/dynus_lite/dynus_lite_ws/install/snapstack_msgs2/include/snapstack_msgs2/snapstack_msgs2/msg/detail/attitude_command__rosidl_typesupport_fastrtps_c.h
[4.997s] -- Up-to-date: /home/lorenzo/code/dynus_lite/dynus_lite_ws/install/snapstack_msgs2/include/snapstack_msgs2/snapstack_msgs2/msg/detail/control_log__rosidl_typesupport_fastrtps_c.h
[4.997s] -- Up-to-date: /home/lorenzo/code/dynus_lite/dynus_lite_ws/install/snapstack_msgs2/include/snapstack_msgs2/snapstack_msgs2/msg/detail/goal__rosidl_typesupport_fastrtps_c.h
[4.997s] -- Up-to-date: /home/lorenzo/code/dynus_lite/dynus_lite_ws/install/snapstack_msgs2/include/snapstack_msgs2/snapstack_msgs2/msg/detail/quad_flight_mode__rosidl_typesupport_fastrtps_c.h
[4.997s] -- Up-to-date: /home/lorenzo/code/dynus_lite/dynus_lite_ws/install/snapstack_msgs2/include/snapstack_msgs2/snapstack_msgs2/msg/detail/state__rosidl_typesupport_fastrtps_c.h
[4.997s] -- Up-to-date: /home/lorenzo/code/dynus_lite/dynus_lite_ws/install/snapstack_msgs2/lib/libsnapstack_msgs2__rosidl_typesupport_fastrtps_c.so
[4.997s] -- Up-to-date: /home/lorenzo/code/dynus_lite/dynus_lite_ws/install/snapstack_msgs2/include/snapstack_msgs2/snapstack_msgs2
[4.997s] -- Up-to-date: /home/lorenzo/code/dynus_lite/dynus_lite_ws/install/snapstack_msgs2/include/snapstack_msgs2/snapstack_msgs2/msg
[4.997s] -- Up-to-date: /home/lorenzo/code/dynus_lite/dynus_lite_ws/install/snapstack_msgs2/include/snapstack_msgs2/snapstack_msgs2/msg/detail
[4.997s] -- Up-to-date: /home/lorenzo/code/dynus_lite/dynus_lite_ws/install/snapstack_msgs2/include/snapstack_msgs2/snapstack_msgs2/msg/detail/attitude_command__rosidl_typesupport_introspection_c.h
[4.997s] -- Up-to-date: /home/lorenzo/code/dynus_lite/dynus_lite_ws/install/snapstack_msgs2/include/snapstack_msgs2/snapstack_msgs2/msg/detail/control_log__type_support.c
[4.998s] -- Up-to-date: /home/lorenzo/code/dynus_lite/dynus_lite_ws/install/snapstack_msgs2/include/snapstack_msgs2/snapstack_msgs2/msg/detail/comm_age__rosidl_typesupport_introspection_c.h
[4.998s] -- Up-to-date: /home/lorenzo/code/dynus_lite/dynus_lite_ws/install/snapstack_msgs2/include/snapstack_msgs2/snapstack_msgs2/msg/detail/imu__type_support.c
[4.998s] -- Up-to-date: /home/lorenzo/code/dynus_lite/dynus_lite_ws/install/snapstack_msgs2/include/snapstack_msgs2/snapstack_msgs2/msg/detail/quad_flight_mode__type_support.c
[4.998s] -- Up-to-date: /home/lorenzo/code/dynus_lite/dynus_lite_ws/install/snapstack_msgs2/include/snapstack_msgs2/snapstack_msgs2/msg/detail/comm_age__type_support.c
[4.998s] -- Up-to-date: /home/lorenzo/code/dynus_lite/dynus_lite_ws/install/snapstack_msgs2/include/snapstack_msgs2/snapstack_msgs2/msg/detail/control_log__rosidl_typesupport_introspection_c.h
[4.998s] -- Up-to-date: /home/lorenzo/code/dynus_lite/dynus_lite_ws/install/snapstack_msgs2/include/snapstack_msgs2/snapstack_msgs2/msg/detail/smc_data__type_support.c
[4.998s] -- Up-to-date: /home/lorenzo/code/dynus_lite/dynus_lite_ws/install/snapstack_msgs2/include/snapstack_msgs2/snapstack_msgs2/msg/detail/vio_filter_state__type_support.c
[4.998s] -- Up-to-date: /home/lorenzo/code/dynus_lite/dynus_lite_ws/install/snapstack_msgs2/include/snapstack_msgs2/snapstack_msgs2/msg/detail/imu__rosidl_typesupport_introspection_c.h
[4.998s] -- Up-to-date: /home/lorenzo/code/dynus_lite/dynus_lite_ws/install/snapstack_msgs2/include/snapstack_msgs2/snapstack_msgs2/msg/detail/state__rosidl_typesupport_introspection_c.h
[4.998s] -- Up-to-date: /home/lorenzo/code/dynus_lite/dynus_lite_ws/install/snapstack_msgs2/include/snapstack_msgs2/snapstack_msgs2/msg/detail/vio_filter_state__rosidl_typesupport_introspection_c.h
[4.998s] -- Up-to-date: /home/lorenzo/code/dynus_lite/dynus_lite_ws/install/snapstack_msgs2/include/snapstack_msgs2/snapstack_msgs2/msg/detail/smc_data__rosidl_typesupport_introspection_c.h
[4.999s] -- Up-to-date: /home/lorenzo/code/dynus_lite/dynus_lite_ws/install/snapstack_msgs2/include/snapstack_msgs2/snapstack_msgs2/msg/detail/goal__rosidl_typesupport_introspection_c.h
[5.024s] -- Up-to-date: /home/lorenzo/code/dynus_lite/dynus_lite_ws/install/snapstack_msgs2/include/snapstack_msgs2/snapstack_msgs2/msg/detail/quad_flight_mode__rosidl_typesupport_introspection_c.h
[5.024s] -- Up-to-date: /home/lorenzo/code/dynus_lite/dynus_lite_ws/install/snapstack_msgs2/include/snapstack_msgs2/snapstack_msgs2/msg/detail/time_filter__rosidl_typesupport_introspection_c.h
[5.024s] -- Up-to-date: /home/lorenzo/code/dynus_lite/dynus_lite_ws/install/snapstack_msgs2/include/snapstack_msgs2/snapstack_msgs2/msg/detail/goal__type_support.c
[5.024s] -- Up-to-date: /home/lorenzo/code/dynus_lite/dynus_lite_ws/install/snapstack_msgs2/include/snapstack_msgs2/snapstack_msgs2/msg/detail/state__type_support.c
[5.024s] -- Up-to-date: /home/lorenzo/code/dynus_lite/dynus_lite_ws/install/snapstack_msgs2/include/snapstack_msgs2/snapstack_msgs2/msg/detail/time_filter__type_support.c
[5.024s] -- Up-to-date: /home/lorenzo/code/dynus_lite/dynus_lite_ws/install/snapstack_msgs2/include/snapstack_msgs2/snapstack_msgs2/msg/detail/attitude_command__type_support.c
[5.024s] -- Up-to-date: /home/lorenzo/code/dynus_lite/dynus_lite_ws/install/snapstack_msgs2/include/snapstack_msgs2/snapstack_msgs2/msg/detail/motors__type_support.c
[5.024s] -- Up-to-date: /home/lorenzo/code/dynus_lite/dynus_lite_ws/install/snapstack_msgs2/include/snapstack_msgs2/snapstack_msgs2/msg/detail/motors__rosidl_typesupport_introspection_c.h
[5.025s] -- Up-to-date: /home/lorenzo/code/dynus_lite/dynus_lite_ws/install/snapstack_msgs2/include/snapstack_msgs2/snapstack_msgs2/msg/rosidl_typesupport_introspection_c__visibility_control.h
[5.025s] -- Up-to-date: /home/lorenzo/code/dynus_lite/dynus_lite_ws/install/snapstack_msgs2/lib/libsnapstack_msgs2__rosidl_typesupport_introspection_c.so
[5.025s] -- Up-to-date: /home/lorenzo/code/dynus_lite/dynus_lite_ws/install/snapstack_msgs2/lib/libsnapstack_msgs2__rosidl_typesupport_c.so
[5.025s] -- Up-to-date: /home/lorenzo/code/dynus_lite/dynus_lite_ws/install/snapstack_msgs2/include/snapstack_msgs2/snapstack_msgs2
[5.025s] -- Up-to-date: /home/lorenzo/code/dynus_lite/dynus_lite_ws/install/snapstack_msgs2/include/snapstack_msgs2/snapstack_msgs2/msg
[5.025s] -- Up-to-date: /home/lorenzo/code/dynus_lite/dynus_lite_ws/install/snapstack_msgs2/include/snapstack_msgs2/snapstack_msgs2/msg/goal.hpp
[5.025s] -- Up-to-date: /home/lorenzo/code/dynus_lite/dynus_lite_ws/install/snapstack_msgs2/include/snapstack_msgs2/snapstack_msgs2/msg/attitude_command.hpp
[5.025s] -- Up-to-date: /home/lorenzo/code/dynus_lite/dynus_lite_ws/install/snapstack_msgs2/include/snapstack_msgs2/snapstack_msgs2/msg/detail
[5.025s] -- Up-to-date: /home/lorenzo/code/dynus_lite/dynus_lite_ws/install/snapstack_msgs2/include/snapstack_msgs2/snapstack_msgs2/msg/detail/comm_age__type_support.hpp
[5.025s] -- Up-to-date: /home/lorenzo/code/dynus_lite/dynus_lite_ws/install/snapstack_msgs2/include/snapstack_msgs2/snapstack_msgs2/msg/detail/imu__traits.hpp
[5.025s] -- Up-to-date: /home/lorenzo/code/dynus_lite/dynus_lite_ws/install/snapstack_msgs2/include/snapstack_msgs2/snapstack_msgs2/msg/detail/quad_flight_mode__builder.hpp
[5.026s] -- Up-to-date: /home/lorenzo/code/dynus_lite/dynus_lite_ws/install/snapstack_msgs2/include/snapstack_msgs2/snapstack_msgs2/msg/detail/comm_age__builder.hpp
[5.026s] -- Up-to-date: /home/lorenzo/code/dynus_lite/dynus_lite_ws/install/snapstack_msgs2/include/snapstack_msgs2/snapstack_msgs2/msg/detail/goal__type_support.hpp
[5.026s] -- Up-to-date: /home/lorenzo/code/dynus_lite/dynus_lite_ws/install/snapstack_msgs2/include/snapstack_msgs2/snapstack_msgs2/msg/detail/quad_flight_mode__struct.hpp
[5.026s] -- Up-to-date: /home/lorenzo/code/dynus_lite/dynus_lite_ws/install/snapstack_msgs2/include/snapstack_msgs2/snapstack_msgs2/msg/detail/goal__traits.hpp
[5.026s] -- Up-to-date: /home/lorenzo/code/dynus_lite/dynus_lite_ws/install/snapstack_msgs2/include/snapstack_msgs2/snapstack_msgs2/msg/detail/motors__traits.hpp
[5.026s] -- Up-to-date: /home/lorenzo/code/dynus_lite/dynus_lite_ws/install/snapstack_msgs2/include/snapstack_msgs2/snapstack_msgs2/msg/detail/comm_age__traits.hpp
[5.026s] -- Up-to-date: /home/lorenzo/code/dynus_lite/dynus_lite_ws/install/snapstack_msgs2/include/snapstack_msgs2/snapstack_msgs2/msg/detail/smc_data__traits.hpp
[5.026s] -- Up-to-date: /home/lorenzo/code/dynus_lite/dynus_lite_ws/install/snapstack_msgs2/include/snapstack_msgs2/snapstack_msgs2/msg/detail/state__type_support.hpp
[5.026s] -- Up-to-date: /home/lorenzo/code/dynus_lite/dynus_lite_ws/install/snapstack_msgs2/include/snapstack_msgs2/snapstack_msgs2/msg/detail/attitude_command__type_support.hpp
[5.026s] -- Up-to-date: /home/lorenzo/code/dynus_lite/dynus_lite_ws/install/snapstack_msgs2/include/snapstack_msgs2/snapstack_msgs2/msg/detail/vio_filter_state__type_support.hpp
[5.026s] -- Up-to-date: /home/lorenzo/code/dynus_lite/dynus_lite_ws/install/snapstack_msgs2/include/snapstack_msgs2/snapstack_msgs2/msg/detail/motors__builder.hpp
[5.027s] -- Up-to-date: /home/lorenzo/code/dynus_lite/dynus_lite_ws/install/snapstack_msgs2/include/snapstack_msgs2/snapstack_msgs2/msg/detail/attitude_command__traits.hpp
[5.029s] -- Up-to-date: /home/lorenzo/code/dynus_lite/dynus_lite_ws/install/snapstack_msgs2/include/snapstack_msgs2/snapstack_msgs2/msg/detail/control_log__traits.hpp
[5.029s] -- Up-to-date: /home/lorenzo/code/dynus_lite/dynus_lite_ws/install/snapstack_msgs2/include/snapstack_msgs2/snapstack_msgs2/msg/detail/imu__builder.hpp
[5.029s] -- Up-to-date: /home/lorenzo/code/dynus_lite/dynus_lite_ws/install/snapstack_msgs2/include/snapstack_msgs2/snapstack_msgs2/msg/detail/quad_flight_mode__type_support.hpp
[5.029s] -- Up-to-date: /home/lorenzo/code/dynus_lite/dynus_lite_ws/install/snapstack_msgs2/include/snapstack_msgs2/snapstack_msgs2/msg/detail/motors__struct.hpp
[5.029s] -- Up-to-date: /home/lorenzo/code/dynus_lite/dynus_lite_ws/install/snapstack_msgs2/include/snapstack_msgs2/snapstack_msgs2/msg/detail/comm_age__struct.hpp
[5.029s] -- Up-to-date: /home/lorenzo/code/dynus_lite/dynus_lite_ws/install/snapstack_msgs2/include/snapstack_msgs2/snapstack_msgs2/msg/detail/motors__type_support.hpp
[5.030s] -- Up-to-date: /home/lorenzo/code/dynus_lite/dynus_lite_ws/install/snapstack_msgs2/include/snapstack_msgs2/snapstack_msgs2/msg/detail/time_filter__builder.hpp
[5.030s] -- Up-to-date: /home/lorenzo/code/dynus_lite/dynus_lite_ws/install/snapstack_msgs2/include/snapstack_msgs2/snapstack_msgs2/msg/detail/attitude_command__struct.hpp
[5.030s] -- Up-to-date: /home/lorenzo/code/dynus_lite/dynus_lite_ws/install/snapstack_msgs2/include/snapstack_msgs2/snapstack_msgs2/msg/detail/vio_filter_state__traits.hpp
[5.030s] -- Up-to-date: /home/lorenzo/code/dynus_lite/dynus_lite_ws/install/snapstack_msgs2/include/snapstack_msgs2/snapstack_msgs2/msg/detail/state__traits.hpp
[5.030s] -- Up-to-date: /home/lorenzo/code/dynus_lite/dynus_lite_ws/install/snapstack_msgs2/include/snapstack_msgs2/snapstack_msgs2/msg/detail/quad_flight_mode__traits.hpp
[5.030s] -- Up-to-date: /home/lorenzo/code/dynus_lite/dynus_lite_ws/install/snapstack_msgs2/include/snapstack_msgs2/snapstack_msgs2/msg/detail/imu__struct.hpp
[5.030s] -- Up-to-date: /home/lorenzo/code/dynus_lite/dynus_lite_ws/install/snapstack_msgs2/include/snapstack_msgs2/snapstack_msgs2/msg/detail/smc_data__struct.hpp
[5.030s] -- Up-to-date: /home/lorenzo/code/dynus_lite/dynus_lite_ws/install/snapstack_msgs2/include/snapstack_msgs2/snapstack_msgs2/msg/detail/attitude_command__builder.hpp
[5.030s] -- Up-to-date: /home/lorenzo/code/dynus_lite/dynus_lite_ws/install/snapstack_msgs2/include/snapstack_msgs2/snapstack_msgs2/msg/detail/control_log__struct.hpp
[5.030s] -- Up-to-date: /home/lorenzo/code/dynus_lite/dynus_lite_ws/install/snapstack_msgs2/include/snapstack_msgs2/snapstack_msgs2/msg/detail/control_log__builder.hpp
[5.031s] -- Up-to-date: /home/lorenzo/code/dynus_lite/dynus_lite_ws/install/snapstack_msgs2/include/snapstack_msgs2/snapstack_msgs2/msg/detail/state__struct.hpp
[5.031s] -- Up-to-date: /home/lorenzo/code/dynus_lite/dynus_lite_ws/install/snapstack_msgs2/include/snapstack_msgs2/snapstack_msgs2/msg/detail/time_filter__traits.hpp
[5.031s] -- Up-to-date: /home/lorenzo/code/dynus_lite/dynus_lite_ws/install/snapstack_msgs2/include/snapstack_msgs2/snapstack_msgs2/msg/detail/time_filter__struct.hpp
[5.031s] -- Up-to-date: /home/lorenzo/code/dynus_lite/dynus_lite_ws/install/snapstack_msgs2/include/snapstack_msgs2/snapstack_msgs2/msg/detail/control_log__type_support.hpp
[5.031s] -- Up-to-date: /home/lorenzo/code/dynus_lite/dynus_lite_ws/install/snapstack_msgs2/include/snapstack_msgs2/snapstack_msgs2/msg/detail/goal__struct.hpp
[5.031s] -- Up-to-date: /home/lorenzo/code/dynus_lite/dynus_lite_ws/install/snapstack_msgs2/include/snapstack_msgs2/snapstack_msgs2/msg/detail/vio_filter_state__builder.hpp
[5.031s] -- Up-to-date: /home/lorenzo/code/dynus_lite/dynus_lite_ws/install/snapstack_msgs2/include/snapstack_msgs2/snapstack_msgs2/msg/detail/vio_filter_state__struct.hpp
[5.031s] -- Up-to-date: /home/lorenzo/code/dynus_lite/dynus_lite_ws/install/snapstack_msgs2/include/snapstack_msgs2/snapstack_msgs2/msg/detail/time_filter__type_support.hpp
[5.031s] -- Up-to-date: /home/lorenzo/code/dynus_lite/dynus_lite_ws/install/snapstack_msgs2/include/snapstack_msgs2/snapstack_msgs2/msg/detail/smc_data__builder.hpp
[5.031s] -- Up-to-date: /home/lorenzo/code/dynus_lite/dynus_lite_ws/install/snapstack_msgs2/include/snapstack_msgs2/snapstack_msgs2/msg/detail/imu__type_support.hpp
[5.032s] -- Up-to-date: /home/lorenzo/code/dynus_lite/dynus_lite_ws/install/snapstack_msgs2/include/snapstack_msgs2/snapstack_msgs2/msg/detail/goal__builder.hpp
[5.032s] -- Up-to-date: /home/lorenzo/code/dynus_lite/dynus_lite_ws/install/snapstack_msgs2/include/snapstack_msgs2/snapstack_msgs2/msg/detail/state__builder.hpp
[5.032s] -- Up-to-date: /home/lorenzo/code/dynus_lite/dynus_lite_ws/install/snapstack_msgs2/include/snapstack_msgs2/snapstack_msgs2/msg/detail/smc_data__type_support.hpp
[5.032s] -- Up-to-date: /home/lorenzo/code/dynus_lite/dynus_lite_ws/install/snapstack_msgs2/include/snapstack_msgs2/snapstack_msgs2/msg/quad_flight_mode.hpp
[5.032s] -- Up-to-date: /home/lorenzo/code/dynus_lite/dynus_lite_ws/install/snapstack_msgs2/include/snapstack_msgs2/snapstack_msgs2/msg/comm_age.hpp
[5.043s] -- Up-to-date: /home/lorenzo/code/dynus_lite/dynus_lite_ws/install/snapstack_msgs2/include/snapstack_msgs2/snapstack_msgs2/msg/vio_filter_state.hpp
[5.043s] -- Up-to-date: /home/lorenzo/code/dynus_lite/dynus_lite_ws/install/snapstack_msgs2/include/snapstack_msgs2/snapstack_msgs2/msg/rosidl_generator_cpp__visibility_control.hpp
[5.043s] -- Up-to-date: /home/lorenzo/code/dynus_lite/dynus_lite_ws/install/snapstack_msgs2/include/snapstack_msgs2/snapstack_msgs2/msg/smc_data.hpp
[5.043s] -- Up-to-date: /home/lorenzo/code/dynus_lite/dynus_lite_ws/install/snapstack_msgs2/include/snapstack_msgs2/snapstack_msgs2/msg/state.hpp
[5.043s] -- Up-to-date: /home/lorenzo/code/dynus_lite/dynus_lite_ws/install/snapstack_msgs2/include/snapstack_msgs2/snapstack_msgs2/msg/imu.hpp
[5.043s] -- Up-to-date: /home/lorenzo/code/dynus_lite/dynus_lite_ws/install/snapstack_msgs2/include/snapstack_msgs2/snapstack_msgs2/msg/motors.hpp
[5.043s] -- Up-to-date: /home/lorenzo/code/dynus_lite/dynus_lite_ws/install/snapstack_msgs2/include/snapstack_msgs2/snapstack_msgs2/msg/time_filter.hpp
[5.043s] -- Up-to-date: /home/lorenzo/code/dynus_lite/dynus_lite_ws/install/snapstack_msgs2/include/snapstack_msgs2/snapstack_msgs2/msg/control_log.hpp
[5.044s] -- Up-to-date: /home/lorenzo/code/dynus_lite/dynus_lite_ws/install/snapstack_msgs2/include/snapstack_msgs2/snapstack_msgs2
[5.044s] -- Up-to-date: /home/lorenzo/code/dynus_lite/dynus_lite_ws/install/snapstack_msgs2/include/snapstack_msgs2/snapstack_msgs2/msg
[5.044s] -- Up-to-date: /home/lorenzo/code/dynus_lite/dynus_lite_ws/install/snapstack_msgs2/include/snapstack_msgs2/snapstack_msgs2/msg/detail
[5.044s] -- Up-to-date: /home/lorenzo/code/dynus_lite/dynus_lite_ws/install/snapstack_msgs2/include/snapstack_msgs2/snapstack_msgs2/msg/detail/comm_age__rosidl_typesupport_fastrtps_cpp.hpp
[5.044s] -- Up-to-date: /home/lorenzo/code/dynus_lite/dynus_lite_ws/install/snapstack_msgs2/include/snapstack_msgs2/snapstack_msgs2/msg/detail/quad_flight_mode__rosidl_typesupport_fastrtps_cpp.hpp
[5.044s] -- Up-to-date: /home/lorenzo/code/dynus_lite/dynus_lite_ws/install/snapstack_msgs2/include/snapstack_msgs2/snapstack_msgs2/msg/detail/state__rosidl_typesupport_fastrtps_cpp.hpp
[5.044s] -- Up-to-date: /home/lorenzo/code/dynus_lite/dynus_lite_ws/install/snapstack_msgs2/include/snapstack_msgs2/snapstack_msgs2/msg/detail/vio_filter_state__rosidl_typesupport_fastrtps_cpp.hpp
[5.044s] -- Up-to-date: /home/lorenzo/code/dynus_lite/dynus_lite_ws/install/snapstack_msgs2/include/snapstack_msgs2/snapstack_msgs2/msg/detail/goal__rosidl_typesupport_fastrtps_cpp.hpp
[5.044s] -- Up-to-date: /home/lorenzo/code/dynus_lite/dynus_lite_ws/install/snapstack_msgs2/include/snapstack_msgs2/snapstack_msgs2/msg/detail/dds_fastrtps
[5.044s] -- Up-to-date: /home/lorenzo/code/dynus_lite/dynus_lite_ws/install/snapstack_msgs2/include/snapstack_msgs2/snapstack_msgs2/msg/detail/imu__rosidl_typesupport_fastrtps_cpp.hpp
[5.045s] -- Up-to-date: /home/lorenzo/code/dynus_lite/dynus_lite_ws/install/snapstack_msgs2/include/snapstack_msgs2/snapstack_msgs2/msg/detail/smc_data__rosidl_typesupport_fastrtps_cpp.hpp
[5.045s] -- Up-to-date: /home/lorenzo/code/dynus_lite/dynus_lite_ws/install/snapstack_msgs2/include/snapstack_msgs2/snapstack_msgs2/msg/detail/time_filter__rosidl_typesupport_fastrtps_cpp.hpp
[5.045s] -- Up-to-date: /home/lorenzo/code/dynus_lite/dynus_lite_ws/install/snapstack_msgs2/include/snapstack_msgs2/snapstack_msgs2/msg/detail/control_log__rosidl_typesupport_fastrtps_cpp.hpp
[5.045s] -- Up-to-date: /home/lorenzo/code/dynus_lite/dynus_lite_ws/install/snapstack_msgs2/include/snapstack_msgs2/snapstack_msgs2/msg/detail/motors__rosidl_typesupport_fastrtps_cpp.hpp
[5.045s] -- Up-to-date: /home/lorenzo/code/dynus_lite/dynus_lite_ws/install/snapstack_msgs2/include/snapstack_msgs2/snapstack_msgs2/msg/detail/attitude_command__rosidl_typesupport_fastrtps_cpp.hpp
[5.045s] -- Up-to-date: /home/lorenzo/code/dynus_lite/dynus_lite_ws/install/snapstack_msgs2/include/snapstack_msgs2/snapstack_msgs2/msg/rosidl_typesupport_fastrtps_cpp__visibility_control.h
[5.045s] -- Up-to-date: /home/lorenzo/code/dynus_lite/dynus_lite_ws/install/snapstack_msgs2/lib/libsnapstack_msgs2__rosidl_typesupport_fastrtps_cpp.so
[5.045s] -- Up-to-date: /home/lorenzo/code/dynus_lite/dynus_lite_ws/install/snapstack_msgs2/include/snapstack_msgs2/snapstack_msgs2
[5.045s] -- Up-to-date: /home/lorenzo/code/dynus_lite/dynus_lite_ws/install/snapstack_msgs2/include/snapstack_msgs2/snapstack_msgs2/msg
[5.045s] -- Up-to-date: /home/lorenzo/code/dynus_lite/dynus_lite_ws/install/snapstack_msgs2/include/snapstack_msgs2/snapstack_msgs2/msg/detail
[5.045s] -- Up-to-date: /home/lorenzo/code/dynus_lite/dynus_lite_ws/install/snapstack_msgs2/include/snapstack_msgs2/snapstack_msgs2/msg/detail/time_filter__rosidl_typesupport_introspection_cpp.hpp
[5.045s] -- Up-to-date: /home/lorenzo/code/dynus_lite/dynus_lite_ws/install/snapstack_msgs2/include/snapstack_msgs2/snapstack_msgs2/msg/detail/motors__rosidl_typesupport_introspection_cpp.hpp
[5.046s] -- Up-to-date: /home/lorenzo/code/dynus_lite/dynus_lite_ws/install/snapstack_msgs2/include/snapstack_msgs2/snapstack_msgs2/msg/detail/state__rosidl_typesupport_introspection_cpp.hpp
[5.055s] -- Up-to-date: /home/lorenzo/code/dynus_lite/dynus_lite_ws/install/snapstack_msgs2/include/snapstack_msgs2/snapstack_msgs2/msg/detail/goal__type_support.cpp
[5.055s] -- Up-to-date: /home/lorenzo/code/dynus_lite/dynus_lite_ws/install/snapstack_msgs2/include/snapstack_msgs2/snapstack_msgs2/msg/detail/control_log__type_support.cpp
[5.055s] -- Up-to-date: /home/lorenzo/code/dynus_lite/dynus_lite_ws/install/snapstack_msgs2/include/snapstack_msgs2/snapstack_msgs2/msg/detail/state__type_support.cpp
[5.055s] -- Up-to-date: /home/lorenzo/code/dynus_lite/dynus_lite_ws/install/snapstack_msgs2/include/snapstack_msgs2/snapstack_msgs2/msg/detail/control_log__rosidl_typesupport_introspection_cpp.hpp
[5.055s] -- Up-to-date: /home/lorenzo/code/dynus_lite/dynus_lite_ws/install/snapstack_msgs2/include/snapstack_msgs2/snapstack_msgs2/msg/detail/vio_filter_state__type_support.cpp
[5.055s] -- Up-to-date: /home/lorenzo/code/dynus_lite/dynus_lite_ws/install/snapstack_msgs2/include/snapstack_msgs2/snapstack_msgs2/msg/detail/goal__rosidl_typesupport_introspection_cpp.hpp
[5.055s] -- Up-to-date: /home/lorenzo/code/dynus_lite/dynus_lite_ws/install/snapstack_msgs2/include/snapstack_msgs2/snapstack_msgs2/msg/detail/smc_data__type_support.cpp
[5.055s] -- Up-to-date: /home/lorenzo/code/dynus_lite/dynus_lite_ws/install/snapstack_msgs2/include/snapstack_msgs2/snapstack_msgs2/msg/detail/quad_flight_mode__type_support.cpp
[5.056s] -- Up-to-date: /home/lorenzo/code/dynus_lite/dynus_lite_ws/install/snapstack_msgs2/include/snapstack_msgs2/snapstack_msgs2/msg/detail/attitude_command__rosidl_typesupport_introspection_cpp.hpp
[5.056s] -- Up-to-date: /home/lorenzo/code/dynus_lite/dynus_lite_ws/install/snapstack_msgs2/include/snapstack_msgs2/snapstack_msgs2/msg/detail/vio_filter_state__rosidl_typesupport_introspection_cpp.hpp
[5.056s] -- Up-to-date: /home/lorenzo/code/dynus_lite/dynus_lite_ws/install/snapstack_msgs2/include/snapstack_msgs2/snapstack_msgs2/msg/detail/imu__rosidl_typesupport_introspection_cpp.hpp
[5.056s] -- Up-to-date: /home/lorenzo/code/dynus_lite/dynus_lite_ws/install/snapstack_msgs2/include/snapstack_msgs2/snapstack_msgs2/msg/detail/time_filter__type_support.cpp
[5.056s] -- Up-to-date: /home/lorenzo/code/dynus_lite/dynus_lite_ws/install/snapstack_msgs2/include/snapstack_msgs2/snapstack_msgs2/msg/detail/comm_age__rosidl_typesupport_introspection_cpp.hpp
[5.056s] -- Up-to-date: /home/lorenzo/code/dynus_lite/dynus_lite_ws/install/snapstack_msgs2/include/snapstack_msgs2/snapstack_msgs2/msg/detail/smc_data__rosidl_typesupport_introspection_cpp.hpp
[5.056s] -- Up-to-date: /home/lorenzo/code/dynus_lite/dynus_lite_ws/install/snapstack_msgs2/include/snapstack_msgs2/snapstack_msgs2/msg/detail/quad_flight_mode__rosidl_typesupport_introspection_cpp.hpp
[5.056s] -- Up-to-date: /home/lorenzo/code/dynus_lite/dynus_lite_ws/install/snapstack_msgs2/include/snapstack_msgs2/snapstack_msgs2/msg/detail/imu__type_support.cpp
[5.056s] -- Up-to-date: /home/lorenzo/code/dynus_lite/dynus_lite_ws/install/snapstack_msgs2/include/snapstack_msgs2/snapstack_msgs2/msg/detail/attitude_command__type_support.cpp
[5.056s] -- Up-to-date: /home/lorenzo/code/dynus_lite/dynus_lite_ws/install/snapstack_msgs2/include/snapstack_msgs2/snapstack_msgs2/msg/detail/comm_age__type_support.cpp
[5.056s] -- Up-to-date: /home/lorenzo/code/dynus_lite/dynus_lite_ws/install/snapstack_msgs2/include/snapstack_msgs2/snapstack_msgs2/msg/detail/motors__type_support.cpp
[5.057s] -- Up-to-date: /home/lorenzo/code/dynus_lite/dynus_lite_ws/install/snapstack_msgs2/lib/libsnapstack_msgs2__rosidl_typesupport_introspection_cpp.so
[5.057s] -- Up-to-date: /home/lorenzo/code/dynus_lite/dynus_lite_ws/install/snapstack_msgs2/lib/libsnapstack_msgs2__rosidl_typesupport_cpp.so
[5.057s] -- Up-to-date: /home/lorenzo/code/dynus_lite/dynus_lite_ws/install/snapstack_msgs2/share/snapstack_msgs2/environment/pythonpath.sh
[5.057s] -- Up-to-date: /home/lorenzo/code/dynus_lite/dynus_lite_ws/install/snapstack_msgs2/share/snapstack_msgs2/environment/pythonpath.dsv
[5.057s] -- Up-to-date: /home/lorenzo/code/dynus_lite/dynus_lite_ws/install/snapstack_msgs2/local/lib/python3.10/dist-packages/snapstack_msgs2-5.4.1-py3.10.egg-info
[5.057s] -- Installing: /home/lorenzo/code/dynus_lite/dynus_lite_ws/install/snapstack_msgs2/local/lib/python3.10/dist-packages/snapstack_msgs2-5.4.1-py3.10.egg-info/top_level.txt
[5.057s] -- Installing: /home/lorenzo/code/dynus_lite/dynus_lite_ws/install/snapstack_msgs2/local/lib/python3.10/dist-packages/snapstack_msgs2-5.4.1-py3.10.egg-info/SOURCES.txt
[5.057s] -- Installing: /home/lorenzo/code/dynus_lite/dynus_lite_ws/install/snapstack_msgs2/local/lib/python3.10/dist-packages/snapstack_msgs2-5.4.1-py3.10.egg-info/dependency_links.txt
[5.057s] -- Installing: /home/lorenzo/code/dynus_lite/dynus_lite_ws/install/snapstack_msgs2/local/lib/python3.10/dist-packages/snapstack_msgs2-5.4.1-py3.10.egg-info/PKG-INFO
[5.057s] -- Up-to-date: /home/lorenzo/code/dynus_lite/dynus_lite_ws/install/snapstack_msgs2/local/lib/python3.10/dist-packages/snapstack_msgs2
[5.058s] -- Up-to-date: /home/lorenzo/code/dynus_lite/dynus_lite_ws/install/snapstack_msgs2/local/lib/python3.10/dist-packages/snapstack_msgs2/snapstack_msgs2_s__rosidl_typesupport_c.cpython-310-x86_64-linux-gnu.so
[5.067s] -- Up-to-date: /home/lorenzo/code/dynus_lite/dynus_lite_ws/install/snapstack_msgs2/local/lib/python3.10/dist-packages/snapstack_msgs2/_snapstack_msgs2_s.ep.rosidl_typesupport_c.c
[5.067s] -- Up-to-date: /home/lorenzo/code/dynus_lite/dynus_lite_ws/install/snapstack_msgs2/local/lib/python3.10/dist-packages/snapstack_msgs2/__init__.py
[5.067s] -- Up-to-date: /home/lorenzo/code/dynus_lite/dynus_lite_ws/install/snapstack_msgs2/local/lib/python3.10/dist-packages/snapstack_msgs2/libsnapstack_msgs2__rosidl_generator_py.so
[5.067s] -- Up-to-date: /home/lorenzo/code/dynus_lite/dynus_lite_ws/install/snapstack_msgs2/local/lib/python3.10/dist-packages/snapstack_msgs2/_snapstack_msgs2_s.ep.rosidl_typesupport_introspection_c.c
[5.067s] -- Up-to-date: /home/lorenzo/code/dynus_lite/dynus_lite_ws/install/snapstack_msgs2/local/lib/python3.10/dist-packages/snapstack_msgs2/snapstack_msgs2_s__rosidl_typesupport_fastrtps_c.cpython-310-x86_64-linux-gnu.so
[5.067s] -- Up-to-date: /home/lorenzo/code/dynus_lite/dynus_lite_ws/install/snapstack_msgs2/local/lib/python3.10/dist-packages/snapstack_msgs2/_snapstack_msgs2_s.ep.rosidl_typesupport_fastrtps_c.c
[5.067s] -- Up-to-date: /home/lorenzo/code/dynus_lite/dynus_lite_ws/install/snapstack_msgs2/local/lib/python3.10/dist-packages/snapstack_msgs2/snapstack_msgs2_s__rosidl_typesupport_introspection_c.cpython-310-x86_64-linux-gnu.so
[5.068s] -- Up-to-date: /home/lorenzo/code/dynus_lite/dynus_lite_ws/install/snapstack_msgs2/local/lib/python3.10/dist-packages/snapstack_msgs2/msg
[5.068s] -- Up-to-date: /home/lorenzo/code/dynus_lite/dynus_lite_ws/install/snapstack_msgs2/local/lib/python3.10/dist-packages/snapstack_msgs2/msg/_motors_s.c
[5.068s] -- Up-to-date: /home/lorenzo/code/dynus_lite/dynus_lite_ws/install/snapstack_msgs2/local/lib/python3.10/dist-packages/snapstack_msgs2/msg/__init__.py
[5.068s] -- Up-to-date: /home/lorenzo/code/dynus_lite/dynus_lite_ws/install/snapstack_msgs2/local/lib/python3.10/dist-packages/snapstack_msgs2/msg/_comm_age_s.c
[5.068s] -- Up-to-date: /home/lorenzo/code/dynus_lite/dynus_lite_ws/install/snapstack_msgs2/local/lib/python3.10/dist-packages/snapstack_msgs2/msg/_quad_flight_mode.py
[5.068s] -- Up-to-date: /home/lorenzo/code/dynus_lite/dynus_lite_ws/install/snapstack_msgs2/local/lib/python3.10/dist-packages/snapstack_msgs2/msg/_imu.py
[5.068s] -- Up-to-date: /home/lorenzo/code/dynus_lite/dynus_lite_ws/install/snapstack_msgs2/local/lib/python3.10/dist-packages/snapstack_msgs2/msg/_state_s.c
[5.068s] -- Up-to-date: /home/lorenzo/code/dynus_lite/dynus_lite_ws/install/snapstack_msgs2/local/lib/python3.10/dist-packages/snapstack_msgs2/msg/_time_filter_s.c
[5.068s] -- Up-to-date: /home/lorenzo/code/dynus_lite/dynus_lite_ws/install/snapstack_msgs2/local/lib/python3.10/dist-packages/snapstack_msgs2/msg/_quad_flight_mode_s.c
[5.068s] -- Up-to-date: /home/lorenzo/code/dynus_lite/dynus_lite_ws/install/snapstack_msgs2/local/lib/python3.10/dist-packages/snapstack_msgs2/msg/_smc_data_s.c
[5.069s] -- Up-to-date: /home/lorenzo/code/dynus_lite/dynus_lite_ws/install/snapstack_msgs2/local/lib/python3.10/dist-packages/snapstack_msgs2/msg/_attitude_command_s.c
[5.069s] -- Up-to-date: /home/lorenzo/code/dynus_lite/dynus_lite_ws/install/snapstack_msgs2/local/lib/python3.10/dist-packages/snapstack_msgs2/msg/_goal.py
[5.069s] -- Up-to-date: /home/lorenzo/code/dynus_lite/dynus_lite_ws/install/snapstack_msgs2/local/lib/python3.10/dist-packages/snapstack_msgs2/msg/_attitude_command.py
[5.069s] -- Up-to-date: /home/lorenzo/code/dynus_lite/dynus_lite_ws/install/snapstack_msgs2/local/lib/python3.10/dist-packages/snapstack_msgs2/msg/_state.py
[5.069s] -- Up-to-date: /home/lorenzo/code/dynus_lite/dynus_lite_ws/install/snapstack_msgs2/local/lib/python3.10/dist-packages/snapstack_msgs2/msg/_control_log_s.c
[5.069s] -- Up-to-date: /home/lorenzo/code/dynus_lite/dynus_lite_ws/install/snapstack_msgs2/local/lib/python3.10/dist-packages/snapstack_msgs2/msg/_smc_data.py
[5.069s] -- Up-to-date: /home/lorenzo/code/dynus_lite/dynus_lite_ws/install/snapstack_msgs2/local/lib/python3.10/dist-packages/snapstack_msgs2/msg/_time_filter.py
[5.069s] -- Up-to-date: /home/lorenzo/code/dynus_lite/dynus_lite_ws/install/snapstack_msgs2/local/lib/python3.10/dist-packages/snapstack_msgs2/msg/_motors.py
[5.069s] -- Up-to-date: /home/lorenzo/code/dynus_lite/dynus_lite_ws/install/snapstack_msgs2/local/lib/python3.10/dist-packages/snapstack_msgs2/msg/_vio_filter_state.py
[5.069s] -- Up-to-date: /home/lorenzo/code/dynus_lite/dynus_lite_ws/install/snapstack_msgs2/local/lib/python3.10/dist-packages/snapstack_msgs2/msg/_imu_s.c
[5.069s] -- Up-to-date: /home/lorenzo/code/dynus_lite/dynus_lite_ws/install/snapstack_msgs2/local/lib/python3.10/dist-packages/snapstack_msgs2/msg/_vio_filter_state_s.c
[5.070s] -- Up-to-date: /home/lorenzo/code/dynus_lite/dynus_lite_ws/install/snapstack_msgs2/local/lib/python3.10/dist-packages/snapstack_msgs2/msg/_comm_age.py
[5.079s] -- Up-to-date: /home/lorenzo/code/dynus_lite/dynus_lite_ws/install/snapstack_msgs2/local/lib/python3.10/dist-packages/snapstack_msgs2/msg/_goal_s.c
[5.079s] -- Up-to-date: /home/lorenzo/code/dynus_lite/dynus_lite_ws/install/snapstack_msgs2/local/lib/python3.10/dist-packages/snapstack_msgs2/msg/_control_log.py
[5.127s] Listing '/home/lorenzo/code/dynus_lite/dynus_lite_ws/install/snapstack_msgs2/local/lib/python3.10/dist-packages/snapstack_msgs2'...
[5.127s] Listing '/home/lorenzo/code/dynus_lite/dynus_lite_ws/install/snapstack_msgs2/local/lib/python3.10/dist-packages/snapstack_msgs2/msg'...
[5.155s] -- Up-to-date: /home/lorenzo/code/dynus_lite/dynus_lite_ws/install/snapstack_msgs2/local/lib/python3.10/dist-packages/snapstack_msgs2/snapstack_msgs2_s__rosidl_typesupport_fastrtps_c.cpython-310-x86_64-linux-gnu.so
[5.159s] -- Up-to-date: /home/lorenzo/code/dynus_lite/dynus_lite_ws/install/snapstack_msgs2/local/lib/python3.10/dist-packages/snapstack_msgs2/snapstack_msgs2_s__rosidl_typesupport_introspection_c.cpython-310-x86_64-linux-gnu.so
[5.159s] -- Up-to-date: /home/lorenzo/code/dynus_lite/dynus_lite_ws/install/snapstack_msgs2/local/lib/python3.10/dist-packages/snapstack_msgs2/snapstack_msgs2_s__rosidl_typesupport_c.cpython-310-x86_64-linux-gnu.so
[5.159s] -- Up-to-date: /home/lorenzo/code/dynus_lite/dynus_lite_ws/install/snapstack_msgs2/lib/libsnapstack_msgs2__rosidl_generator_py.so
[5.163s] -- Up-to-date: /home/lorenzo/code/dynus_lite/dynus_lite_ws/install/snapstack_msgs2/share/snapstack_msgs2/msg/ControlLog.idl
[5.163s] -- Up-to-date: /home/lorenzo/code/dynus_lite/dynus_lite_ws/install/snapstack_msgs2/share/snapstack_msgs2/msg/AttitudeCommand.idl
[5.163s] -- Up-to-date: /home/lorenzo/code/dynus_lite/dynus_lite_ws/install/snapstack_msgs2/share/snapstack_msgs2/msg/Goal.idl
[5.163s] -- Up-to-date: /home/lorenzo/code/dynus_lite/dynus_lite_ws/install/snapstack_msgs2/share/snapstack_msgs2/msg/QuadFlightMode.idl
[5.163s] -- Up-to-date: /home/lorenzo/code/dynus_lite/dynus_lite_ws/install/snapstack_msgs2/share/snapstack_msgs2/msg/State.idl
[5.163s] -- Up-to-date: /home/lorenzo/code/dynus_lite/dynus_lite_ws/install/snapstack_msgs2/share/snapstack_msgs2/msg/CommAge.idl
[5.163s] -- Up-to-date: /home/lorenzo/code/dynus_lite/dynus_lite_ws/install/snapstack_msgs2/share/snapstack_msgs2/msg/IMU.idl
[5.164s] -- Up-to-date: /home/lorenzo/code/dynus_lite/dynus_lite_ws/install/snapstack_msgs2/share/snapstack_msgs2/msg/SMCData.idl
[5.164s] -- Up-to-date: /home/lorenzo/code/dynus_lite/dynus_lite_ws/install/snapstack_msgs2/share/snapstack_msgs2/msg/Motors.idl
[5.167s] -- Up-to-date: /home/lorenzo/code/dynus_lite/dynus_lite_ws/install/snapstack_msgs2/share/snapstack_msgs2/msg/VioFilterState.idl
[5.167s] -- Up-to-date: /home/lorenzo/code/dynus_lite/dynus_lite_ws/install/snapstack_msgs2/share/snapstack_msgs2/msg/TimeFilter.idl
[5.167s] -- Up-to-date: /home/lorenzo/code/dynus_lite/dynus_lite_ws/install/snapstack_msgs2/share/snapstack_msgs2/msg/ControlLog.msg
[5.167s] -- Up-to-date: /home/lorenzo/code/dynus_lite/dynus_lite_ws/install/snapstack_msgs2/share/snapstack_msgs2/msg/AttitudeCommand.msg
[5.167s] -- Up-to-date: /home/lorenzo/code/dynus_lite/dynus_lite_ws/install/snapstack_msgs2/share/snapstack_msgs2/msg/Goal.msg
[5.167s] -- Up-to-date: /home/lorenzo/code/dynus_lite/dynus_lite_ws/install/snapstack_msgs2/share/snapstack_msgs2/msg/QuadFlightMode.msg
[5.167s] -- Up-to-date: /home/lorenzo/code/dynus_lite/dynus_lite_ws/install/snapstack_msgs2/share/snapstack_msgs2/msg/State.msg
[5.167s] -- Up-to-date: /home/lorenzo/code/dynus_lite/dynus_lite_ws/install/snapstack_msgs2/share/snapstack_msgs2/msg/CommAge.msg
[5.168s] -- Up-to-date: /home/lorenzo/code/dynus_lite/dynus_lite_ws/install/snapstack_msgs2/share/snapstack_msgs2/msg/IMU.msg
[5.168s] -- Up-to-date: /home/lorenzo/code/dynus_lite/dynus_lite_ws/install/snapstack_msgs2/share/snapstack_msgs2/msg/SMCData.msg
[5.168s] -- Up-to-date: /home/lorenzo/code/dynus_lite/dynus_lite_ws/install/snapstack_msgs2/share/snapstack_msgs2/msg/Motors.msg
[5.168s] -- Up-to-date: /home/lorenzo/code/dynus_lite/dynus_lite_ws/install/snapstack_msgs2/share/snapstack_msgs2/msg/VioFilterState.msg
[5.168s] -- Up-to-date: /home/lorenzo/code/dynus_lite/dynus_lite_ws/install/snapstack_msgs2/share/snapstack_msgs2/msg/TimeFilter.msg
[5.168s] -- Up-to-date: /home/lorenzo/code/dynus_lite/dynus_lite_ws/install/snapstack_msgs2/share/ament_index/resource_index/package_run_dependencies/snapstack_msgs2
[5.168s] -- Up-to-date: /home/lorenzo/code/dynus_lite/dynus_lite_ws/install/snapstack_msgs2/share/ament_index/resource_index/parent_prefix_path/snapstack_msgs2
[5.168s] -- Up-to-date: /home/lorenzo/code/dynus_lite/dynus_lite_ws/install/snapstack_msgs2/share/snapstack_msgs2/environment/ament_prefix_path.sh
[5.168s] -- Up-to-date: /home/lorenzo/code/dynus_lite/dynus_lite_ws/install/snapstack_msgs2/share/snapstack_msgs2/environment/ament_prefix_path.dsv
[5.168s] -- Up-to-date: /home/lorenzo/code/dynus_lite/dynus_lite_ws/install/snapstack_msgs2/share/snapstack_msgs2/environment/path.sh
[5.169s] -- Up-to-date: /home/lorenzo/code/dynus_lite/dynus_lite_ws/install/snapstack_msgs2/share/snapstack_msgs2/environment/path.dsv
[5.169s] -- Up-to-date: /home/lorenzo/code/dynus_lite/dynus_lite_ws/install/snapstack_msgs2/share/snapstack_msgs2/local_setup.bash
[5.169s] -- Up-to-date: /home/lorenzo/code/dynus_lite/dynus_lite_ws/install/snapstack_msgs2/share/snapstack_msgs2/local_setup.sh
[5.178s] -- Up-to-date: /home/lorenzo/code/dynus_lite/dynus_lite_ws/install/snapstack_msgs2/share/snapstack_msgs2/local_setup.zsh
[5.178s] -- Up-to-date: /home/lorenzo/code/dynus_lite/dynus_lite_ws/install/snapstack_msgs2/share/snapstack_msgs2/local_setup.dsv
[5.178s] -- Installing: /home/lorenzo/code/dynus_lite/dynus_lite_ws/install/snapstack_msgs2/share/snapstack_msgs2/package.dsv
[5.178s] -- Up-to-date: /home/lorenzo/code/dynus_lite/dynus_lite_ws/install/snapstack_msgs2/share/ament_index/resource_index/packages/snapstack_msgs2
[5.178s] -- Up-to-date: /home/lorenzo/code/dynus_lite/dynus_lite_ws/install/snapstack_msgs2/share/snapstack_msgs2/cmake/export_snapstack_msgs2__rosidl_generator_cExport.cmake
[5.178s] -- Up-to-date: /home/lorenzo/code/dynus_lite/dynus_lite_ws/install/snapstack_msgs2/share/snapstack_msgs2/cmake/export_snapstack_msgs2__rosidl_generator_cExport-noconfig.cmake
[5.178s] -- Up-to-date: /home/lorenzo/code/dynus_lite/dynus_lite_ws/install/snapstack_msgs2/share/snapstack_msgs2/cmake/export_snapstack_msgs2__rosidl_typesupport_fastrtps_cExport.cmake
[5.179s] -- Up-to-date: /home/lorenzo/code/dynus_lite/dynus_lite_ws/install/snapstack_msgs2/share/snapstack_msgs2/cmake/export_snapstack_msgs2__rosidl_typesupport_fastrtps_cExport-noconfig.cmake
[5.179s] -- Up-to-date: /home/lorenzo/code/dynus_lite/dynus_lite_ws/install/snapstack_msgs2/share/snapstack_msgs2/cmake/snapstack_msgs2__rosidl_typesupport_introspection_cExport.cmake
[5.179s] -- Up-to-date: /home/lorenzo/code/dynus_lite/dynus_lite_ws/install/snapstack_msgs2/share/snapstack_msgs2/cmake/snapstack_msgs2__rosidl_typesupport_introspection_cExport-noconfig.cmake
[5.179s] -- Up-to-date: /home/lorenzo/code/dynus_lite/dynus_lite_ws/install/snapstack_msgs2/share/snapstack_msgs2/cmake/snapstack_msgs2__rosidl_typesupport_cExport.cmake
[5.179s] -- Up-to-date: /home/lorenzo/code/dynus_lite/dynus_lite_ws/install/snapstack_msgs2/share/snapstack_msgs2/cmake/snapstack_msgs2__rosidl_typesupport_cExport-noconfig.cmake
[5.179s] -- Up-to-date: /home/lorenzo/code/dynus_lite/dynus_lite_ws/install/snapstack_msgs2/share/snapstack_msgs2/cmake/export_snapstack_msgs2__rosidl_generator_cppExport.cmake
[5.179s] -- Up-to-date: /home/lorenzo/code/dynus_lite/dynus_lite_ws/install/snapstack_msgs2/share/snapstack_msgs2/cmake/export_snapstack_msgs2__rosidl_typesupport_fastrtps_cppExport.cmake
[5.179s] -- Up-to-date: /home/lorenzo/code/dynus_lite/dynus_lite_ws/install/snapstack_msgs2/share/snapstack_msgs2/cmake/export_snapstack_msgs2__rosidl_typesupport_fastrtps_cppExport-noconfig.cmake
[5.179s] -- Up-to-date: /home/lorenzo/code/dynus_lite/dynus_lite_ws/install/snapstack_msgs2/share/snapstack_msgs2/cmake/snapstack_msgs2__rosidl_typesupport_introspection_cppExport.cmake
[5.179s] -- Up-to-date: /home/lorenzo/code/dynus_lite/dynus_lite_ws/install/snapstack_msgs2/share/snapstack_msgs2/cmake/snapstack_msgs2__rosidl_typesupport_introspection_cppExport-noconfig.cmake
[5.179s] -- Up-to-date: /home/lorenzo/code/dynus_lite/dynus_lite_ws/install/snapstack_msgs2/share/snapstack_msgs2/cmake/snapstack_msgs2__rosidl_typesupport_cppExport.cmake
[5.180s] -- Up-to-date: /home/lorenzo/code/dynus_lite/dynus_lite_ws/install/snapstack_msgs2/share/snapstack_msgs2/cmake/snapstack_msgs2__rosidl_typesupport_cppExport-noconfig.cmake
[5.180s] -- Up-to-date: /home/lorenzo/code/dynus_lite/dynus_lite_ws/install/snapstack_msgs2/share/snapstack_msgs2/cmake/export_snapstack_msgs2__rosidl_generator_pyExport.cmake
[5.180s] -- Up-to-date: /home/lorenzo/code/dynus_lite/dynus_lite_ws/install/snapstack_msgs2/share/snapstack_msgs2/cmake/export_snapstack_msgs2__rosidl_generator_pyExport-noconfig.cmake
[5.180s] -- Up-to-date: /home/lorenzo/code/dynus_lite/dynus_lite_ws/install/snapstack_msgs2/share/snapstack_msgs2/cmake/rosidl_cmake-extras.cmake
[5.180s] -- Up-to-date: /home/lorenzo/code/dynus_lite/dynus_lite_ws/install/snapstack_msgs2/share/snapstack_msgs2/cmake/ament_cmake_export_dependencies-extras.cmake
[5.184s] -- Up-to-date: /home/lorenzo/code/dynus_lite/dynus_lite_ws/install/snapstack_msgs2/share/snapstack_msgs2/cmake/ament_cmake_export_include_directories-extras.cmake
[5.184s] -- Up-to-date: /home/lorenzo/code/dynus_lite/dynus_lite_ws/install/snapstack_msgs2/share/snapstack_msgs2/cmake/ament_cmake_export_libraries-extras.cmake
[5.184s] -- Up-to-date: /home/lorenzo/code/dynus_lite/dynus_lite_ws/install/snapstack_msgs2/share/snapstack_msgs2/cmake/ament_cmake_export_targets-extras.cmake
[5.184s] -- Up-to-date: /home/lorenzo/code/dynus_lite/dynus_lite_ws/install/snapstack_msgs2/share/snapstack_msgs2/cmake/rosidl_cmake_export_typesupport_targets-extras.cmake
[5.184s] -- Up-to-date: /home/lorenzo/code/dynus_lite/dynus_lite_ws/install/snapstack_msgs2/share/snapstack_msgs2/cmake/rosidl_cmake_export_typesupport_libraries-extras.cmake
[5.184s] -- Up-to-date: /home/lorenzo/code/dynus_lite/dynus_lite_ws/install/snapstack_msgs2/share/snapstack_msgs2/cmake/snapstack_msgs2Config.cmake
[5.184s] -- Up-to-date: /home/lorenzo/code/dynus_lite/dynus_lite_ws/install/snapstack_msgs2/share/snapstack_msgs2/cmake/snapstack_msgs2Config-version.cmake
[5.185s] -- Up-to-date: /home/lorenzo/code/dynus_lite/dynus_lite_ws/install/snapstack_msgs2/share/snapstack_msgs2/package.xml
[5.203s] Invoked command in '/home/lorenzo/code/dynus_lite/dynus_lite_ws/build/snapstack_msgs2' returned '0': CMAKE_PREFIX_PATH=${CMAKE_PREFIX_PATH}:/opt/ros/humble /usr/bin/cmake --install /home/lorenzo/code/dynus_lite/dynus_lite_ws/build/snapstack_msgs2
