[0.105s] DEBUG:colcon:Command line arguments: ['/usr/bin/colcon', 'build', '--packages-select', 'dynus']
[0.105s] DEBUG:colcon:Parsed command line arguments: Namespace(log_base=None, log_level=None, verb_name='build', build_base='build', install_base='install', merge_install=False, symlink_install=False, test_result_base=None, continue_on_error=False, executor='parallel', parallel_workers=8, event_handlers=None, ignore_user_meta=False, metas=['./colcon.meta'], base_paths=['.'], packages_ignore=None, packages_ignore_regex=None, paths=None, packages_up_to=None, packages_up_to_regex=None, packages_above=None, packages_above_and_dependencies=None, packages_above_depth=None, packages_select_by_dep=None, packages_skip_by_dep=None, packages_skip_up_to=None, packages_select_build_failed=False, packages_skip_build_finished=False, packages_select_test_failures=False, packages_skip_test_passed=False, packages_select=['dynus'], packages_skip=None, packages_select_regex=None, packages_skip_regex=None, packages_start=None, packages_end=None, allow_overriding=[], cmake_args=None, cmake_target=None, cmake_target_skip_unavailable=False, cmake_clean_cache=False, cmake_clean_first=False, cmake_force_configure=False, ament_cmake_args=None, catkin_cmake_args=None, catkin_skip_building_tests=False, mixin_files=None, mixin=None, verb_parser=<colcon_mixin.mixin.mixin_argument.MixinArgumentDecorator object at 0x70103d7bc6d0>, verb_extension=<colcon_core.verb.build.BuildVerb object at 0x70103d78add0>, main=<bound method BuildVerb.main of <colcon_core.verb.build.BuildVerb object at 0x70103d78add0>>, mixin_verb=('build',))
[0.315s] Level 1:colcon.colcon_core.package_discovery:discover_packages(colcon_meta) check parameters
[0.316s] Level 1:colcon.colcon_core.package_discovery:discover_packages(recursive) check parameters
[0.316s] Level 1:colcon.colcon_core.package_discovery:discover_packages(ignore) check parameters
[0.316s] Level 1:colcon.colcon_core.package_discovery:discover_packages(path) check parameters
[0.316s] Level 1:colcon.colcon_core.package_discovery:discover_packages(colcon_meta) discover
[0.316s] Level 1:colcon.colcon_core.package_discovery:discover_packages(recursive) discover
[0.316s] INFO:colcon.colcon_core.package_discovery:Crawling recursively for packages in '/home/lorenzo/code/dynus_lite/dynus_lite_ws'
[0.316s] Level 1:colcon.colcon_core.package_identification:_identify(.) by extensions ['ignore', 'ignore_ament_install']
[0.316s] Level 1:colcon.colcon_core.package_identification:_identify(.) by extension 'ignore'
[0.316s] Level 1:colcon.colcon_core.package_identification:_identify(.) by extension 'ignore_ament_install'
[0.316s] Level 1:colcon.colcon_core.package_identification:_identify(.) by extensions ['colcon_pkg']
[0.316s] Level 1:colcon.colcon_core.package_identification:_identify(.) by extension 'colcon_pkg'
[0.316s] Level 1:colcon.colcon_core.package_identification:_identify(.) by extensions ['colcon_meta']
[0.316s] Level 1:colcon.colcon_core.package_identification:_identify(.) by extension 'colcon_meta'
[0.316s] Level 1:colcon.colcon_core.package_identification:_identify(.) by extensions ['ros']
[0.316s] Level 1:colcon.colcon_core.package_identification:_identify(.) by extension 'ros'
[0.325s] Level 1:colcon.colcon_core.package_identification:_identify(.) by extensions ['cmake', 'python']
[0.325s] Level 1:colcon.colcon_core.package_identification:_identify(.) by extension 'cmake'
[0.325s] Level 1:colcon.colcon_core.package_identification:_identify(.) by extension 'python'
[0.325s] Level 1:colcon.colcon_core.package_identification:_identify(.) by extensions ['python_setup_py']
[0.325s] Level 1:colcon.colcon_core.package_identification:_identify(.) by extension 'python_setup_py'
[0.325s] Level 1:colcon.colcon_core.package_identification:_identify(build) by extensions ['ignore', 'ignore_ament_install']
[0.325s] Level 1:colcon.colcon_core.package_identification:_identify(build) by extension 'ignore'
[0.325s] Level 1:colcon.colcon_core.package_identification:_identify(build) ignored
[0.326s] Level 1:colcon.colcon_core.package_identification:_identify(install) by extensions ['ignore', 'ignore_ament_install']
[0.326s] Level 1:colcon.colcon_core.package_identification:_identify(install) by extension 'ignore'
[0.326s] Level 1:colcon.colcon_core.package_identification:_identify(install) ignored
[0.326s] Level 1:colcon.colcon_core.package_identification:_identify(log) by extensions ['ignore', 'ignore_ament_install']
[0.326s] Level 1:colcon.colcon_core.package_identification:_identify(log) by extension 'ignore'
[0.326s] Level 1:colcon.colcon_core.package_identification:_identify(log) ignored
[0.326s] Level 1:colcon.colcon_core.package_identification:_identify(src) by extensions ['ignore', 'ignore_ament_install']
[0.326s] Level 1:colcon.colcon_core.package_identification:_identify(src) by extension 'ignore'
[0.326s] Level 1:colcon.colcon_core.package_identification:_identify(src) by extension 'ignore_ament_install'
[0.326s] Level 1:colcon.colcon_core.package_identification:_identify(src) by extensions ['colcon_pkg']
[0.326s] Level 1:colcon.colcon_core.package_identification:_identify(src) by extension 'colcon_pkg'
[0.326s] Level 1:colcon.colcon_core.package_identification:_identify(src) by extensions ['colcon_meta']
[0.326s] Level 1:colcon.colcon_core.package_identification:_identify(src) by extension 'colcon_meta'
[0.326s] Level 1:colcon.colcon_core.package_identification:_identify(src) by extensions ['ros']
[0.326s] Level 1:colcon.colcon_core.package_identification:_identify(src) by extension 'ros'
[0.326s] Level 1:colcon.colcon_core.package_identification:_identify(src) by extensions ['cmake', 'python']
[0.326s] Level 1:colcon.colcon_core.package_identification:_identify(src) by extension 'cmake'
[0.326s] Level 1:colcon.colcon_core.package_identification:_identify(src) by extension 'python'
[0.326s] Level 1:colcon.colcon_core.package_identification:_identify(src) by extensions ['python_setup_py']
[0.326s] Level 1:colcon.colcon_core.package_identification:_identify(src) by extension 'python_setup_py'
[0.327s] Level 1:colcon.colcon_core.package_identification:_identify(src/DecompROS2) by extensions ['ignore', 'ignore_ament_install']
[0.327s] Level 1:colcon.colcon_core.package_identification:_identify(src/DecompROS2) by extension 'ignore'
[0.327s] Level 1:colcon.colcon_core.package_identification:_identify(src/DecompROS2) by extension 'ignore_ament_install'
[0.327s] Level 1:colcon.colcon_core.package_identification:_identify(src/DecompROS2) by extensions ['colcon_pkg']
[0.327s] Level 1:colcon.colcon_core.package_identification:_identify(src/DecompROS2) by extension 'colcon_pkg'
[0.327s] Level 1:colcon.colcon_core.package_identification:_identify(src/DecompROS2) by extensions ['colcon_meta']
[0.327s] Level 1:colcon.colcon_core.package_identification:_identify(src/DecompROS2) by extension 'colcon_meta'
[0.327s] Level 1:colcon.colcon_core.package_identification:_identify(src/DecompROS2) by extensions ['ros']
[0.327s] Level 1:colcon.colcon_core.package_identification:_identify(src/DecompROS2) by extension 'ros'
[0.327s] Level 1:colcon.colcon_core.package_identification:_identify(src/DecompROS2) by extensions ['cmake', 'python']
[0.327s] Level 1:colcon.colcon_core.package_identification:_identify(src/DecompROS2) by extension 'cmake'
[0.327s] Level 1:colcon.colcon_core.package_identification:_identify(src/DecompROS2) by extension 'python'
[0.327s] Level 1:colcon.colcon_core.package_identification:_identify(src/DecompROS2) by extensions ['python_setup_py']
[0.327s] Level 1:colcon.colcon_core.package_identification:_identify(src/DecompROS2) by extension 'python_setup_py'
[0.327s] Level 1:colcon.colcon_core.package_identification:_identify(src/DecompROS2/DecompUtil) by extensions ['ignore', 'ignore_ament_install']
[0.327s] Level 1:colcon.colcon_core.package_identification:_identify(src/DecompROS2/DecompUtil) by extension 'ignore'
[0.327s] Level 1:colcon.colcon_core.package_identification:_identify(src/DecompROS2/DecompUtil) by extension 'ignore_ament_install'
[0.327s] Level 1:colcon.colcon_core.package_identification:_identify(src/DecompROS2/DecompUtil) by extensions ['colcon_pkg']
[0.327s] Level 1:colcon.colcon_core.package_identification:_identify(src/DecompROS2/DecompUtil) by extension 'colcon_pkg'
[0.327s] Level 1:colcon.colcon_core.package_identification:_identify(src/DecompROS2/DecompUtil) by extensions ['colcon_meta']
[0.327s] Level 1:colcon.colcon_core.package_identification:_identify(src/DecompROS2/DecompUtil) by extension 'colcon_meta'
[0.327s] Level 1:colcon.colcon_core.package_identification:_identify(src/DecompROS2/DecompUtil) by extensions ['ros']
[0.327s] Level 1:colcon.colcon_core.package_identification:_identify(src/DecompROS2/DecompUtil) by extension 'ros'
[0.329s] DEBUG:colcon.colcon_core.package_identification:Package 'src/DecompROS2/DecompUtil' with type 'ros.cmake' and name 'decomp_util'
[0.329s] Level 1:colcon.colcon_core.package_identification:_identify(src/DecompROS2/decomp_ros_msgs) by extensions ['ignore', 'ignore_ament_install']
[0.330s] Level 1:colcon.colcon_core.package_identification:_identify(src/DecompROS2/decomp_ros_msgs) by extension 'ignore'
[0.330s] Level 1:colcon.colcon_core.package_identification:_identify(src/DecompROS2/decomp_ros_msgs) by extension 'ignore_ament_install'
[0.330s] Level 1:colcon.colcon_core.package_identification:_identify(src/DecompROS2/decomp_ros_msgs) by extensions ['colcon_pkg']
[0.330s] Level 1:colcon.colcon_core.package_identification:_identify(src/DecompROS2/decomp_ros_msgs) by extension 'colcon_pkg'
[0.330s] Level 1:colcon.colcon_core.package_identification:_identify(src/DecompROS2/decomp_ros_msgs) by extensions ['colcon_meta']
[0.330s] Level 1:colcon.colcon_core.package_identification:_identify(src/DecompROS2/decomp_ros_msgs) by extension 'colcon_meta'
[0.330s] Level 1:colcon.colcon_core.package_identification:_identify(src/DecompROS2/decomp_ros_msgs) by extensions ['ros']
[0.330s] Level 1:colcon.colcon_core.package_identification:_identify(src/DecompROS2/decomp_ros_msgs) by extension 'ros'
[0.330s] DEBUG:colcon.colcon_core.package_identification:Package 'src/DecompROS2/decomp_ros_msgs' with type 'ros.ament_cmake' and name 'decomp_ros_msgs'
[0.330s] Level 1:colcon.colcon_core.package_identification:_identify(src/DecompROS2/decomp_rviz_plugins) by extensions ['ignore', 'ignore_ament_install']
[0.330s] Level 1:colcon.colcon_core.package_identification:_identify(src/DecompROS2/decomp_rviz_plugins) by extension 'ignore'
[0.331s] Level 1:colcon.colcon_core.package_identification:_identify(src/DecompROS2/decomp_rviz_plugins) by extension 'ignore_ament_install'
[0.331s] Level 1:colcon.colcon_core.package_identification:_identify(src/DecompROS2/decomp_rviz_plugins) by extensions ['colcon_pkg']
[0.331s] Level 1:colcon.colcon_core.package_identification:_identify(src/DecompROS2/decomp_rviz_plugins) by extension 'colcon_pkg'
[0.331s] Level 1:colcon.colcon_core.package_identification:_identify(src/DecompROS2/decomp_rviz_plugins) by extensions ['colcon_meta']
[0.331s] Level 1:colcon.colcon_core.package_identification:_identify(src/DecompROS2/decomp_rviz_plugins) by extension 'colcon_meta'
[0.331s] Level 1:colcon.colcon_core.package_identification:_identify(src/DecompROS2/decomp_rviz_plugins) by extensions ['ros']
[0.331s] Level 1:colcon.colcon_core.package_identification:_identify(src/DecompROS2/decomp_rviz_plugins) by extension 'ros'
[0.332s] DEBUG:colcon.colcon_core.package_identification:Package 'src/DecompROS2/decomp_rviz_plugins' with type 'ros.ament_cmake' and name 'decomp_rviz_plugins'
[0.332s] Level 1:colcon.colcon_core.package_identification:_identify(src/DecompROS2/decomp_test_node) by extensions ['ignore', 'ignore_ament_install']
[0.332s] Level 1:colcon.colcon_core.package_identification:_identify(src/DecompROS2/decomp_test_node) by extension 'ignore'
[0.332s] Level 1:colcon.colcon_core.package_identification:_identify(src/DecompROS2/decomp_test_node) by extension 'ignore_ament_install'
[0.332s] Level 1:colcon.colcon_core.package_identification:_identify(src/DecompROS2/decomp_test_node) by extensions ['colcon_pkg']
[0.332s] Level 1:colcon.colcon_core.package_identification:_identify(src/DecompROS2/decomp_test_node) by extension 'colcon_pkg'
[0.332s] Level 1:colcon.colcon_core.package_identification:_identify(src/DecompROS2/decomp_test_node) by extensions ['colcon_meta']
[0.332s] Level 1:colcon.colcon_core.package_identification:_identify(src/DecompROS2/decomp_test_node) by extension 'colcon_meta'
[0.332s] Level 1:colcon.colcon_core.package_identification:_identify(src/DecompROS2/decomp_test_node) by extensions ['ros']
[0.332s] Level 1:colcon.colcon_core.package_identification:_identify(src/DecompROS2/decomp_test_node) by extension 'ros'
[0.334s] DEBUG:colcon.colcon_core.package_identification:Package 'src/DecompROS2/decomp_test_node' with type 'ros.ament_cmake' and name 'decomp_test_node'
[0.334s] Level 1:colcon.colcon_core.package_identification:_identify(src/behavior_selector2) by extensions ['ignore', 'ignore_ament_install']
[0.334s] Level 1:colcon.colcon_core.package_identification:_identify(src/behavior_selector2) by extension 'ignore'
[0.334s] Level 1:colcon.colcon_core.package_identification:_identify(src/behavior_selector2) by extension 'ignore_ament_install'
[0.334s] Level 1:colcon.colcon_core.package_identification:_identify(src/behavior_selector2) by extensions ['colcon_pkg']
[0.334s] Level 1:colcon.colcon_core.package_identification:_identify(src/behavior_selector2) by extension 'colcon_pkg'
[0.334s] Level 1:colcon.colcon_core.package_identification:_identify(src/behavior_selector2) by extensions ['colcon_meta']
[0.334s] Level 1:colcon.colcon_core.package_identification:_identify(src/behavior_selector2) by extension 'colcon_meta'
[0.334s] Level 1:colcon.colcon_core.package_identification:_identify(src/behavior_selector2) by extensions ['ros']
[0.334s] Level 1:colcon.colcon_core.package_identification:_identify(src/behavior_selector2) by extension 'ros'
[0.335s] DEBUG:colcon.colcon_core.package_identification:Package 'src/behavior_selector2' with type 'ros.ament_python' and name 'behavior_selector2'
[0.335s] Level 1:colcon.colcon_core.package_identification:_identify(src/direct_lidar_inertial_odometry) by extensions ['ignore', 'ignore_ament_install']
[0.335s] Level 1:colcon.colcon_core.package_identification:_identify(src/direct_lidar_inertial_odometry) by extension 'ignore'
[0.335s] Level 1:colcon.colcon_core.package_identification:_identify(src/direct_lidar_inertial_odometry) by extension 'ignore_ament_install'
[0.335s] Level 1:colcon.colcon_core.package_identification:_identify(src/direct_lidar_inertial_odometry) by extensions ['colcon_pkg']
[0.335s] Level 1:colcon.colcon_core.package_identification:_identify(src/direct_lidar_inertial_odometry) by extension 'colcon_pkg'
[0.335s] Level 1:colcon.colcon_core.package_identification:_identify(src/direct_lidar_inertial_odometry) by extensions ['colcon_meta']
[0.335s] Level 1:colcon.colcon_core.package_identification:_identify(src/direct_lidar_inertial_odometry) by extension 'colcon_meta'
[0.335s] Level 1:colcon.colcon_core.package_identification:_identify(src/direct_lidar_inertial_odometry) by extensions ['ros']
[0.335s] Level 1:colcon.colcon_core.package_identification:_identify(src/direct_lidar_inertial_odometry) by extension 'ros'
[0.335s] Level 1:colcon.colcon_core.package_identification:_identify(src/direct_lidar_inertial_odometry) by extensions ['cmake', 'python']
[0.336s] Level 1:colcon.colcon_core.package_identification:_identify(src/direct_lidar_inertial_odometry) by extension 'cmake'
[0.336s] Level 1:colcon.colcon_core.package_identification:_identify(src/direct_lidar_inertial_odometry) by extension 'python'
[0.336s] Level 1:colcon.colcon_core.package_identification:_identify(src/direct_lidar_inertial_odometry) by extensions ['python_setup_py']
[0.336s] Level 1:colcon.colcon_core.package_identification:_identify(src/direct_lidar_inertial_odometry) by extension 'python_setup_py'
[0.336s] Level 1:colcon.colcon_core.package_identification:_identify(src/dynus) by extensions ['ignore', 'ignore_ament_install']
[0.336s] Level 1:colcon.colcon_core.package_identification:_identify(src/dynus) by extension 'ignore'
[0.336s] Level 1:colcon.colcon_core.package_identification:_identify(src/dynus) by extension 'ignore_ament_install'
[0.336s] Level 1:colcon.colcon_core.package_identification:_identify(src/dynus) by extensions ['colcon_pkg']
[0.336s] Level 1:colcon.colcon_core.package_identification:_identify(src/dynus) by extension 'colcon_pkg'
[0.336s] Level 1:colcon.colcon_core.package_identification:_identify(src/dynus) by extensions ['colcon_meta']
[0.336s] Level 1:colcon.colcon_core.package_identification:_identify(src/dynus) by extension 'colcon_meta'
[0.336s] Level 1:colcon.colcon_core.package_identification:_identify(src/dynus) by extensions ['ros']
[0.336s] Level 1:colcon.colcon_core.package_identification:_identify(src/dynus) by extension 'ros'
[0.337s] DEBUG:colcon.colcon_core.package_identification:Package 'src/dynus' with type 'ros.ament_cmake' and name 'dynus'
[0.338s] Level 1:colcon.colcon_core.package_identification:_identify(src/dynus_interfaces) by extensions ['ignore', 'ignore_ament_install']
[0.338s] Level 1:colcon.colcon_core.package_identification:_identify(src/dynus_interfaces) by extension 'ignore'
[0.338s] Level 1:colcon.colcon_core.package_identification:_identify(src/dynus_interfaces) by extension 'ignore_ament_install'
[0.338s] Level 1:colcon.colcon_core.package_identification:_identify(src/dynus_interfaces) by extensions ['colcon_pkg']
[0.338s] Level 1:colcon.colcon_core.package_identification:_identify(src/dynus_interfaces) by extension 'colcon_pkg'
[0.338s] Level 1:colcon.colcon_core.package_identification:_identify(src/dynus_interfaces) by extensions ['colcon_meta']
[0.338s] Level 1:colcon.colcon_core.package_identification:_identify(src/dynus_interfaces) by extension 'colcon_meta'
[0.338s] Level 1:colcon.colcon_core.package_identification:_identify(src/dynus_interfaces) by extensions ['ros']
[0.338s] Level 1:colcon.colcon_core.package_identification:_identify(src/dynus_interfaces) by extension 'ros'
[0.338s] DEBUG:colcon.colcon_core.package_identification:Package 'src/dynus_interfaces' with type 'ros.ament_cmake' and name 'dynus_interfaces'
[0.339s] Level 1:colcon.colcon_core.package_identification:_identify(src/gazebo_ros_pkgs) by extensions ['ignore', 'ignore_ament_install']
[0.339s] Level 1:colcon.colcon_core.package_identification:_identify(src/gazebo_ros_pkgs) by extension 'ignore'
[0.339s] Level 1:colcon.colcon_core.package_identification:_identify(src/gazebo_ros_pkgs) by extension 'ignore_ament_install'
[0.339s] Level 1:colcon.colcon_core.package_identification:_identify(src/gazebo_ros_pkgs) by extensions ['colcon_pkg']
[0.339s] Level 1:colcon.colcon_core.package_identification:_identify(src/gazebo_ros_pkgs) by extension 'colcon_pkg'
[0.339s] Level 1:colcon.colcon_core.package_identification:_identify(src/gazebo_ros_pkgs) by extensions ['colcon_meta']
[0.339s] Level 1:colcon.colcon_core.package_identification:_identify(src/gazebo_ros_pkgs) by extension 'colcon_meta'
[0.339s] Level 1:colcon.colcon_core.package_identification:_identify(src/gazebo_ros_pkgs) by extensions ['ros']
[0.339s] Level 1:colcon.colcon_core.package_identification:_identify(src/gazebo_ros_pkgs) by extension 'ros'
[0.339s] Level 1:colcon.colcon_core.package_identification:_identify(src/gazebo_ros_pkgs) by extensions ['cmake', 'python']
[0.339s] Level 1:colcon.colcon_core.package_identification:_identify(src/gazebo_ros_pkgs) by extension 'cmake'
[0.339s] Level 1:colcon.colcon_core.package_identification:_identify(src/gazebo_ros_pkgs) by extension 'python'
[0.339s] Level 1:colcon.colcon_core.package_identification:_identify(src/gazebo_ros_pkgs) by extensions ['python_setup_py']
[0.339s] Level 1:colcon.colcon_core.package_identification:_identify(src/gazebo_ros_pkgs) by extension 'python_setup_py'
[0.339s] Level 1:colcon.colcon_core.package_identification:_identify(src/gazebo_ros_pkgs/gazebo_dev) by extensions ['ignore', 'ignore_ament_install']
[0.339s] Level 1:colcon.colcon_core.package_identification:_identify(src/gazebo_ros_pkgs/gazebo_dev) by extension 'ignore'
[0.339s] Level 1:colcon.colcon_core.package_identification:_identify(src/gazebo_ros_pkgs/gazebo_dev) by extension 'ignore_ament_install'
[0.339s] Level 1:colcon.colcon_core.package_identification:_identify(src/gazebo_ros_pkgs/gazebo_dev) by extensions ['colcon_pkg']
[0.339s] Level 1:colcon.colcon_core.package_identification:_identify(src/gazebo_ros_pkgs/gazebo_dev) by extension 'colcon_pkg'
[0.340s] Level 1:colcon.colcon_core.package_identification:_identify(src/gazebo_ros_pkgs/gazebo_dev) by extensions ['colcon_meta']
[0.340s] Level 1:colcon.colcon_core.package_identification:_identify(src/gazebo_ros_pkgs/gazebo_dev) by extension 'colcon_meta'
[0.340s] Level 1:colcon.colcon_core.package_identification:_identify(src/gazebo_ros_pkgs/gazebo_dev) by extensions ['ros']
[0.340s] Level 1:colcon.colcon_core.package_identification:_identify(src/gazebo_ros_pkgs/gazebo_dev) by extension 'ros'
[0.341s] DEBUG:colcon.colcon_core.package_identification:Package 'src/gazebo_ros_pkgs/gazebo_dev' with type 'ros.ament_cmake' and name 'gazebo_dev'
[0.341s] Level 1:colcon.colcon_core.package_identification:_identify(src/gazebo_ros_pkgs/gazebo_msgs) by extensions ['ignore', 'ignore_ament_install']
[0.341s] Level 1:colcon.colcon_core.package_identification:_identify(src/gazebo_ros_pkgs/gazebo_msgs) by extension 'ignore'
[0.341s] Level 1:colcon.colcon_core.package_identification:_identify(src/gazebo_ros_pkgs/gazebo_msgs) by extension 'ignore_ament_install'
[0.341s] Level 1:colcon.colcon_core.package_identification:_identify(src/gazebo_ros_pkgs/gazebo_msgs) by extensions ['colcon_pkg']
[0.341s] Level 1:colcon.colcon_core.package_identification:_identify(src/gazebo_ros_pkgs/gazebo_msgs) by extension 'colcon_pkg'
[0.341s] Level 1:colcon.colcon_core.package_identification:_identify(src/gazebo_ros_pkgs/gazebo_msgs) by extensions ['colcon_meta']
[0.341s] Level 1:colcon.colcon_core.package_identification:_identify(src/gazebo_ros_pkgs/gazebo_msgs) by extension 'colcon_meta'
[0.341s] Level 1:colcon.colcon_core.package_identification:_identify(src/gazebo_ros_pkgs/gazebo_msgs) by extensions ['ros']
[0.341s] Level 1:colcon.colcon_core.package_identification:_identify(src/gazebo_ros_pkgs/gazebo_msgs) by extension 'ros'
[0.342s] DEBUG:colcon.colcon_core.package_identification:Package 'src/gazebo_ros_pkgs/gazebo_msgs' with type 'ros.ament_cmake' and name 'gazebo_msgs'
[0.342s] Level 1:colcon.colcon_core.package_identification:_identify(src/gazebo_ros_pkgs/gazebo_plugins) by extensions ['ignore', 'ignore_ament_install']
[0.342s] Level 1:colcon.colcon_core.package_identification:_identify(src/gazebo_ros_pkgs/gazebo_plugins) by extension 'ignore'
[0.342s] Level 1:colcon.colcon_core.package_identification:_identify(src/gazebo_ros_pkgs/gazebo_plugins) by extension 'ignore_ament_install'
[0.342s] Level 1:colcon.colcon_core.package_identification:_identify(src/gazebo_ros_pkgs/gazebo_plugins) by extensions ['colcon_pkg']
[0.342s] Level 1:colcon.colcon_core.package_identification:_identify(src/gazebo_ros_pkgs/gazebo_plugins) by extension 'colcon_pkg'
[0.342s] Level 1:colcon.colcon_core.package_identification:_identify(src/gazebo_ros_pkgs/gazebo_plugins) by extensions ['colcon_meta']
[0.342s] Level 1:colcon.colcon_core.package_identification:_identify(src/gazebo_ros_pkgs/gazebo_plugins) by extension 'colcon_meta'
[0.342s] Level 1:colcon.colcon_core.package_identification:_identify(src/gazebo_ros_pkgs/gazebo_plugins) by extensions ['ros']
[0.342s] Level 1:colcon.colcon_core.package_identification:_identify(src/gazebo_ros_pkgs/gazebo_plugins) by extension 'ros'
[0.344s] DEBUG:colcon.colcon_core.package_identification:Package 'src/gazebo_ros_pkgs/gazebo_plugins' with type 'ros.ament_cmake' and name 'gazebo_plugins'
[0.344s] Level 1:colcon.colcon_core.package_identification:_identify(src/gazebo_ros_pkgs/gazebo_ros) by extensions ['ignore', 'ignore_ament_install']
[0.344s] Level 1:colcon.colcon_core.package_identification:_identify(src/gazebo_ros_pkgs/gazebo_ros) by extension 'ignore'
[0.344s] Level 1:colcon.colcon_core.package_identification:_identify(src/gazebo_ros_pkgs/gazebo_ros) by extension 'ignore_ament_install'
[0.344s] Level 1:colcon.colcon_core.package_identification:_identify(src/gazebo_ros_pkgs/gazebo_ros) by extensions ['colcon_pkg']
[0.344s] Level 1:colcon.colcon_core.package_identification:_identify(src/gazebo_ros_pkgs/gazebo_ros) by extension 'colcon_pkg'
[0.344s] Level 1:colcon.colcon_core.package_identification:_identify(src/gazebo_ros_pkgs/gazebo_ros) by extensions ['colcon_meta']
[0.344s] Level 1:colcon.colcon_core.package_identification:_identify(src/gazebo_ros_pkgs/gazebo_ros) by extension 'colcon_meta'
[0.345s] Level 1:colcon.colcon_core.package_identification:_identify(src/gazebo_ros_pkgs/gazebo_ros) by extensions ['ros']
[0.345s] Level 1:colcon.colcon_core.package_identification:_identify(src/gazebo_ros_pkgs/gazebo_ros) by extension 'ros'
[0.346s] DEBUG:colcon.colcon_core.package_identification:Package 'src/gazebo_ros_pkgs/gazebo_ros' with type 'ros.ament_cmake' and name 'gazebo_ros'
[0.346s] Level 1:colcon.colcon_core.package_identification:_identify(src/gazebo_ros_pkgs/gazebo_ros_control) by extensions ['ignore', 'ignore_ament_install']
[0.346s] Level 1:colcon.colcon_core.package_identification:_identify(src/gazebo_ros_pkgs/gazebo_ros_control) by extension 'ignore'
[0.346s] Level 1:colcon.colcon_core.package_identification:_identify(src/gazebo_ros_pkgs/gazebo_ros_control) by extension 'ignore_ament_install'
[0.346s] Level 1:colcon.colcon_core.package_identification:_identify(src/gazebo_ros_pkgs/gazebo_ros_control) by extensions ['colcon_pkg']
[0.346s] Level 1:colcon.colcon_core.package_identification:_identify(src/gazebo_ros_pkgs/gazebo_ros_control) by extension 'colcon_pkg'
[0.346s] Level 1:colcon.colcon_core.package_identification:_identify(src/gazebo_ros_pkgs/gazebo_ros_control) by extensions ['colcon_meta']
[0.346s] Level 1:colcon.colcon_core.package_identification:_identify(src/gazebo_ros_pkgs/gazebo_ros_control) by extension 'colcon_meta'
[0.347s] Level 1:colcon.colcon_core.package_identification:_identify(src/gazebo_ros_pkgs/gazebo_ros_control) by extensions ['ros']
[0.347s] Level 1:colcon.colcon_core.package_identification:_identify(src/gazebo_ros_pkgs/gazebo_ros_control) by extension 'ros'
[0.347s] Level 1:colcon.colcon_core.package_identification:_identify(src/gazebo_ros_pkgs/gazebo_ros_control) by extensions ['cmake', 'python']
[0.347s] Level 1:colcon.colcon_core.package_identification:_identify(src/gazebo_ros_pkgs/gazebo_ros_control) by extension 'cmake'
[0.347s] Level 1:colcon.colcon_core.package_identification:_identify(src/gazebo_ros_pkgs/gazebo_ros_control) by extension 'python'
[0.347s] Level 1:colcon.colcon_core.package_identification:_identify(src/gazebo_ros_pkgs/gazebo_ros_control) by extensions ['python_setup_py']
[0.347s] Level 1:colcon.colcon_core.package_identification:_identify(src/gazebo_ros_pkgs/gazebo_ros_control) by extension 'python_setup_py'
[0.347s] Level 1:colcon.colcon_core.package_identification:_identify(src/gazebo_ros_pkgs/gazebo_ros_pkgs) by extensions ['ignore', 'ignore_ament_install']
[0.347s] Level 1:colcon.colcon_core.package_identification:_identify(src/gazebo_ros_pkgs/gazebo_ros_pkgs) by extension 'ignore'
[0.347s] Level 1:colcon.colcon_core.package_identification:_identify(src/gazebo_ros_pkgs/gazebo_ros_pkgs) by extension 'ignore_ament_install'
[0.347s] Level 1:colcon.colcon_core.package_identification:_identify(src/gazebo_ros_pkgs/gazebo_ros_pkgs) by extensions ['colcon_pkg']
[0.347s] Level 1:colcon.colcon_core.package_identification:_identify(src/gazebo_ros_pkgs/gazebo_ros_pkgs) by extension 'colcon_pkg'
[0.347s] Level 1:colcon.colcon_core.package_identification:_identify(src/gazebo_ros_pkgs/gazebo_ros_pkgs) by extensions ['colcon_meta']
[0.347s] Level 1:colcon.colcon_core.package_identification:_identify(src/gazebo_ros_pkgs/gazebo_ros_pkgs) by extension 'colcon_meta'
[0.347s] Level 1:colcon.colcon_core.package_identification:_identify(src/gazebo_ros_pkgs/gazebo_ros_pkgs) by extensions ['ros']
[0.347s] Level 1:colcon.colcon_core.package_identification:_identify(src/gazebo_ros_pkgs/gazebo_ros_pkgs) by extension 'ros'
[0.348s] DEBUG:colcon.colcon_core.package_identification:Package 'src/gazebo_ros_pkgs/gazebo_ros_pkgs' with type 'ros.ament_cmake' and name 'gazebo_ros_pkgs'
[0.348s] Level 1:colcon.colcon_core.package_identification:_identify(src/livox_laser_simulation_ros2) by extensions ['ignore', 'ignore_ament_install']
[0.348s] Level 1:colcon.colcon_core.package_identification:_identify(src/livox_laser_simulation_ros2) by extension 'ignore'
[0.348s] Level 1:colcon.colcon_core.package_identification:_identify(src/livox_laser_simulation_ros2) by extension 'ignore_ament_install'
[0.348s] Level 1:colcon.colcon_core.package_identification:_identify(src/livox_laser_simulation_ros2) by extensions ['colcon_pkg']
[0.348s] Level 1:colcon.colcon_core.package_identification:_identify(src/livox_laser_simulation_ros2) by extension 'colcon_pkg'
[0.348s] Level 1:colcon.colcon_core.package_identification:_identify(src/livox_laser_simulation_ros2) by extensions ['colcon_meta']
[0.348s] Level 1:colcon.colcon_core.package_identification:_identify(src/livox_laser_simulation_ros2) by extension 'colcon_meta'
[0.348s] Level 1:colcon.colcon_core.package_identification:_identify(src/livox_laser_simulation_ros2) by extensions ['ros']
[0.348s] Level 1:colcon.colcon_core.package_identification:_identify(src/livox_laser_simulation_ros2) by extension 'ros'
[0.349s] DEBUG:colcon.colcon_core.package_identification:Package 'src/livox_laser_simulation_ros2' with type 'ros.ament_cmake' and name 'ros2_livox_simulation'
[0.349s] Level 1:colcon.colcon_core.package_identification:_identify(src/livox_ros_driver2) by extensions ['ignore', 'ignore_ament_install']
[0.349s] Level 1:colcon.colcon_core.package_identification:_identify(src/livox_ros_driver2) by extension 'ignore'
[0.349s] Level 1:colcon.colcon_core.package_identification:_identify(src/livox_ros_driver2) by extension 'ignore_ament_install'
[0.349s] Level 1:colcon.colcon_core.package_identification:_identify(src/livox_ros_driver2) by extensions ['colcon_pkg']
[0.349s] Level 1:colcon.colcon_core.package_identification:_identify(src/livox_ros_driver2) by extension 'colcon_pkg'
[0.349s] Level 1:colcon.colcon_core.package_identification:_identify(src/livox_ros_driver2) by extensions ['colcon_meta']
[0.349s] Level 1:colcon.colcon_core.package_identification:_identify(src/livox_ros_driver2) by extension 'colcon_meta'
[0.350s] Level 1:colcon.colcon_core.package_identification:_identify(src/livox_ros_driver2) by extensions ['ros']
[0.350s] Level 1:colcon.colcon_core.package_identification:_identify(src/livox_ros_driver2) by extension 'ros'
[0.351s] DEBUG:colcon.colcon_core.package_identification:Package 'src/livox_ros_driver2' with type 'ros.ament_cmake' and name 'livox_ros_driver2'
[0.351s] Level 1:colcon.colcon_core.package_identification:_identify(src/mission_mode) by extensions ['ignore', 'ignore_ament_install']
[0.351s] Level 1:colcon.colcon_core.package_identification:_identify(src/mission_mode) by extension 'ignore'
[0.351s] Level 1:colcon.colcon_core.package_identification:_identify(src/mission_mode) by extension 'ignore_ament_install'
[0.351s] Level 1:colcon.colcon_core.package_identification:_identify(src/mission_mode) by extensions ['colcon_pkg']
[0.351s] Level 1:colcon.colcon_core.package_identification:_identify(src/mission_mode) by extension 'colcon_pkg'
[0.351s] Level 1:colcon.colcon_core.package_identification:_identify(src/mission_mode) by extensions ['colcon_meta']
[0.351s] Level 1:colcon.colcon_core.package_identification:_identify(src/mission_mode) by extension 'colcon_meta'
[0.351s] Level 1:colcon.colcon_core.package_identification:_identify(src/mission_mode) by extensions ['ros']
[0.351s] Level 1:colcon.colcon_core.package_identification:_identify(src/mission_mode) by extension 'ros'
[0.352s] DEBUG:colcon.colcon_core.package_identification:Package 'src/mission_mode' with type 'ros.ament_cmake' and name 'mission_mode'
[0.352s] Level 1:colcon.colcon_core.package_identification:_identify(src/octomap_mapping) by extensions ['ignore', 'ignore_ament_install']
[0.352s] Level 1:colcon.colcon_core.package_identification:_identify(src/octomap_mapping) by extension 'ignore'
[0.352s] Level 1:colcon.colcon_core.package_identification:_identify(src/octomap_mapping) by extension 'ignore_ament_install'
[0.352s] Level 1:colcon.colcon_core.package_identification:_identify(src/octomap_mapping) by extensions ['colcon_pkg']
[0.352s] Level 1:colcon.colcon_core.package_identification:_identify(src/octomap_mapping) by extension 'colcon_pkg'
[0.352s] Level 1:colcon.colcon_core.package_identification:_identify(src/octomap_mapping) by extensions ['colcon_meta']
[0.352s] Level 1:colcon.colcon_core.package_identification:_identify(src/octomap_mapping) by extension 'colcon_meta'
[0.352s] Level 1:colcon.colcon_core.package_identification:_identify(src/octomap_mapping) by extensions ['ros']
[0.352s] Level 1:colcon.colcon_core.package_identification:_identify(src/octomap_mapping) by extension 'ros'
[0.352s] Level 1:colcon.colcon_core.package_identification:_identify(src/octomap_mapping) by extensions ['cmake', 'python']
[0.352s] Level 1:colcon.colcon_core.package_identification:_identify(src/octomap_mapping) by extension 'cmake'
[0.352s] Level 1:colcon.colcon_core.package_identification:_identify(src/octomap_mapping) by extension 'python'
[0.352s] Level 1:colcon.colcon_core.package_identification:_identify(src/octomap_mapping) by extensions ['python_setup_py']
[0.352s] Level 1:colcon.colcon_core.package_identification:_identify(src/octomap_mapping) by extension 'python_setup_py'
[0.353s] Level 1:colcon.colcon_core.package_identification:_identify(src/octomap_mapping/octomap_mapping) by extensions ['ignore', 'ignore_ament_install']
[0.353s] Level 1:colcon.colcon_core.package_identification:_identify(src/octomap_mapping/octomap_mapping) by extension 'ignore'
[0.353s] Level 1:colcon.colcon_core.package_identification:_identify(src/octomap_mapping/octomap_mapping) by extension 'ignore_ament_install'
[0.353s] Level 1:colcon.colcon_core.package_identification:_identify(src/octomap_mapping/octomap_mapping) by extensions ['colcon_pkg']
[0.353s] Level 1:colcon.colcon_core.package_identification:_identify(src/octomap_mapping/octomap_mapping) by extension 'colcon_pkg'
[0.353s] Level 1:colcon.colcon_core.package_identification:_identify(src/octomap_mapping/octomap_mapping) by extensions ['colcon_meta']
[0.353s] Level 1:colcon.colcon_core.package_identification:_identify(src/octomap_mapping/octomap_mapping) by extension 'colcon_meta'
[0.353s] Level 1:colcon.colcon_core.package_identification:_identify(src/octomap_mapping/octomap_mapping) by extensions ['ros']
[0.353s] Level 1:colcon.colcon_core.package_identification:_identify(src/octomap_mapping/octomap_mapping) by extension 'ros'
[0.353s] DEBUG:colcon.colcon_core.package_identification:Package 'src/octomap_mapping/octomap_mapping' with type 'ros.ament_cmake' and name 'octomap_mapping'
[0.353s] Level 1:colcon.colcon_core.package_identification:_identify(src/octomap_mapping/octomap_server) by extensions ['ignore', 'ignore_ament_install']
[0.353s] Level 1:colcon.colcon_core.package_identification:_identify(src/octomap_mapping/octomap_server) by extension 'ignore'
[0.354s] Level 1:colcon.colcon_core.package_identification:_identify(src/octomap_mapping/octomap_server) by extension 'ignore_ament_install'
[0.354s] Level 1:colcon.colcon_core.package_identification:_identify(src/octomap_mapping/octomap_server) by extensions ['colcon_pkg']
[0.354s] Level 1:colcon.colcon_core.package_identification:_identify(src/octomap_mapping/octomap_server) by extension 'colcon_pkg'
[0.354s] Level 1:colcon.colcon_core.package_identification:_identify(src/octomap_mapping/octomap_server) by extensions ['colcon_meta']
[0.354s] Level 1:colcon.colcon_core.package_identification:_identify(src/octomap_mapping/octomap_server) by extension 'colcon_meta'
[0.354s] Level 1:colcon.colcon_core.package_identification:_identify(src/octomap_mapping/octomap_server) by extensions ['ros']
[0.354s] Level 1:colcon.colcon_core.package_identification:_identify(src/octomap_mapping/octomap_server) by extension 'ros'
[0.355s] DEBUG:colcon.colcon_core.package_identification:Package 'src/octomap_mapping/octomap_server' with type 'ros.ament_cmake' and name 'octomap_server'
[0.356s] Level 1:colcon.colcon_core.package_identification:_identify(src/octomap_rviz_plugins) by extensions ['ignore', 'ignore_ament_install']
[0.356s] Level 1:colcon.colcon_core.package_identification:_identify(src/octomap_rviz_plugins) by extension 'ignore'
[0.356s] Level 1:colcon.colcon_core.package_identification:_identify(src/octomap_rviz_plugins) by extension 'ignore_ament_install'
[0.356s] Level 1:colcon.colcon_core.package_identification:_identify(src/octomap_rviz_plugins) by extensions ['colcon_pkg']
[0.356s] Level 1:colcon.colcon_core.package_identification:_identify(src/octomap_rviz_plugins) by extension 'colcon_pkg'
[0.356s] Level 1:colcon.colcon_core.package_identification:_identify(src/octomap_rviz_plugins) by extensions ['colcon_meta']
[0.356s] Level 1:colcon.colcon_core.package_identification:_identify(src/octomap_rviz_plugins) by extension 'colcon_meta'
[0.356s] Level 1:colcon.colcon_core.package_identification:_identify(src/octomap_rviz_plugins) by extensions ['ros']
[0.356s] Level 1:colcon.colcon_core.package_identification:_identify(src/octomap_rviz_plugins) by extension 'ros'
[0.357s] DEBUG:colcon.colcon_core.package_identification:Package 'src/octomap_rviz_plugins' with type 'ros.ament_cmake' and name 'octomap_rviz_plugins'
[0.357s] Level 1:colcon.colcon_core.package_identification:_identify(src/realsense_gazebo_plugin) by extensions ['ignore', 'ignore_ament_install']
[0.357s] Level 1:colcon.colcon_core.package_identification:_identify(src/realsense_gazebo_plugin) by extension 'ignore'
[0.357s] Level 1:colcon.colcon_core.package_identification:_identify(src/realsense_gazebo_plugin) by extension 'ignore_ament_install'
[0.357s] Level 1:colcon.colcon_core.package_identification:_identify(src/realsense_gazebo_plugin) by extensions ['colcon_pkg']
[0.357s] Level 1:colcon.colcon_core.package_identification:_identify(src/realsense_gazebo_plugin) by extension 'colcon_pkg'
[0.357s] Level 1:colcon.colcon_core.package_identification:_identify(src/realsense_gazebo_plugin) by extensions ['colcon_meta']
[0.357s] Level 1:colcon.colcon_core.package_identification:_identify(src/realsense_gazebo_plugin) by extension 'colcon_meta'
[0.357s] Level 1:colcon.colcon_core.package_identification:_identify(src/realsense_gazebo_plugin) by extensions ['ros']
[0.357s] Level 1:colcon.colcon_core.package_identification:_identify(src/realsense_gazebo_plugin) by extension 'ros'
[0.358s] DEBUG:colcon.colcon_core.package_identification:Package 'src/realsense_gazebo_plugin' with type 'ros.catkin' and name 'realsense_gazebo_plugin'
[0.358s] Level 1:colcon.colcon_core.package_identification:_identify(src/ros2_px4_stack) by extensions ['ignore', 'ignore_ament_install']
[0.358s] Level 1:colcon.colcon_core.package_identification:_identify(src/ros2_px4_stack) by extension 'ignore'
[0.358s] Level 1:colcon.colcon_core.package_identification:_identify(src/ros2_px4_stack) by extension 'ignore_ament_install'
[0.358s] Level 1:colcon.colcon_core.package_identification:_identify(src/ros2_px4_stack) by extensions ['colcon_pkg']
[0.359s] Level 1:colcon.colcon_core.package_identification:_identify(src/ros2_px4_stack) by extension 'colcon_pkg'
[0.359s] Level 1:colcon.colcon_core.package_identification:_identify(src/ros2_px4_stack) by extensions ['colcon_meta']
[0.359s] Level 1:colcon.colcon_core.package_identification:_identify(src/ros2_px4_stack) by extension 'colcon_meta'
[0.359s] Level 1:colcon.colcon_core.package_identification:_identify(src/ros2_px4_stack) by extensions ['ros']
[0.359s] Level 1:colcon.colcon_core.package_identification:_identify(src/ros2_px4_stack) by extension 'ros'
[0.359s] DEBUG:colcon.colcon_core.package_identification:Package 'src/ros2_px4_stack' with type 'ros.ament_python' and name 'ros2_px4_stack'
[0.359s] Level 1:colcon.colcon_core.package_identification:_identify(src/snapstack_msgs2) by extensions ['ignore', 'ignore_ament_install']
[0.359s] Level 1:colcon.colcon_core.package_identification:_identify(src/snapstack_msgs2) by extension 'ignore'
[0.359s] Level 1:colcon.colcon_core.package_identification:_identify(src/snapstack_msgs2) by extension 'ignore_ament_install'
[0.359s] Level 1:colcon.colcon_core.package_identification:_identify(src/snapstack_msgs2) by extensions ['colcon_pkg']
[0.359s] Level 1:colcon.colcon_core.package_identification:_identify(src/snapstack_msgs2) by extension 'colcon_pkg'
[0.359s] Level 1:colcon.colcon_core.package_identification:_identify(src/snapstack_msgs2) by extensions ['colcon_meta']
[0.360s] Level 1:colcon.colcon_core.package_identification:_identify(src/snapstack_msgs2) by extension 'colcon_meta'
[0.360s] Level 1:colcon.colcon_core.package_identification:_identify(src/snapstack_msgs2) by extensions ['ros']
[0.360s] Level 1:colcon.colcon_core.package_identification:_identify(src/snapstack_msgs2) by extension 'ros'
[0.360s] DEBUG:colcon.colcon_core.package_identification:Package 'src/snapstack_msgs2' with type 'ros.ament_cmake' and name 'snapstack_msgs2'
[0.360s] Level 1:colcon.colcon_core.package_identification:_identify(src/trajectory_generator_ros2) by extensions ['ignore', 'ignore_ament_install']
[0.361s] Level 1:colcon.colcon_core.package_identification:_identify(src/trajectory_generator_ros2) by extension 'ignore'
[0.361s] Level 1:colcon.colcon_core.package_identification:_identify(src/trajectory_generator_ros2) by extension 'ignore_ament_install'
[0.361s] Level 1:colcon.colcon_core.package_identification:_identify(src/trajectory_generator_ros2) by extensions ['colcon_pkg']
[0.361s] Level 1:colcon.colcon_core.package_identification:_identify(src/trajectory_generator_ros2) by extension 'colcon_pkg'
[0.361s] Level 1:colcon.colcon_core.package_identification:_identify(src/trajectory_generator_ros2) by extensions ['colcon_meta']
[0.361s] Level 1:colcon.colcon_core.package_identification:_identify(src/trajectory_generator_ros2) by extension 'colcon_meta'
[0.361s] Level 1:colcon.colcon_core.package_identification:_identify(src/trajectory_generator_ros2) by extensions ['ros']
[0.361s] Level 1:colcon.colcon_core.package_identification:_identify(src/trajectory_generator_ros2) by extension 'ros'
[0.361s] DEBUG:colcon.colcon_core.package_identification:Package 'src/trajectory_generator_ros2' with type 'ros.ament_cmake' and name 'trajectory_generator_ros2'
[0.361s] Level 1:colcon.colcon_core.package_discovery:discover_packages(recursive) using defaults
[0.362s] Level 1:colcon.colcon_core.package_discovery:discover_packages(ignore) discover
[0.362s] Level 1:colcon.colcon_core.package_discovery:discover_packages(ignore) using defaults
[0.362s] Level 1:colcon.colcon_core.package_discovery:discover_packages(path) discover
[0.362s] Level 1:colcon.colcon_core.package_discovery:discover_packages(path) using defaults
[0.379s] INFO:colcon.colcon_metadata.metadata.colcon_pkg:Updating descriptor of package 'src/gazebo_ros_pkgs/gazebo_ros' from colcon.pkg: {'dependencies': ['Gazebo']}
[0.380s] INFO:colcon.colcon_metadata.metadata.colcon_pkg:Updating descriptor of package 'src/gazebo_ros_pkgs/gazebo_plugins' from colcon.pkg: {'dependencies': ['Gazebo']}
[0.380s] INFO:colcon.colcon_metadata.metadata.colcon_pkg:Updating descriptor of package 'src/gazebo_ros_pkgs/gazebo_dev' from colcon.pkg: {'dependencies': ['Gazebo']}
[0.385s] INFO:colcon.colcon_core.package_selection:Skipping not selected package 'behavior_selector2' in 'src/behavior_selector2'
[0.385s] INFO:colcon.colcon_core.package_selection:Skipping not selected package 'decomp_ros_msgs' in 'src/DecompROS2/decomp_ros_msgs'
[0.386s] INFO:colcon.colcon_core.package_selection:Skipping not selected package 'decomp_util' in 'src/DecompROS2/DecompUtil'
[0.386s] INFO:colcon.colcon_core.package_selection:Skipping not selected package 'dynus_interfaces' in 'src/dynus_interfaces'
[0.386s] INFO:colcon.colcon_core.package_selection:Skipping not selected package 'gazebo_dev' in 'src/gazebo_ros_pkgs/gazebo_dev'
[0.386s] INFO:colcon.colcon_core.package_selection:Skipping not selected package 'gazebo_msgs' in 'src/gazebo_ros_pkgs/gazebo_msgs'
[0.386s] INFO:colcon.colcon_core.package_selection:Skipping not selected package 'livox_ros_driver2' in 'src/livox_ros_driver2'
[0.386s] INFO:colcon.colcon_core.package_selection:Skipping not selected package 'mission_mode' in 'src/mission_mode'
[0.386s] INFO:colcon.colcon_core.package_selection:Skipping not selected package 'octomap_rviz_plugins' in 'src/octomap_rviz_plugins'
[0.386s] INFO:colcon.colcon_core.package_selection:Skipping not selected package 'octomap_server' in 'src/octomap_mapping/octomap_server'
[0.386s] INFO:colcon.colcon_core.package_selection:Skipping not selected package 'ros2_px4_stack' in 'src/ros2_px4_stack'
[0.386s] INFO:colcon.colcon_core.package_selection:Skipping not selected package 'snapstack_msgs2' in 'src/snapstack_msgs2'
[0.386s] INFO:colcon.colcon_core.package_selection:Skipping not selected package 'trajectory_generator_ros2' in 'src/trajectory_generator_ros2'
[0.386s] INFO:colcon.colcon_core.package_selection:Skipping not selected package 'decomp_rviz_plugins' in 'src/DecompROS2/decomp_rviz_plugins'
[0.386s] INFO:colcon.colcon_core.package_selection:Skipping not selected package 'gazebo_ros' in 'src/gazebo_ros_pkgs/gazebo_ros'
[0.386s] INFO:colcon.colcon_core.package_selection:Skipping not selected package 'octomap_mapping' in 'src/octomap_mapping/octomap_mapping'
[0.386s] INFO:colcon.colcon_core.package_selection:Skipping not selected package 'decomp_test_node' in 'src/DecompROS2/decomp_test_node'
[0.386s] INFO:colcon.colcon_core.package_selection:Skipping not selected package 'gazebo_plugins' in 'src/gazebo_ros_pkgs/gazebo_plugins'
[0.386s] INFO:colcon.colcon_core.package_selection:Skipping not selected package 'realsense_gazebo_plugin' in 'src/realsense_gazebo_plugin'
[0.386s] INFO:colcon.colcon_core.package_selection:Skipping not selected package 'gazebo_ros_pkgs' in 'src/gazebo_ros_pkgs/gazebo_ros_pkgs'
[0.386s] INFO:colcon.colcon_core.package_selection:Skipping not selected package 'ros2_livox_simulation' in 'src/livox_laser_simulation_ros2'
[0.386s] Level 1:colcon.colcon_core.package_discovery:discover_packages(prefix_path) check parameters
[0.386s] Level 1:colcon.colcon_core.package_discovery:discover_packages(prefix_path) discover
[0.389s] DEBUG:colcon.colcon_installed_package_information.package_discovery:Found 22 installed packages in /home/lorenzo/code/dynus_lite/dynus_lite_ws/install
[0.390s] DEBUG:colcon.colcon_installed_package_information.package_discovery:Found 373 installed packages in /opt/ros/humble
[0.392s] Level 1:colcon.colcon_core.package_discovery:discover_packages(prefix_path) using defaults
[0.445s] Level 5:colcon.colcon_core.verb:set package 'dynus' build argument 'cmake_args' from command line to 'None'
[0.445s] Level 5:colcon.colcon_core.verb:set package 'dynus' build argument 'cmake_target' from command line to 'None'
[0.445s] Level 5:colcon.colcon_core.verb:set package 'dynus' build argument 'cmake_target_skip_unavailable' from command line to 'False'
[0.445s] Level 5:colcon.colcon_core.verb:set package 'dynus' build argument 'cmake_clean_cache' from command line to 'False'
[0.445s] Level 5:colcon.colcon_core.verb:set package 'dynus' build argument 'cmake_clean_first' from command line to 'False'
[0.445s] Level 5:colcon.colcon_core.verb:set package 'dynus' build argument 'cmake_force_configure' from command line to 'False'
[0.445s] Level 5:colcon.colcon_core.verb:set package 'dynus' build argument 'ament_cmake_args' from command line to 'None'
[0.445s] Level 5:colcon.colcon_core.verb:set package 'dynus' build argument 'catkin_cmake_args' from command line to 'None'
[0.445s] Level 5:colcon.colcon_core.verb:set package 'dynus' build argument 'catkin_skip_building_tests' from command line to 'False'
[0.445s] DEBUG:colcon.colcon_core.verb:Building package 'dynus' with the following arguments: {'ament_cmake_args': None, 'build_base': '/home/lorenzo/code/dynus_lite/dynus_lite_ws/build/dynus', 'catkin_cmake_args': None, 'catkin_skip_building_tests': False, 'cmake_args': None, 'cmake_clean_cache': False, 'cmake_clean_first': False, 'cmake_force_configure': False, 'cmake_target': None, 'cmake_target_skip_unavailable': False, 'install_base': '/home/lorenzo/code/dynus_lite/dynus_lite_ws/install/dynus', 'merge_install': False, 'path': '/home/lorenzo/code/dynus_lite/dynus_lite_ws/src/dynus', 'symlink_install': False, 'test_result_base': None}
[0.445s] INFO:colcon.colcon_core.executor:Executing jobs using 'parallel' executor
[0.446s] DEBUG:colcon.colcon_parallel_executor.executor.parallel:run_until_complete
[0.446s] INFO:colcon.colcon_ros.task.ament_cmake.build:Building ROS package in '/home/lorenzo/code/dynus_lite/dynus_lite_ws/src/dynus' with build type 'ament_cmake'
[0.446s] INFO:colcon.colcon_cmake.task.cmake.build:Building CMake package in '/home/lorenzo/code/dynus_lite/dynus_lite_ws/src/dynus'
[0.448s] INFO:colcon.colcon_core.plugin_system:Skipping extension 'colcon_core.shell.bat': Not used on non-Windows systems
[0.449s] INFO:colcon.colcon_core.shell:Skip shell extension 'powershell' for command environment: Not usable outside of PowerShell
[0.449s] DEBUG:colcon.colcon_core.shell:Skip shell extension 'dsv' for command environment
[0.472s] DEBUG:colcon.colcon_core.event_handler.log_command:Invoking command in '/home/lorenzo/code/dynus_lite/dynus_lite_ws/build/dynus': CMAKE_PREFIX_PATH=/home/lorenzo/code/dynus_lite/dynus_lite_ws/install/gazebo_plugins:/home/lorenzo/code/dynus_lite/dynus_lite_ws/install/decomp_test_node:/home/lorenzo/code/dynus_lite/dynus_lite_ws/install/gazebo_ros:/home/lorenzo/code/dynus_lite/dynus_lite_ws/install/decomp_rviz_plugins:/home/lorenzo/code/dynus_lite/dynus_lite_ws/install/gazebo_msgs:/home/lorenzo/code/dynus_lite/dynus_lite_ws/install/gazebo_dev:/home/lorenzo/code/dynus_lite/dynus_lite_ws/install/dynus_interfaces:/home/lorenzo/code/dynus_lite/dynus_lite_ws/install/decomp_util:/home/lorenzo/code/dynus_lite/dynus_lite_ws/install/decomp_ros_msgs:/home/lorenzo/code/dynus_lite/dynus_lite_ws/install/trajectory_generator_ros2:/home/lorenzo/code/dynus_lite/dynus_lite_ws/install/snapstack_msgs2:/home/lorenzo/code/dynus_lite/dynus_lite_ws/install/ros2_livox_simulation:/home/lorenzo/code/dynus_lite/dynus_lite_ws/install/ros2_px4_stack:/home/lorenzo/code/dynus_lite/dynus_lite_ws/install/behavior_selector2:/opt/ros/humble:/home/lorenzo/code/dynus_lite/dynus_lite_ws/install/realsense_gazebo_plugin:/home/lorenzo/code/dynus_lite/dynus_lite_ws/install/octomap_mapping:/home/lorenzo/code/dynus_lite/dynus_lite_ws/install/octomap_server:/home/lorenzo/code/dynus_lite/dynus_lite_ws/install/octomap_rviz_plugins:/home/lorenzo/code/dynus_lite/dynus_lite_ws/install/mission_mode:/home/lorenzo/code/dynus_lite/dynus_lite_ws/install/livox_ros_driver2:/home/lorenzo/code/dynus_lite/dynus_lite_ws/install/gazebo_ros_pkgs:/home/lorenzo/code/dynus_lite/dynus_lite_ws/install/dynus:/opt/openrobots LD_LIBRARY_PATH=/home/lorenzo/code/dynus_lite/dynus_lite_ws/install/gazebo_plugins/lib:/home/lorenzo/code/dynus_lite/dynus_lite_ws/install/gazebo_ros/lib:/home/lorenzo/code/dynus_lite/dynus_lite_ws/install/decomp_rviz_plugins/lib:/home/lorenzo/code/dynus_lite/dynus_lite_ws/install/gazebo_msgs/lib:/home/lorenzo/code/dynus_lite/dynus_lite_ws/install/dynus_interfaces/lib:/home/lorenzo/code/dynus_lite/dynus_lite_ws/install/decomp_ros_msgs/lib:/home/lorenzo/code/dynus_lite/dynus_lite_ws/install/snapstack_msgs2/lib:/home/lorenzo/code/dynus_lite/dynus_lite_ws/install/ros2_livox_simulation/lib:/home/lorenzo/code/dynus_lite/dynus_lite_ws/install/realsense_gazebo_plugin/lib:/home/lorenzo/code/dynus_lite/dynus_lite_ws/install/octomap_server/lib:/home/lorenzo/code/dynus_lite/dynus_lite_ws/install/octomap_rviz_plugins/lib:/home/lorenzo/code/dynus_lite/dynus_lite_ws/install/mission_mode/lib:/home/lorenzo/code/dynus_lite/dynus_lite_ws/install/livox_ros_driver2/lib:/home/lorenzo/code/dynus_lite/dynus_lite_ws/install/dynus/lib:/usr/lib/x86_64-linux-gnu/gazebo-11/plugins:/opt/ros/humble/opt/rviz_ogre_vendor/lib:/opt/ros/humble/lib/x86_64-linux-gnu:/home/lorenzo/code/decomp_ws/install/decomp_ros_msgs/lib:/opt/ros/humble/lib:/home/lorenzo/code/livox_ws/install/livox_ros_driver2/lib:/opt/gurobi1103/linux64/lib:/usr/lib/x86_64-linux-gnu/gazebo-11/plugins PKG_CONFIG_PATH=/home/lorenzo/code/dynus_lite/dynus_lite_ws/install/decomp_util/lib/x86_64-linux-gnu/pkgconfig:/home/lorenzo/code/dynus_lite/dynus_lite_ws/install/decomp_util/lib/pkgconfig:/home/lorenzo/code/dynus_lite/dynus_lite_ws/install/realsense_gazebo_plugin/lib/x86_64-linux-gnu/pkgconfig:/home/lorenzo/code/dynus_lite/dynus_lite_ws/install/realsense_gazebo_plugin/lib/pkgconfig:/opt/openrobots/lib/pkgconfig /usr/bin/cmake --build /home/lorenzo/code/dynus_lite/dynus_lite_ws/build/dynus -- -j8 -l8
[0.926s] DEBUG:colcon.colcon_core.event_handler.log_command:Invoked command in '/home/lorenzo/code/dynus_lite/dynus_lite_ws/build/dynus' returned '0': CMAKE_PREFIX_PATH=/home/lorenzo/code/dynus_lite/dynus_lite_ws/install/gazebo_plugins:/home/lorenzo/code/dynus_lite/dynus_lite_ws/install/decomp_test_node:/home/lorenzo/code/dynus_lite/dynus_lite_ws/install/gazebo_ros:/home/lorenzo/code/dynus_lite/dynus_lite_ws/install/decomp_rviz_plugins:/home/lorenzo/code/dynus_lite/dynus_lite_ws/install/gazebo_msgs:/home/lorenzo/code/dynus_lite/dynus_lite_ws/install/gazebo_dev:/home/lorenzo/code/dynus_lite/dynus_lite_ws/install/dynus_interfaces:/home/lorenzo/code/dynus_lite/dynus_lite_ws/install/decomp_util:/home/lorenzo/code/dynus_lite/dynus_lite_ws/install/decomp_ros_msgs:/home/lorenzo/code/dynus_lite/dynus_lite_ws/install/trajectory_generator_ros2:/home/lorenzo/code/dynus_lite/dynus_lite_ws/install/snapstack_msgs2:/home/lorenzo/code/dynus_lite/dynus_lite_ws/install/ros2_livox_simulation:/home/lorenzo/code/dynus_lite/dynus_lite_ws/install/ros2_px4_stack:/home/lorenzo/code/dynus_lite/dynus_lite_ws/install/behavior_selector2:/opt/ros/humble:/home/lorenzo/code/dynus_lite/dynus_lite_ws/install/realsense_gazebo_plugin:/home/lorenzo/code/dynus_lite/dynus_lite_ws/install/octomap_mapping:/home/lorenzo/code/dynus_lite/dynus_lite_ws/install/octomap_server:/home/lorenzo/code/dynus_lite/dynus_lite_ws/install/octomap_rviz_plugins:/home/lorenzo/code/dynus_lite/dynus_lite_ws/install/mission_mode:/home/lorenzo/code/dynus_lite/dynus_lite_ws/install/livox_ros_driver2:/home/lorenzo/code/dynus_lite/dynus_lite_ws/install/gazebo_ros_pkgs:/home/lorenzo/code/dynus_lite/dynus_lite_ws/install/dynus:/opt/openrobots LD_LIBRARY_PATH=/home/lorenzo/code/dynus_lite/dynus_lite_ws/install/gazebo_plugins/lib:/home/lorenzo/code/dynus_lite/dynus_lite_ws/install/gazebo_ros/lib:/home/lorenzo/code/dynus_lite/dynus_lite_ws/install/decomp_rviz_plugins/lib:/home/lorenzo/code/dynus_lite/dynus_lite_ws/install/gazebo_msgs/lib:/home/lorenzo/code/dynus_lite/dynus_lite_ws/install/dynus_interfaces/lib:/home/lorenzo/code/dynus_lite/dynus_lite_ws/install/decomp_ros_msgs/lib:/home/lorenzo/code/dynus_lite/dynus_lite_ws/install/snapstack_msgs2/lib:/home/lorenzo/code/dynus_lite/dynus_lite_ws/install/ros2_livox_simulation/lib:/home/lorenzo/code/dynus_lite/dynus_lite_ws/install/realsense_gazebo_plugin/lib:/home/lorenzo/code/dynus_lite/dynus_lite_ws/install/octomap_server/lib:/home/lorenzo/code/dynus_lite/dynus_lite_ws/install/octomap_rviz_plugins/lib:/home/lorenzo/code/dynus_lite/dynus_lite_ws/install/mission_mode/lib:/home/lorenzo/code/dynus_lite/dynus_lite_ws/install/livox_ros_driver2/lib:/home/lorenzo/code/dynus_lite/dynus_lite_ws/install/dynus/lib:/usr/lib/x86_64-linux-gnu/gazebo-11/plugins:/opt/ros/humble/opt/rviz_ogre_vendor/lib:/opt/ros/humble/lib/x86_64-linux-gnu:/home/lorenzo/code/decomp_ws/install/decomp_ros_msgs/lib:/opt/ros/humble/lib:/home/lorenzo/code/livox_ws/install/livox_ros_driver2/lib:/opt/gurobi1103/linux64/lib:/usr/lib/x86_64-linux-gnu/gazebo-11/plugins PKG_CONFIG_PATH=/home/lorenzo/code/dynus_lite/dynus_lite_ws/install/decomp_util/lib/x86_64-linux-gnu/pkgconfig:/home/lorenzo/code/dynus_lite/dynus_lite_ws/install/decomp_util/lib/pkgconfig:/home/lorenzo/code/dynus_lite/dynus_lite_ws/install/realsense_gazebo_plugin/lib/x86_64-linux-gnu/pkgconfig:/home/lorenzo/code/dynus_lite/dynus_lite_ws/install/realsense_gazebo_plugin/lib/pkgconfig:/opt/openrobots/lib/pkgconfig /usr/bin/cmake --build /home/lorenzo/code/dynus_lite/dynus_lite_ws/build/dynus -- -j8 -l8
[0.935s] DEBUG:colcon.colcon_core.event_handler.log_command:Invoking command in '/home/lorenzo/code/dynus_lite/dynus_lite_ws/build/dynus': CMAKE_PREFIX_PATH=/home/lorenzo/code/dynus_lite/dynus_lite_ws/install/gazebo_plugins:/home/lorenzo/code/dynus_lite/dynus_lite_ws/install/decomp_test_node:/home/lorenzo/code/dynus_lite/dynus_lite_ws/install/gazebo_ros:/home/lorenzo/code/dynus_lite/dynus_lite_ws/install/decomp_rviz_plugins:/home/lorenzo/code/dynus_lite/dynus_lite_ws/install/gazebo_msgs:/home/lorenzo/code/dynus_lite/dynus_lite_ws/install/gazebo_dev:/home/lorenzo/code/dynus_lite/dynus_lite_ws/install/dynus_interfaces:/home/lorenzo/code/dynus_lite/dynus_lite_ws/install/decomp_util:/home/lorenzo/code/dynus_lite/dynus_lite_ws/install/decomp_ros_msgs:/home/lorenzo/code/dynus_lite/dynus_lite_ws/install/trajectory_generator_ros2:/home/lorenzo/code/dynus_lite/dynus_lite_ws/install/snapstack_msgs2:/home/lorenzo/code/dynus_lite/dynus_lite_ws/install/ros2_livox_simulation:/home/lorenzo/code/dynus_lite/dynus_lite_ws/install/ros2_px4_stack:/home/lorenzo/code/dynus_lite/dynus_lite_ws/install/behavior_selector2:/opt/ros/humble:/home/lorenzo/code/dynus_lite/dynus_lite_ws/install/realsense_gazebo_plugin:/home/lorenzo/code/dynus_lite/dynus_lite_ws/install/octomap_mapping:/home/lorenzo/code/dynus_lite/dynus_lite_ws/install/octomap_server:/home/lorenzo/code/dynus_lite/dynus_lite_ws/install/octomap_rviz_plugins:/home/lorenzo/code/dynus_lite/dynus_lite_ws/install/mission_mode:/home/lorenzo/code/dynus_lite/dynus_lite_ws/install/livox_ros_driver2:/home/lorenzo/code/dynus_lite/dynus_lite_ws/install/gazebo_ros_pkgs:/home/lorenzo/code/dynus_lite/dynus_lite_ws/install/dynus:/opt/openrobots LD_LIBRARY_PATH=/home/lorenzo/code/dynus_lite/dynus_lite_ws/install/gazebo_plugins/lib:/home/lorenzo/code/dynus_lite/dynus_lite_ws/install/gazebo_ros/lib:/home/lorenzo/code/dynus_lite/dynus_lite_ws/install/decomp_rviz_plugins/lib:/home/lorenzo/code/dynus_lite/dynus_lite_ws/install/gazebo_msgs/lib:/home/lorenzo/code/dynus_lite/dynus_lite_ws/install/dynus_interfaces/lib:/home/lorenzo/code/dynus_lite/dynus_lite_ws/install/decomp_ros_msgs/lib:/home/lorenzo/code/dynus_lite/dynus_lite_ws/install/snapstack_msgs2/lib:/home/lorenzo/code/dynus_lite/dynus_lite_ws/install/ros2_livox_simulation/lib:/home/lorenzo/code/dynus_lite/dynus_lite_ws/install/realsense_gazebo_plugin/lib:/home/lorenzo/code/dynus_lite/dynus_lite_ws/install/octomap_server/lib:/home/lorenzo/code/dynus_lite/dynus_lite_ws/install/octomap_rviz_plugins/lib:/home/lorenzo/code/dynus_lite/dynus_lite_ws/install/mission_mode/lib:/home/lorenzo/code/dynus_lite/dynus_lite_ws/install/livox_ros_driver2/lib:/home/lorenzo/code/dynus_lite/dynus_lite_ws/install/dynus/lib:/usr/lib/x86_64-linux-gnu/gazebo-11/plugins:/opt/ros/humble/opt/rviz_ogre_vendor/lib:/opt/ros/humble/lib/x86_64-linux-gnu:/home/lorenzo/code/decomp_ws/install/decomp_ros_msgs/lib:/opt/ros/humble/lib:/home/lorenzo/code/livox_ws/install/livox_ros_driver2/lib:/opt/gurobi1103/linux64/lib:/usr/lib/x86_64-linux-gnu/gazebo-11/plugins PKG_CONFIG_PATH=/home/lorenzo/code/dynus_lite/dynus_lite_ws/install/decomp_util/lib/x86_64-linux-gnu/pkgconfig:/home/lorenzo/code/dynus_lite/dynus_lite_ws/install/decomp_util/lib/pkgconfig:/home/lorenzo/code/dynus_lite/dynus_lite_ws/install/realsense_gazebo_plugin/lib/x86_64-linux-gnu/pkgconfig:/home/lorenzo/code/dynus_lite/dynus_lite_ws/install/realsense_gazebo_plugin/lib/pkgconfig:/opt/openrobots/lib/pkgconfig /usr/bin/cmake --install /home/lorenzo/code/dynus_lite/dynus_lite_ws/build/dynus
[0.984s] Level 1:colcon.colcon_core.environment:create_environment_scripts_only(dynus)
[0.985s] DEBUG:colcon.colcon_core.event_handler.log_command:Invoked command in '/home/lorenzo/code/dynus_lite/dynus_lite_ws/build/dynus' returned '0': CMAKE_PREFIX_PATH=/home/lorenzo/code/dynus_lite/dynus_lite_ws/install/gazebo_plugins:/home/lorenzo/code/dynus_lite/dynus_lite_ws/install/decomp_test_node:/home/lorenzo/code/dynus_lite/dynus_lite_ws/install/gazebo_ros:/home/lorenzo/code/dynus_lite/dynus_lite_ws/install/decomp_rviz_plugins:/home/lorenzo/code/dynus_lite/dynus_lite_ws/install/gazebo_msgs:/home/lorenzo/code/dynus_lite/dynus_lite_ws/install/gazebo_dev:/home/lorenzo/code/dynus_lite/dynus_lite_ws/install/dynus_interfaces:/home/lorenzo/code/dynus_lite/dynus_lite_ws/install/decomp_util:/home/lorenzo/code/dynus_lite/dynus_lite_ws/install/decomp_ros_msgs:/home/lorenzo/code/dynus_lite/dynus_lite_ws/install/trajectory_generator_ros2:/home/lorenzo/code/dynus_lite/dynus_lite_ws/install/snapstack_msgs2:/home/lorenzo/code/dynus_lite/dynus_lite_ws/install/ros2_livox_simulation:/home/lorenzo/code/dynus_lite/dynus_lite_ws/install/ros2_px4_stack:/home/lorenzo/code/dynus_lite/dynus_lite_ws/install/behavior_selector2:/opt/ros/humble:/home/lorenzo/code/dynus_lite/dynus_lite_ws/install/realsense_gazebo_plugin:/home/lorenzo/code/dynus_lite/dynus_lite_ws/install/octomap_mapping:/home/lorenzo/code/dynus_lite/dynus_lite_ws/install/octomap_server:/home/lorenzo/code/dynus_lite/dynus_lite_ws/install/octomap_rviz_plugins:/home/lorenzo/code/dynus_lite/dynus_lite_ws/install/mission_mode:/home/lorenzo/code/dynus_lite/dynus_lite_ws/install/livox_ros_driver2:/home/lorenzo/code/dynus_lite/dynus_lite_ws/install/gazebo_ros_pkgs:/home/lorenzo/code/dynus_lite/dynus_lite_ws/install/dynus:/opt/openrobots LD_LIBRARY_PATH=/home/lorenzo/code/dynus_lite/dynus_lite_ws/install/gazebo_plugins/lib:/home/lorenzo/code/dynus_lite/dynus_lite_ws/install/gazebo_ros/lib:/home/lorenzo/code/dynus_lite/dynus_lite_ws/install/decomp_rviz_plugins/lib:/home/lorenzo/code/dynus_lite/dynus_lite_ws/install/gazebo_msgs/lib:/home/lorenzo/code/dynus_lite/dynus_lite_ws/install/dynus_interfaces/lib:/home/lorenzo/code/dynus_lite/dynus_lite_ws/install/decomp_ros_msgs/lib:/home/lorenzo/code/dynus_lite/dynus_lite_ws/install/snapstack_msgs2/lib:/home/lorenzo/code/dynus_lite/dynus_lite_ws/install/ros2_livox_simulation/lib:/home/lorenzo/code/dynus_lite/dynus_lite_ws/install/realsense_gazebo_plugin/lib:/home/lorenzo/code/dynus_lite/dynus_lite_ws/install/octomap_server/lib:/home/lorenzo/code/dynus_lite/dynus_lite_ws/install/octomap_rviz_plugins/lib:/home/lorenzo/code/dynus_lite/dynus_lite_ws/install/mission_mode/lib:/home/lorenzo/code/dynus_lite/dynus_lite_ws/install/livox_ros_driver2/lib:/home/lorenzo/code/dynus_lite/dynus_lite_ws/install/dynus/lib:/usr/lib/x86_64-linux-gnu/gazebo-11/plugins:/opt/ros/humble/opt/rviz_ogre_vendor/lib:/opt/ros/humble/lib/x86_64-linux-gnu:/home/lorenzo/code/decomp_ws/install/decomp_ros_msgs/lib:/opt/ros/humble/lib:/home/lorenzo/code/livox_ws/install/livox_ros_driver2/lib:/opt/gurobi1103/linux64/lib:/usr/lib/x86_64-linux-gnu/gazebo-11/plugins PKG_CONFIG_PATH=/home/lorenzo/code/dynus_lite/dynus_lite_ws/install/decomp_util/lib/x86_64-linux-gnu/pkgconfig:/home/lorenzo/code/dynus_lite/dynus_lite_ws/install/decomp_util/lib/pkgconfig:/home/lorenzo/code/dynus_lite/dynus_lite_ws/install/realsense_gazebo_plugin/lib/x86_64-linux-gnu/pkgconfig:/home/lorenzo/code/dynus_lite/dynus_lite_ws/install/realsense_gazebo_plugin/lib/pkgconfig:/opt/openrobots/lib/pkgconfig /usr/bin/cmake --install /home/lorenzo/code/dynus_lite/dynus_lite_ws/build/dynus
[0.986s] Level 1:colcon.colcon_core.environment:checking '/home/lorenzo/code/dynus_lite/dynus_lite_ws/install/dynus' for CMake module files
[0.987s] Level 1:colcon.colcon_core.environment:checking '/home/lorenzo/code/dynus_lite/dynus_lite_ws/install/dynus' for CMake config files
[0.987s] Level 1:colcon.colcon_core.shell:create_environment_hook('dynus', 'cmake_prefix_path')
[0.987s] INFO:colcon.colcon_core.shell:Creating environment hook '/home/lorenzo/code/dynus_lite/dynus_lite_ws/install/dynus/share/dynus/hook/cmake_prefix_path.ps1'
[0.988s] INFO:colcon.colcon_core.shell:Creating environment descriptor '/home/lorenzo/code/dynus_lite/dynus_lite_ws/install/dynus/share/dynus/hook/cmake_prefix_path.dsv'
[0.988s] INFO:colcon.colcon_core.shell:Creating environment hook '/home/lorenzo/code/dynus_lite/dynus_lite_ws/install/dynus/share/dynus/hook/cmake_prefix_path.sh'
[0.989s] Level 1:colcon.colcon_core.environment:checking '/home/lorenzo/code/dynus_lite/dynus_lite_ws/install/dynus/lib'
[0.989s] Level 1:colcon.colcon_core.shell:create_environment_hook('dynus', 'ld_library_path_lib')
[0.989s] INFO:colcon.colcon_core.shell:Creating environment hook '/home/lorenzo/code/dynus_lite/dynus_lite_ws/install/dynus/share/dynus/hook/ld_library_path_lib.ps1'
[0.989s] INFO:colcon.colcon_core.shell:Creating environment descriptor '/home/lorenzo/code/dynus_lite/dynus_lite_ws/install/dynus/share/dynus/hook/ld_library_path_lib.dsv'
[0.990s] INFO:colcon.colcon_core.shell:Creating environment hook '/home/lorenzo/code/dynus_lite/dynus_lite_ws/install/dynus/share/dynus/hook/ld_library_path_lib.sh'
[0.990s] Level 1:colcon.colcon_core.environment:checking '/home/lorenzo/code/dynus_lite/dynus_lite_ws/install/dynus/bin'
[0.990s] Level 1:colcon.colcon_core.environment:checking '/home/lorenzo/code/dynus_lite/dynus_lite_ws/install/dynus/lib/pkgconfig/dynus.pc'
[0.990s] Level 1:colcon.colcon_core.environment:checking '/home/lorenzo/code/dynus_lite/dynus_lite_ws/install/dynus/lib/python3.10/site-packages'
[0.990s] Level 1:colcon.colcon_core.environment:checking '/home/lorenzo/code/dynus_lite/dynus_lite_ws/install/dynus/bin'
[0.991s] INFO:colcon.colcon_core.shell:Creating package script '/home/lorenzo/code/dynus_lite/dynus_lite_ws/install/dynus/share/dynus/package.ps1'
[0.991s] INFO:colcon.colcon_core.shell:Creating package descriptor '/home/lorenzo/code/dynus_lite/dynus_lite_ws/install/dynus/share/dynus/package.dsv'
[0.992s] INFO:colcon.colcon_core.shell:Creating package script '/home/lorenzo/code/dynus_lite/dynus_lite_ws/install/dynus/share/dynus/package.sh'
[0.992s] INFO:colcon.colcon_core.shell:Creating package script '/home/lorenzo/code/dynus_lite/dynus_lite_ws/install/dynus/share/dynus/package.bash'
[0.993s] INFO:colcon.colcon_core.shell:Creating package script '/home/lorenzo/code/dynus_lite/dynus_lite_ws/install/dynus/share/dynus/package.zsh'
[0.994s] Level 1:colcon.colcon_core.environment:create_file_with_runtime_dependencies(/home/lorenzo/code/dynus_lite/dynus_lite_ws/install/dynus/share/colcon-core/packages/dynus)
[0.994s] Level 1:colcon.colcon_core.environment:create_environment_scripts_only(dynus)
[0.994s] Level 1:colcon.colcon_core.environment:checking '/home/lorenzo/code/dynus_lite/dynus_lite_ws/install/dynus' for CMake module files
[0.995s] Level 1:colcon.colcon_core.environment:checking '/home/lorenzo/code/dynus_lite/dynus_lite_ws/install/dynus' for CMake config files
[0.995s] Level 1:colcon.colcon_core.shell:create_environment_hook('dynus', 'cmake_prefix_path')
[0.995s] INFO:colcon.colcon_core.shell:Creating environment hook '/home/lorenzo/code/dynus_lite/dynus_lite_ws/install/dynus/share/dynus/hook/cmake_prefix_path.ps1'
[0.996s] INFO:colcon.colcon_core.shell:Creating environment descriptor '/home/lorenzo/code/dynus_lite/dynus_lite_ws/install/dynus/share/dynus/hook/cmake_prefix_path.dsv'
[0.996s] INFO:colcon.colcon_core.shell:Creating environment hook '/home/lorenzo/code/dynus_lite/dynus_lite_ws/install/dynus/share/dynus/hook/cmake_prefix_path.sh'
[0.996s] Level 1:colcon.colcon_core.environment:checking '/home/lorenzo/code/dynus_lite/dynus_lite_ws/install/dynus/lib'
[0.996s] Level 1:colcon.colcon_core.shell:create_environment_hook('dynus', 'ld_library_path_lib')
[0.997s] INFO:colcon.colcon_core.shell:Creating environment hook '/home/lorenzo/code/dynus_lite/dynus_lite_ws/install/dynus/share/dynus/hook/ld_library_path_lib.ps1'
[0.997s] INFO:colcon.colcon_core.shell:Creating environment descriptor '/home/lorenzo/code/dynus_lite/dynus_lite_ws/install/dynus/share/dynus/hook/ld_library_path_lib.dsv'
[0.997s] INFO:colcon.colcon_core.shell:Creating environment hook '/home/lorenzo/code/dynus_lite/dynus_lite_ws/install/dynus/share/dynus/hook/ld_library_path_lib.sh'
[0.997s] Level 1:colcon.colcon_core.environment:checking '/home/lorenzo/code/dynus_lite/dynus_lite_ws/install/dynus/bin'
[0.998s] Level 1:colcon.colcon_core.environment:checking '/home/lorenzo/code/dynus_lite/dynus_lite_ws/install/dynus/lib/pkgconfig/dynus.pc'
[0.998s] Level 1:colcon.colcon_core.environment:checking '/home/lorenzo/code/dynus_lite/dynus_lite_ws/install/dynus/lib/python3.10/site-packages'
[0.998s] Level 1:colcon.colcon_core.environment:checking '/home/lorenzo/code/dynus_lite/dynus_lite_ws/install/dynus/bin'
[0.998s] INFO:colcon.colcon_core.shell:Creating package script '/home/lorenzo/code/dynus_lite/dynus_lite_ws/install/dynus/share/dynus/package.ps1'
[0.999s] INFO:colcon.colcon_core.shell:Creating package descriptor '/home/lorenzo/code/dynus_lite/dynus_lite_ws/install/dynus/share/dynus/package.dsv'
[0.999s] INFO:colcon.colcon_core.shell:Creating package script '/home/lorenzo/code/dynus_lite/dynus_lite_ws/install/dynus/share/dynus/package.sh'
[1.000s] INFO:colcon.colcon_core.shell:Creating package script '/home/lorenzo/code/dynus_lite/dynus_lite_ws/install/dynus/share/dynus/package.bash'
[1.000s] INFO:colcon.colcon_core.shell:Creating package script '/home/lorenzo/code/dynus_lite/dynus_lite_ws/install/dynus/share/dynus/package.zsh'
[1.000s] Level 1:colcon.colcon_core.environment:create_file_with_runtime_dependencies(/home/lorenzo/code/dynus_lite/dynus_lite_ws/install/dynus/share/colcon-core/packages/dynus)
[1.000s] DEBUG:colcon.colcon_parallel_executor.executor.parallel:closing loop
[1.001s] DEBUG:colcon.colcon_parallel_executor.executor.parallel:loop closed
[1.001s] DEBUG:colcon.colcon_parallel_executor.executor.parallel:run_until_complete finished with '0'
[1.001s] DEBUG:colcon.colcon_core.event_reactor:joining thread
[1.006s] INFO:colcon.colcon_core.plugin_system:Skipping extension 'colcon_notification.desktop_notification.terminal_notifier': Not used on non-Darwin systems
[1.006s] INFO:colcon.colcon_core.plugin_system:Skipping extension 'colcon_notification.desktop_notification.win32': Not used on non-Windows systems
[1.006s] INFO:colcon.colcon_notification.desktop_notification:Sending desktop notification using 'notify2'
[1.014s] DEBUG:colcon.colcon_core.event_reactor:joined thread
[1.014s] INFO:colcon.colcon_core.shell:Creating prefix script '/home/lorenzo/code/dynus_lite/dynus_lite_ws/install/local_setup.ps1'
[1.015s] INFO:colcon.colcon_core.shell:Creating prefix util module '/home/lorenzo/code/dynus_lite/dynus_lite_ws/install/_local_setup_util_ps1.py'
[1.017s] INFO:colcon.colcon_core.shell:Creating prefix chain script '/home/lorenzo/code/dynus_lite/dynus_lite_ws/install/setup.ps1'
[1.018s] INFO:colcon.colcon_core.shell:Creating prefix script '/home/lorenzo/code/dynus_lite/dynus_lite_ws/install/local_setup.sh'
[1.019s] INFO:colcon.colcon_core.shell:Creating prefix util module '/home/lorenzo/code/dynus_lite/dynus_lite_ws/install/_local_setup_util_sh.py'
[1.019s] INFO:colcon.colcon_core.shell:Creating prefix chain script '/home/lorenzo/code/dynus_lite/dynus_lite_ws/install/setup.sh'
[1.021s] INFO:colcon.colcon_core.shell:Creating prefix script '/home/lorenzo/code/dynus_lite/dynus_lite_ws/install/local_setup.bash'
[1.021s] INFO:colcon.colcon_core.shell:Creating prefix chain script '/home/lorenzo/code/dynus_lite/dynus_lite_ws/install/setup.bash'
[1.023s] INFO:colcon.colcon_core.shell:Creating prefix script '/home/lorenzo/code/dynus_lite/dynus_lite_ws/install/local_setup.zsh'
[1.023s] INFO:colcon.colcon_core.shell:Creating prefix chain script '/home/lorenzo/code/dynus_lite/dynus_lite_ws/install/setup.zsh'
