-- The C compiler identification is GNU 11.4.0
-- The CXX compiler identification is GNU 12.3.0
-- Detecting C compiler ABI info
-- Detecting C compiler ABI info - done
-- Check for working C compiler: /usr/bin/cc - skipped
-- Detecting C compile features
-- Detecting C compile features - done
-- Detecting CXX compiler ABI info
-- Detecting CXX compiler ABI info - done
-- Check for working CXX compiler: /usr/bin/c++ - skipped
-- Detecting CXX compile features
-- Detecting CXX compile features - done
-- Found ament_cmake: 1.3.13 (/opt/ros/humble/share/ament_cmake/cmake)
-- Found Python3: /usr/bin/python3 (found version "3.10.12") found components: Interpreter 
-- Found rosidl_default_generators: 1.2.0 (/opt/ros/humble/share/rosidl_default_generators/cmake)
-- Using all available rosidl_typesupport_c: rosidl_typesupport_fastrtps_c;rosidl_typesupport_introspection_c
-- Found rosidl_adapter: 3.1.8 (/opt/ros/humble/share/rosidl_adapter/cmake)
-- Using all available rosidl_typesupport_cpp: rosidl_typesupport_fastrtps_cpp;rosidl_typesupport_introspection_cpp
-- Found std_msgs: 4.9.1 (/opt/ros/humble/share/std_msgs/cmake)
-- Found std_srvs: 4.9.1 (/opt/ros/humble/share/std_srvs/cmake)
-- Found ament_cmake_ros: 0.10.0 (/opt/ros/humble/share/ament_cmake_ros/cmake)
-- Using all available rosidl_typesupport_c: rosidl_typesupport_fastrtps_c;rosidl_typesupport_introspection_c
-- Using all available rosidl_typesupport_cpp: rosidl_typesupport_fastrtps_cpp;rosidl_typesupport_introspection_cpp
-- Found PythonInterp: /usr/bin/python3 (found suitable version "3.10.12", minimum required is "3.6") 
-- Found python_cmake_module: 0.10.0 (/opt/ros/humble/share/python_cmake_module/cmake)
-- Found PythonLibs: /usr/lib/x86_64-linux-gnu/libpython3.10.so (found suitable version "3.10.12", minimum required is "3.5") 
-- Using PYTHON_EXECUTABLE: /usr/bin/python3
-- Using PYTHON_INCLUDE_DIRS: /usr/include/python3.10
-- Using PYTHON_LIBRARIES: /usr/lib/x86_64-linux-gnu/libpython3.10.so
-- Found PythonExtra: .so  
-- Configuring done
-- Generating done
-- Build files have been written to: /home/lorenzo/code/dynus_lite/dynus_lite_ws/build/mission_mode
[  3%] [34m[1mGenerating C code for ROS interfaces[0m
[  6%] [34m[1mGenerating C++ code for ROS interfaces[0m
[  6%] Built target ament_cmake_python_copy_mission_mode
running egg_info
creating mission_mode.egg-info
writing mission_mode.egg-info/PKG-INFO
writing dependency_links to mission_mode.egg-info/dependency_links.txt
writing top-level names to mission_mode.egg-info/top_level.txt
writing manifest file 'mission_mode.egg-info/SOURCES.txt'
reading manifest file 'mission_mode.egg-info/SOURCES.txt'
writing manifest file 'mission_mode.egg-info/SOURCES.txt'
[  6%] Built target ament_cmake_python_build_mission_mode_egg
[  9%] [32mBuilding C object CMakeFiles/mission_mode__rosidl_generator_c.dir/rosidl_generator_c/mission_mode/srv/detail/mission_mode_change__functions.c.o[0m
[ 12%] [32m[1mLinking C shared library libmission_mode__rosidl_generator_c.so[0m
[ 12%] Built target mission_mode__rosidl_generator_c
[ 16%] [34m[1mGenerating C type support for eProsima Fast-RTPS[0m
[ 19%] [34m[1mGenerating C introspection for ROS interfaces[0m
[ 19%] Built target mission_mode__cpp
[ 22%] [34m[1mGenerating C type support dispatch for ROS interfaces[0m
[ 25%] [34m[1mGenerating C++ introspection for ROS interfaces[0m
[ 29%] [34m[1mGenerating C++ type support dispatch for ROS interfaces[0m
[ 32%] [34m[1mGenerating C++ type support for eProsima Fast-RTPS[0m
[ 35%] [32mBuilding CXX object CMakeFiles/mission_mode__rosidl_typesupport_fastrtps_cpp.dir/rosidl_typesupport_fastrtps_cpp/mission_mode/srv/detail/dds_fastrtps/mission_mode_change__type_support.cpp.o[0m
[ 38%] [32mBuilding CXX object CMakeFiles/mission_mode__rosidl_typesupport_cpp.dir/rosidl_typesupport_cpp/mission_mode/srv/mission_mode_change__type_support.cpp.o[0m
[ 41%] [32mBuilding C object CMakeFiles/mission_mode__rosidl_typesupport_introspection_c.dir/rosidl_typesupport_introspection_c/mission_mode/srv/detail/mission_mode_change__type_support.c.o[0m
[ 45%] [32mBuilding CXX object CMakeFiles/mission_mode__rosidl_typesupport_c.dir/rosidl_typesupport_c/mission_mode/srv/mission_mode_change__type_support.cpp.o[0m
[ 48%] [32mBuilding CXX object CMakeFiles/mission_mode__rosidl_typesupport_fastrtps_c.dir/rosidl_typesupport_fastrtps_c/mission_mode/srv/detail/mission_mode_change__type_support_c.cpp.o[0m
[ 51%] [32m[1mLinking C shared library libmission_mode__rosidl_typesupport_introspection_c.so[0m
[ 54%] [32m[1mLinking CXX shared library libmission_mode__rosidl_typesupport_c.so[0m
[ 54%] Built target mission_mode__rosidl_typesupport_introspection_c
[ 54%] Built target mission_mode__rosidl_typesupport_c
[ 58%] [32mBuilding CXX object CMakeFiles/mission_mode__rosidl_typesupport_introspection_cpp.dir/rosidl_typesupport_introspection_cpp/mission_mode/srv/detail/mission_mode_change__type_support.cpp.o[0m
[ 61%] [32m[1mLinking CXX shared library libmission_mode__rosidl_typesupport_cpp.so[0m
[ 61%] Built target mission_mode__rosidl_typesupport_cpp
[ 64%] [32m[1mLinking CXX shared library libmission_mode__rosidl_typesupport_fastrtps_c.so[0m
[ 64%] Built target mission_mode__rosidl_typesupport_fastrtps_c
[ 67%] [32m[1mLinking CXX shared library libmission_mode__rosidl_typesupport_fastrtps_cpp.so[0m
[ 70%] [32m[1mLinking CXX shared library libmission_mode__rosidl_typesupport_introspection_cpp.so[0m
[ 70%] Built target mission_mode__rosidl_typesupport_fastrtps_cpp
[ 70%] Built target mission_mode__rosidl_typesupport_introspection_cpp
[ 70%] Built target mission_mode
[ 74%] [34m[1mGenerating Python code for ROS interfaces[0m
[ 74%] Built target mission_mode__py
[ 77%] [32mBuilding C object CMakeFiles/mission_mode__rosidl_generator_py.dir/rosidl_generator_py/mission_mode/srv/_mission_mode_change_s.c.o[0m
[ 80%] [32m[1mLinking C shared library rosidl_generator_py/mission_mode/libmission_mode__rosidl_generator_py.so[0m
[ 80%] Built target mission_mode__rosidl_generator_py
[ 83%] [32mBuilding C object CMakeFiles/mission_mode__rosidl_typesupport_fastrtps_c__pyext.dir/rosidl_generator_py/mission_mode/_mission_mode_s.ep.rosidl_typesupport_fastrtps_c.c.o[0m
[ 87%] [32mBuilding C object CMakeFiles/mission_mode__rosidl_typesupport_c__pyext.dir/rosidl_generator_py/mission_mode/_mission_mode_s.ep.rosidl_typesupport_c.c.o[0m
[ 90%] [32mBuilding C object CMakeFiles/mission_mode__rosidl_typesupport_introspection_c__pyext.dir/rosidl_generator_py/mission_mode/_mission_mode_s.ep.rosidl_typesupport_introspection_c.c.o[0m
[ 93%] [32m[1mLinking C shared library rosidl_generator_py/mission_mode/mission_mode_s__rosidl_typesupport_introspection_c.cpython-310-x86_64-linux-gnu.so[0m
[ 96%] [32m[1mLinking C shared library rosidl_generator_py/mission_mode/mission_mode_s__rosidl_typesupport_c.cpython-310-x86_64-linux-gnu.so[0m
[ 96%] Built target mission_mode__rosidl_typesupport_introspection_c__pyext
[ 96%] Built target mission_mode__rosidl_typesupport_c__pyext
[100%] [32m[1mLinking C shared library rosidl_generator_py/mission_mode/mission_mode_s__rosidl_typesupport_fastrtps_c.cpython-310-x86_64-linux-gnu.so[0m
[100%] Built target mission_mode__rosidl_typesupport_fastrtps_c__pyext
-- Install configuration: ""
-- Installing: /home/lorenzo/code/dynus_lite/dynus_lite_ws/install/mission_mode/share/ament_index/resource_index/rosidl_interfaces/mission_mode
-- Installing: /home/lorenzo/code/dynus_lite/dynus_lite_ws/install/mission_mode/include/mission_mode/mission_mode
-- Installing: /home/lorenzo/code/dynus_lite/dynus_lite_ws/install/mission_mode/include/mission_mode/mission_mode/srv
-- Installing: /home/lorenzo/code/dynus_lite/dynus_lite_ws/install/mission_mode/include/mission_mode/mission_mode/srv/mission_mode_change.h
-- Installing: /home/lorenzo/code/dynus_lite/dynus_lite_ws/install/mission_mode/include/mission_mode/mission_mode/srv/detail
-- Installing: /home/lorenzo/code/dynus_lite/dynus_lite_ws/install/mission_mode/include/mission_mode/mission_mode/srv/detail/mission_mode_change__struct.h
-- Installing: /home/lorenzo/code/dynus_lite/dynus_lite_ws/install/mission_mode/include/mission_mode/mission_mode/srv/detail/mission_mode_change__functions.c
-- Installing: /home/lorenzo/code/dynus_lite/dynus_lite_ws/install/mission_mode/include/mission_mode/mission_mode/srv/detail/mission_mode_change__type_support.h
-- Installing: /home/lorenzo/code/dynus_lite/dynus_lite_ws/install/mission_mode/include/mission_mode/mission_mode/srv/detail/mission_mode_change__functions.h
-- Installing: /home/lorenzo/code/dynus_lite/dynus_lite_ws/install/mission_mode/include/mission_mode/mission_mode/msg
-- Installing: /home/lorenzo/code/dynus_lite/dynus_lite_ws/install/mission_mode/include/mission_mode/mission_mode/msg/rosidl_generator_c__visibility_control.h
-- Installing: /home/lorenzo/code/dynus_lite/dynus_lite_ws/install/mission_mode/share/mission_mode/environment/library_path.sh
-- Installing: /home/lorenzo/code/dynus_lite/dynus_lite_ws/install/mission_mode/share/mission_mode/environment/library_path.dsv
-- Installing: /home/lorenzo/code/dynus_lite/dynus_lite_ws/install/mission_mode/lib/libmission_mode__rosidl_generator_c.so
-- Set runtime path of "/home/lorenzo/code/dynus_lite/dynus_lite_ws/install/mission_mode/lib/libmission_mode__rosidl_generator_c.so" to ""
-- Up-to-date: /home/lorenzo/code/dynus_lite/dynus_lite_ws/install/mission_mode/include/mission_mode/mission_mode
-- Up-to-date: /home/lorenzo/code/dynus_lite/dynus_lite_ws/install/mission_mode/include/mission_mode/mission_mode/srv
-- Up-to-date: /home/lorenzo/code/dynus_lite/dynus_lite_ws/install/mission_mode/include/mission_mode/mission_mode/srv/detail
-- Installing: /home/lorenzo/code/dynus_lite/dynus_lite_ws/install/mission_mode/include/mission_mode/mission_mode/srv/detail/mission_mode_change__rosidl_typesupport_fastrtps_c.h
-- Up-to-date: /home/lorenzo/code/dynus_lite/dynus_lite_ws/install/mission_mode/include/mission_mode/mission_mode/msg
-- Installing: /home/lorenzo/code/dynus_lite/dynus_lite_ws/install/mission_mode/include/mission_mode/mission_mode/msg/rosidl_typesupport_fastrtps_c__visibility_control.h
-- Installing: /home/lorenzo/code/dynus_lite/dynus_lite_ws/install/mission_mode/lib/libmission_mode__rosidl_typesupport_fastrtps_c.so
-- Set runtime path of "/home/lorenzo/code/dynus_lite/dynus_lite_ws/install/mission_mode/lib/libmission_mode__rosidl_typesupport_fastrtps_c.so" to ""
-- Up-to-date: /home/lorenzo/code/dynus_lite/dynus_lite_ws/install/mission_mode/include/mission_mode/mission_mode
-- Up-to-date: /home/lorenzo/code/dynus_lite/dynus_lite_ws/install/mission_mode/include/mission_mode/mission_mode/srv
-- Up-to-date: /home/lorenzo/code/dynus_lite/dynus_lite_ws/install/mission_mode/include/mission_mode/mission_mode/srv/detail
-- Installing: /home/lorenzo/code/dynus_lite/dynus_lite_ws/install/mission_mode/include/mission_mode/mission_mode/srv/detail/mission_mode_change__type_support.c
-- Installing: /home/lorenzo/code/dynus_lite/dynus_lite_ws/install/mission_mode/include/mission_mode/mission_mode/srv/detail/mission_mode_change__rosidl_typesupport_introspection_c.h
-- Up-to-date: /home/lorenzo/code/dynus_lite/dynus_lite_ws/install/mission_mode/include/mission_mode/mission_mode/msg
-- Installing: /home/lorenzo/code/dynus_lite/dynus_lite_ws/install/mission_mode/include/mission_mode/mission_mode/msg/rosidl_typesupport_introspection_c__visibility_control.h
-- Installing: /home/lorenzo/code/dynus_lite/dynus_lite_ws/install/mission_mode/lib/libmission_mode__rosidl_typesupport_introspection_c.so
-- Set runtime path of "/home/lorenzo/code/dynus_lite/dynus_lite_ws/install/mission_mode/lib/libmission_mode__rosidl_typesupport_introspection_c.so" to ""
-- Installing: /home/lorenzo/code/dynus_lite/dynus_lite_ws/install/mission_mode/lib/libmission_mode__rosidl_typesupport_c.so
-- Set runtime path of "/home/lorenzo/code/dynus_lite/dynus_lite_ws/install/mission_mode/lib/libmission_mode__rosidl_typesupport_c.so" to ""
-- Up-to-date: /home/lorenzo/code/dynus_lite/dynus_lite_ws/install/mission_mode/include/mission_mode/mission_mode
-- Up-to-date: /home/lorenzo/code/dynus_lite/dynus_lite_ws/install/mission_mode/include/mission_mode/mission_mode/srv
-- Up-to-date: /home/lorenzo/code/dynus_lite/dynus_lite_ws/install/mission_mode/include/mission_mode/mission_mode/srv/detail
-- Installing: /home/lorenzo/code/dynus_lite/dynus_lite_ws/install/mission_mode/include/mission_mode/mission_mode/srv/detail/mission_mode_change__traits.hpp
-- Installing: /home/lorenzo/code/dynus_lite/dynus_lite_ws/install/mission_mode/include/mission_mode/mission_mode/srv/detail/mission_mode_change__type_support.hpp
-- Installing: /home/lorenzo/code/dynus_lite/dynus_lite_ws/install/mission_mode/include/mission_mode/mission_mode/srv/detail/mission_mode_change__struct.hpp
-- Installing: /home/lorenzo/code/dynus_lite/dynus_lite_ws/install/mission_mode/include/mission_mode/mission_mode/srv/detail/mission_mode_change__builder.hpp
-- Installing: /home/lorenzo/code/dynus_lite/dynus_lite_ws/install/mission_mode/include/mission_mode/mission_mode/srv/mission_mode_change.hpp
-- Up-to-date: /home/lorenzo/code/dynus_lite/dynus_lite_ws/install/mission_mode/include/mission_mode/mission_mode/msg
-- Installing: /home/lorenzo/code/dynus_lite/dynus_lite_ws/install/mission_mode/include/mission_mode/mission_mode/msg/rosidl_generator_cpp__visibility_control.hpp
-- Up-to-date: /home/lorenzo/code/dynus_lite/dynus_lite_ws/install/mission_mode/include/mission_mode/mission_mode
-- Up-to-date: /home/lorenzo/code/dynus_lite/dynus_lite_ws/install/mission_mode/include/mission_mode/mission_mode/srv
-- Up-to-date: /home/lorenzo/code/dynus_lite/dynus_lite_ws/install/mission_mode/include/mission_mode/mission_mode/srv/detail
-- Installing: /home/lorenzo/code/dynus_lite/dynus_lite_ws/install/mission_mode/include/mission_mode/mission_mode/srv/detail/mission_mode_change__rosidl_typesupport_fastrtps_cpp.hpp
-- Installing: /home/lorenzo/code/dynus_lite/dynus_lite_ws/install/mission_mode/include/mission_mode/mission_mode/srv/detail/dds_fastrtps
-- Up-to-date: /home/lorenzo/code/dynus_lite/dynus_lite_ws/install/mission_mode/include/mission_mode/mission_mode/msg
-- Installing: /home/lorenzo/code/dynus_lite/dynus_lite_ws/install/mission_mode/include/mission_mode/mission_mode/msg/rosidl_typesupport_fastrtps_cpp__visibility_control.h
-- Installing: /home/lorenzo/code/dynus_lite/dynus_lite_ws/install/mission_mode/lib/libmission_mode__rosidl_typesupport_fastrtps_cpp.so
-- Set runtime path of "/home/lorenzo/code/dynus_lite/dynus_lite_ws/install/mission_mode/lib/libmission_mode__rosidl_typesupport_fastrtps_cpp.so" to ""
-- Up-to-date: /home/lorenzo/code/dynus_lite/dynus_lite_ws/install/mission_mode/include/mission_mode/mission_mode
-- Up-to-date: /home/lorenzo/code/dynus_lite/dynus_lite_ws/install/mission_mode/include/mission_mode/mission_mode/srv
-- Up-to-date: /home/lorenzo/code/dynus_lite/dynus_lite_ws/install/mission_mode/include/mission_mode/mission_mode/srv/detail
-- Installing: /home/lorenzo/code/dynus_lite/dynus_lite_ws/install/mission_mode/include/mission_mode/mission_mode/srv/detail/mission_mode_change__type_support.cpp
-- Installing: /home/lorenzo/code/dynus_lite/dynus_lite_ws/install/mission_mode/include/mission_mode/mission_mode/srv/detail/mission_mode_change__rosidl_typesupport_introspection_cpp.hpp
-- Installing: /home/lorenzo/code/dynus_lite/dynus_lite_ws/install/mission_mode/lib/libmission_mode__rosidl_typesupport_introspection_cpp.so
-- Set runtime path of "/home/lorenzo/code/dynus_lite/dynus_lite_ws/install/mission_mode/lib/libmission_mode__rosidl_typesupport_introspection_cpp.so" to ""
-- Installing: /home/lorenzo/code/dynus_lite/dynus_lite_ws/install/mission_mode/lib/libmission_mode__rosidl_typesupport_cpp.so
-- Set runtime path of "/home/lorenzo/code/dynus_lite/dynus_lite_ws/install/mission_mode/lib/libmission_mode__rosidl_typesupport_cpp.so" to ""
-- Installing: /home/lorenzo/code/dynus_lite/dynus_lite_ws/install/mission_mode/share/mission_mode/environment/pythonpath.sh
-- Installing: /home/lorenzo/code/dynus_lite/dynus_lite_ws/install/mission_mode/share/mission_mode/environment/pythonpath.dsv
-- Installing: /home/lorenzo/code/dynus_lite/dynus_lite_ws/install/mission_mode/local/lib/python3.10/dist-packages/mission_mode-5.4.1-py3.10.egg-info
-- Installing: /home/lorenzo/code/dynus_lite/dynus_lite_ws/install/mission_mode/local/lib/python3.10/dist-packages/mission_mode-5.4.1-py3.10.egg-info/top_level.txt
-- Installing: /home/lorenzo/code/dynus_lite/dynus_lite_ws/install/mission_mode/local/lib/python3.10/dist-packages/mission_mode-5.4.1-py3.10.egg-info/SOURCES.txt
-- Installing: /home/lorenzo/code/dynus_lite/dynus_lite_ws/install/mission_mode/local/lib/python3.10/dist-packages/mission_mode-5.4.1-py3.10.egg-info/dependency_links.txt
-- Installing: /home/lorenzo/code/dynus_lite/dynus_lite_ws/install/mission_mode/local/lib/python3.10/dist-packages/mission_mode-5.4.1-py3.10.egg-info/PKG-INFO
-- Installing: /home/lorenzo/code/dynus_lite/dynus_lite_ws/install/mission_mode/local/lib/python3.10/dist-packages/mission_mode
-- Installing: /home/lorenzo/code/dynus_lite/dynus_lite_ws/install/mission_mode/local/lib/python3.10/dist-packages/mission_mode/srv
-- Installing: /home/lorenzo/code/dynus_lite/dynus_lite_ws/install/mission_mode/local/lib/python3.10/dist-packages/mission_mode/srv/_mission_mode_change.py
-- Installing: /home/lorenzo/code/dynus_lite/dynus_lite_ws/install/mission_mode/local/lib/python3.10/dist-packages/mission_mode/srv/__init__.py
-- Installing: /home/lorenzo/code/dynus_lite/dynus_lite_ws/install/mission_mode/local/lib/python3.10/dist-packages/mission_mode/srv/_mission_mode_change_s.c
-- Installing: /home/lorenzo/code/dynus_lite/dynus_lite_ws/install/mission_mode/local/lib/python3.10/dist-packages/mission_mode/__init__.py
-- Installing: /home/lorenzo/code/dynus_lite/dynus_lite_ws/install/mission_mode/local/lib/python3.10/dist-packages/mission_mode/_mission_mode_s.ep.rosidl_typesupport_fastrtps_c.c
-- Installing: /home/lorenzo/code/dynus_lite/dynus_lite_ws/install/mission_mode/local/lib/python3.10/dist-packages/mission_mode/_mission_mode_s.ep.rosidl_typesupport_c.c
-- Installing: /home/lorenzo/code/dynus_lite/dynus_lite_ws/install/mission_mode/local/lib/python3.10/dist-packages/mission_mode/libmission_mode__rosidl_generator_py.so
-- Installing: /home/lorenzo/code/dynus_lite/dynus_lite_ws/install/mission_mode/local/lib/python3.10/dist-packages/mission_mode/_mission_mode_s.ep.rosidl_typesupport_introspection_c.c
-- Installing: /home/lorenzo/code/dynus_lite/dynus_lite_ws/install/mission_mode/local/lib/python3.10/dist-packages/mission_mode/mission_mode_s__rosidl_typesupport_introspection_c.cpython-310-x86_64-linux-gnu.so
-- Installing: /home/lorenzo/code/dynus_lite/dynus_lite_ws/install/mission_mode/local/lib/python3.10/dist-packages/mission_mode/mission_mode_s__rosidl_typesupport_c.cpython-310-x86_64-linux-gnu.so
-- Installing: /home/lorenzo/code/dynus_lite/dynus_lite_ws/install/mission_mode/local/lib/python3.10/dist-packages/mission_mode/mission_mode_s__rosidl_typesupport_fastrtps_c.cpython-310-x86_64-linux-gnu.so
Listing '/home/lorenzo/code/dynus_lite/dynus_lite_ws/install/mission_mode/local/lib/python3.10/dist-packages/mission_mode'...
Compiling '/home/lorenzo/code/dynus_lite/dynus_lite_ws/install/mission_mode/local/lib/python3.10/dist-packages/mission_mode/__init__.py'...
Listing '/home/lorenzo/code/dynus_lite/dynus_lite_ws/install/mission_mode/local/lib/python3.10/dist-packages/mission_mode/srv'...
Compiling '/home/lorenzo/code/dynus_lite/dynus_lite_ws/install/mission_mode/local/lib/python3.10/dist-packages/mission_mode/srv/__init__.py'...
Compiling '/home/lorenzo/code/dynus_lite/dynus_lite_ws/install/mission_mode/local/lib/python3.10/dist-packages/mission_mode/srv/_mission_mode_change.py'...
-- Installing: /home/lorenzo/code/dynus_lite/dynus_lite_ws/install/mission_mode/local/lib/python3.10/dist-packages/mission_mode/mission_mode_s__rosidl_typesupport_fastrtps_c.cpython-310-x86_64-linux-gnu.so
-- Set runtime path of "/home/lorenzo/code/dynus_lite/dynus_lite_ws/install/mission_mode/local/lib/python3.10/dist-packages/mission_mode/mission_mode_s__rosidl_typesupport_fastrtps_c.cpython-310-x86_64-linux-gnu.so" to ""
-- Installing: /home/lorenzo/code/dynus_lite/dynus_lite_ws/install/mission_mode/local/lib/python3.10/dist-packages/mission_mode/mission_mode_s__rosidl_typesupport_introspection_c.cpython-310-x86_64-linux-gnu.so
-- Set runtime path of "/home/lorenzo/code/dynus_lite/dynus_lite_ws/install/mission_mode/local/lib/python3.10/dist-packages/mission_mode/mission_mode_s__rosidl_typesupport_introspection_c.cpython-310-x86_64-linux-gnu.so" to ""
-- Installing: /home/lorenzo/code/dynus_lite/dynus_lite_ws/install/mission_mode/local/lib/python3.10/dist-packages/mission_mode/mission_mode_s__rosidl_typesupport_c.cpython-310-x86_64-linux-gnu.so
-- Set runtime path of "/home/lorenzo/code/dynus_lite/dynus_lite_ws/install/mission_mode/local/lib/python3.10/dist-packages/mission_mode/mission_mode_s__rosidl_typesupport_c.cpython-310-x86_64-linux-gnu.so" to ""
-- Installing: /home/lorenzo/code/dynus_lite/dynus_lite_ws/install/mission_mode/lib/libmission_mode__rosidl_generator_py.so
-- Set runtime path of "/home/lorenzo/code/dynus_lite/dynus_lite_ws/install/mission_mode/lib/libmission_mode__rosidl_generator_py.so" to ""
-- Installing: /home/lorenzo/code/dynus_lite/dynus_lite_ws/install/mission_mode/share/mission_mode/srv/MissionModeChange.idl
-- Installing: /home/lorenzo/code/dynus_lite/dynus_lite_ws/install/mission_mode/share/mission_mode/srv/MissionModeChange.srv
-- Installing: /home/lorenzo/code/dynus_lite/dynus_lite_ws/install/mission_mode/share/mission_mode/srv/MissionModeChange_Request.msg
-- Installing: /home/lorenzo/code/dynus_lite/dynus_lite_ws/install/mission_mode/share/mission_mode/srv/MissionModeChange_Response.msg
-- Installing: /home/lorenzo/code/dynus_lite/dynus_lite_ws/install/mission_mode/share/ament_index/resource_index/package_run_dependencies/mission_mode
-- Installing: /home/lorenzo/code/dynus_lite/dynus_lite_ws/install/mission_mode/share/ament_index/resource_index/parent_prefix_path/mission_mode
-- Installing: /home/lorenzo/code/dynus_lite/dynus_lite_ws/install/mission_mode/share/mission_mode/environment/ament_prefix_path.sh
-- Installing: /home/lorenzo/code/dynus_lite/dynus_lite_ws/install/mission_mode/share/mission_mode/environment/ament_prefix_path.dsv
-- Installing: /home/lorenzo/code/dynus_lite/dynus_lite_ws/install/mission_mode/share/mission_mode/environment/path.sh
-- Installing: /home/lorenzo/code/dynus_lite/dynus_lite_ws/install/mission_mode/share/mission_mode/environment/path.dsv
-- Installing: /home/lorenzo/code/dynus_lite/dynus_lite_ws/install/mission_mode/share/mission_mode/local_setup.bash
-- Installing: /home/lorenzo/code/dynus_lite/dynus_lite_ws/install/mission_mode/share/mission_mode/local_setup.sh
-- Installing: /home/lorenzo/code/dynus_lite/dynus_lite_ws/install/mission_mode/share/mission_mode/local_setup.zsh
-- Installing: /home/lorenzo/code/dynus_lite/dynus_lite_ws/install/mission_mode/share/mission_mode/local_setup.dsv
-- Installing: /home/lorenzo/code/dynus_lite/dynus_lite_ws/install/mission_mode/share/mission_mode/package.dsv
-- Installing: /home/lorenzo/code/dynus_lite/dynus_lite_ws/install/mission_mode/share/ament_index/resource_index/packages/mission_mode
-- Installing: /home/lorenzo/code/dynus_lite/dynus_lite_ws/install/mission_mode/share/mission_mode/cmake/export_mission_mode__rosidl_generator_cExport.cmake
-- Installing: /home/lorenzo/code/dynus_lite/dynus_lite_ws/install/mission_mode/share/mission_mode/cmake/export_mission_mode__rosidl_generator_cExport-noconfig.cmake
-- Installing: /home/lorenzo/code/dynus_lite/dynus_lite_ws/install/mission_mode/share/mission_mode/cmake/export_mission_mode__rosidl_typesupport_fastrtps_cExport.cmake
-- Installing: /home/lorenzo/code/dynus_lite/dynus_lite_ws/install/mission_mode/share/mission_mode/cmake/export_mission_mode__rosidl_typesupport_fastrtps_cExport-noconfig.cmake
-- Installing: /home/lorenzo/code/dynus_lite/dynus_lite_ws/install/mission_mode/share/mission_mode/cmake/mission_mode__rosidl_typesupport_introspection_cExport.cmake
-- Installing: /home/lorenzo/code/dynus_lite/dynus_lite_ws/install/mission_mode/share/mission_mode/cmake/mission_mode__rosidl_typesupport_introspection_cExport-noconfig.cmake
-- Installing: /home/lorenzo/code/dynus_lite/dynus_lite_ws/install/mission_mode/share/mission_mode/cmake/mission_mode__rosidl_typesupport_cExport.cmake
-- Installing: /home/lorenzo/code/dynus_lite/dynus_lite_ws/install/mission_mode/share/mission_mode/cmake/mission_mode__rosidl_typesupport_cExport-noconfig.cmake
-- Installing: /home/lorenzo/code/dynus_lite/dynus_lite_ws/install/mission_mode/share/mission_mode/cmake/export_mission_mode__rosidl_generator_cppExport.cmake
-- Installing: /home/lorenzo/code/dynus_lite/dynus_lite_ws/install/mission_mode/share/mission_mode/cmake/export_mission_mode__rosidl_typesupport_fastrtps_cppExport.cmake
-- Installing: /home/lorenzo/code/dynus_lite/dynus_lite_ws/install/mission_mode/share/mission_mode/cmake/export_mission_mode__rosidl_typesupport_fastrtps_cppExport-noconfig.cmake
-- Installing: /home/lorenzo/code/dynus_lite/dynus_lite_ws/install/mission_mode/share/mission_mode/cmake/mission_mode__rosidl_typesupport_introspection_cppExport.cmake
-- Installing: /home/lorenzo/code/dynus_lite/dynus_lite_ws/install/mission_mode/share/mission_mode/cmake/mission_mode__rosidl_typesupport_introspection_cppExport-noconfig.cmake
-- Installing: /home/lorenzo/code/dynus_lite/dynus_lite_ws/install/mission_mode/share/mission_mode/cmake/mission_mode__rosidl_typesupport_cppExport.cmake
-- Installing: /home/lorenzo/code/dynus_lite/dynus_lite_ws/install/mission_mode/share/mission_mode/cmake/mission_mode__rosidl_typesupport_cppExport-noconfig.cmake
-- Installing: /home/lorenzo/code/dynus_lite/dynus_lite_ws/install/mission_mode/share/mission_mode/cmake/export_mission_mode__rosidl_generator_pyExport.cmake
-- Installing: /home/lorenzo/code/dynus_lite/dynus_lite_ws/install/mission_mode/share/mission_mode/cmake/export_mission_mode__rosidl_generator_pyExport-noconfig.cmake
-- Installing: /home/lorenzo/code/dynus_lite/dynus_lite_ws/install/mission_mode/share/mission_mode/cmake/rosidl_cmake-extras.cmake
-- Installing: /home/lorenzo/code/dynus_lite/dynus_lite_ws/install/mission_mode/share/mission_mode/cmake/ament_cmake_export_dependencies-extras.cmake
-- Installing: /home/lorenzo/code/dynus_lite/dynus_lite_ws/install/mission_mode/share/mission_mode/cmake/ament_cmake_export_include_directories-extras.cmake
-- Installing: /home/lorenzo/code/dynus_lite/dynus_lite_ws/install/mission_mode/share/mission_mode/cmake/ament_cmake_export_libraries-extras.cmake
-- Installing: /home/lorenzo/code/dynus_lite/dynus_lite_ws/install/mission_mode/share/mission_mode/cmake/ament_cmake_export_targets-extras.cmake
-- Installing: /home/lorenzo/code/dynus_lite/dynus_lite_ws/install/mission_mode/share/mission_mode/cmake/rosidl_cmake_export_typesupport_targets-extras.cmake
-- Installing: /home/lorenzo/code/dynus_lite/dynus_lite_ws/install/mission_mode/share/mission_mode/cmake/rosidl_cmake_export_typesupport_libraries-extras.cmake
-- Installing: /home/lorenzo/code/dynus_lite/dynus_lite_ws/install/mission_mode/share/mission_mode/cmake/mission_modeConfig.cmake
-- Installing: /home/lorenzo/code/dynus_lite/dynus_lite_ws/install/mission_mode/share/mission_mode/cmake/mission_modeConfig-version.cmake
-- Installing: /home/lorenzo/code/dynus_lite/dynus_lite_ws/install/mission_mode/share/mission_mode/package.xml
