[0.020s] Invoking command in '/home/lorenzo/code/dynus_lite/dynus_lite_ws/build/mission_mode': CMAKE_PREFIX_PATH=${CMAKE_PREFIX_PATH}:/opt/ros/humble /usr/bin/cmake /home/lorenzo/code/dynus_lite/dynus_lite_ws/src/mission_mode -DCMAKE_INSTALL_PREFIX=/home/lorenzo/code/dynus_lite/dynus_lite_ws/install/mission_mode
[0.152s] -- The C compiler identification is GNU 11.4.0
[0.281s] -- The CXX compiler identification is GNU 12.3.0
[0.296s] -- Detecting C compiler ABI info
[0.435s] -- Detecting C compiler ABI info - done
[0.460s] -- Check for working C compiler: /usr/bin/cc - skipped
[0.460s] -- Detecting C compile features
[0.461s] -- Detecting C compile features - done
[0.470s] -- Detecting CXX compiler ABI info
[0.643s] -- Detecting CXX compiler ABI info - done
[0.667s] -- Check for working CXX compiler: /usr/bin/c++ - skipped
[0.668s] -- Detecting CXX compile features
[0.669s] -- Detecting CXX compile features - done
[0.675s] -- Found ament_cmake: 1.3.13 (/opt/ros/humble/share/ament_cmake/cmake)
[1.119s] -- Found Python3: /usr/bin/python3 (found version "3.10.12") found components: Interpreter 
[1.324s] -- Found rosidl_default_generators: 1.2.0 (/opt/ros/humble/share/rosidl_default_generators/cmake)
[1.331s] -- Using all available rosidl_typesupport_c: rosidl_typesupport_fastrtps_c;rosidl_typesupport_introspection_c
[1.346s] -- Found rosidl_adapter: 3.1.8 (/opt/ros/humble/share/rosidl_adapter/cmake)
[1.443s] -- Using all available rosidl_typesupport_cpp: rosidl_typesupport_fastrtps_cpp;rosidl_typesupport_introspection_cpp
[1.530s] -- Found std_msgs: 4.9.1 (/opt/ros/humble/share/std_msgs/cmake)
[1.597s] -- Found std_srvs: 4.9.1 (/opt/ros/humble/share/std_srvs/cmake)
[2.317s] -- Found ament_cmake_ros: 0.10.0 (/opt/ros/humble/share/ament_cmake_ros/cmake)
[2.917s] -- Using all available rosidl_typesupport_c: rosidl_typesupport_fastrtps_c;rosidl_typesupport_introspection_c
[3.754s] -- Using all available rosidl_typesupport_cpp: rosidl_typesupport_fastrtps_cpp;rosidl_typesupport_introspection_cpp
[3.852s] -- Found PythonInterp: /usr/bin/python3 (found suitable version "3.10.12", minimum required is "3.6") 
[3.858s] -- Found python_cmake_module: 0.10.0 (/opt/ros/humble/share/python_cmake_module/cmake)
[3.946s] -- Found PythonLibs: /usr/lib/x86_64-linux-gnu/libpython3.10.so (found suitable version "3.10.12", minimum required is "3.5") 
[3.947s] -- Using PYTHON_EXECUTABLE: /usr/bin/python3
[3.947s] -- Using PYTHON_INCLUDE_DIRS: /usr/include/python3.10
[3.948s] -- Using PYTHON_LIBRARIES: /usr/lib/x86_64-linux-gnu/libpython3.10.so
[4.034s] -- Found PythonExtra: .so  
[4.221s] -- Configuring done
[4.299s] -- Generating done
[4.330s] -- Build files have been written to: /home/lorenzo/code/dynus_lite/dynus_lite_ws/build/mission_mode
[4.356s] Invoked command in '/home/lorenzo/code/dynus_lite/dynus_lite_ws/build/mission_mode' returned '0': CMAKE_PREFIX_PATH=${CMAKE_PREFIX_PATH}:/opt/ros/humble /usr/bin/cmake /home/lorenzo/code/dynus_lite/dynus_lite_ws/src/mission_mode -DCMAKE_INSTALL_PREFIX=/home/lorenzo/code/dynus_lite/dynus_lite_ws/install/mission_mode
[4.362s] Invoking command in '/home/lorenzo/code/dynus_lite/dynus_lite_ws/build/mission_mode': CMAKE_PREFIX_PATH=${CMAKE_PREFIX_PATH}:/opt/ros/humble /usr/bin/cmake --build /home/lorenzo/code/dynus_lite/dynus_lite_ws/build/mission_mode -- -j8 -l8
[5.670s] [  3%] [34m[1mGenerating C code for ROS interfaces[0m
[5.671s] [  6%] [34m[1mGenerating C++ code for ROS interfaces[0m
[5.671s] [  6%] Built target ament_cmake_python_copy_mission_mode
[5.671s] running egg_info
[5.671s] creating mission_mode.egg-info
[5.671s] writing mission_mode.egg-info/PKG-INFO
[5.671s] writing dependency_links to mission_mode.egg-info/dependency_links.txt
[5.671s] writing top-level names to mission_mode.egg-info/top_level.txt
[5.671s] writing manifest file 'mission_mode.egg-info/SOURCES.txt'
[5.672s] reading manifest file 'mission_mode.egg-info/SOURCES.txt'
[5.672s] writing manifest file 'mission_mode.egg-info/SOURCES.txt'
[5.672s] [  6%] Built target ament_cmake_python_build_mission_mode_egg
[5.672s] [  9%] [32mBuilding C object CMakeFiles/mission_mode__rosidl_generator_c.dir/rosidl_generator_c/mission_mode/srv/detail/mission_mode_change__functions.c.o[0m
[5.756s] [ 12%] [32m[1mLinking C shared library libmission_mode__rosidl_generator_c.so[0m
[5.890s] [ 12%] Built target mission_mode__rosidl_generator_c
[5.921s] [ 16%] [34m[1mGenerating C type support for eProsima Fast-RTPS[0m
[5.938s] [ 19%] [34m[1mGenerating C introspection for ROS interfaces[0m
[5.943s] [ 19%] Built target mission_mode__cpp
[5.956s] [ 22%] [34m[1mGenerating C type support dispatch for ROS interfaces[0m
[6.019s] [ 25%] [34m[1mGenerating C++ introspection for ROS interfaces[0m
[6.023s] [ 29%] [34m[1mGenerating C++ type support dispatch for ROS interfaces[0m
[6.036s] [ 32%] [34m[1mGenerating C++ type support for eProsima Fast-RTPS[0m
[7.203s] [ 35%] [32mBuilding CXX object CMakeFiles/mission_mode__rosidl_typesupport_fastrtps_cpp.dir/rosidl_typesupport_fastrtps_cpp/mission_mode/srv/detail/dds_fastrtps/mission_mode_change__type_support.cpp.o[0m
[7.369s] [ 38%] [32mBuilding CXX object CMakeFiles/mission_mode__rosidl_typesupport_cpp.dir/rosidl_typesupport_cpp/mission_mode/srv/mission_mode_change__type_support.cpp.o[0m
[7.584s] [ 41%] [32mBuilding C object CMakeFiles/mission_mode__rosidl_typesupport_introspection_c.dir/rosidl_typesupport_introspection_c/mission_mode/srv/detail/mission_mode_change__type_support.c.o[0m
[7.732s] [ 45%] [32mBuilding CXX object CMakeFiles/mission_mode__rosidl_typesupport_c.dir/rosidl_typesupport_c/mission_mode/srv/mission_mode_change__type_support.cpp.o[0m
[7.773s] [ 48%] [32mBuilding CXX object CMakeFiles/mission_mode__rosidl_typesupport_fastrtps_c.dir/rosidl_typesupport_fastrtps_c/mission_mode/srv/detail/mission_mode_change__type_support_c.cpp.o[0m
[7.836s] [ 51%] [32m[1mLinking C shared library libmission_mode__rosidl_typesupport_introspection_c.so[0m
[7.868s] [ 54%] [32m[1mLinking CXX shared library libmission_mode__rosidl_typesupport_c.so[0m
[7.943s] [ 54%] Built target mission_mode__rosidl_typesupport_introspection_c
[8.022s] [ 54%] Built target mission_mode__rosidl_typesupport_c
[8.363s] [ 58%] [32mBuilding CXX object CMakeFiles/mission_mode__rosidl_typesupport_introspection_cpp.dir/rosidl_typesupport_introspection_cpp/mission_mode/srv/detail/mission_mode_change__type_support.cpp.o[0m
[8.438s] [ 61%] [32m[1mLinking CXX shared library libmission_mode__rosidl_typesupport_cpp.so[0m
[8.572s] [ 61%] Built target mission_mode__rosidl_typesupport_cpp
[9.254s] [ 64%] [32m[1mLinking CXX shared library libmission_mode__rosidl_typesupport_fastrtps_c.so[0m
[9.623s] [ 64%] Built target mission_mode__rosidl_typesupport_fastrtps_c
[10.043s] [ 67%] [32m[1mLinking CXX shared library libmission_mode__rosidl_typesupport_fastrtps_cpp.so[0m
[10.223s] [ 70%] [32m[1mLinking CXX shared library libmission_mode__rosidl_typesupport_introspection_cpp.so[0m
[10.250s] [ 70%] Built target mission_mode__rosidl_typesupport_fastrtps_cpp
[10.319s] [ 70%] Built target mission_mode__rosidl_typesupport_introspection_cpp
[10.377s] [ 70%] Built target mission_mode
[10.427s] [ 74%] [34m[1mGenerating Python code for ROS interfaces[0m
[11.607s] [ 74%] Built target mission_mode__py
[11.662s] [ 77%] [32mBuilding C object CMakeFiles/mission_mode__rosidl_generator_py.dir/rosidl_generator_py/mission_mode/srv/_mission_mode_change_s.c.o[0m
[11.823s] [ 80%] [32m[1mLinking C shared library rosidl_generator_py/mission_mode/libmission_mode__rosidl_generator_py.so[0m
[11.886s] [ 80%] Built target mission_mode__rosidl_generator_py
[11.934s] [ 83%] [32mBuilding C object CMakeFiles/mission_mode__rosidl_typesupport_fastrtps_c__pyext.dir/rosidl_generator_py/mission_mode/_mission_mode_s.ep.rosidl_typesupport_fastrtps_c.c.o[0m
[11.953s] [ 87%] [32mBuilding C object CMakeFiles/mission_mode__rosidl_typesupport_c__pyext.dir/rosidl_generator_py/mission_mode/_mission_mode_s.ep.rosidl_typesupport_c.c.o[0m
[11.961s] [ 90%] [32mBuilding C object CMakeFiles/mission_mode__rosidl_typesupport_introspection_c__pyext.dir/rosidl_generator_py/mission_mode/_mission_mode_s.ep.rosidl_typesupport_introspection_c.c.o[0m
[12.151s] [ 93%] [32m[1mLinking C shared library rosidl_generator_py/mission_mode/mission_mode_s__rosidl_typesupport_introspection_c.cpython-310-x86_64-linux-gnu.so[0m
[12.238s] [ 96%] [32m[1mLinking C shared library rosidl_generator_py/mission_mode/mission_mode_s__rosidl_typesupport_c.cpython-310-x86_64-linux-gnu.so[0m
[12.252s] [ 96%] Built target mission_mode__rosidl_typesupport_introspection_c__pyext
[12.425s] [ 96%] Built target mission_mode__rosidl_typesupport_c__pyext
[12.473s] [100%] [32m[1mLinking C shared library rosidl_generator_py/mission_mode/mission_mode_s__rosidl_typesupport_fastrtps_c.cpython-310-x86_64-linux-gnu.so[0m
[12.647s] [100%] Built target mission_mode__rosidl_typesupport_fastrtps_c__pyext
[12.694s] Invoked command in '/home/lorenzo/code/dynus_lite/dynus_lite_ws/build/mission_mode' returned '0': CMAKE_PREFIX_PATH=${CMAKE_PREFIX_PATH}:/opt/ros/humble /usr/bin/cmake --build /home/lorenzo/code/dynus_lite/dynus_lite_ws/build/mission_mode -- -j8 -l8
[12.694s] Invoking command in '/home/lorenzo/code/dynus_lite/dynus_lite_ws/build/mission_mode': CMAKE_PREFIX_PATH=${CMAKE_PREFIX_PATH}:/opt/ros/humble /usr/bin/cmake --install /home/lorenzo/code/dynus_lite/dynus_lite_ws/build/mission_mode
[15.583s] -- Install configuration: ""
[15.583s] -- Installing: /home/lorenzo/code/dynus_lite/dynus_lite_ws/install/mission_mode/share/ament_index/resource_index/rosidl_interfaces/mission_mode
[15.583s] -- Installing: /home/lorenzo/code/dynus_lite/dynus_lite_ws/install/mission_mode/include/mission_mode/mission_mode
[15.583s] -- Installing: /home/lorenzo/code/dynus_lite/dynus_lite_ws/install/mission_mode/include/mission_mode/mission_mode/srv
[15.583s] -- Installing: /home/lorenzo/code/dynus_lite/dynus_lite_ws/install/mission_mode/include/mission_mode/mission_mode/srv/mission_mode_change.h
[15.583s] -- Installing: /home/lorenzo/code/dynus_lite/dynus_lite_ws/install/mission_mode/include/mission_mode/mission_mode/srv/detail
[15.583s] -- Installing: /home/lorenzo/code/dynus_lite/dynus_lite_ws/install/mission_mode/include/mission_mode/mission_mode/srv/detail/mission_mode_change__struct.h
[15.583s] -- Installing: /home/lorenzo/code/dynus_lite/dynus_lite_ws/install/mission_mode/include/mission_mode/mission_mode/srv/detail/mission_mode_change__functions.c
[15.584s] -- Installing: /home/lorenzo/code/dynus_lite/dynus_lite_ws/install/mission_mode/include/mission_mode/mission_mode/srv/detail/mission_mode_change__type_support.h
[15.584s] -- Installing: /home/lorenzo/code/dynus_lite/dynus_lite_ws/install/mission_mode/include/mission_mode/mission_mode/srv/detail/mission_mode_change__functions.h
[15.584s] -- Installing: /home/lorenzo/code/dynus_lite/dynus_lite_ws/install/mission_mode/include/mission_mode/mission_mode/msg
[15.584s] -- Installing: /home/lorenzo/code/dynus_lite/dynus_lite_ws/install/mission_mode/include/mission_mode/mission_mode/msg/rosidl_generator_c__visibility_control.h
[15.584s] -- Installing: /home/lorenzo/code/dynus_lite/dynus_lite_ws/install/mission_mode/share/mission_mode/environment/library_path.sh
[15.584s] -- Installing: /home/lorenzo/code/dynus_lite/dynus_lite_ws/install/mission_mode/share/mission_mode/environment/library_path.dsv
[15.584s] -- Installing: /home/lorenzo/code/dynus_lite/dynus_lite_ws/install/mission_mode/lib/libmission_mode__rosidl_generator_c.so
[15.584s] -- Set runtime path of "/home/lorenzo/code/dynus_lite/dynus_lite_ws/install/mission_mode/lib/libmission_mode__rosidl_generator_c.so" to ""
[15.584s] -- Up-to-date: /home/lorenzo/code/dynus_lite/dynus_lite_ws/install/mission_mode/include/mission_mode/mission_mode
[15.584s] -- Up-to-date: /home/lorenzo/code/dynus_lite/dynus_lite_ws/install/mission_mode/include/mission_mode/mission_mode/srv
[15.584s] -- Up-to-date: /home/lorenzo/code/dynus_lite/dynus_lite_ws/install/mission_mode/include/mission_mode/mission_mode/srv/detail
[15.584s] -- Installing: /home/lorenzo/code/dynus_lite/dynus_lite_ws/install/mission_mode/include/mission_mode/mission_mode/srv/detail/mission_mode_change__rosidl_typesupport_fastrtps_c.h
[15.585s] -- Up-to-date: /home/lorenzo/code/dynus_lite/dynus_lite_ws/install/mission_mode/include/mission_mode/mission_mode/msg
[15.585s] -- Installing: /home/lorenzo/code/dynus_lite/dynus_lite_ws/install/mission_mode/include/mission_mode/mission_mode/msg/rosidl_typesupport_fastrtps_c__visibility_control.h
[15.585s] -- Installing: /home/lorenzo/code/dynus_lite/dynus_lite_ws/install/mission_mode/lib/libmission_mode__rosidl_typesupport_fastrtps_c.so
[15.585s] -- Set runtime path of "/home/lorenzo/code/dynus_lite/dynus_lite_ws/install/mission_mode/lib/libmission_mode__rosidl_typesupport_fastrtps_c.so" to ""
[15.585s] -- Up-to-date: /home/lorenzo/code/dynus_lite/dynus_lite_ws/install/mission_mode/include/mission_mode/mission_mode
[15.585s] -- Up-to-date: /home/lorenzo/code/dynus_lite/dynus_lite_ws/install/mission_mode/include/mission_mode/mission_mode/srv
[15.585s] -- Up-to-date: /home/lorenzo/code/dynus_lite/dynus_lite_ws/install/mission_mode/include/mission_mode/mission_mode/srv/detail
[15.585s] -- Installing: /home/lorenzo/code/dynus_lite/dynus_lite_ws/install/mission_mode/include/mission_mode/mission_mode/srv/detail/mission_mode_change__type_support.c
[15.585s] -- Installing: /home/lorenzo/code/dynus_lite/dynus_lite_ws/install/mission_mode/include/mission_mode/mission_mode/srv/detail/mission_mode_change__rosidl_typesupport_introspection_c.h
[15.585s] -- Up-to-date: /home/lorenzo/code/dynus_lite/dynus_lite_ws/install/mission_mode/include/mission_mode/mission_mode/msg
[15.586s] -- Installing: /home/lorenzo/code/dynus_lite/dynus_lite_ws/install/mission_mode/include/mission_mode/mission_mode/msg/rosidl_typesupport_introspection_c__visibility_control.h
[15.586s] -- Installing: /home/lorenzo/code/dynus_lite/dynus_lite_ws/install/mission_mode/lib/libmission_mode__rosidl_typesupport_introspection_c.so
[15.586s] -- Set runtime path of "/home/lorenzo/code/dynus_lite/dynus_lite_ws/install/mission_mode/lib/libmission_mode__rosidl_typesupport_introspection_c.so" to ""
[15.586s] -- Installing: /home/lorenzo/code/dynus_lite/dynus_lite_ws/install/mission_mode/lib/libmission_mode__rosidl_typesupport_c.so
[15.586s] -- Set runtime path of "/home/lorenzo/code/dynus_lite/dynus_lite_ws/install/mission_mode/lib/libmission_mode__rosidl_typesupport_c.so" to ""
[15.586s] -- Up-to-date: /home/lorenzo/code/dynus_lite/dynus_lite_ws/install/mission_mode/include/mission_mode/mission_mode
[15.598s] -- Up-to-date: /home/lorenzo/code/dynus_lite/dynus_lite_ws/install/mission_mode/include/mission_mode/mission_mode/srv
[15.599s] -- Up-to-date: /home/lorenzo/code/dynus_lite/dynus_lite_ws/install/mission_mode/include/mission_mode/mission_mode/srv/detail
[15.599s] -- Installing: /home/lorenzo/code/dynus_lite/dynus_lite_ws/install/mission_mode/include/mission_mode/mission_mode/srv/detail/mission_mode_change__traits.hpp
[15.599s] -- Installing: /home/lorenzo/code/dynus_lite/dynus_lite_ws/install/mission_mode/include/mission_mode/mission_mode/srv/detail/mission_mode_change__type_support.hpp
[15.599s] -- Installing: /home/lorenzo/code/dynus_lite/dynus_lite_ws/install/mission_mode/include/mission_mode/mission_mode/srv/detail/mission_mode_change__struct.hpp
[15.599s] -- Installing: /home/lorenzo/code/dynus_lite/dynus_lite_ws/install/mission_mode/include/mission_mode/mission_mode/srv/detail/mission_mode_change__builder.hpp
[15.599s] -- Installing: /home/lorenzo/code/dynus_lite/dynus_lite_ws/install/mission_mode/include/mission_mode/mission_mode/srv/mission_mode_change.hpp
[15.599s] -- Up-to-date: /home/lorenzo/code/dynus_lite/dynus_lite_ws/install/mission_mode/include/mission_mode/mission_mode/msg
[15.599s] -- Installing: /home/lorenzo/code/dynus_lite/dynus_lite_ws/install/mission_mode/include/mission_mode/mission_mode/msg/rosidl_generator_cpp__visibility_control.hpp
[15.599s] -- Up-to-date: /home/lorenzo/code/dynus_lite/dynus_lite_ws/install/mission_mode/include/mission_mode/mission_mode
[15.599s] -- Up-to-date: /home/lorenzo/code/dynus_lite/dynus_lite_ws/install/mission_mode/include/mission_mode/mission_mode/srv
[15.600s] -- Up-to-date: /home/lorenzo/code/dynus_lite/dynus_lite_ws/install/mission_mode/include/mission_mode/mission_mode/srv/detail
[15.600s] -- Installing: /home/lorenzo/code/dynus_lite/dynus_lite_ws/install/mission_mode/include/mission_mode/mission_mode/srv/detail/mission_mode_change__rosidl_typesupport_fastrtps_cpp.hpp
[15.600s] -- Installing: /home/lorenzo/code/dynus_lite/dynus_lite_ws/install/mission_mode/include/mission_mode/mission_mode/srv/detail/dds_fastrtps
[15.600s] -- Up-to-date: /home/lorenzo/code/dynus_lite/dynus_lite_ws/install/mission_mode/include/mission_mode/mission_mode/msg
[15.600s] -- Installing: /home/lorenzo/code/dynus_lite/dynus_lite_ws/install/mission_mode/include/mission_mode/mission_mode/msg/rosidl_typesupport_fastrtps_cpp__visibility_control.h
[15.600s] -- Installing: /home/lorenzo/code/dynus_lite/dynus_lite_ws/install/mission_mode/lib/libmission_mode__rosidl_typesupport_fastrtps_cpp.so
[15.600s] -- Set runtime path of "/home/lorenzo/code/dynus_lite/dynus_lite_ws/install/mission_mode/lib/libmission_mode__rosidl_typesupport_fastrtps_cpp.so" to ""
[15.600s] -- Up-to-date: /home/lorenzo/code/dynus_lite/dynus_lite_ws/install/mission_mode/include/mission_mode/mission_mode
[15.600s] -- Up-to-date: /home/lorenzo/code/dynus_lite/dynus_lite_ws/install/mission_mode/include/mission_mode/mission_mode/srv
[15.600s] -- Up-to-date: /home/lorenzo/code/dynus_lite/dynus_lite_ws/install/mission_mode/include/mission_mode/mission_mode/srv/detail
[15.600s] -- Installing: /home/lorenzo/code/dynus_lite/dynus_lite_ws/install/mission_mode/include/mission_mode/mission_mode/srv/detail/mission_mode_change__type_support.cpp
[15.601s] -- Installing: /home/lorenzo/code/dynus_lite/dynus_lite_ws/install/mission_mode/include/mission_mode/mission_mode/srv/detail/mission_mode_change__rosidl_typesupport_introspection_cpp.hpp
[15.601s] -- Installing: /home/lorenzo/code/dynus_lite/dynus_lite_ws/install/mission_mode/lib/libmission_mode__rosidl_typesupport_introspection_cpp.so
[15.601s] -- Set runtime path of "/home/lorenzo/code/dynus_lite/dynus_lite_ws/install/mission_mode/lib/libmission_mode__rosidl_typesupport_introspection_cpp.so" to ""
[15.601s] -- Installing: /home/lorenzo/code/dynus_lite/dynus_lite_ws/install/mission_mode/lib/libmission_mode__rosidl_typesupport_cpp.so
[15.601s] -- Set runtime path of "/home/lorenzo/code/dynus_lite/dynus_lite_ws/install/mission_mode/lib/libmission_mode__rosidl_typesupport_cpp.so" to ""
[15.601s] -- Installing: /home/lorenzo/code/dynus_lite/dynus_lite_ws/install/mission_mode/share/mission_mode/environment/pythonpath.sh
[15.601s] -- Installing: /home/lorenzo/code/dynus_lite/dynus_lite_ws/install/mission_mode/share/mission_mode/environment/pythonpath.dsv
[15.601s] -- Installing: /home/lorenzo/code/dynus_lite/dynus_lite_ws/install/mission_mode/local/lib/python3.10/dist-packages/mission_mode-5.4.1-py3.10.egg-info
[15.601s] -- Installing: /home/lorenzo/code/dynus_lite/dynus_lite_ws/install/mission_mode/local/lib/python3.10/dist-packages/mission_mode-5.4.1-py3.10.egg-info/top_level.txt
[15.601s] -- Installing: /home/lorenzo/code/dynus_lite/dynus_lite_ws/install/mission_mode/local/lib/python3.10/dist-packages/mission_mode-5.4.1-py3.10.egg-info/SOURCES.txt
[15.601s] -- Installing: /home/lorenzo/code/dynus_lite/dynus_lite_ws/install/mission_mode/local/lib/python3.10/dist-packages/mission_mode-5.4.1-py3.10.egg-info/dependency_links.txt
[15.601s] -- Installing: /home/lorenzo/code/dynus_lite/dynus_lite_ws/install/mission_mode/local/lib/python3.10/dist-packages/mission_mode-5.4.1-py3.10.egg-info/PKG-INFO
[15.602s] -- Installing: /home/lorenzo/code/dynus_lite/dynus_lite_ws/install/mission_mode/local/lib/python3.10/dist-packages/mission_mode
[15.602s] -- Installing: /home/lorenzo/code/dynus_lite/dynus_lite_ws/install/mission_mode/local/lib/python3.10/dist-packages/mission_mode/srv
[15.602s] -- Installing: /home/lorenzo/code/dynus_lite/dynus_lite_ws/install/mission_mode/local/lib/python3.10/dist-packages/mission_mode/srv/_mission_mode_change.py
[15.602s] -- Installing: /home/lorenzo/code/dynus_lite/dynus_lite_ws/install/mission_mode/local/lib/python3.10/dist-packages/mission_mode/srv/__init__.py
[15.602s] -- Installing: /home/lorenzo/code/dynus_lite/dynus_lite_ws/install/mission_mode/local/lib/python3.10/dist-packages/mission_mode/srv/_mission_mode_change_s.c
[15.602s] -- Installing: /home/lorenzo/code/dynus_lite/dynus_lite_ws/install/mission_mode/local/lib/python3.10/dist-packages/mission_mode/__init__.py
[15.602s] -- Installing: /home/lorenzo/code/dynus_lite/dynus_lite_ws/install/mission_mode/local/lib/python3.10/dist-packages/mission_mode/_mission_mode_s.ep.rosidl_typesupport_fastrtps_c.c
[15.615s] -- Installing: /home/lorenzo/code/dynus_lite/dynus_lite_ws/install/mission_mode/local/lib/python3.10/dist-packages/mission_mode/_mission_mode_s.ep.rosidl_typesupport_c.c
[15.616s] -- Installing: /home/lorenzo/code/dynus_lite/dynus_lite_ws/install/mission_mode/local/lib/python3.10/dist-packages/mission_mode/libmission_mode__rosidl_generator_py.so
[15.616s] -- Installing: /home/lorenzo/code/dynus_lite/dynus_lite_ws/install/mission_mode/local/lib/python3.10/dist-packages/mission_mode/_mission_mode_s.ep.rosidl_typesupport_introspection_c.c
[15.616s] -- Installing: /home/lorenzo/code/dynus_lite/dynus_lite_ws/install/mission_mode/local/lib/python3.10/dist-packages/mission_mode/mission_mode_s__rosidl_typesupport_introspection_c.cpython-310-x86_64-linux-gnu.so
[15.617s] -- Installing: /home/lorenzo/code/dynus_lite/dynus_lite_ws/install/mission_mode/local/lib/python3.10/dist-packages/mission_mode/mission_mode_s__rosidl_typesupport_c.cpython-310-x86_64-linux-gnu.so
[15.617s] -- Installing: /home/lorenzo/code/dynus_lite/dynus_lite_ws/install/mission_mode/local/lib/python3.10/dist-packages/mission_mode/mission_mode_s__rosidl_typesupport_fastrtps_c.cpython-310-x86_64-linux-gnu.so
[15.617s] Listing '/home/lorenzo/code/dynus_lite/dynus_lite_ws/install/mission_mode/local/lib/python3.10/dist-packages/mission_mode'...
[15.617s] Compiling '/home/lorenzo/code/dynus_lite/dynus_lite_ws/install/mission_mode/local/lib/python3.10/dist-packages/mission_mode/__init__.py'...
[15.617s] Listing '/home/lorenzo/code/dynus_lite/dynus_lite_ws/install/mission_mode/local/lib/python3.10/dist-packages/mission_mode/srv'...
[15.617s] Compiling '/home/lorenzo/code/dynus_lite/dynus_lite_ws/install/mission_mode/local/lib/python3.10/dist-packages/mission_mode/srv/__init__.py'...
[15.617s] Compiling '/home/lorenzo/code/dynus_lite/dynus_lite_ws/install/mission_mode/local/lib/python3.10/dist-packages/mission_mode/srv/_mission_mode_change.py'...
[15.633s] -- Installing: /home/lorenzo/code/dynus_lite/dynus_lite_ws/install/mission_mode/local/lib/python3.10/dist-packages/mission_mode/mission_mode_s__rosidl_typesupport_fastrtps_c.cpython-310-x86_64-linux-gnu.so
[15.633s] -- Set runtime path of "/home/lorenzo/code/dynus_lite/dynus_lite_ws/install/mission_mode/local/lib/python3.10/dist-packages/mission_mode/mission_mode_s__rosidl_typesupport_fastrtps_c.cpython-310-x86_64-linux-gnu.so" to ""
[15.634s] -- Installing: /home/lorenzo/code/dynus_lite/dynus_lite_ws/install/mission_mode/local/lib/python3.10/dist-packages/mission_mode/mission_mode_s__rosidl_typesupport_introspection_c.cpython-310-x86_64-linux-gnu.so
[15.634s] -- Set runtime path of "/home/lorenzo/code/dynus_lite/dynus_lite_ws/install/mission_mode/local/lib/python3.10/dist-packages/mission_mode/mission_mode_s__rosidl_typesupport_introspection_c.cpython-310-x86_64-linux-gnu.so" to ""
[15.634s] -- Installing: /home/lorenzo/code/dynus_lite/dynus_lite_ws/install/mission_mode/local/lib/python3.10/dist-packages/mission_mode/mission_mode_s__rosidl_typesupport_c.cpython-310-x86_64-linux-gnu.so
[15.634s] -- Set runtime path of "/home/lorenzo/code/dynus_lite/dynus_lite_ws/install/mission_mode/local/lib/python3.10/dist-packages/mission_mode/mission_mode_s__rosidl_typesupport_c.cpython-310-x86_64-linux-gnu.so" to ""
[15.634s] -- Installing: /home/lorenzo/code/dynus_lite/dynus_lite_ws/install/mission_mode/lib/libmission_mode__rosidl_generator_py.so
[15.634s] -- Set runtime path of "/home/lorenzo/code/dynus_lite/dynus_lite_ws/install/mission_mode/lib/libmission_mode__rosidl_generator_py.so" to ""
[15.634s] -- Installing: /home/lorenzo/code/dynus_lite/dynus_lite_ws/install/mission_mode/share/mission_mode/srv/MissionModeChange.idl
[15.634s] -- Installing: /home/lorenzo/code/dynus_lite/dynus_lite_ws/install/mission_mode/share/mission_mode/srv/MissionModeChange.srv
[15.634s] -- Installing: /home/lorenzo/code/dynus_lite/dynus_lite_ws/install/mission_mode/share/mission_mode/srv/MissionModeChange_Request.msg
[15.635s] -- Installing: /home/lorenzo/code/dynus_lite/dynus_lite_ws/install/mission_mode/share/mission_mode/srv/MissionModeChange_Response.msg
[15.635s] -- Installing: /home/lorenzo/code/dynus_lite/dynus_lite_ws/install/mission_mode/share/ament_index/resource_index/package_run_dependencies/mission_mode
[15.635s] -- Installing: /home/lorenzo/code/dynus_lite/dynus_lite_ws/install/mission_mode/share/ament_index/resource_index/parent_prefix_path/mission_mode
[15.635s] -- Installing: /home/lorenzo/code/dynus_lite/dynus_lite_ws/install/mission_mode/share/mission_mode/environment/ament_prefix_path.sh
[15.635s] -- Installing: /home/lorenzo/code/dynus_lite/dynus_lite_ws/install/mission_mode/share/mission_mode/environment/ament_prefix_path.dsv
[15.635s] -- Installing: /home/lorenzo/code/dynus_lite/dynus_lite_ws/install/mission_mode/share/mission_mode/environment/path.sh
[15.635s] -- Installing: /home/lorenzo/code/dynus_lite/dynus_lite_ws/install/mission_mode/share/mission_mode/environment/path.dsv
[15.635s] -- Installing: /home/lorenzo/code/dynus_lite/dynus_lite_ws/install/mission_mode/share/mission_mode/local_setup.bash
[15.635s] -- Installing: /home/lorenzo/code/dynus_lite/dynus_lite_ws/install/mission_mode/share/mission_mode/local_setup.sh
[15.635s] -- Installing: /home/lorenzo/code/dynus_lite/dynus_lite_ws/install/mission_mode/share/mission_mode/local_setup.zsh
[15.635s] -- Installing: /home/lorenzo/code/dynus_lite/dynus_lite_ws/install/mission_mode/share/mission_mode/local_setup.dsv
[15.636s] -- Installing: /home/lorenzo/code/dynus_lite/dynus_lite_ws/install/mission_mode/share/mission_mode/package.dsv
[15.636s] -- Installing: /home/lorenzo/code/dynus_lite/dynus_lite_ws/install/mission_mode/share/ament_index/resource_index/packages/mission_mode
[15.636s] -- Installing: /home/lorenzo/code/dynus_lite/dynus_lite_ws/install/mission_mode/share/mission_mode/cmake/export_mission_mode__rosidl_generator_cExport.cmake
[15.636s] -- Installing: /home/lorenzo/code/dynus_lite/dynus_lite_ws/install/mission_mode/share/mission_mode/cmake/export_mission_mode__rosidl_generator_cExport-noconfig.cmake
[15.636s] -- Installing: /home/lorenzo/code/dynus_lite/dynus_lite_ws/install/mission_mode/share/mission_mode/cmake/export_mission_mode__rosidl_typesupport_fastrtps_cExport.cmake
[15.636s] -- Installing: /home/lorenzo/code/dynus_lite/dynus_lite_ws/install/mission_mode/share/mission_mode/cmake/export_mission_mode__rosidl_typesupport_fastrtps_cExport-noconfig.cmake
[15.636s] -- Installing: /home/lorenzo/code/dynus_lite/dynus_lite_ws/install/mission_mode/share/mission_mode/cmake/mission_mode__rosidl_typesupport_introspection_cExport.cmake
[15.636s] -- Installing: /home/lorenzo/code/dynus_lite/dynus_lite_ws/install/mission_mode/share/mission_mode/cmake/mission_mode__rosidl_typesupport_introspection_cExport-noconfig.cmake
[15.636s] -- Installing: /home/lorenzo/code/dynus_lite/dynus_lite_ws/install/mission_mode/share/mission_mode/cmake/mission_mode__rosidl_typesupport_cExport.cmake
[15.636s] -- Installing: /home/lorenzo/code/dynus_lite/dynus_lite_ws/install/mission_mode/share/mission_mode/cmake/mission_mode__rosidl_typesupport_cExport-noconfig.cmake
[15.638s] -- Installing: /home/lorenzo/code/dynus_lite/dynus_lite_ws/install/mission_mode/share/mission_mode/cmake/export_mission_mode__rosidl_generator_cppExport.cmake
[15.638s] -- Installing: /home/lorenzo/code/dynus_lite/dynus_lite_ws/install/mission_mode/share/mission_mode/cmake/export_mission_mode__rosidl_typesupport_fastrtps_cppExport.cmake
[15.638s] -- Installing: /home/lorenzo/code/dynus_lite/dynus_lite_ws/install/mission_mode/share/mission_mode/cmake/export_mission_mode__rosidl_typesupport_fastrtps_cppExport-noconfig.cmake
[15.638s] -- Installing: /home/lorenzo/code/dynus_lite/dynus_lite_ws/install/mission_mode/share/mission_mode/cmake/mission_mode__rosidl_typesupport_introspection_cppExport.cmake
[15.638s] -- Installing: /home/lorenzo/code/dynus_lite/dynus_lite_ws/install/mission_mode/share/mission_mode/cmake/mission_mode__rosidl_typesupport_introspection_cppExport-noconfig.cmake
[15.655s] -- Installing: /home/lorenzo/code/dynus_lite/dynus_lite_ws/install/mission_mode/share/mission_mode/cmake/mission_mode__rosidl_typesupport_cppExport.cmake
[15.655s] -- Installing: /home/lorenzo/code/dynus_lite/dynus_lite_ws/install/mission_mode/share/mission_mode/cmake/mission_mode__rosidl_typesupport_cppExport-noconfig.cmake
[15.656s] -- Installing: /home/lorenzo/code/dynus_lite/dynus_lite_ws/install/mission_mode/share/mission_mode/cmake/export_mission_mode__rosidl_generator_pyExport.cmake
[15.656s] -- Installing: /home/lorenzo/code/dynus_lite/dynus_lite_ws/install/mission_mode/share/mission_mode/cmake/export_mission_mode__rosidl_generator_pyExport-noconfig.cmake
[15.656s] -- Installing: /home/lorenzo/code/dynus_lite/dynus_lite_ws/install/mission_mode/share/mission_mode/cmake/rosidl_cmake-extras.cmake
[15.656s] -- Installing: /home/lorenzo/code/dynus_lite/dynus_lite_ws/install/mission_mode/share/mission_mode/cmake/ament_cmake_export_dependencies-extras.cmake
[15.656s] -- Installing: /home/lorenzo/code/dynus_lite/dynus_lite_ws/install/mission_mode/share/mission_mode/cmake/ament_cmake_export_include_directories-extras.cmake
[15.656s] -- Installing: /home/lorenzo/code/dynus_lite/dynus_lite_ws/install/mission_mode/share/mission_mode/cmake/ament_cmake_export_libraries-extras.cmake
[15.656s] -- Installing: /home/lorenzo/code/dynus_lite/dynus_lite_ws/install/mission_mode/share/mission_mode/cmake/ament_cmake_export_targets-extras.cmake
[15.656s] -- Installing: /home/lorenzo/code/dynus_lite/dynus_lite_ws/install/mission_mode/share/mission_mode/cmake/rosidl_cmake_export_typesupport_targets-extras.cmake
[15.656s] -- Installing: /home/lorenzo/code/dynus_lite/dynus_lite_ws/install/mission_mode/share/mission_mode/cmake/rosidl_cmake_export_typesupport_libraries-extras.cmake
[15.656s] -- Installing: /home/lorenzo/code/dynus_lite/dynus_lite_ws/install/mission_mode/share/mission_mode/cmake/mission_modeConfig.cmake
[15.656s] -- Installing: /home/lorenzo/code/dynus_lite/dynus_lite_ws/install/mission_mode/share/mission_mode/cmake/mission_modeConfig-version.cmake
[15.657s] -- Installing: /home/lorenzo/code/dynus_lite/dynus_lite_ws/install/mission_mode/share/mission_mode/package.xml
[15.657s] Invoked command in '/home/lorenzo/code/dynus_lite/dynus_lite_ws/build/mission_mode' returned '0': CMAKE_PREFIX_PATH=${CMAKE_PREFIX_PATH}:/opt/ros/humble /usr/bin/cmake --install /home/lorenzo/code/dynus_lite/dynus_lite_ws/build/mission_mode
