-- The C compiler identification is GNU 11.4.0
-- The CXX compiler identification is GNU 12.3.0
-- Detecting C compiler ABI info
-- Detecting C compiler ABI info - done
-- Check for working C compiler: /usr/bin/cc - skipped
-- Detecting C compile features
-- Detecting C compile features - done
-- Detecting CXX compiler ABI info
-- Detecting CXX compiler ABI info - done
-- Check for working CXX compiler: /usr/bin/c++ - skipped
-- Detecting CXX compile features
-- Detecting CXX compile features - done
-- Found ament_cmake_auto: 1.3.13 (/opt/ros/humble/share/ament_cmake_auto/cmake)
-- Found Python3: /usr/bin/python3 (found version "3.10.12") found components: Interpreter 
-- Found rosidl_generator_c: 3.1.8 (/opt/ros/humble/share/rosidl_generator_c/cmake)
-- Found rosidl_adapter: 3.1.8 (/opt/ros/humble/share/rosidl_adapter/cmake)
-- Found rosidl_generator_cpp: 3.1.8 (/opt/ros/humble/share/rosidl_generator_cpp/cmake)
-- Using all available rosidl_typesupport_c: rosidl_typesupport_fastrtps_c;rosidl_typesupport_introspection_c
-- Using all available rosidl_typesupport_cpp: rosidl_typesupport_fastrtps_cpp;rosidl_typesupport_introspection_cpp
-- Found rmw_implementation_cmake: 6.1.2 (/opt/ros/humble/share/rmw_implementation_cmake/cmake)
-- Found rmw_cyclonedds_cpp: 1.3.4 (/opt/ros/humble/share/rmw_cyclonedds_cpp/cmake)
-- Using RMW implementation 'rmw_cyclonedds_cpp' as default
-- Looking for pthread.h
-- Looking for pthread.h - found
-- Performing Test CMAKE_HAVE_LIBC_PTHREAD
-- Performing Test CMAKE_HAVE_LIBC_PTHREAD - Success
-- Found Threads: TRUE  
-- Setting assimp_DIR to: '/opt/ros/humble/share/rviz_assimp_vendor/cmake/../../../opt/rviz_assimp_vendor/lib/cmake/assimp-4.1'
-- Setting OGRE_DIR to: '/opt/ros/humble/share/rviz_ogre_vendor/cmake/../../../opt/rviz_ogre_vendor/lib/OGRE/cmake'
-- Found OGRE
--   static     : OFF
--   components : HLMS;MeshLodGenerator;Overlay;Paging;Property;RTShaderSystem;Terrain;Volume
--   plugins    : Plugin_BSPSceneManager;Plugin_OctreeSceneManager;Plugin_PCZSceneManager;Plugin_ParticleFX;RenderSystem_GL;RenderSystem_GL3Plus;Codec_STBI
--   media      : /opt/ros/humble/opt/rviz_ogre_vendor/share/OGRE/Media
-- OGRE_LIBRARIES: OgreHLMS;OgreMeshLodGenerator;OgreOverlay;OgrePaging;OgreProperty;OgreRTShaderSystem;OgreTerrain;OgreVolume;OgreMain
-- OGRE_LIBRARY_DIRS: /opt/ros/humble/opt/rviz_ogre_vendor/lib
-- OGRE_PLUGINS: Plugin_BSPSceneManager;Plugin_OctreeSceneManager;Plugin_PCZSceneManager;Plugin_ParticleFX;RenderSystem_GL;RenderSystem_GL3Plus;Codec_STBI
-- OGRE_PLUGIN_DIR: /opt/ros/humble/opt/rviz_ogre_vendor/lib/OGRE
-- rviz_ogre_vendor::OgreOverlay for IMPORTED_LOCATION_RELEASE: /opt/ros/humble/opt/rviz_ogre_vendor/lib/libOgreOverlay.so
-- rviz_ogre_vendor::OgreOverlay for IMPORTED_LOCATION_DEBUG: /opt/ros/humble/opt/rviz_ogre_vendor/lib/libOgreOverlay.so
-- rviz_ogre_vendor::OgreMain for IMPORTED_LOCATION_RELEASE: /opt/ros/humble/opt/rviz_ogre_vendor/lib/libOgreMain.so
-- rviz_ogre_vendor::OgreMain for IMPORTED_LOCATION_DEBUG: /opt/ros/humble/opt/rviz_ogre_vendor/lib/libOgreMain.so
-- Found ZLIB: /usr/lib/x86_64-linux-gnu/libz.so (found version "1.2.11") 
-- Found OpenGL: /usr/lib/x86_64-linux-gnu/libOpenGL.so   
-- Found X11: /usr/include   
-- Looking for XOpenDisplay in /usr/lib/x86_64-linux-gnu/libX11.so;/usr/lib/x86_64-linux-gnu/libXext.so
-- Looking for XOpenDisplay in /usr/lib/x86_64-linux-gnu/libX11.so;/usr/lib/x86_64-linux-gnu/libXext.so - found
-- Looking for gethostbyname
-- Looking for gethostbyname - found
-- Looking for connect
-- Looking for connect - found
-- Looking for remove
-- Looking for remove - found
-- Looking for shmat
-- Looking for shmat - found
-- Looking for IceConnectionNumber in ICE
-- Looking for IceConnectionNumber in ICE - found
-- library: /usr/lib/x86_64-linux-gnu/libcurl.so
-- Found Eigen3: TRUE (found version "3.4.0") 
-- Ensuring Eigen3 include directory is part of orocos-kdl CMake target
-- Found ament_lint_auto: 0.12.15 (/opt/ros/humble/share/ament_lint_auto/cmake)
[0mIn this package, headers install destination is set to `include` by ament_auto_package. It is recommended to install `include/octomap_rviz_plugins` instead and will be the default behavior of ament_auto_package from ROS 2 Kilted Kaiju. On distributions before Kilted, ament_auto_package behaves the same way when you use USE_SCOPED_HEADER_INSTALL_DIR option.[0m
-- Added test 'copyright' to check source files copyright and LICENSE
-- Added test 'cppcheck' to perform static code analysis on C / C++ code
-- Configured cppcheck include dirs: /home/lorenzo/code/dynus_lite/dynus_lite_ws/src/octomap_rviz_plugins/include
-- Configured cppcheck exclude dirs and/or files: 
-- Added test 'cpplint' to check C / C++ code against the Google style
-- Configured cpplint exclude dirs and/or files: 
-- Added test 'lint_cmake' to check CMake code style
-- Added test 'uncrustify' to check C / C++ code style
-- Configured uncrustify additional arguments: 
-- Added test 'xmllint' to check XML markup files
-- Configuring done
-- Generating done
-- Build files have been written to: /home/lorenzo/code/dynus_lite/dynus_lite_ws/build/octomap_rviz_plugins
[ 11%] [34m[1mAutomatic MOC for target octomap_rviz_plugins[0m
[ 11%] Built target octomap_rviz_plugins_autogen
[ 22%] [34m[1mGenerating include/octomap_rviz_plugins/moc_occupancy_grid_display.cpp[0m
[ 33%] [34m[1mGenerating include/octomap_rviz_plugins/moc_occupancy_map_display.cpp[0m
[ 44%] [32mBuilding CXX object CMakeFiles/octomap_rviz_plugins.dir/octomap_rviz_plugins_autogen/mocs_compilation.cpp.o[0m
[ 55%] [32mBuilding CXX object CMakeFiles/octomap_rviz_plugins.dir/include/octomap_rviz_plugins/moc_occupancy_map_display.cpp.o[0m
[ 66%] [32mBuilding CXX object CMakeFiles/octomap_rviz_plugins.dir/include/octomap_rviz_plugins/moc_occupancy_grid_display.cpp.o[0m
[ 77%] [32mBuilding CXX object CMakeFiles/octomap_rviz_plugins.dir/src/occupancy_map_display.cpp.o[0m
[ 88%] [32mBuilding CXX object CMakeFiles/octomap_rviz_plugins.dir/src/occupancy_grid_display.cpp.o[0m
[100%] [32m[1mLinking CXX shared library liboctomap_rviz_plugins.so[0m
[100%] Built target octomap_rviz_plugins
-- Install configuration: ""
-- Installing: /home/lorenzo/code/dynus_lite/dynus_lite_ws/install/octomap_rviz_plugins/share/octomap_rviz_plugins/plugins_description.xml
-- Installing: /home/lorenzo/code/dynus_lite/dynus_lite_ws/install/octomap_rviz_plugins/include
-- Installing: /home/lorenzo/code/dynus_lite/dynus_lite_ws/install/octomap_rviz_plugins/include/octomap_rviz_plugins
-- Installing: /home/lorenzo/code/dynus_lite/dynus_lite_ws/install/octomap_rviz_plugins/include/octomap_rviz_plugins/occupancy_map_display.hpp
-- Installing: /home/lorenzo/code/dynus_lite/dynus_lite_ws/install/octomap_rviz_plugins/include/octomap_rviz_plugins/occupancy_grid_display.hpp
-- Installing: /home/lorenzo/code/dynus_lite/dynus_lite_ws/install/octomap_rviz_plugins/share/octomap_rviz_plugins/environment/library_path.sh
-- Installing: /home/lorenzo/code/dynus_lite/dynus_lite_ws/install/octomap_rviz_plugins/share/octomap_rviz_plugins/environment/library_path.dsv
-- Installing: /home/lorenzo/code/dynus_lite/dynus_lite_ws/install/octomap_rviz_plugins/lib/liboctomap_rviz_plugins.so
-- Set runtime path of "/home/lorenzo/code/dynus_lite/dynus_lite_ws/install/octomap_rviz_plugins/lib/liboctomap_rviz_plugins.so" to ""
-- Installing: /home/lorenzo/code/dynus_lite/dynus_lite_ws/install/octomap_rviz_plugins/share/octomap_rviz_plugins/icons
-- Installing: /home/lorenzo/code/dynus_lite/dynus_lite_ws/install/octomap_rviz_plugins/share/octomap_rviz_plugins/icons/classes
-- Installing: /home/lorenzo/code/dynus_lite/dynus_lite_ws/install/octomap_rviz_plugins/share/octomap_rviz_plugins/icons/classes/OccupancyMapStamped.png
-- Installing: /home/lorenzo/code/dynus_lite/dynus_lite_ws/install/octomap_rviz_plugins/share/octomap_rviz_plugins/icons/classes/OccupancyMap.png
-- Installing: /home/lorenzo/code/dynus_lite/dynus_lite_ws/install/octomap_rviz_plugins/share/octomap_rviz_plugins/icons/classes/ColorOccupancyGrid.png
-- Installing: /home/lorenzo/code/dynus_lite/dynus_lite_ws/install/octomap_rviz_plugins/share/octomap_rviz_plugins/icons/classes/OccupancyGridStamped.png
-- Installing: /home/lorenzo/code/dynus_lite/dynus_lite_ws/install/octomap_rviz_plugins/share/octomap_rviz_plugins/icons/classes/OccupancyGrid.png
-- Installing: /home/lorenzo/code/dynus_lite/dynus_lite_ws/install/octomap_rviz_plugins/share/ament_index/resource_index/package_run_dependencies/octomap_rviz_plugins
-- Installing: /home/lorenzo/code/dynus_lite/dynus_lite_ws/install/octomap_rviz_plugins/share/ament_index/resource_index/parent_prefix_path/octomap_rviz_plugins
-- Installing: /home/lorenzo/code/dynus_lite/dynus_lite_ws/install/octomap_rviz_plugins/share/octomap_rviz_plugins/environment/ament_prefix_path.sh
-- Installing: /home/lorenzo/code/dynus_lite/dynus_lite_ws/install/octomap_rviz_plugins/share/octomap_rviz_plugins/environment/ament_prefix_path.dsv
-- Installing: /home/lorenzo/code/dynus_lite/dynus_lite_ws/install/octomap_rviz_plugins/share/octomap_rviz_plugins/environment/path.sh
-- Installing: /home/lorenzo/code/dynus_lite/dynus_lite_ws/install/octomap_rviz_plugins/share/octomap_rviz_plugins/environment/path.dsv
-- Installing: /home/lorenzo/code/dynus_lite/dynus_lite_ws/install/octomap_rviz_plugins/share/octomap_rviz_plugins/local_setup.bash
-- Installing: /home/lorenzo/code/dynus_lite/dynus_lite_ws/install/octomap_rviz_plugins/share/octomap_rviz_plugins/local_setup.sh
-- Installing: /home/lorenzo/code/dynus_lite/dynus_lite_ws/install/octomap_rviz_plugins/share/octomap_rviz_plugins/local_setup.zsh
-- Installing: /home/lorenzo/code/dynus_lite/dynus_lite_ws/install/octomap_rviz_plugins/share/octomap_rviz_plugins/local_setup.dsv
-- Installing: /home/lorenzo/code/dynus_lite/dynus_lite_ws/install/octomap_rviz_plugins/share/octomap_rviz_plugins/package.dsv
-- Installing: /home/lorenzo/code/dynus_lite/dynus_lite_ws/install/octomap_rviz_plugins/share/ament_index/resource_index/packages/octomap_rviz_plugins
-- Installing: /home/lorenzo/code/dynus_lite/dynus_lite_ws/install/octomap_rviz_plugins/share/ament_index/resource_index/rviz_common__pluginlib__plugin/octomap_rviz_plugins
-- Installing: /home/lorenzo/code/dynus_lite/dynus_lite_ws/install/octomap_rviz_plugins/share/octomap_rviz_plugins/cmake/ament_cmake_export_dependencies-extras.cmake
-- Installing: /home/lorenzo/code/dynus_lite/dynus_lite_ws/install/octomap_rviz_plugins/share/octomap_rviz_plugins/cmake/ament_cmake_export_include_directories-extras.cmake
-- Installing: /home/lorenzo/code/dynus_lite/dynus_lite_ws/install/octomap_rviz_plugins/share/octomap_rviz_plugins/cmake/ament_cmake_export_libraries-extras.cmake
-- Installing: /home/lorenzo/code/dynus_lite/dynus_lite_ws/install/octomap_rviz_plugins/share/octomap_rviz_plugins/cmake/octomap_rviz_pluginsConfig.cmake
-- Installing: /home/lorenzo/code/dynus_lite/dynus_lite_ws/install/octomap_rviz_plugins/share/octomap_rviz_plugins/cmake/octomap_rviz_pluginsConfig-version.cmake
-- Installing: /home/lorenzo/code/dynus_lite/dynus_lite_ws/install/octomap_rviz_plugins/share/octomap_rviz_plugins/package.xml
