[0.021s] Invoking command in '/home/lorenzo/code/dynus_lite/dynus_lite_ws/build/octomap_rviz_plugins': CMAKE_PREFIX_PATH=${CMAKE_PREFIX_PATH}:/opt/ros/humble /usr/bin/cmake /home/lorenzo/code/dynus_lite/dynus_lite_ws/src/octomap_rviz_plugins -DCMAKE_INSTALL_PREFIX=/home/lorenzo/code/dynus_lite/dynus_lite_ws/install/octomap_rviz_plugins
[0.935s] -- The C compiler identification is GNU 11.4.0
[0.935s] -- The CXX compiler identification is GNU 12.3.0
[0.935s] -- Detecting C compiler ABI info
[0.935s] -- Detecting C compiler ABI info - done
[0.935s] -- Check for working C compiler: /usr/bin/cc - skipped
[0.935s] -- Detecting C compile features
[0.936s] -- Detecting C compile features - done
[0.936s] -- Detecting CXX compiler ABI info
[0.936s] -- Detecting CXX compiler ABI info - done
[0.936s] -- Check for working CXX compiler: /usr/bin/c++ - skipped
[0.936s] -- Detecting CXX compile features
[0.936s] -- Detecting CXX compile features - done
[0.936s] -- Found ament_cmake_auto: 1.3.13 (/opt/ros/humble/share/ament_cmake_auto/cmake)
[1.551s] -- Found Python3: /usr/bin/python3 (found version "3.10.12") found components: Interpreter 
[2.285s] -- Found rosidl_generator_c: 3.1.8 (/opt/ros/humble/share/rosidl_generator_c/cmake)
[2.301s] -- Found rosidl_adapter: 3.1.8 (/opt/ros/humble/share/rosidl_adapter/cmake)
[2.325s] -- Found rosidl_generator_cpp: 3.1.8 (/opt/ros/humble/share/rosidl_generator_cpp/cmake)
[2.363s] -- Using all available rosidl_typesupport_c: rosidl_typesupport_fastrtps_c;rosidl_typesupport_introspection_c
[2.414s] -- Using all available rosidl_typesupport_cpp: rosidl_typesupport_fastrtps_cpp;rosidl_typesupport_introspection_cpp
[2.805s] -- Found rmw_implementation_cmake: 6.1.2 (/opt/ros/humble/share/rmw_implementation_cmake/cmake)
[2.815s] -- Found rmw_cyclonedds_cpp: 1.3.4 (/opt/ros/humble/share/rmw_cyclonedds_cpp/cmake)
[2.879s] -- Using RMW implementation 'rmw_cyclonedds_cpp' as default
[2.900s] -- Looking for pthread.h
[3.265s] -- Looking for pthread.h - found
[3.265s] -- Performing Test CMAKE_HAVE_LIBC_PTHREAD
[3.585s] -- Performing Test CMAKE_HAVE_LIBC_PTHREAD - Success
[3.586s] -- Found Threads: TRUE  
[4.113s] -- Setting assimp_DIR to: '/opt/ros/humble/share/rviz_assimp_vendor/cmake/../../../opt/rviz_assimp_vendor/lib/cmake/assimp-4.1'
[4.191s] -- Setting OGRE_DIR to: '/opt/ros/humble/share/rviz_ogre_vendor/cmake/../../../opt/rviz_ogre_vendor/lib/OGRE/cmake'
[4.211s] -- Found OGRE
[4.211s] --   static     : OFF
[4.211s] --   components : HLMS;MeshLodGenerator;Overlay;Paging;Property;RTShaderSystem;Terrain;Volume
[4.211s] --   plugins    : Plugin_BSPSceneManager;Plugin_OctreeSceneManager;Plugin_PCZSceneManager;Plugin_ParticleFX;RenderSystem_GL;RenderSystem_GL3Plus;Codec_STBI
[4.211s] --   media      : /opt/ros/humble/opt/rviz_ogre_vendor/share/OGRE/Media
[4.212s] -- OGRE_LIBRARIES: OgreHLMS;OgreMeshLodGenerator;OgreOverlay;OgrePaging;OgreProperty;OgreRTShaderSystem;OgreTerrain;OgreVolume;OgreMain
[4.212s] -- OGRE_LIBRARY_DIRS: /opt/ros/humble/opt/rviz_ogre_vendor/lib
[4.212s] -- OGRE_PLUGINS: Plugin_BSPSceneManager;Plugin_OctreeSceneManager;Plugin_PCZSceneManager;Plugin_ParticleFX;RenderSystem_GL;RenderSystem_GL3Plus;Codec_STBI
[4.212s] -- OGRE_PLUGIN_DIR: /opt/ros/humble/opt/rviz_ogre_vendor/lib/OGRE
[4.217s] -- rviz_ogre_vendor::OgreOverlay for IMPORTED_LOCATION_RELEASE: /opt/ros/humble/opt/rviz_ogre_vendor/lib/libOgreOverlay.so
[4.217s] -- rviz_ogre_vendor::OgreOverlay for IMPORTED_LOCATION_DEBUG: /opt/ros/humble/opt/rviz_ogre_vendor/lib/libOgreOverlay.so
[4.217s] -- rviz_ogre_vendor::OgreMain for IMPORTED_LOCATION_RELEASE: /opt/ros/humble/opt/rviz_ogre_vendor/lib/libOgreMain.so
[4.217s] -- rviz_ogre_vendor::OgreMain for IMPORTED_LOCATION_DEBUG: /opt/ros/humble/opt/rviz_ogre_vendor/lib/libOgreMain.so
[4.425s] -- Found ZLIB: /usr/lib/x86_64-linux-gnu/libz.so (found version "1.2.11") 
[4.457s] -- Found OpenGL: /usr/lib/x86_64-linux-gnu/libOpenGL.so   
[4.980s] -- Found X11: /usr/include   
[4.980s] -- Looking for XOpenDisplay in /usr/lib/x86_64-linux-gnu/libX11.so;/usr/lib/x86_64-linux-gnu/libXext.so
[5.308s] -- Looking for XOpenDisplay in /usr/lib/x86_64-linux-gnu/libX11.so;/usr/lib/x86_64-linux-gnu/libXext.so - found
[5.309s] -- Looking for gethostbyname
[5.658s] -- Looking for gethostbyname - found
[5.659s] -- Looking for connect
[5.989s] -- Looking for connect - found
[5.989s] -- Looking for remove
[6.109s] -- Looking for remove - found
[6.109s] -- Looking for shmat
[6.336s] -- Looking for shmat - found
[6.336s] -- Looking for IceConnectionNumber in ICE
[6.539s] -- Looking for IceConnectionNumber in ICE - found
[6.879s] -- library: /usr/lib/x86_64-linux-gnu/libcurl.so
[7.188s] -- Found Eigen3: TRUE (found version "3.4.0") 
[7.188s] -- Ensuring Eigen3 include directory is part of orocos-kdl CMake target
[8.422s] -- Found ament_lint_auto: 0.12.15 (/opt/ros/humble/share/ament_lint_auto/cmake)
[8.562s] [0mIn this package, headers install destination is set to `include` by ament_auto_package. It is recommended to install `include/octomap_rviz_plugins` instead and will be the default behavior of ament_auto_package from ROS 2 Kilted Kaiju. On distributions before Kilted, ament_auto_package behaves the same way when you use USE_SCOPED_HEADER_INSTALL_DIR option.[0m
[8.582s] -- Added test 'copyright' to check source files copyright and LICENSE
[8.592s] -- Added test 'cppcheck' to perform static code analysis on C / C++ code
[8.595s] -- Configured cppcheck include dirs: /home/lorenzo/code/dynus_lite/dynus_lite_ws/src/octomap_rviz_plugins/include
[8.595s] -- Configured cppcheck exclude dirs and/or files: 
[8.604s] -- Added test 'cpplint' to check C / C++ code against the Google style
[8.604s] -- Configured cpplint exclude dirs and/or files: 
[8.606s] -- Added test 'lint_cmake' to check CMake code style
[8.617s] -- Added test 'uncrustify' to check C / C++ code style
[8.617s] -- Configured uncrustify additional arguments: 
[8.621s] -- Added test 'xmllint' to check XML markup files
[8.628s] -- Configuring done
[8.767s] -- Generating done
[8.806s] -- Build files have been written to: /home/lorenzo/code/dynus_lite/dynus_lite_ws/build/octomap_rviz_plugins
[8.906s] Invoked command in '/home/lorenzo/code/dynus_lite/dynus_lite_ws/build/octomap_rviz_plugins' returned '0': CMAKE_PREFIX_PATH=${CMAKE_PREFIX_PATH}:/opt/ros/humble /usr/bin/cmake /home/lorenzo/code/dynus_lite/dynus_lite_ws/src/octomap_rviz_plugins -DCMAKE_INSTALL_PREFIX=/home/lorenzo/code/dynus_lite/dynus_lite_ws/install/octomap_rviz_plugins
[8.906s] Invoking command in '/home/lorenzo/code/dynus_lite/dynus_lite_ws/build/octomap_rviz_plugins': CMAKE_PREFIX_PATH=${CMAKE_PREFIX_PATH}:/opt/ros/humble /usr/bin/cmake --build /home/lorenzo/code/dynus_lite/dynus_lite_ws/build/octomap_rviz_plugins -- -j8 -l8
[9.264s] [ 11%] [34m[1mAutomatic MOC for target octomap_rviz_plugins[0m
[9.264s] [ 11%] Built target octomap_rviz_plugins_autogen
[9.264s] [ 22%] [34m[1mGenerating include/octomap_rviz_plugins/moc_occupancy_grid_display.cpp[0m
[9.264s] [ 33%] [34m[1mGenerating include/octomap_rviz_plugins/moc_occupancy_map_display.cpp[0m
[9.336s] [ 44%] [32mBuilding CXX object CMakeFiles/octomap_rviz_plugins.dir/octomap_rviz_plugins_autogen/mocs_compilation.cpp.o[0m
[9.336s] [ 55%] [32mBuilding CXX object CMakeFiles/octomap_rviz_plugins.dir/include/octomap_rviz_plugins/moc_occupancy_map_display.cpp.o[0m
[9.343s] [ 66%] [32mBuilding CXX object CMakeFiles/octomap_rviz_plugins.dir/include/octomap_rviz_plugins/moc_occupancy_grid_display.cpp.o[0m
[9.430s] [ 77%] [32mBuilding CXX object CMakeFiles/octomap_rviz_plugins.dir/src/occupancy_map_display.cpp.o[0m
[51.992s] [ 88%] [32mBuilding CXX object CMakeFiles/octomap_rviz_plugins.dir/src/occupancy_grid_display.cpp.o[0m
[76.966s] [100%] [32m[1mLinking CXX shared library liboctomap_rviz_plugins.so[0m
[83.255s] [100%] Built target octomap_rviz_plugins
[83.305s] Invoked command in '/home/lorenzo/code/dynus_lite/dynus_lite_ws/build/octomap_rviz_plugins' returned '0': CMAKE_PREFIX_PATH=${CMAKE_PREFIX_PATH}:/opt/ros/humble /usr/bin/cmake --build /home/lorenzo/code/dynus_lite/dynus_lite_ws/build/octomap_rviz_plugins -- -j8 -l8
[83.306s] Invoking command in '/home/lorenzo/code/dynus_lite/dynus_lite_ws/build/octomap_rviz_plugins': CMAKE_PREFIX_PATH=${CMAKE_PREFIX_PATH}:/opt/ros/humble /usr/bin/cmake --install /home/lorenzo/code/dynus_lite/dynus_lite_ws/build/octomap_rviz_plugins
[83.334s] -- Install configuration: ""
[83.337s] -- Installing: /home/lorenzo/code/dynus_lite/dynus_lite_ws/install/octomap_rviz_plugins/share/octomap_rviz_plugins/plugins_description.xml
[83.337s] -- Installing: /home/lorenzo/code/dynus_lite/dynus_lite_ws/install/octomap_rviz_plugins/include
[83.338s] -- Installing: /home/lorenzo/code/dynus_lite/dynus_lite_ws/install/octomap_rviz_plugins/include/octomap_rviz_plugins
[83.338s] -- Installing: /home/lorenzo/code/dynus_lite/dynus_lite_ws/install/octomap_rviz_plugins/include/octomap_rviz_plugins/occupancy_map_display.hpp
[83.338s] -- Installing: /home/lorenzo/code/dynus_lite/dynus_lite_ws/install/octomap_rviz_plugins/include/octomap_rviz_plugins/occupancy_grid_display.hpp
[83.338s] -- Installing: /home/lorenzo/code/dynus_lite/dynus_lite_ws/install/octomap_rviz_plugins/share/octomap_rviz_plugins/environment/library_path.sh
[83.338s] -- Installing: /home/lorenzo/code/dynus_lite/dynus_lite_ws/install/octomap_rviz_plugins/share/octomap_rviz_plugins/environment/library_path.dsv
[83.339s] -- Installing: /home/lorenzo/code/dynus_lite/dynus_lite_ws/install/octomap_rviz_plugins/lib/liboctomap_rviz_plugins.so
[83.368s] -- Set runtime path of "/home/lorenzo/code/dynus_lite/dynus_lite_ws/install/octomap_rviz_plugins/lib/liboctomap_rviz_plugins.so" to ""
[83.369s] -- Installing: /home/lorenzo/code/dynus_lite/dynus_lite_ws/install/octomap_rviz_plugins/share/octomap_rviz_plugins/icons
[83.369s] -- Installing: /home/lorenzo/code/dynus_lite/dynus_lite_ws/install/octomap_rviz_plugins/share/octomap_rviz_plugins/icons/classes
[83.370s] -- Installing: /home/lorenzo/code/dynus_lite/dynus_lite_ws/install/octomap_rviz_plugins/share/octomap_rviz_plugins/icons/classes/OccupancyMapStamped.png
[83.371s] -- Installing: /home/lorenzo/code/dynus_lite/dynus_lite_ws/install/octomap_rviz_plugins/share/octomap_rviz_plugins/icons/classes/OccupancyMap.png
[83.371s] -- Installing: /home/lorenzo/code/dynus_lite/dynus_lite_ws/install/octomap_rviz_plugins/share/octomap_rviz_plugins/icons/classes/ColorOccupancyGrid.png
[83.372s] -- Installing: /home/lorenzo/code/dynus_lite/dynus_lite_ws/install/octomap_rviz_plugins/share/octomap_rviz_plugins/icons/classes/OccupancyGridStamped.png
[83.372s] -- Installing: /home/lorenzo/code/dynus_lite/dynus_lite_ws/install/octomap_rviz_plugins/share/octomap_rviz_plugins/icons/classes/OccupancyGrid.png
[83.373s] -- Installing: /home/lorenzo/code/dynus_lite/dynus_lite_ws/install/octomap_rviz_plugins/share/ament_index/resource_index/package_run_dependencies/octomap_rviz_plugins
[83.374s] -- Installing: /home/lorenzo/code/dynus_lite/dynus_lite_ws/install/octomap_rviz_plugins/share/ament_index/resource_index/parent_prefix_path/octomap_rviz_plugins
[83.374s] -- Installing: /home/lorenzo/code/dynus_lite/dynus_lite_ws/install/octomap_rviz_plugins/share/octomap_rviz_plugins/environment/ament_prefix_path.sh
[83.375s] -- Installing: /home/lorenzo/code/dynus_lite/dynus_lite_ws/install/octomap_rviz_plugins/share/octomap_rviz_plugins/environment/ament_prefix_path.dsv
[83.376s] -- Installing: /home/lorenzo/code/dynus_lite/dynus_lite_ws/install/octomap_rviz_plugins/share/octomap_rviz_plugins/environment/path.sh
[83.376s] -- Installing: /home/lorenzo/code/dynus_lite/dynus_lite_ws/install/octomap_rviz_plugins/share/octomap_rviz_plugins/environment/path.dsv
[83.377s] -- Installing: /home/lorenzo/code/dynus_lite/dynus_lite_ws/install/octomap_rviz_plugins/share/octomap_rviz_plugins/local_setup.bash
[83.378s] -- Installing: /home/lorenzo/code/dynus_lite/dynus_lite_ws/install/octomap_rviz_plugins/share/octomap_rviz_plugins/local_setup.sh
[83.378s] -- Installing: /home/lorenzo/code/dynus_lite/dynus_lite_ws/install/octomap_rviz_plugins/share/octomap_rviz_plugins/local_setup.zsh
[83.379s] -- Installing: /home/lorenzo/code/dynus_lite/dynus_lite_ws/install/octomap_rviz_plugins/share/octomap_rviz_plugins/local_setup.dsv
[83.379s] -- Installing: /home/lorenzo/code/dynus_lite/dynus_lite_ws/install/octomap_rviz_plugins/share/octomap_rviz_plugins/package.dsv
[83.380s] -- Installing: /home/lorenzo/code/dynus_lite/dynus_lite_ws/install/octomap_rviz_plugins/share/ament_index/resource_index/packages/octomap_rviz_plugins
[83.381s] -- Installing: /home/lorenzo/code/dynus_lite/dynus_lite_ws/install/octomap_rviz_plugins/share/ament_index/resource_index/rviz_common__pluginlib__plugin/octomap_rviz_plugins
[83.382s] -- Installing: /home/lorenzo/code/dynus_lite/dynus_lite_ws/install/octomap_rviz_plugins/share/octomap_rviz_plugins/cmake/ament_cmake_export_dependencies-extras.cmake
[83.382s] -- Installing: /home/lorenzo/code/dynus_lite/dynus_lite_ws/install/octomap_rviz_plugins/share/octomap_rviz_plugins/cmake/ament_cmake_export_include_directories-extras.cmake
[83.382s] -- Installing: /home/lorenzo/code/dynus_lite/dynus_lite_ws/install/octomap_rviz_plugins/share/octomap_rviz_plugins/cmake/ament_cmake_export_libraries-extras.cmake
[83.383s] -- Installing: /home/lorenzo/code/dynus_lite/dynus_lite_ws/install/octomap_rviz_plugins/share/octomap_rviz_plugins/cmake/octomap_rviz_pluginsConfig.cmake
[83.384s] -- Installing: /home/lorenzo/code/dynus_lite/dynus_lite_ws/install/octomap_rviz_plugins/share/octomap_rviz_plugins/cmake/octomap_rviz_pluginsConfig-version.cmake
[83.390s] -- Installing: /home/lorenzo/code/dynus_lite/dynus_lite_ws/install/octomap_rviz_plugins/share/octomap_rviz_plugins/package.xml
[83.392s] Invoked command in '/home/lorenzo/code/dynus_lite/dynus_lite_ws/build/octomap_rviz_plugins' returned '0': CMAKE_PREFIX_PATH=${CMAKE_PREFIX_PATH}:/opt/ros/humble /usr/bin/cmake --install /home/lorenzo/code/dynus_lite/dynus_lite_ws/build/octomap_rviz_plugins
