[0.024s] Invoking command in '/home/lorenzo/code/dynus_lite/dynus_lite_ws/build/octomap_mapping': AMENT_PREFIX_PATH=/home/lorenzo/code/dynus_lite/dynus_lite_ws/install/octomap_server:${AMENT_PREFIX_PATH} CMAKE_PREFIX_PATH=/home/lorenzo/code/dynus_lite/dynus_lite_ws/install/octomap_server:/home/lorenzo/code/dynus_lite/dynus_lite_ws/install/livox_ros_driver2:/home/lorenzo/code/dynus_lite/dynus_lite_ws/install/snapstack_msgs2:/home/lorenzo/code/dynus_lite/dynus_lite_ws/install/decomp_util:/home/lorenzo/code/dynus_lite/dynus_lite_ws/install/decomp_ros_msgs:/opt/openrobots:/opt/ros/humble LD_LIBRARY_PATH=/home/lorenzo/code/dynus_lite/dynus_lite_ws/install/octomap_server/lib:${LD_LIBRARY_PATH} /usr/bin/cmake /home/lorenzo/code/dynus_lite/dynus_lite_ws/src/octomap_mapping/octomap_mapping -DCMAKE_INSTALL_PREFIX=/home/lorenzo/code/dynus_lite/dynus_lite_ws/install/octomap_mapping
[0.158s] -- The C compiler identification is GNU 11.4.0
[0.272s] -- The CXX compiler identification is GNU 12.3.0
[0.288s] -- Detecting C compiler ABI info
[0.413s] -- Detecting C compiler ABI info - done
[0.433s] -- Check for working C compiler: /usr/bin/cc - skipped
[0.433s] -- Detecting C compile features
[0.434s] -- Detecting C compile features - done
[0.441s] -- Detecting CXX compiler ABI info
[0.596s] -- Detecting CXX compiler ABI info - done
[0.617s] -- Check for working CXX compiler: /usr/bin/c++ - skipped
[0.617s] -- Detecting CXX compile features
[0.618s] -- Detecting CXX compile features - done
[0.640s] -- Found ament_cmake: 1.3.13 (/opt/ros/humble/share/ament_cmake/cmake)
[1.073s] -- Found Python3: /usr/bin/python3 (found version "3.10.12") found components: Interpreter 
[1.308s] -- Found ament_lint_auto: 0.12.15 (/opt/ros/humble/share/ament_lint_auto/cmake)
[1.525s] -- Added test 'copyright' to check source files copyright and LICENSE
[1.528s] -- Added test 'lint_cmake' to check CMake code style
[1.530s] -- Added test 'xmllint' to check XML markup files
[1.533s] -- Configuring done
[1.538s] -- Generating done
[1.541s] -- Build files have been written to: /home/lorenzo/code/dynus_lite/dynus_lite_ws/build/octomap_mapping
[1.548s] Invoked command in '/home/lorenzo/code/dynus_lite/dynus_lite_ws/build/octomap_mapping' returned '0': AMENT_PREFIX_PATH=/home/lorenzo/code/dynus_lite/dynus_lite_ws/install/octomap_server:${AMENT_PREFIX_PATH} CMAKE_PREFIX_PATH=/home/lorenzo/code/dynus_lite/dynus_lite_ws/install/octomap_server:/home/lorenzo/code/dynus_lite/dynus_lite_ws/install/livox_ros_driver2:/home/lorenzo/code/dynus_lite/dynus_lite_ws/install/snapstack_msgs2:/home/lorenzo/code/dynus_lite/dynus_lite_ws/install/decomp_util:/home/lorenzo/code/dynus_lite/dynus_lite_ws/install/decomp_ros_msgs:/opt/openrobots:/opt/ros/humble LD_LIBRARY_PATH=/home/lorenzo/code/dynus_lite/dynus_lite_ws/install/octomap_server/lib:${LD_LIBRARY_PATH} /usr/bin/cmake /home/lorenzo/code/dynus_lite/dynus_lite_ws/src/octomap_mapping/octomap_mapping -DCMAKE_INSTALL_PREFIX=/home/lorenzo/code/dynus_lite/dynus_lite_ws/install/octomap_mapping
[1.551s] Invoking command in '/home/lorenzo/code/dynus_lite/dynus_lite_ws/build/octomap_mapping': AMENT_PREFIX_PATH=/home/lorenzo/code/dynus_lite/dynus_lite_ws/install/octomap_server:${AMENT_PREFIX_PATH} CMAKE_PREFIX_PATH=/home/lorenzo/code/dynus_lite/dynus_lite_ws/install/octomap_server:/home/lorenzo/code/dynus_lite/dynus_lite_ws/install/livox_ros_driver2:/home/lorenzo/code/dynus_lite/dynus_lite_ws/install/snapstack_msgs2:/home/lorenzo/code/dynus_lite/dynus_lite_ws/install/decomp_util:/home/lorenzo/code/dynus_lite/dynus_lite_ws/install/decomp_ros_msgs:/opt/openrobots:/opt/ros/humble LD_LIBRARY_PATH=/home/lorenzo/code/dynus_lite/dynus_lite_ws/install/octomap_server/lib:${LD_LIBRARY_PATH} /usr/bin/cmake --build /home/lorenzo/code/dynus_lite/dynus_lite_ws/build/octomap_mapping -- -j8 -l8
[1.620s] Invoked command in '/home/lorenzo/code/dynus_lite/dynus_lite_ws/build/octomap_mapping' returned '0': AMENT_PREFIX_PATH=/home/lorenzo/code/dynus_lite/dynus_lite_ws/install/octomap_server:${AMENT_PREFIX_PATH} CMAKE_PREFIX_PATH=/home/lorenzo/code/dynus_lite/dynus_lite_ws/install/octomap_server:/home/lorenzo/code/dynus_lite/dynus_lite_ws/install/livox_ros_driver2:/home/lorenzo/code/dynus_lite/dynus_lite_ws/install/snapstack_msgs2:/home/lorenzo/code/dynus_lite/dynus_lite_ws/install/decomp_util:/home/lorenzo/code/dynus_lite/dynus_lite_ws/install/decomp_ros_msgs:/opt/openrobots:/opt/ros/humble LD_LIBRARY_PATH=/home/lorenzo/code/dynus_lite/dynus_lite_ws/install/octomap_server/lib:${LD_LIBRARY_PATH} /usr/bin/cmake --build /home/lorenzo/code/dynus_lite/dynus_lite_ws/build/octomap_mapping -- -j8 -l8
[1.623s] Invoking command in '/home/lorenzo/code/dynus_lite/dynus_lite_ws/build/octomap_mapping': AMENT_PREFIX_PATH=/home/lorenzo/code/dynus_lite/dynus_lite_ws/install/octomap_server:${AMENT_PREFIX_PATH} CMAKE_PREFIX_PATH=/home/lorenzo/code/dynus_lite/dynus_lite_ws/install/octomap_server:/home/lorenzo/code/dynus_lite/dynus_lite_ws/install/livox_ros_driver2:/home/lorenzo/code/dynus_lite/dynus_lite_ws/install/snapstack_msgs2:/home/lorenzo/code/dynus_lite/dynus_lite_ws/install/decomp_util:/home/lorenzo/code/dynus_lite/dynus_lite_ws/install/decomp_ros_msgs:/opt/openrobots:/opt/ros/humble LD_LIBRARY_PATH=/home/lorenzo/code/dynus_lite/dynus_lite_ws/install/octomap_server/lib:${LD_LIBRARY_PATH} /usr/bin/cmake --install /home/lorenzo/code/dynus_lite/dynus_lite_ws/build/octomap_mapping
[1.636s] -- Install configuration: ""
[1.636s] -- Installing: /home/lorenzo/code/dynus_lite/dynus_lite_ws/install/octomap_mapping/share/ament_index/resource_index/package_run_dependencies/octomap_mapping
[1.637s] -- Installing: /home/lorenzo/code/dynus_lite/dynus_lite_ws/install/octomap_mapping/share/ament_index/resource_index/parent_prefix_path/octomap_mapping
[1.637s] -- Installing: /home/lorenzo/code/dynus_lite/dynus_lite_ws/install/octomap_mapping/share/octomap_mapping/environment/ament_prefix_path.sh
[1.638s] -- Installing: /home/lorenzo/code/dynus_lite/dynus_lite_ws/install/octomap_mapping/share/octomap_mapping/environment/ament_prefix_path.dsv
[1.638s] -- Installing: /home/lorenzo/code/dynus_lite/dynus_lite_ws/install/octomap_mapping/share/octomap_mapping/environment/path.sh
[1.638s] -- Installing: /home/lorenzo/code/dynus_lite/dynus_lite_ws/install/octomap_mapping/share/octomap_mapping/environment/path.dsv
[1.638s] -- Installing: /home/lorenzo/code/dynus_lite/dynus_lite_ws/install/octomap_mapping/share/octomap_mapping/local_setup.bash
[1.638s] -- Installing: /home/lorenzo/code/dynus_lite/dynus_lite_ws/install/octomap_mapping/share/octomap_mapping/local_setup.sh
[1.639s] -- Installing: /home/lorenzo/code/dynus_lite/dynus_lite_ws/install/octomap_mapping/share/octomap_mapping/local_setup.zsh
[1.639s] -- Installing: /home/lorenzo/code/dynus_lite/dynus_lite_ws/install/octomap_mapping/share/octomap_mapping/local_setup.dsv
[1.639s] -- Installing: /home/lorenzo/code/dynus_lite/dynus_lite_ws/install/octomap_mapping/share/octomap_mapping/package.dsv
[1.639s] -- Installing: /home/lorenzo/code/dynus_lite/dynus_lite_ws/install/octomap_mapping/share/ament_index/resource_index/packages/octomap_mapping
[1.640s] -- Installing: /home/lorenzo/code/dynus_lite/dynus_lite_ws/install/octomap_mapping/share/octomap_mapping/cmake/octomap_mappingConfig.cmake
[1.640s] -- Installing: /home/lorenzo/code/dynus_lite/dynus_lite_ws/install/octomap_mapping/share/octomap_mapping/cmake/octomap_mappingConfig-version.cmake
[1.640s] -- Installing: /home/lorenzo/code/dynus_lite/dynus_lite_ws/install/octomap_mapping/share/octomap_mapping/package.xml
[1.645s] Invoked command in '/home/lorenzo/code/dynus_lite/dynus_lite_ws/build/octomap_mapping' returned '0': AMENT_PREFIX_PATH=/home/lorenzo/code/dynus_lite/dynus_lite_ws/install/octomap_server:${AMENT_PREFIX_PATH} CMAKE_PREFIX_PATH=/home/lorenzo/code/dynus_lite/dynus_lite_ws/install/octomap_server:/home/lorenzo/code/dynus_lite/dynus_lite_ws/install/livox_ros_driver2:/home/lorenzo/code/dynus_lite/dynus_lite_ws/install/snapstack_msgs2:/home/lorenzo/code/dynus_lite/dynus_lite_ws/install/decomp_util:/home/lorenzo/code/dynus_lite/dynus_lite_ws/install/decomp_ros_msgs:/opt/openrobots:/opt/ros/humble LD_LIBRARY_PATH=/home/lorenzo/code/dynus_lite/dynus_lite_ws/install/octomap_server/lib:${LD_LIBRARY_PATH} /usr/bin/cmake --install /home/lorenzo/code/dynus_lite/dynus_lite_ws/build/octomap_mapping
